08-31 19:50:32.927   634   634 D SurfaceFlinger:      CLIENT | 0xec277300 | 0100 | RGBA_8888    |    0.0    0.0  388.0   42.0 |  692 2366 1080 2408 | SGestureOverlayWindow$_15577#0
08-31 19:50:32.927   634   634 D SurfaceFlinger:      CLIENT | 0xec97b100 | 0100 | RGBA_8888    |    0.0    0.0 1080.0  135.0 |    0 2273 1080 2408 | NavigationBar0$_15119#0
08-31 19:50:32.927   634   634 D SurfaceFlinger:      DEVICE | 0xec278980 | 0108 | RGBA_8888    |    0.0    0.0 1080.0 2408.0 |    0    0 1080 2408 | BlueLightFilter$_15119#0
08-31 19:50:32.927   634   634 D SurfaceFlinger:
08-31 19:50:33.006 14809 14891 V WindowManager: Relayout Window{f19ee80 u0 com.example.lunchtray/com.example.lunchtray.MainActivity}: viewVisibility=0 req=1080x2408 d0
08-31 19:50:33.009 14809 14891 V WindowManager: Relayout hash=f19ee80, pid=19225: mAttrs={(0,0)(fillxfill) sim={adjust=resize} ty=BASE_APPLICATION wanim=0x1030303
08-31 19:50:33.009 14809 14891 V WindowManager:   fl=81810100
08-31 19:50:33.009 14809 14891 V WindowManager:   pfl=12020040
08-31 19:50:33.009 14809 14891 V WindowManager:   bhv=DEFAULT
08-31 19:50:33.009 14809 14891 V WindowManager:   fitSides= naviIconColor=0}
08-31 19:50:33.012 19225 19225 I ViewRootImpl@f285cea[MainActivity]: Relayout returned: old=(0,0,1080,2408) new=(0,0,1080,2408) req=(1080,2408)0 dur=6 res=0x1 s={true 4004536320} ch=false fn=11
08-31 19:50:33.015 19225 19225 D ScrollView:  onsize change changed
08-31 19:50:33.066 14809 14826 I GestureDetector: handleMessage TAP
08-31 19:50:33.067 14809 14809 I GestureDetector: handleMessage TAP
08-31 19:50:33.249 14617 19406 I HYPER-HAL: [RequestManager.cpp]releaseLocked(): Released ID : 109868090
08-31 19:50:33.261 19225 19225 I ViewInteraction: Performing 'single click' action on view view.getId() is <2131230844/com.example.lunchtray:id/cauliflower>
08-31 19:50:33.263 14809 14891 D InputDispatcher: Inject motion (19225): action=0x0, time=702387327000000, f=0x0, d=0
08-31 19:50:33.264 14809 14940 I InputDispatcher: Delivering touch to (15119): action: 0x4, f=0x0, d=0, 'a8b9824', t=0
08-31 19:50:33.264 14809 14940 I InputDispatcher: Delivering touch to (19225): action: 0x0, f=0x0, d=0, 'f19ee80', t=0
08-31 19:50:33.264 15577 15577 W TouchInteractionService: onInputEvent, inputConsumer = com.android.quickstep.-$$Lambda$InputConsumer$cayMJybMMyH-XvJ76yEWjWeqQUo@78d20fe
08-31 19:50:33.264 14809 14826 I GestureDetector: obtain mCurrentDownEvent. id: -334581152 caller: com.android.server.wm.SystemGesturesPointerEventListener.onPointerEvent:179 com.android.server.wm.PointerEventDispatcher.onInputEvent:71 android.view.InputEventReceiver.dispatchInputEvent:259
08-31 19:50:33.264 19225 19225 I ViewRootImpl@f285cea[MainActivity]: ViewPostIme pointer 0
08-31 19:50:33.264 14809 14826 I GestureDetector: obtain mCurrentDownEvent. id: -334581152 caller: com.android.server.wm.SystemPerformancePointerEventListener.onPointerEvent:89 com.android.server.wm.PointerEventDispatcher.onInputEvent:71 android.view.InputEventReceiver.dispatchInputEvent:259
08-31 19:50:33.303 14809 14891 D InputDispatcher: Inject motion (19225): action=0x1, time=702387367000000, f=0x0, d=0
08-31 19:50:33.303 14809 14940 I InputDispatcher: Delivering touch to (19225): action: 0x1, f=0x0, d=0, 'f19ee80', t=1
08-31 19:50:33.304 15577 15577 W TouchInteractionService: reset
08-31 19:50:33.304 14809 14826 I GestureDetector: obtain mCurrentMotionEventRaw. action: 1 id: -587926129
08-31 19:50:33.304 19225 19225 I ViewRootImpl@f285cea[MainActivity]: ViewPostIme pointer 1
08-31 19:50:33.304 14809 14826 I GestureDetector: obtain mCurrentMotionEventRaw. action: 1 id: -587926129
08-31 19:50:33.564 14809 14809 I GestureDetector: handleMessage TAP
08-31 19:50:33.565 14809 14826 I GestureDetector: handleMessage TAP
08-31 19:50:33.602 19225 19225 I ViewInteraction: Performing 'single click' action on view view.getId() is <2131231081/com.example.lunchtray:id/next_button>
08-31 19:50:33.605 14809 15340 D InputDispatcher: Inject motion (19225): action=0x0, time=702387668000000, f=0x0, d=0
08-31 19:50:33.605 14809 14940 I InputDispatcher: Delivering touch to (15119): action: 0x4, f=0x0, d=0, 'a8b9824', t=0
08-31 19:50:33.605 14809 14940 I InputDispatcher: Delivering touch to (19225): action: 0x0, f=0x0, d=0, 'f19ee80', t=0
08-31 19:50:33.606 19225 19225 I ViewRootImpl@f285cea[MainActivity]: ViewPostIme pointer 0
08-31 19:50:33.606 15577 15577 W TouchInteractionService: onInputEvent, inputConsumer = com.android.quickstep.-$$Lambda$InputConsumer$cayMJybMMyH-XvJ76yEWjWeqQUo@78d20fe
08-31 19:50:33.606 14809 14826 I GestureDetector: obtain mCurrentDownEvent. id: -993962232 caller: com.android.server.wm.SystemGesturesPointerEventListener.onPointerEvent:179 com.android.server.wm.PointerEventDispatcher.onInputEvent:71 android.view.InputEventReceiver.dispatchInputEvent:259
08-31 19:50:33.606 14809 14826 I GestureDetector: obtain mCurrentDownEvent. id: -993962232 caller: com.android.server.wm.SystemPerformancePointerEventListener.onPointerEvent:89 com.android.server.wm.PointerEventDispatcher.onInputEvent:71 android.view.InputEventReceiver.dispatchInputEvent:259
08-31 19:50:33.646 14809 15340 D InputDispatcher: Inject motion (19225): action=0x1, time=702387710000000, f=0x0, d=0
08-31 19:50:33.646 14809 14940 I InputDispatcher: Delivering touch to (19225): action: 0x1, f=0x0, d=0, 'f19ee80', t=1
08-31 19:50:33.647 15577 15577 W TouchInteractionService: reset
08-31 19:50:33.647 14809 14826 I GestureDetector: obtain mCurrentMotionEventRaw. action: 1 id: -102597495
08-31 19:50:33.647 14809 14826 I GestureDetector: obtain mCurrentMotionEventRaw. action: 1 id: -102597495
08-31 19:50:33.648 19225 19225 I ViewRootImpl@f285cea[MainActivity]: ViewPostIme pointer 1
08-31 19:50:33.677 19225 19225 D ScrollView: initGoToTop
08-31 19:50:33.704 14701 15029 I bauth_FPBAuthService: pcf : 0x1012, 0 ,2 ,0 ,0 ,0 ,2, 0.0.0.0
08-31 19:50:33.704 14701 15029 I bauth_FPBAuthService: thread id : 2, preenroll_flag : 0, nd cnt : 1, cso : 3, et : 0
08-31 19:50:33.704 14701 15029 I bauth_FPBAuthService: FPBAuthService, 11756
08-31 19:50:33.705   575   612 D BatteryDump: wait_for_battery_event : occurred : change@/devices/platform/samsung_mobile_device/samsung_mobile_device:battery/power_supply/battery
08-31 19:50:33.708   575   575 I android.hardware.health@2.1-service-samsung: updateLrpSysfs: write: 360
08-31 19:50:33.781 19225 19225 D ScrollView:  onsize change changed
08-31 19:50:33.824 14617 19395 I HYPER-HAL: [RequestManager.cpp]releaseLocked(): Released ID : 138419856
08-31 19:50:33.907 14809 14809 I GestureDetector: handleMessage TAP
08-31 19:50:33.907 14809 14826 I GestureDetector: handleMessage TAP
08-31 19:50:34.023 19225 19225 I ViewInteraction: Performing 'single click' action on view view.getId() is <2131231138/com.example.lunchtray:id/salad>
08-31 19:50:34.026 14809 14891 D InputDispatcher: Inject motion (19225): action=0x0, time=702388091000000, f=0x0, d=0
08-31 19:50:34.027 14809 14940 I InputDispatcher: Delivering touch to (15119): action: 0x4, f=0x0, d=0, 'a8b9824', t=0
08-31 19:50:34.027 14809 14940 I InputDispatcher: Delivering touch to (19225): action: 0x0, f=0x0, d=0, 'f19ee80', t=0
08-31 19:50:34.028 15577 15577 W TouchInteractionService: onInputEvent, inputConsumer = com.android.quickstep.-$$Lambda$InputConsumer$cayMJybMMyH-XvJ76yEWjWeqQUo@78d20fe
08-31 19:50:34.028 14809 14826 I GestureDetector: obtain mCurrentDownEvent. id: -153939948 caller: com.android.server.wm.SystemGesturesPointerEventListener.onPointerEvent:179 com.android.server.wm.PointerEventDispatcher.onInputEvent:71 android.view.InputEventReceiver.dispatchInputEvent:259
08-31 19:50:34.028 14809 14826 I GestureDetector: obtain mCurrentDownEvent. id: -153939948 caller: com.android.server.wm.SystemPerformancePointerEventListener.onPointerEvent:89 com.android.server.wm.PointerEventDispatcher.onInputEvent:71 android.view.InputEventReceiver.dispatchInputEvent:259
08-31 19:50:34.028 19225 19225 I ViewRootImpl@f285cea[MainActivity]: ViewPostIme pointer 0
08-31 19:50:34.069 14809 14891 D InputDispatcher: Inject motion (19225): action=0x1, time=702388133000000, f=0x0, d=0
08-31 19:50:34.069 14809 14940 I InputDispatcher: Delivering touch to (19225): action: 0x1, f=0x0, d=0, 'f19ee80', t=1
08-31 19:50:34.069 15577 15577 W TouchInteractionService: reset
08-31 19:50:34.069 14809 14826 I GestureDetector: obtain mCurrentMotionEventRaw. action: 1 id: -953701107
08-31 19:50:34.069 14809 14826 I GestureDetector: obtain mCurrentMotionEventRaw. action: 1 id: -953701107
08-31 19:50:34.069 19225 19225 I ViewRootImpl@f285cea[MainActivity]: ViewPostIme pointer 1
08-31 19:50:34.327 14809 14826 I GestureDetector: handleMessage TAP
08-31 19:50:34.328 14809 14809 I GestureDetector: handleMessage TAP
08-31 19:50:34.335 19225 19225 I ViewInteraction: Performing 'single click' action on view view.getId() is <2131231081/com.example.lunchtray:id/next_button>
08-31 19:50:34.338 14809 14891 D InputDispatcher: Inject motion (19225): action=0x0, time=702388402000000, f=0x0, d=0
08-31 19:50:34.338 14809 14940 I InputDispatcher: Delivering touch to (15119): action: 0x4, f=0x0, d=0, 'a8b9824', t=0
08-31 19:50:34.339 14809 14940 I InputDispatcher: Delivering touch to (19225): action: 0x0, f=0x0, d=0, 'f19ee80', t=0
08-31 19:50:34.339 14809 14826 I GestureDetector: obtain mCurrentDownEvent. id: -970454219 caller: com.android.server.wm.SystemGesturesPointerEventListener.onPointerEvent:179 com.android.server.wm.PointerEventDispatcher.onInputEvent:71 android.view.InputEventReceiver.dispatchInputEvent:259
08-31 19:50:34.339 19225 19225 I ViewRootImpl@f285cea[MainActivity]: ViewPostIme pointer 0
08-31 19:50:34.339 15577 15577 W TouchInteractionService: onInputEvent, inputConsumer = com.android.quickstep.-$$Lambda$InputConsumer$cayMJybMMyH-XvJ76yEWjWeqQUo@78d20fe
08-31 19:50:34.340 14809 14826 I GestureDetector: obtain mCurrentDownEvent. id: -970454219 caller: com.android.server.wm.SystemPerformancePointerEventListener.onPointerEvent:89 com.android.server.wm.PointerEventDispatcher.onInputEvent:71 android.view.InputEventReceiver.dispatchInputEvent:259
08-31 19:50:34.380 14809 15340 D InputDispatcher: Inject motion (19225): action=0x1, time=702388444000000, f=0x0, d=0
08-31 19:50:34.380 14809 14940 I InputDispatcher: Delivering touch to (19225): action: 0x1, f=0x0, d=0, 'f19ee80', t=1
08-31 19:50:34.380 15577 15577 W TouchInteractionService: reset
08-31 19:50:34.381 19225 19225 I ViewRootImpl@f285cea[MainActivity]: ViewPostIme pointer 1
08-31 19:50:34.381 14809 14826 I GestureDetector: obtain mCurrentMotionEventRaw. action: 1 id: -673840774
08-31 19:50:34.381 14809 14826 I GestureDetector: obtain mCurrentMotionEventRaw. action: 1 id: -673840774
08-31 19:50:34.414 19225 19225 D ScrollView: initGoToTop
08-31 19:50:34.461 14809 14838 E libprocessgroup: getpgid(18140) failed: Permission denied
08-31 19:50:34.461   540   540 E audit   : type=1400 audit(1661955634.457:561248): avc:  denied  { getpgid } for  pid=14809 comm="ActivityManager" scontext=u:r:system_server:s0 tcontext=u:r:app_zygote:s0:c512,c768 tclass=process permissive=0 SEPF_SM-A135F_12_0001 audit_filtered
08-31 19:50:34.461   540   540 E audit   : type=1300 audit(1661955634.457:561248): arch=40000028 syscall=132 per=8 success=yes exit=4294967283 a0=46dc a1=ca14acc a2=0 a3=ffffffff items=0 ppid=14604 pid=14809 auid=4294967295 uid=1000 gid=1000 euid=1000 suid=1000 fsuid=1000 egid=1000 sgid=1000 fsgid=1000 tty=(none) ses=4294967295 comm="ActivityManager" exe="/system/bin/app_process32" subj=u:r:system_server:s0 key=(null)
08-31 19:50:34.461   540   540 E audit   : type=1327 audit(1661955634.457:561248): proctitle="system_server"
08-31 19:50:34.461   540   540 E audit   : type=1400 audit(1661955634.457:561249): avc:  denied  { getpgid } for  pid=14809 comm="ActivityManager" scontext=u:r:system_server:s0 tcontext=u:r:app_zygote:s0:c512,c768 tclass=process permissive=0 SEPF_SM-A135F_12_0001 audit_filtered
08-31 19:50:34.466 14809 14838 E libprocessgroup: getpgid(18140) failed: Permission denied
08-31 19:50:34.472 14809 14838 E libprocessgroup: getpgid(18140) failed: Permission denied
08-31 19:50:34.474 14604 14604 I Zygote  : Process 18140 exited due to signal 9 (Killed)
08-31 19:50:34.478 14809 14838 I libprocessgroup: Successfully killed process cgroup uid 10198 pid 18140 in 17ms
08-31 19:50:34.505 19225 19225 D ScrollView:  onsize change changed
08-31 19:50:34.639 14809 14826 I GestureDetector: handleMessage TAP
08-31 19:50:34.641 14809 14809 I GestureDetector: handleMessage TAP
08-31 19:50:34.704 14701 15029 I bauth_FPBAuthService: pcf : 0x1012, 0 ,2 ,0 ,0 ,0 ,2, 0.0.0.0
08-31 19:50:34.705 14701 15029 I bauth_FPBAuthService: thread id : 2, preenroll_flag : 0, nd cnt : 1, cso : 3, et : 0
08-31 19:50:34.705 14701 15029 I bauth_FPBAuthService: FPBAuthService, 11756
08-31 19:50:34.743 19225 19225 I ViewInteraction: Performing 'single click' action on view view.getId() is <2131230835/com.example.lunchtray:id/bread>
08-31 19:50:34.746 14809 15340 D InputDispatcher: Inject motion (19225): action=0x0, time=702388810000000, f=0x0, d=0
08-31 19:50:34.746 14809 14940 I InputDispatcher: Delivering touch to (15119): action: 0x4, f=0x0, d=0, 'a8b9824', t=0
08-31 19:50:34.746 14809 14940 I InputDispatcher: Delivering touch to (19225): action: 0x0, f=0x0, d=0, 'f19ee80', t=0
08-31 19:50:34.746 15577 15577 W TouchInteractionService: onInputEvent, inputConsumer = com.android.quickstep.-$$Lambda$InputConsumer$cayMJybMMyH-XvJ76yEWjWeqQUo@78d20fe
08-31 19:50:34.747 19225 19225 I ViewRootImpl@f285cea[MainActivity]: ViewPostIme pointer 0
08-31 19:50:34.747 14809 14826 I GestureDetector: obtain mCurrentDownEvent. id: -1046882951 caller: com.android.server.wm.SystemGesturesPointerEventListener.onPointerEvent:179 com.android.server.wm.PointerEventDispatcher.onInputEvent:71 android.view.InputEventReceiver.dispatchInputEvent:259
08-31 19:50:34.747 14809 14826 I GestureDetector: obtain mCurrentDownEvent. id: -1046882951 caller: com.android.server.wm.SystemPerformancePointerEventListener.onPointerEvent:89 com.android.server.wm.PointerEventDispatcher.onInputEvent:71 android.view.InputEventReceiver.dispatchInputEvent:259
08-31 19:50:34.787 14809 15340 D InputDispatcher: Inject motion (19225): action=0x1, time=702388852000000, f=0x0, d=0
08-31 19:50:34.788 14809 14940 I InputDispatcher: Delivering touch to (19225): action: 0x1, f=0x0, d=0, 'f19ee80', t=1
08-31 19:50:34.788 15577 15577 W TouchInteractionService: reset
08-31 19:50:34.788 19225 19225 I ViewRootImpl@f285cea[MainActivity]: ViewPostIme pointer 1
08-31 19:50:34.788 14809 14826 I GestureDetector: obtain mCurrentMotionEventRaw. action: 1 id: -826724722
08-31 19:50:34.790 14809 14826 I GestureDetector: obtain mCurrentMotionEventRaw. action: 1 id: -826724722
08-31 19:50:35.047 14809 14809 I GestureDetector: handleMessage TAP
08-31 19:50:35.048 14809 14826 I GestureDetector: handleMessage TAP
08-31 19:50:35.050 19225 19225 I ViewInteraction: Performing 'single click' action on view view.getId() is <2131231081/com.example.lunchtray:id/next_button>
08-31 19:50:35.053 14809 15340 D InputDispatcher: Inject motion (19225): action=0x0, time=702389117000000, f=0x0, d=0
08-31 19:50:35.053 14809 14940 I InputDispatcher: Delivering touch to (15119): action: 0x4, f=0x0, d=0, 'a8b9824', t=0
08-31 19:50:35.053 14809 14940 I InputDispatcher: Delivering touch to (19225): action: 0x0, f=0x0, d=0, 'f19ee80', t=0
08-31 19:50:35.054 15577 15577 W TouchInteractionService: onInputEvent, inputConsumer = com.android.quickstep.-$$Lambda$InputConsumer$cayMJybMMyH-XvJ76yEWjWeqQUo@78d20fe
08-31 19:50:35.054 19225 19225 I ViewRootImpl@f285cea[MainActivity]: ViewPostIme pointer 0
08-31 19:50:35.054 14809 14826 I GestureDetector: obtain mCurrentDownEvent. id: -583423001 caller: com.android.server.wm.SystemGesturesPointerEventListener.onPointerEvent:179 com.android.server.wm.PointerEventDispatcher.onInputEvent:71 android.view.InputEventReceiver.dispatchInputEvent:259
08-31 19:50:35.055 14809 14826 I GestureDetector: obtain mCurrentDownEvent. id: -583423001 caller: com.android.server.wm.SystemPerformancePointerEventListener.onPointerEvent:89 com.android.server.wm.PointerEventDispatcher.onInputEvent:71 android.view.InputEventReceiver.dispatchInputEvent:259
08-31 19:50:35.093 14809 15340 D InputDispatcher: Inject motion (19225): action=0x1, time=702389157000000, f=0x0, d=0
08-31 19:50:35.093 14809 14940 I InputDispatcher: Delivering touch to (19225): action: 0x1, f=0x0, d=0, 'f19ee80', t=1
08-31 19:50:35.094 19225 19225 I ViewRootImpl@f285cea[MainActivity]: ViewPostIme pointer 1
08-31 19:50:35.094 15577 15577 W TouchInteractionService: reset
08-31 19:50:35.094 14809 14826 I GestureDetector: obtain mCurrentMotionEventRaw. action: 1 id: -680862482
08-31 19:50:35.094 14809 14826 I GestureDetector: obtain mCurrentMotionEventRaw. action: 1 id: -680862482
08-31 19:50:35.122 19225 19225 D ScrollView: initGoToTop
08-31 19:50:35.200 19225 19225 D ScrollView:  onsize change changed
08-31 19:50:35.337 14617 19385 I HYPER-HAL: [RequestManager.cpp]releaseLocked(): Released ID : 109853266
08-31 19:50:35.355 14809 14826 I GestureDetector: handleMessage TAP
08-31 19:50:35.356 14809 14809 I GestureDetector: handleMessage TAP
08-31 19:50:35.444 19225 19225 I ViewInteraction: Checking 'MatchesViewAssertion{viewMatcher=an instance of android.widget.TextView and view.getText() with or without transformation to match: a string containing "Subtotal: $10.00"}' assertion on view view.getId() is <2131231217/com.example.lunchtray:id/subtotal>
08-31 19:50:35.450 19225 19284 E TestRunner: failed: subtotal_tax_total_in_checkout(com.example.lunchtray.OrderFunctionalityTests)
08-31 19:50:35.451 19225 19284 E TestRunner: ----- begin exception -----
08-31 19:50:35.454 19225 19284 E TestRunner: androidx.test.espresso.base.DefaultFailureHandler$AssertionFailedWithCauseError: 'an instance of android.widget.TextView and view.getText() with or without transformation to match: a string containing "Subtotal: $10.00"' doesn't match the selected view.
08-31 19:50:35.454 19225 19284 E TestRunner: Expected: an instance of android.widget.TextView and view.getText() with or without transformation to match: a string containing "Subtotal: $10.00"
08-31 19:50:35.454 19225 19284 E TestRunner:      Got: view.getText() was "Subtotal: 10.00" transformed text was "Subtotal: 10.00"
08-31 19:50:35.454 19225 19284 E TestRunner: View Details: MaterialTextView{id=2131231217, res-name=subtotal, visibility=VISIBLE, width=301, height=55, has-focus=false, has-focusable=false, has-window-focus=true, is-clickable=false, is-enabled=true, is-focused=false, is-focusable=false, is-layout-requested=false, is-selected=false, layout-params=androidx.constraintlayout.widget.ConstraintLayout$LayoutParams@438ffc7, tag=null, root-is-layout-requested=false, has-input-connection=false, x=734.0, y=369.0, text=Subtotal: 10.00, input-type=0, ime-target=false, has-links=false}
08-31 19:50:35.454 19225 19284 E TestRunner:
08-31 19:50:35.454 19225 19284 E TestRunner: 	at dalvik.system.VMStack.getThreadStackTrace(Native Method)
08-31 19:50:35.454 19225 19284 E TestRunner: 	at java.lang.Thread.getStackTrace(Thread.java:1724)
08-31 19:50:35.454 19225 19284 E TestRunner: 	at androidx.test.espresso.base.DefaultFailureHandler.getUserFriendlyError(DefaultFailureHandler.java:12)
08-31 19:50:35.454 19225 19284 E TestRunner: 	at androidx.test.espresso.base.DefaultFailureHandler.handle(DefaultFailureHandler.java:7)
08-31 19:50:35.454 19225 19284 E TestRunner: 	at androidx.test.espresso.ViewInteraction.waitForAndHandleInteractionResults(ViewInteraction.java:5)
08-31 19:50:35.454 19225 19284 E TestRunner: 	at androidx.test.espresso.ViewInteraction.check(ViewInteraction.java:12)
08-31 19:50:35.454 19225 19284 E TestRunner: 	at com.example.lunchtray.OrderFunctionalityTests.subtotal_tax_total_in_checkout(OrderFunctionalityTests.kt:173)
08-31 19:50:35.454 19225 19284 E TestRunner: 	at java.lang.reflect.Method.invoke(Native Method)
08-31 19:50:35.454 19225 19284 E TestRunner: 	at org.junit.runners.model.FrameworkMethod$1.runReflectiveCall(FrameworkMethod.java:50)
08-31 19:50:35.454 19225 19284 E TestRunner: 	at org.junit.internal.runners.model.ReflectiveCallable.run(ReflectiveCallable.java:12)
08-31 19:50:35.454 19225 19284 E TestRunner: 	at org.junit.runners.model.FrameworkMethod.invokeExplosively(FrameworkMethod.java:47)
08-31 19:50:35.454 19225 19284 E TestRunner: 	at org.junit.internal.runners.statements.InvokeMethod.evaluate(InvokeMethod.java:17)
08-31 19:50:35.454 19225 19284 E TestRunner: 	at org.junit.runners.ParentRunner.runLeaf(ParentRunner.java:325)
08-31 19:50:35.454 19225 19284 E TestRunner: 	at org.junit.runners.BlockJUnit4ClassRunner.runChild(BlockJUnit4ClassRunner.java:78)
08-31 19:50:35.454 19225 19284 E TestRunner: 	at org.junit.runners.BlockJUnit4ClassRunner.runChild(BlockJUnit4ClassRunner.java:57)
08-31 19:50:35.454 19225 19284 E TestRunner: 	at org.junit.runners.ParentRunner$3.run(ParentRunner.java:290)
08-31 19:50:35.454 19225 19284 E TestRunner: 	at org.junit.runners.ParentRunner$1.schedule(ParentRunner.java:71)
08-31 19:50:35.454 19225 19284 E TestRunner: 	at org.junit.runners.ParentRunner.runChildren(ParentRunner.java:288)
08-31 19:50:35.454 19225 19284 E TestRunner: 	at org.junit.runners.ParentRunner.access$000(ParentRunner.java:58)
08-31 19:50:35.454 19225 19284 E TestRunner: 	at org.junit.runners.ParentRunner$2.evaluate(ParentRunner.java:268)
08-31 19:50:35.454 19225 19284 E TestRunner: 	at org.junit.runners.ParentRunner.run(ParentRunner.java:363)
08-31 19:50:35.454 19225 19284 E TestRunner: 	at androidx.test.ext.junit.runners.AndroidJUnit4.run(AndroidJUnit4.java:162)
08-31 19:50:35.454 19225 19284 E TestRunner: 	at org.junit.runners.Suite.runChild(Suite.java:128)
08-31 19:50:35.454 19225 19284 E TestRunner: 	at org.junit.runners.Suite.runChild(Suite.java:27)
08-31 19:50:35.454 19225 19284 E TestRunner: 	at org.junit.runners.ParentRunner$3.run(ParentRunner.java:290)
08-31 19:50:35.454 19225 19284 E TestRunner: 	at org.junit.runners.ParentRunner$1.schedule(ParentRunner.java:71)
08-31 19:50:35.454 19225 19284 E TestRunner: 	at org.junit.runners.ParentRunner.runChildren(ParentRunner.java:288)
08-31 19:50:35.454 19225 19284 E TestRunner: 	at org.junit.runners.ParentRunner.access$000(ParentRunner.java:58)
08-31 19:50:35.454 19225 19284 E TestRunner: 	at org.junit.runners.ParentRunner$2.evaluate(ParentRunner.java:268)
08-31 19:50:35.454 19225 19284 E TestRunner: 	at org.junit.runners.ParentRunner.run(ParentRunner.java:363)
08-31 19:50:35.454 19225 19284 E TestRunner: 	at org.junit.runner.JUnitCore.run(JUnitCore.java:137)
08-31 19:50:35.454 19225 19284 E TestRunner: 	at org.junit.runner.JUnitCore.run(JUnitCore.java:115)
08-31 19:50:35.454 19225 19284 E TestRunner: 	at androidx.test.internal.runner.TestExecutor.execute(TestExecutor.java:56)
08-31 19:50:35.454 19225 19284 E TestRunner: 	at androidx.test.runner.AndroidJUnitRunner.onStart(AndroidJUnitRunner.java:444)
08-31 19:50:35.454 19225 19284 E TestRunner: 	at android.app.Instrumentation$InstrumentationThread.run(Instrumentation.java:2261)
08-31 19:50:35.454 19225 19284 E TestRunner: Caused by: junit.framework.AssertionFailedError: 'an instance of android.widget.TextView and view.getText() with or without transformation to match: a string containing "Subtotal: $10.00"' doesn't match the selected view.
08-31 19:50:35.454 19225 19284 E TestRunner: Expected: an instance of android.widget.TextView and view.getText() with or without transformation to match: a string containing "Subtotal: $10.00"
08-31 19:50:35.454 19225 19284 E TestRunner:      Got: view.getText() was "Subtotal: 10.00" transformed text was "Subtotal: 10.00"
08-31 19:50:35.454 19225 19284 E TestRunner: View Details: MaterialTextView{id=2131231217, res-name=subtotal, visibility=VISIBLE, width=301, height=55, has-focus=false, has-focusable=false, has-window-focus=true, is-clickable=false, is-enabled=true, is-focused=false, is-focusable=false, is-layout-requested=false, is-selected=false, layout-params=androidx.constraintlayout.widget.ConstraintLayout$LayoutParams@438ffc7, tag=null, root-is-layout-requested=false, has-input-connection=false, x=734.0, y=369.0, text=Subtotal: 10.00, input-type=0, ime-target=false, has-links=false}
08-31 19:50:35.454 19225 19284 E TestRunner:
08-31 19:50:35.454 19225 19284 E TestRunner: 	at androidx.test.espresso.matcher.ViewMatchers.assertThat(ViewMatchers.java:16)
08-31 19:50:35.454 19225 19284 E TestRunner: 	at androidx.test.espresso.assertion.ViewAssertions$MatchesViewAssertion.check(ViewAssertions.java:11)
08-31 19:50:35.454 19225 19284 E TestRunner: 	at androidx.test.espresso.ViewInteraction$SingleExecutionViewAssertion.check(ViewInteraction.java:2)
08-31 19:50:35.454 19225 19284 E TestRunner: 	at androidx.test.espresso.ViewInteraction$2.call(ViewInteraction.java:12)
08-31 19:50:35.454 19225 19284 E TestRunner: 	at androidx.test.espresso.ViewInteraction$2.call(ViewInteraction.java:1)
08-31 19:50:35.454 19225 19284 E TestRunner: 	at java.util.concurrent.FutureTask.run(FutureTask.java:266)
08-31 19:50:35.454 19225 19284 E TestRunner: 	at android.os.Handler.handleCallback(Handler.java:938)
08-31 19:50:35.454 19225 19284 E TestRunner: 	at android.os.Handler.dispatchMessage(Handler.java:99)
08-31 19:50:35.454 19225 19284 E TestRunner: 	at android.os.Looper.loopOnce(Looper.java:226)
08-31 19:50:35.454 19225 19284 E TestRunner: 	at android.os.Looper.loop(Looper.java:313)
08-31 19:50:35.454 19225 19284 E TestRunner: 	at android.app.ActivityThread.main(ActivityThread.java:8669)
08-31 19:50:35.454 19225 19284 E TestRunner: 	at java.lang.reflect.Method.invoke(Native Method)
08-31 19:50:35.454 19225 19284 E TestRunner: 	at com.android.internal.os.RuntimeInit$MethodAndArgsCaller.run(RuntimeInit.java:571)
08-31 19:50:35.454 19225 19284 E TestRunner: 	at com.android.internal.os.ZygoteInit.main(ZygoteInit.java:1135)
08-31 19:50:35.454 19225 19284 E TestRunner: ----- end exception -----
08-31 19:50:35.481 19225 19284 I TestRunner: finished: subtotal_tax_total_in_checkout(com.example.lunchtray.OrderFunctionalityTests)
