08-31 19:50:23.272 14809 14826 I GestureDetector: obtain mCurrentMotionEventRaw. action: 1 id: -950270856
08-31 19:50:23.272   634  1925 I SurfaceFlinger: id=151778 Removed com.sec.android.app.launcher/com.sec.android.app.launcher.activities.LauncherActivity$_15577#0 (117)
08-31 19:50:23.279  9116  9116 I GsaVoiceInteractionSrv: Handling ACTION_STOP_HOTWORD
08-31 19:50:23.280  9116  9219 I HwDetectorWithState: (REDACTED) a: %d
08-31 19:50:23.282   634   634 I Layer   : id=151778 Destroyed com.sec.android.app.launcher/com.sec.android.app.launcher.activities.LauncherActivity$_15577#0
08-31 19:50:23.282   634   634 I Layer   : id=151781 Destroyed OneUiHome-BlurLayer#0
08-31 19:50:23.308 19225 19225 D ScrollView: initGoToTop
08-31 19:50:23.315   634   634 I Layer   : id=151791 removeFromCurrentState Splash Screen com.example.lunchtray$_15119#0 (115)
08-31 19:50:23.315   634   634 I Layer   : id=151790 removeFromCurrentState 31b0d12 Splash Screen com.example.lunchtray#0 (115)
08-31 19:50:23.315   634   634 I Layer   : id=151803 removeFromCurrentState Surface(name=31b0d12 Splash Screen com.example.lunchtray)/@0xdcd657d - animation-leash of window_animation#0 (115)
08-31 19:50:23.315   634   634 I SurfaceFlinger: id=151790 Removed 31b0d12 Splash Screen com.example.lunchtray#0 (115)
08-31 19:50:23.315   634   634 I SurfaceFlinger: id=151791 Removed Splash Screen com.example.lunchtray$_15119#0 (115)
08-31 19:50:23.315   634   634 I SurfaceFlinger: id=151803 Removed Surface(name=31b0d12 Splash Screen com.example.lunchtray)/@0xdcd657d - animation-leash of window_animation#0 (115)
08-31 19:50:23.316   634   634 I Layer   : id=151803 Destroyed Surface(name=31b0d12 Splash Screen com.example.lunchtray)/@0xdcd657d - animation-leash of window_animation#0
08-31 19:50:23.316   634   634 I Layer   : id=151790 Destroyed 31b0d12 Splash Screen com.example.lunchtray#0
08-31 19:50:23.318   634   634 I Layer   : id=151791 Destroyed Splash Screen com.example.lunchtray$_15119#0
08-31 19:50:23.324   634   634 D SurfaceFlinger: Display 4633128508267670401 HWC layers:
08-31 19:50:23.324   634   634 D SurfaceFlinger:      DEVICE | 0xebd50b80 | 0102 | RGBA_8888    |    0.0    0.0 1080.0 2408.0 |    0    0 1080 2408 | com.example.lunchtray/com.example.lunchtray.MainActivity$_19225#0
08-31 19:50:23.324   634   634 D SurfaceFlinger:      DEVICE | 0xec168b80 | 0100 | RGBA_8888    |    0.0    0.0 1080.0   66.0 |    0    0 1080   66 | StatusBar$_15119#0
08-31 19:50:23.324   634   634 D SurfaceFlinger:      CLIENT | 0xec277300 | 0100 | RGBA_8888    |    0.0    0.0  388.0   42.0 |  692 2366 1080 2408 | SGestureOverlayWindow$_15577#0
08-31 19:50:23.324   634   634 D SurfaceFlinger:      CLIENT | 0xec97b100 | 0100 | RGBA_8888    |    0.0    0.0 1080.0  135.0 |    0 2273 1080 2408 | NavigationBar0$_15119#0
08-31 19:50:23.324   634   634 D SurfaceFlinger:      DEVICE | 0xec278980 | 0108 | RGBA_8888    |    0.0    0.0 1080.0 2408.0 |    0    0 1080 2408 | BlueLightFilter$_15119#0
08-31 19:50:23.324   634   634 D SurfaceFlinger:
08-31 19:50:23.503 14809 17480 V WindowManager: Relayout Window{acd27ca u0 com.example.lunchtray/com.example.lunchtray.MainActivity}: viewVisibility=0 req=1080x2408 d0
08-31 19:50:23.507 14809 17480 V WindowManager: Relayout hash=acd27ca, pid=19225: mAttrs={(0,0)(fillxfill) sim={adjust=resize} ty=BASE_APPLICATION wanim=0x1030303
08-31 19:50:23.507 14809 17480 V WindowManager:   fl=81810100
08-31 19:50:23.507 14809 17480 V WindowManager:   pfl=12020040
08-31 19:50:23.507 14809 17480 V WindowManager:   bhv=DEFAULT
08-31 19:50:23.507 14809 17480 V WindowManager:   fitSides= naviIconColor=0}
08-31 19:50:23.512 19225 19225 I ViewRootImpl@21a8147[MainActivity]: Relayout returned: old=(0,0,1080,2408) new=(0,0,1080,2408) req=(1080,2408)0 dur=8 res=0x1 s={true 4061665280} ch=false fn=18
08-31 19:50:23.513 14809 15035 D SemNscXgbMsL1: Probability - Cloud gaming: [0.036102306]
08-31 19:50:23.514 14809 15035 D SemNscXgbMsL1: Probability - Real time: [0.2098256]
08-31 19:50:23.514 14809 15035 D SemNscXgbMsL1: Probability - Non real time: [0.7662255]
08-31 19:50:23.515 14809 15035 D SemNscXgbMsL1: 1 sample inference time: 1.492654 msecs
08-31 19:50:23.516 14809 15035 D SemNscXgbL2Rt: L2 RT 1 sample inference time: 0.952231 msecs
08-31 19:50:23.517 19225 19225 D ScrollView:  onsize change changed
08-31 19:50:23.517 14809 15035 D SemNscXgbL2Nrt: L2 NRT 1 sample inference time: 0.747885 msecs
08-31 19:50:23.525 14809 14826 I GestureDetector: handleMessage TAP
08-31 19:50:23.526 14809 14809 I GestureDetector: handleMessage TAP
08-31 19:50:23.643 14809 14840 I libprocessgroup: Successfully killed process cgroup uid 1000 pid 17979 in 5ms
08-31 19:50:23.643 14809 14837 E libperflog: [LIBPERFLOG] socket_local_client fail = -1
08-31 19:50:23.652 14604 14604 I Zygote  : Process 17979 exited due to signal 9 (Killed)
08-31 19:50:23.662   575   612 D BatteryDump: wait_for_battery_event : occurred : change@/devices/platform/samsung_mobile_device/samsung_mobile_device:battery/power_supply/battery
08-31 19:50:23.665   575   575 I android.hardware.health@2.1-service-samsung: updateLrpSysfs: write: 359
08-31 19:50:23.668 14809 14936 D MotionRecognitionService: [SAR]  onReceive : ACTION_BATTERY_CHANGED, Plugged: 2
08-31 19:50:23.668 14809 14936 I MotionRecognitionService: [TA] In/out: true, curr state: 1
08-31 19:50:23.668 14809 14809 D PhoneWindowManagerExt: ACTION_BATTERY_CHANGED - Level=84, status=4
08-31 19:50:23.668 14809 14809 D SemWifiApBroadcastReceiver: Received : android.intent.action.BATTERY_CHANGED
08-31 19:50:23.669 15099 15099 D SemBigDataInfoController: Intent : android.intent.action.BATTERY_CHANGED
08-31 19:50:23.669 15099 15099 D SemBigDataInfoController: Intent : android.intent.action.BATTERY_CHANGED
08-31 19:50:23.669 15119 15119 D KeyguardUpdateMonitor: received broadcast android.intent.action.BATTERY_CHANGED
08-31 19:50:23.669 15119 15119 I PowerUI : mBootCompleted = true |  mFullyConnected = true
08-31 19:50:23.669 15119 15119 D PowerUI : priorPlugType = 2 mPlugType = 2 priorBatteryStatus = 4 mBatteryStatus = 4
08-31 19:50:23.669 15119 15119 I PowerUI : oldMisalign : false, curMisalign : false
08-31 19:50:23.669 15119 15119 D PowerUI.Notification: dismissSlowByChargerConnectionInfoPopUp()
08-31 19:50:23.669 15119 15119 D PowerUI.Notification: dismissChargingNotification()
08-31 19:50:23.670 15119 15119 D PowerUI : Battery swelling mode - priorBatterySwellingMode = 0 mBatterySwellingMode = 0 mBatteryStatus = 4
08-31 19:50:23.670 15119 15119 I PowerUI : mBatteryMiscEvent = 16842752
08-31 19:50:23.671 15119 16415 D PowerUI.Notification: 1. restoreScreenTimeOut - saved_value : :
08-31 19:50:23.671 15119 16415 E PowerUI.Notification: no saved value, so we do nothing !!
08-31 19:50:23.674 15119 15119 D KeyguardUpdateMonitor: handleBatteryUpdate
08-31 19:50:23.674 14284 14284 V MtpServer: sendDevicePropertyChanged 20481
08-31 19:50:23.676 14617 19358 I HYPER-HAL: [RequestManager.cpp]releaseLocked(): Released ID : 109868090
08-31 19:50:23.698 15119 15119 D KeyguardSecIndicationController: addIndicationTimeout() returned - unlocking
08-31 19:50:23.698 15119 15119 D KeyguardSecIndicationController: addIndication() returned - unlocking
08-31 19:50:23.698 15119 15119 D KeyguardSecIndicationController: addBatteryIndication() status = BatteryStatus{status=4,level=84,plugged=2,health=2,maxChargingWattage=-1,remaining=0ultraFastCharger=0}
08-31 19:50:23.698 15119 15119 I AODBatteryManager: updateBatteryData: ACTION_BATTERY_CHANGED
08-31 19:50:23.699 15119 15119 I AODBatteryManager: getChargeEstimateTime: not charging
08-31 19:50:23.699 15119 15119 I AODBatteryManager: saveBatteryData : AOD BatteryData [mBatteryLevel=84, mBatteryStatus=NOT_CHARGING, mBatteryPlugType=USB, mBatteryPlugged=true, mRemainingChargeTime=0, mBatteryChargingType=0, mBatteryChargerType=NORMAL, mBatteryOnline=USB, mBatterySwellingMode=NONE, mBatteryProtectMode=true]
08-31 19:50:23.699 15119 15119 I ChargingInfoManager: updateChargingInfo: newState = AOD ChargingInfo [mState=HIDE_IN_FULLY_CHARGED, mIsCharging=false, mIsFullyCharged=false, mIsBatteryProtectMode=true], oldState = AOD ChargingInfo [mState=HIDE_IN_FULLY_CHARGED, mIsCharging=false, mIsFullyCharged=false, mIsBatteryProtectMode=true]
08-31 19:50:23.701 15119 15119 D QS      : setQSExpansion 0.0 -120.4
08-31 19:50:23.702 14701 15029 I bauth_FPBAuthService: pcf : 0x1012, 0 ,2 ,0 ,0 ,0 ,2, 0.0.0.0
08-31 19:50:23.702 14701 15029 I bauth_FPBAuthService: thread id : 2, preenroll_flag : 0, nd cnt : 1, cso : 3, et : 0
08-31 19:50:23.702 14701 15029 I bauth_FPBAuthService: FPBAuthService, 11756
08-31 19:50:23.703 15119 15119 D QS      : setQSExpansion 0.0 -120.4
08-31 19:50:23.704 15119 15119 V SecQSFragmentAnimatorBase: setQsExpansionPosition 0.0
08-31 19:50:23.704 15119 15119 V QsExpandAnimator: setQsExpansionPosition 0.0 0
08-31 19:50:23.704 15119 15119 D QS      : setQSExpansion 0.0 -120.4
08-31 19:50:23.708 15119 15119 D IndicatorGardenInputProperty: updateRotation() prv:-1 >> new:0
08-31 19:50:23.708 15119 15119 D DeviceState: getDeviceResolutionPixelSize - currentDensity = 450 deviceDensity = 450 initialDisplaySizeFactor = 1080 currentDisplaySizeFactor = 1080 initialDisplayDensity = 450 proportionalDensity = 450 proportionalPixel = 0
08-31 19:50:23.708 15119 15119 D DeviceState: getDeviceResolutionPixelSize - currentDensity = 450 deviceDensity = 450 initialDisplaySizeFactor = 1080 currentDisplaySizeFactor = 1080 initialDisplayDensity = 450 proportionalDensity = 450 proportionalPixel = 0
08-31 19:50:23.708 15119 15119 D DeviceState: getDeviceResolutionPixelSize - currentDensity = 450 deviceDensity = 450 initialDisplaySizeFactor = 1080 currentDisplaySizeFactor = 1080 initialDisplayDensity = 450 proportionalDensity = 450 proportionalPixel = 0
08-31 19:50:23.708 15119 15119 E IndicatorGardenAlgorithmBasicCutout: NOT MATCH !!!! resourceHeight:66, cutoutHeight:65 ([IndicatorGardenInputProperty]  Rotation(0-0,90-1,180-2,270-3)0, Density:2.8125, ScreenWidthSize:1080, CoverSidePadding:0, mIndicatorGardenCenterOffset:12, mCameraCutoutCropSize:0, mGardenPaddingStart:23, mIndicatorCornerPadding:0, mCameraSidePadding:0, mCameraTopMargin:0, DpCutout:DisplayCutout{insets=Rect(0, 65 - 0, 0) waterfall=Insets{left=0, top=0, right=0, bottom=0} boundingRect={Bounds=[Rect(0, 0 - 0, 0), Rect(454, 0 - 626, 65), Rect(0, 0 - 0, 0), Rect(0, 0 - 0, 0)]} cutoutPathParserInfo={CutoutPathParserInfo{displayWidth=1080 displayHeight=2408 density={2.8125} cutoutSpec={M 0,0 H -30.57777777777778 V 23.11111111111111 H 30.57777777777778 V 0 H 0 Z @dp} rotation={0} scale={1.0}}}})
08-31 19:50:23.708 15119 15119 E IndicatorGardenAlgorithmBasicCutout: NOT MATCH !!!! resourceHeight:66, cutoutHeight:65 ([IndicatorGardenInputProperty]  Rotation(0-0,90-1,180-2,270-3)0, Density:2.8125, ScreenWidthSize:1080, CoverSidePadding:0, mIndicatorGardenCenterOffset:12, mCameraCutoutCropSize:0, mGardenPaddingStart:23, mIndicatorCornerPadding:0, mCameraSidePadding:0, mCameraTopMargin:0, DpCutout:DisplayCutout{insets=Rect(0, 65 - 0, 0) waterfall=Insets{left=0, top=0, right=0, bottom=0} boundingRect={Bounds=[Rect(0, 0 - 0, 0), Rect(454, 0 - 626, 65), Rect(0, 0 - 0, 0), Rect(0, 0 - 0, 0)]} cutoutPathParserInfo={CutoutPathParserInfo{displayWidth=1080 displayHeight=2408 density={2.8125} cutoutSpec={M 0,0 H -30.57777777777778 V 23.11111111111111 H 30.57777777777778 V 0 H 0 Z @dp} rotation={0} scale={1.0}}}})
08-31 19:50:23.770 19225 19225 I ViewInteraction: Performing 'single click' action on view view.getId() is <2131230844/com.example.lunchtray:id/cauliflower>
08-31 19:50:23.773 14809 16441 D InputDispatcher: Inject motion (19225): action=0x0, time=702377837000000, f=0x0, d=0
08-31 19:50:23.779 14809 14940 I InputDispatcher: Delivering touch to (15119): action: 0x4, f=0x0, d=0, 'a8b9824', t=0
08-31 19:50:23.779 14809 14940 I InputDispatcher: Delivering touch to (19225): action: 0x0, f=0x0, d=0, 'acd27ca', t=0
08-31 19:50:23.780 15577 15577 W TouchInteractionService: onInputEvent, inputConsumer = com.android.quickstep.-$$Lambda$InputConsumer$cayMJybMMyH-XvJ76yEWjWeqQUo@78d20fe
08-31 19:50:23.780 14809 14826 I GestureDetector: obtain mCurrentDownEvent. id: -873111228 caller: com.android.server.wm.SystemGesturesPointerEventListener.onPointerEvent:179 com.android.server.wm.PointerEventDispatcher.onInputEvent:71 android.view.InputEventReceiver.dispatchInputEvent:259
08-31 19:50:23.780 19225 19225 I ViewRootImpl@21a8147[MainActivity]: ViewPostIme pointer 0
08-31 19:50:23.780 14809 14826 I GestureDetector: obtain mCurrentDownEvent. id: -873111228 caller: com.android.server.wm.SystemPerformancePointerEventListener.onPointerEvent:89 com.android.server.wm.PointerEventDispatcher.onInputEvent:71 android.view.InputEventReceiver.dispatchInputEvent:259
08-31 19:50:23.795 14809 19361 D WifiConnectivityMonitor.DnsPingerHandler: setCurrentLinkProperties: lp={InterfaceName: wlan0 LinkAddresses: [ fe80::cc4b:91ff:fec5:6692/64,192.168.0.120/24 ] DnsAddresses: [ /183.82.243.66,/49.205.72.130 ] Domains: null MTU: 0 ServerAddress: /192.168.0.1 TcpBufferSizes: 524288,1048576,4194304,524288,1048576,4194304 Routes: [ fe80::/64 -> :: wlan0 mtu 0,192.168.0.0/24 -> 0.0.0.0 wlan0 mtu 0,0.0.0.0/0 -> 192.168.0.1 wlan0 mtu 0 ]}
08-31 19:50:23.802 15119 15119 D InterruptionStateProvider: No bubble up: not allowed to bubble: 0|com.google.android.gms|0|com.google.android.gms.auth.TokenNotificationManager:5fad140a72c858b67614d5a15eab6718:com.google|10187
08-31 19:50:23.802 15119 15119 D InterruptionStateProvider: No bubble up: not allowed to bubble: 0|com.whatsapp|1|null|10278
08-31 19:50:23.802 15119 15119 D InterruptionStateProvider: No alerting: suppressed due to group alert behavior
08-31 19:50:23.802 15119 15119 D InterruptionStateProvider: Group alert behavior is suppressed but we want to alert bubble
08-31 19:50:23.802 15119 15119 D InterruptionStateProvider: No bubble up: not allowed to bubble: 0|com.whatsapp|1|CVzRe1QSbF2fXgNNT1AYx3Bs9dJ0bi2tudqpReLPNhQ=
08-31 19:50:23.802 15119 15119 D InterruptionStateProvider: |10278
08-31 19:50:23.803 15119 15119 D InterruptionStateProvider: No alerting: suppressed due to group alert behavior
08-31 19:50:23.803 15119 15119 D InterruptionStateProvider: Group alert behavior is suppressed but we want to alert bubble
08-31 19:50:23.803 15119 15119 D InterruptionStateProvider: No bubble up: not allowed to bubble: 0|com.whatsapp|1|/8eq2Pjx6qlUlmERVqAn0qzhWMYa5fBjUWuGPMy3M/U=
08-31 19:50:23.803 15119 15119 D InterruptionStateProvider: |10278
08-31 19:50:23.803 15119 15119 D InterruptionStateProvider: No alerting: suppressed due to group alert behavior
08-31 19:50:23.803 15119 15119 D InterruptionStateProvider: Group alert behavior is suppressed but we want to alert bubble
08-31 19:50:23.803 15119 15119 D InterruptionStateProvider: No bubble up: not allowed to bubble: 0|com.whatsapp|1|tFfS9nQ+XYOnngMeKpnT7Dj7GFT+C8LRNlz/jIQNz7c=
08-31 19:50:23.803 15119 15119 D InterruptionStateProvider: |10278
08-31 19:50:23.803 15119 15119 D InterruptionStateProvider: No alerting: suppressed due to group alert behavior
08-31 19:50:23.803 15119 15119 D InterruptionStateProvider: Group alert behavior is suppressed but we want to alert bubble
08-31 19:50:23.804 15119 15119 D InterruptionStateProvider: No bubble up: not allowed to bubble: 0|com.whatsapp|1|6c6GMQkfEFC075tEPAbGpb4YwLdeCdSlT9ddDvlDe/4=
08-31 19:50:23.804 15119 15119 D InterruptionStateProvider: |10278
08-31 19:50:23.804 15119 15119 D InterruptionStateProvider: No bubble up: not allowed to bubble: 0|com.instagram.android|64278|direct|39450418581;thread_id:340282366841710300949128465733575413161|10280
08-31 19:50:23.804 15119 15119 D InterruptionStateProvider: No bubble up: not allowed to bubble: 0|com.instagram.android|64278|direct|39450418581;thread_id:340282366841710300949128425014644459313|10280
08-31 19:50:23.804 15119 15119 D InterruptionStateProvider: No bubble up: not allowed to bubble: 0|com.instagram.android|64278|direct|39450418581;thread_id:340282366841710300949128132336727347337|10280
08-31 19:50:23.804 15119 15119 D InterruptionStateProvider: No bubble up: not allowed to bubble: -1|android|27|null|1000
08-31 19:50:23.809 15119 15119 D QS      : setQSExpansion 0.0 -120.4
08-31 19:50:23.809 15119 15119 D QS      : setQSExpansion 0.0 -120.4
08-31 19:50:23.813 14809 14891 D InputDispatcher: Inject motion (19225): action=0x1, time=702377877000000, f=0x0, d=0
08-31 19:50:23.813 14809 14940 I InputDispatcher: Delivering touch to (19225): action: 0x1, f=0x0, d=0, 'acd27ca', t=1
08-31 19:50:23.814 15577 15577 W TouchInteractionService: reset
08-31 19:50:23.814 14809 14826 I GestureDetector: obtain mCurrentMotionEventRaw. action: 1 id: -319419433
08-31 19:50:23.814 14809 14826 I GestureDetector: obtain mCurrentMotionEventRaw. action: 1 id: -319419433
08-31 19:50:23.814 19225 19225 I ViewRootImpl@21a8147[MainActivity]: ViewPostIme pointer 1
08-31 19:50:24.020 14809 15035 D SemNscXgbMsL1: Probability - Cloud gaming: [0.01638733]
08-31 19:50:24.020 14809 15035 D SemNscXgbMsL1: Probability - Real time: [0.11849741]
08-31 19:50:24.020 14809 15035 D SemNscXgbMsL1: Probability - Non real time: [0.82032514]
08-31 19:50:24.020 14809 15035 D SemNscXgbMsL1: 1 sample inference time: 0.564846 msecs
08-31 19:50:24.021 14809 15035 D SemNscXgbL2Rt: L2 RT 1 sample inference time: 0.963077 msecs
08-31 19:50:24.022 14809 15035 D SemNscXgbL2Nrt: L2 NRT 1 sample inference time: 0.733616 msecs
08-31 19:50:24.081 14809 14826 I GestureDetector: handleMessage TAP
08-31 19:50:24.081 14809 14809 I GestureDetector: handleMessage TAP
08-31 19:50:24.102 14809 19362 D WifiConnectivityMonitor.DnsThread:  [|204] []
08-31 19:50:24.102 14809 15045 D WifiConnectivityMonitor.NetworkStatsAnalyzer: DNS resultType : 0, responseTime : 204
08-31 19:50:24.103 14809 15043 D OpenNetworkQos[4.00]: updateBssidLatestDnsResultType - result: 0
08-31 19:50:24.103 14809 15043 D OpenNetworkQos[4.00]: updateBssidNoInternet: mBssidNoInternet = false
08-31 19:50:24.103 14809 15043 D OpenNetworkQos[4.00]: getOpenNetworkQosNoInternetStatus: false
08-31 19:50:24.103 14809 15043 D OpenNetworkQos[4.00]: getOpenNetworkQosScores: 26 30 30
08-31 19:50:24.119 19225 19225 I ViewInteraction: Performing 'single click' action on view view.getId() is <2131231081/com.example.lunchtray:id/next_button>
08-31 19:50:24.123 14809 16441 D InputDispatcher: Inject motion (19225): action=0x0, time=702378187000000, f=0x0, d=0
08-31 19:50:24.123 14809 14940 I InputDispatcher: Delivering touch to (15119): action: 0x4, f=0x0, d=0, 'a8b9824', t=0
08-31 19:50:24.123 14809 14940 I InputDispatcher: Delivering touch to (19225): action: 0x0, f=0x0, d=0, 'acd27ca', t=0
08-31 19:50:24.124 15577 15577 W TouchInteractionService: onInputEvent, inputConsumer = com.android.quickstep.-$$Lambda$InputConsumer$cayMJybMMyH-XvJ76yEWjWeqQUo@78d20fe
08-31 19:50:24.124 19225 19225 I ViewRootImpl@21a8147[MainActivity]: ViewPostIme pointer 0
08-31 19:50:24.125 14809 14826 I GestureDetector: obtain mCurrentDownEvent. id: -256533588 caller: com.android.server.wm.SystemGesturesPointerEventListener.onPointerEvent:179 com.android.server.wm.PointerEventDispatcher.onInputEvent:71 android.view.InputEventReceiver.dispatchInputEvent:259
08-31 19:50:24.125 14809 14826 I GestureDetector: obtain mCurrentDownEvent. id: -256533588 caller: com.android.server.wm.SystemPerformancePointerEventListener.onPointerEvent:89 com.android.server.wm.PointerEventDispatcher.onInputEvent:71 android.view.InputEventReceiver.dispatchInputEvent:259
08-31 19:50:24.165 14809 16441 D InputDispatcher: Inject motion (19225): action=0x1, time=702378229000000, f=0x0, d=0
08-31 19:50:24.166 14809 14940 I InputDispatcher: Delivering touch to (19225): action: 0x1, f=0x0, d=0, 'acd27ca', t=1
08-31 19:50:24.166 19225 19225 I ViewRootImpl@21a8147[MainActivity]: ViewPostIme pointer 1
08-31 19:50:24.166 15577 15577 W TouchInteractionService: reset
08-31 19:50:24.167 14809 14826 I GestureDetector: obtain mCurrentMotionEventRaw. action: 1 id: -775906273
08-31 19:50:24.168 14809 14826 I GestureDetector: obtain mCurrentMotionEventRaw. action: 1 id: -775906273
08-31 19:50:24.203 19225 19225 D ScrollView: initGoToTop
08-31 19:50:24.209 14617 19343 I HYPER-HAL: [RequestManager.cpp]releaseLocked(): Released ID : 138419856
08-31 19:50:24.350 19225 19225 D ScrollView:  onsize change changed
08-31 19:50:24.425 14809 14809 I GestureDetector: handleMessage TAP
08-31 19:50:24.425 14809 14826 I GestureDetector: handleMessage TAP
08-31 19:50:24.524 14809 15035 D SemNscXgbMsL1: Probability - Cloud gaming: [0.025365977]
08-31 19:50:24.524 14809 15035 D SemNscXgbMsL1: Probability - Real time: [0.19081062]
08-31 19:50:24.524 14809 15035 D SemNscXgbMsL1: Probability - Non real time: [0.8986514]
08-31 19:50:24.524 14809 15035 D SemNscXgbMsL1: 1 sample inference time: 0.897692 msecs
08-31 19:50:24.526 14809 15035 D SemNscXgbL2Rt: L2 RT 1 sample inference time: 0.877615 msecs
08-31 19:50:24.527 14809 15035 D SemNscXgbL2Nrt: L2 NRT 1 sample inference time: 0.680693 msecs
08-31 19:50:24.599 19225 19225 I ViewInteraction: Performing 'single click' action on view view.getId() is <2131231138/com.example.lunchtray:id/salad>
08-31 19:50:24.602 14809 15340 D InputDispatcher: Inject motion (19225): action=0x0, time=702378666000000, f=0x0, d=0
08-31 19:50:24.602 14809 14940 I InputDispatcher: Delivering touch to (15119): action: 0x4, f=0x0, d=0, 'a8b9824', t=0
08-31 19:50:24.603 14809 14940 I InputDispatcher: Delivering touch to (19225): action: 0x0, f=0x0, d=0, 'acd27ca', t=0
08-31 19:50:24.603 15577 15577 W TouchInteractionService: onInputEvent, inputConsumer = com.android.quickstep.-$$Lambda$InputConsumer$cayMJybMMyH-XvJ76yEWjWeqQUo@78d20fe
08-31 19:50:24.603 14809 14826 I GestureDetector: obtain mCurrentDownEvent. id: -414049246 caller: com.android.server.wm.SystemGesturesPointerEventListener.onPointerEvent:179 com.android.server.wm.PointerEventDispatcher.onInputEvent:71 android.view.InputEventReceiver.dispatchInputEvent:259
08-31 19:50:24.603 14809 14826 I GestureDetector: obtain mCurrentDownEvent. id: -414049246 caller: com.android.server.wm.SystemPerformancePointerEventListener.onPointerEvent:89 com.android.server.wm.PointerEventDispatcher.onInputEvent:71 android.view.InputEventReceiver.dispatchInputEvent:259
08-31 19:50:24.604 19225 19225 I ViewRootImpl@21a8147[MainActivity]: ViewPostIme pointer 0
08-31 19:50:24.642 14809 15340 D InputDispatcher: Inject motion (19225): action=0x1, time=702378706000000, f=0x0, d=0
08-31 19:50:24.642 14809 14940 I InputDispatcher: Delivering touch to (19225): action: 0x1, f=0x0, d=0, 'acd27ca', t=1
08-31 19:50:24.643 15577 15577 W TouchInteractionService: reset
08-31 19:50:24.643 14809 14826 I GestureDetector: obtain mCurrentMotionEventRaw. action: 1 id: -900550246
08-31 19:50:24.643 19225 19225 I ViewRootImpl@21a8147[MainActivity]: ViewPostIme pointer 1
08-31 19:50:24.643 14809 14826 I GestureDetector: obtain mCurrentMotionEventRaw. action: 1 id: -900550246
08-31 19:50:24.702 14701 15029 I bauth_FPBAuthService: pcf : 0x1012, 0 ,2 ,0 ,0 ,0 ,2, 0.0.0.0
08-31 19:50:24.703 14701 15029 I bauth_FPBAuthService: thread id : 2, preenroll_flag : 0, nd cnt : 1, cso : 3, et : 0
08-31 19:50:24.703 14701 15029 I bauth_FPBAuthService: FPBAuthService, 11756
08-31 19:50:24.903 14809 14809 I GestureDetector: handleMessage TAP
08-31 19:50:24.904 14809 14826 I GestureDetector: handleMessage TAP
08-31 19:50:24.909 19225 19225 I ViewInteraction: Checking 'MatchesViewAssertion{viewMatcher=an instance of android.widget.TextView and view.getText() with or without transformation to match: a string containing "Subtotal: $9.50"}' assertion on view view.getId() is <2131231217/com.example.lunchtray:id/subtotal>
08-31 19:50:24.913 19225 19284 E TestRunner: failed: subtotal_updates_in_full_order_flow(com.example.lunchtray.OrderFunctionalityTests)
08-31 19:50:24.914 19225 19284 E TestRunner: ----- begin exception -----
08-31 19:50:24.916 19225 19284 E TestRunner: androidx.test.espresso.base.DefaultFailureHandler$AssertionFailedWithCauseError: 'an instance of android.widget.TextView and view.getText() with or without transformation to match: a string containing "Subtotal: $9.50"' doesn't match the selected view.
08-31 19:50:24.916 19225 19284 E TestRunner: Expected: an instance of android.widget.TextView and view.getText() with or without transformation to match: a string containing "Subtotal: $9.50"
08-31 19:50:24.916 19225 19284 E TestRunner:      Got: view.getText() was "Subtotal: 9.50" transformed text was "Subtotal: 9.50"
08-31 19:50:24.916 19225 19284 E TestRunner: View Details: MaterialTextView{id=2131231217, res-name=subtotal, visibility=VISIBLE, width=279, height=55, has-focus=false, has-focusable=false, has-window-focus=true, is-clickable=false, is-enabled=true, is-focused=false, is-focusable=false, is-layout-requested=false, is-selected=false, layout-params=androidx.constraintlayout.widget.ConstraintLayout$LayoutParams@b6fd60e, tag=null, root-is-layout-requested=false, has-input-connection=false, x=756.0, y=1198.0, text=Subtotal: 9.50, input-type=0, ime-target=false, has-links=false}
08-31 19:50:24.916 19225 19284 E TestRunner:
08-31 19:50:24.916 19225 19284 E TestRunner: 	at dalvik.system.VMStack.getThreadStackTrace(Native Method)
08-31 19:50:24.916 19225 19284 E TestRunner: 	at java.lang.Thread.getStackTrace(Thread.java:1724)
08-31 19:50:24.916 19225 19284 E TestRunner: 	at androidx.test.espresso.base.DefaultFailureHandler.getUserFriendlyError(DefaultFailureHandler.java:12)
08-31 19:50:24.916 19225 19284 E TestRunner: 	at androidx.test.espresso.base.DefaultFailureHandler.handle(DefaultFailureHandler.java:7)
08-31 19:50:24.916 19225 19284 E TestRunner: 	at androidx.test.espresso.ViewInteraction.waitForAndHandleInteractionResults(ViewInteraction.java:5)
08-31 19:50:24.916 19225 19284 E TestRunner: 	at androidx.test.espresso.ViewInteraction.check(ViewInteraction.java:12)
08-31 19:50:24.916 19225 19284 E TestRunner: 	at com.example.lunchtray.OrderFunctionalityTests.subtotal_updates_in_full_order_flow(OrderFunctionalityTests.kt:148)
08-31 19:50:24.916 19225 19284 E TestRunner: 	at java.lang.reflect.Method.invoke(Native Method)
08-31 19:50:24.916 19225 19284 E TestRunner: 	at org.junit.runners.model.FrameworkMethod$1.runReflectiveCall(FrameworkMethod.java:50)
08-31 19:50:24.916 19225 19284 E TestRunner: 	at org.junit.internal.runners.model.ReflectiveCallable.run(ReflectiveCallable.java:12)
08-31 19:50:24.916 19225 19284 E TestRunner: 	at org.junit.runners.model.FrameworkMethod.invokeExplosively(FrameworkMethod.java:47)
08-31 19:50:24.916 19225 19284 E TestRunner: 	at org.junit.internal.runners.statements.InvokeMethod.evaluate(InvokeMethod.java:17)
08-31 19:50:24.916 19225 19284 E TestRunner: 	at org.junit.runners.ParentRunner.runLeaf(ParentRunner.java:325)
08-31 19:50:24.916 19225 19284 E TestRunner: 	at org.junit.runners.BlockJUnit4ClassRunner.runChild(BlockJUnit4ClassRunner.java:78)
08-31 19:50:24.916 19225 19284 E TestRunner: 	at org.junit.runners.BlockJUnit4ClassRunner.runChild(BlockJUnit4ClassRunner.java:57)
08-31 19:50:24.916 19225 19284 E TestRunner: 	at org.junit.runners.ParentRunner$3.run(ParentRunner.java:290)
08-31 19:50:24.916 19225 19284 E TestRunner: 	at org.junit.runners.ParentRunner$1.schedule(ParentRunner.java:71)
08-31 19:50:24.916 19225 19284 E TestRunner: 	at org.junit.runners.ParentRunner.runChildren(ParentRunner.java:288)
08-31 19:50:24.916 19225 19284 E TestRunner: 	at org.junit.runners.ParentRunner.access$000(ParentRunner.java:58)
08-31 19:50:24.916 19225 19284 E TestRunner: 	at org.junit.runners.ParentRunner$2.evaluate(ParentRunner.java:268)
08-31 19:50:24.916 19225 19284 E TestRunner: 	at org.junit.runners.ParentRunner.run(ParentRunner.java:363)
08-31 19:50:24.916 19225 19284 E TestRunner: 	at androidx.test.ext.junit.runners.AndroidJUnit4.run(AndroidJUnit4.java:162)
08-31 19:50:24.916 19225 19284 E TestRunner: 	at org.junit.runners.Suite.runChild(Suite.java:128)
08-31 19:50:24.916 19225 19284 E TestRunner: 	at org.junit.runners.Suite.runChild(Suite.java:27)
08-31 19:50:24.916 19225 19284 E TestRunner: 	at org.junit.runners.ParentRunner$3.run(ParentRunner.java:290)
08-31 19:50:24.916 19225 19284 E TestRunner: 	at org.junit.runners.ParentRunner$1.schedule(ParentRunner.java:71)
08-31 19:50:24.916 19225 19284 E TestRunner: 	at org.junit.runners.ParentRunner.runChildren(ParentRunner.java:288)
08-31 19:50:24.916 19225 19284 E TestRunner: 	at org.junit.runners.ParentRunner.access$000(ParentRunner.java:58)
08-31 19:50:24.916 19225 19284 E TestRunner: 	at org.junit.runners.ParentRunner$2.evaluate(ParentRunner.java:268)
08-31 19:50:24.916 19225 19284 E TestRunner: 	at org.junit.runners.ParentRunner.run(ParentRunner.java:363)
08-31 19:50:24.916 19225 19284 E TestRunner: 	at org.junit.runner.JUnitCore.run(JUnitCore.java:137)
08-31 19:50:24.916 19225 19284 E TestRunner: 	at org.junit.runner.JUnitCore.run(JUnitCore.java:115)
08-31 19:50:24.916 19225 19284 E TestRunner: 	at androidx.test.internal.runner.TestExecutor.execute(TestExecutor.java:56)
08-31 19:50:24.916 19225 19284 E TestRunner: 	at androidx.test.runner.AndroidJUnitRunner.onStart(AndroidJUnitRunner.java:444)
08-31 19:50:24.916 19225 19284 E TestRunner: 	at android.app.Instrumentation$InstrumentationThread.run(Instrumentation.java:2261)
08-31 19:50:24.916 19225 19284 E TestRunner: Caused by: junit.framework.AssertionFailedError: 'an instance of android.widget.TextView and view.getText() with or without transformation to match: a string containing "Subtotal: $9.50"' doesn't match the selected view.
08-31 19:50:24.916 19225 19284 E TestRunner: Expected: an instance of android.widget.TextView and view.getText() with or without transformation to match: a string containing "Subtotal: $9.50"
08-31 19:50:24.916 19225 19284 E TestRunner:      Got: view.getText() was "Subtotal: 9.50" transformed text was "Subtotal: 9.50"
08-31 19:50:24.916 19225 19284 E TestRunner: View Details: MaterialTextView{id=2131231217, res-name=subtotal, visibility=VISIBLE, width=279, height=55, has-focus=false, has-focusable=false, has-window-focus=true, is-clickable=false, is-enabled=true, is-focused=false, is-focusable=false, is-layout-requested=false, is-selected=false, layout-params=androidx.constraintlayout.widget.ConstraintLayout$LayoutParams@b6fd60e, tag=null, root-is-layout-requested=false, has-input-connection=false, x=756.0, y=1198.0, text=Subtotal: 9.50, input-type=0, ime-target=false, has-links=false}
08-31 19:50:24.916 19225 19284 E TestRunner:
08-31 19:50:24.916 19225 19284 E TestRunner: 	at androidx.test.espresso.matcher.ViewMatchers.assertThat(ViewMatchers.java:16)
08-31 19:50:24.916 19225 19284 E TestRunner: 	at androidx.test.espresso.assertion.ViewAssertions$MatchesViewAssertion.check(ViewAssertions.java:11)
08-31 19:50:24.916 19225 19284 E TestRunner: 	at androidx.test.espresso.ViewInteraction$SingleExecutionViewAssertion.check(ViewInteraction.java:2)
08-31 19:50:24.916 19225 19284 E TestRunner: 	at androidx.test.espresso.ViewInteraction$2.call(ViewInteraction.java:12)
08-31 19:50:24.916 19225 19284 E TestRunner: 	at androidx.test.espresso.ViewInteraction$2.call(ViewInteraction.java:1)
08-31 19:50:24.916 19225 19284 E TestRunner: 	at java.util.concurrent.FutureTask.run(FutureTask.java:266)
08-31 19:50:24.916 19225 19284 E TestRunner: 	at android.os.Handler.handleCallback(Handler.java:938)
08-31 19:50:24.916 19225 19284 E TestRunner: 	at android.os.Handler.dispatchMessage(Handler.java:99)
08-31 19:50:24.916 19225 19284 E TestRunner: 	at android.os.Looper.loopOnce(Looper.java:226)
08-31 19:50:24.916 19225 19284 E TestRunner: 	at android.os.Looper.loop(Looper.java:313)
08-31 19:50:24.916 19225 19284 E TestRunner: 	at android.app.ActivityThread.main(ActivityThread.java:8669)
08-31 19:50:24.916 19225 19284 E TestRunner: 	at java.lang.reflect.Method.invoke(Native Method)
08-31 19:50:24.916 19225 19284 E TestRunner: 	at com.android.internal.os.RuntimeInit$MethodAndArgsCaller.run(RuntimeInit.java:571)
08-31 19:50:24.916 19225 19284 E TestRunner: 	at com.android.internal.os.ZygoteInit.main(ZygoteInit.java:1135)
08-31 19:50:24.916 19225 19284 E TestRunner: ----- end exception -----
08-31 19:50:24.952 19225 19284 I TestRunner: finished: subtotal_updates_in_full_order_flow(com.example.lunchtray.OrderFunctionalityTests)
