08-31 19:50:18.143 21002 21002 I HBD     : h load selected json info : {"version":"4.1","currentLanguageOrder":0,"selected":[{"activeOptionList":["auto_spacing"],"engName":"English(India)","id":65555,"inputType":"qwerty","isUsed":true}]}
08-31 19:50:18.144 21002 21002 I HBD     : a [UpdatePolicy] [post] a: 0 cl: 65555 kit: [0/0] vt: 0 ir: 1
08-31 19:50:18.145 21002 21002 I HBD     : HoneyBoardService [PF_OP][onStartInput]  8345115 ns
08-31 19:50:18.150 19225 19225 I ViewInteraction: Performing 'single click' action on view view.getId() is <2131231208/com.example.lunchtray:id/start_order_btn>
08-31 19:50:18.154 14809 17482 D InputDispatcher: Inject motion (19225): action=0x0, time=702372218000000, f=0x0, d=0
08-31 19:50:18.155 14809 14940 I InputDispatcher: Delivering touch to (15119): action: 0x4, f=0x0, d=0, 'a8b9824', t=0
08-31 19:50:18.155 14809 14940 I InputDispatcher: Delivering touch to (19225): action: 0x0, f=0x0, d=0, '23b4667', t=0
08-31 19:50:18.156 14809 14826 I GestureDetector: obtain mCurrentDownEvent. id: -375590927 caller: com.android.server.wm.SystemGesturesPointerEventListener.onPointerEvent:179 com.android.server.wm.PointerEventDispatcher.onInputEvent:71 android.view.InputEventReceiver.dispatchInputEvent:259
08-31 19:50:18.156 14809 14826 I GestureDetector: obtain mCurrentDownEvent. id: -375590927 caller: com.android.server.wm.SystemPerformancePointerEventListener.onPointerEvent:89 com.android.server.wm.PointerEventDispatcher.onInputEvent:71 android.view.InputEventReceiver.dispatchInputEvent:259
08-31 19:50:18.157   634   634 I Layer   : id=151759 removeFromCurrentState Surface(name=4ce6435 InputMethod)/@0x855123b - animation-leash of insets_animation#1 (112)
08-31 19:50:18.157   634   634 I SurfaceFlinger: id=151759 Removed Surface(name=4ce6435 InputMethod)/@0x855123b - animation-leash of insets_animation#1 (112)
08-31 19:50:18.158   634   634 I Layer   : id=151759 Destroyed Surface(name=4ce6435 InputMethod)/@0x855123b - animation-leash of insets_animation#1
08-31 19:50:18.158 19225 19225 I ViewRootImpl@52102dc[MainActivity]: ViewPostIme pointer 0
08-31 19:50:18.158 14809 17480 D InputMethodManagerServicePhysicalKey: isConnectedDexOnPC false
08-31 19:50:18.159 14809 17480 D InputMethodManagerService: isImeSwitcherDisabledPackage : false
08-31 19:50:18.160 15577 15577 W TouchInteractionService: onInputEvent, inputConsumer = com.android.quickstep.-$$Lambda$InputConsumer$cayMJybMMyH-XvJ76yEWjWeqQUo@78d20fe
08-31 19:50:18.190   634   634 I Layer   : id=151764 removeFromCurrentState Splash Screen com.example.lunchtray$_15119#0 (111)
08-31 19:50:18.190   634   634 I Layer   : id=151763 removeFromCurrentState 8571d6d Splash Screen com.example.lunchtray#0 (111)
08-31 19:50:18.190   634   634 I Layer   : id=151775 removeFromCurrentState Surface(name=8571d6d Splash Screen com.example.lunchtray)/@0xc08e1e4 - animation-leash of window_animation#0 (111)
08-31 19:50:18.190   634   634 I SurfaceFlinger: id=151763 Removed 8571d6d Splash Screen com.example.lunchtray#0 (111)
08-31 19:50:18.190   634   634 I SurfaceFlinger: id=151764 Removed Splash Screen com.example.lunchtray$_15119#0 (111)
08-31 19:50:18.190   634   634 I SurfaceFlinger: id=151775 Removed Surface(name=8571d6d Splash Screen com.example.lunchtray)/@0xc08e1e4 - animation-leash of window_animation#0 (111)
08-31 19:50:18.191   634   634 I Layer   : id=151775 Destroyed Surface(name=8571d6d Splash Screen com.example.lunchtray)/@0xc08e1e4 - animation-leash of window_animation#0
08-31 19:50:18.191   634   634 I Layer   : id=151763 Destroyed 8571d6d Splash Screen com.example.lunchtray#0
08-31 19:50:18.193   634   634 I Layer   : id=151764 Destroyed Splash Screen com.example.lunchtray$_15119#0
08-31 19:50:18.196   634   634 D SurfaceFlinger: Display 4633128508267670401 HWC layers:
08-31 19:50:18.196   634   634 D SurfaceFlinger:      DEVICE | 0xebd4f500 | 0102 | RGBA_8888    |    0.0    0.0 1080.0 2408.0 |    0    0 1080 2408 | com.example.lunchtray/com.example.lunchtray.MainActivity$_19225#0
08-31 19:50:18.196   634   634 D SurfaceFlinger:      DEVICE | 0xec168b80 | 0100 | RGBA_8888    |    0.0    0.0 1080.0   66.0 |    0    0 1080   66 | StatusBar$_15119#0
08-31 19:50:18.196   634   634 D SurfaceFlinger:      CLIENT | 0xec277300 | 0100 | RGBA_8888    |    0.0    0.0  388.0   42.0 |  692 2366 1080 2408 | SGestureOverlayWindow$_15577#0
08-31 19:50:18.196   634   634 D SurfaceFlinger:      CLIENT | 0xec97b100 | 0100 | RGBA_8888    |    0.0    0.0 1080.0  135.0 |    0 2273 1080 2408 | NavigationBar0$_15119#0
08-31 19:50:18.196   634   634 D SurfaceFlinger:      DEVICE | 0xec278980 | 0108 | RGBA_8888    |    0.0    0.0 1080.0 2408.0 |    0    0 1080 2408 | BlueLightFilter$_15119#0
08-31 19:50:18.196   634   634 D SurfaceFlinger:
08-31 19:50:18.217 14809 17482 D InputDispatcher: Inject motion (19225): action=0x1, time=702372280000000, f=0x0, d=0
08-31 19:50:18.218 14809 14940 I InputDispatcher: Delivering touch to (19225): action: 0x1, f=0x0, d=0, '23b4667', t=1
08-31 19:50:18.218 14809 14826 I GestureDetector: obtain mCurrentMotionEventRaw. action: 1 id: -773874266
08-31 19:50:18.218 14809 14826 I GestureDetector: obtain mCurrentMotionEventRaw. action: 1 id: -773874266
08-31 19:50:18.218 15577 15577 W TouchInteractionService: reset
08-31 19:50:18.219 19225 19225 I ViewRootImpl@52102dc[MainActivity]: ViewPostIme pointer 1
08-31 19:50:18.282 19225 19225 D ScrollView: initGoToTop
08-31 19:50:18.447 14809 14818 I system_server: Background concurrent copying GC freed 359739(19MB) AllocSpace objects, 47(3160KB) LOS objects, 12% free, 82MB/94MB, paused 351us,329us total 491.539ms
08-31 19:50:18.453 14809 15035 D SemNscXgbMsL1: Probability - Cloud gaming: [0.03101495]
08-31 19:50:18.454 14809 14820 W System  : A resource failed to call end.
08-31 19:50:18.454 14809 15035 D SemNscXgbMsL1: Probability - Real time: [0.452546]
08-31 19:50:18.455 14809 14820 W System  : A resource failed to call release.
08-31 19:50:18.455 14809 15035 D SemNscXgbMsL1: Probability - Non real time: [0.93804276]
08-31 19:50:18.455 14809 15035 D SemNscXgbMsL1: 1 sample inference time: 2.145846 msecs
08-31 19:50:18.455 14809 14820 W System  : A resource failed to call close.
08-31 19:50:18.456 14809 14820 W System  : A resource failed to call end.
08-31 19:50:18.456 14809 14820 W System  : A resource failed to call release.
08-31 19:50:18.457 14809 14826 I GestureDetector: handleMessage TAP
08-31 19:50:18.457 14809 14809 I GestureDetector: handleMessage TAP
08-31 19:50:18.457 14809 15035 D SemNscXgbL2Rt: L2 RT 1 sample inference time: 1.096462 msecs
08-31 19:50:18.458 14809 15035 D SemNscXgbL2Nrt: L2 NRT 1 sample inference time: 0.842154 msecs
08-31 19:50:18.488 14617 19335 I HYPER-HAL: [RequestManager.cpp]releaseLocked(): Released ID : 109868090
08-31 19:50:18.539   634   634 I SurfaceFlinger: SFWD update time=702372604536120
08-31 19:50:18.564 14809 17482 V WindowManager: Relayout Window{23b4667 u0 com.example.lunchtray/com.example.lunchtray.MainActivity}: viewVisibility=0 req=1080x2408 d0
08-31 19:50:18.568 14809 17482 V WindowManager: Relayout hash=23b4667, pid=19225: mAttrs={(0,0)(fillxfill) sim={adjust=resize} ty=BASE_APPLICATION wanim=0x1030303
08-31 19:50:18.568 14809 17482 V WindowManager:   fl=81810100
08-31 19:50:18.568 14809 17482 V WindowManager:   pfl=12020040
08-31 19:50:18.568 14809 17482 V WindowManager:   bhv=DEFAULT
08-31 19:50:18.568 14809 17482 V WindowManager:   fitSides= naviIconColor=0}
08-31 19:50:18.573 19225 19225 I ViewRootImpl@52102dc[MainActivity]: Relayout returned: old=(0,0,1080,2408) new=(0,0,1080,2408) req=(1080,2408)0 dur=8 res=0x1 s={true 4004536320} ch=false fn=26
08-31 19:50:18.580 19225 19225 D ScrollView:  onsize change changed
08-31 19:50:18.653 14617 19324 I HYPER-HAL: [RequestManager.cpp]releaseLocked(): Released ID : 138419856
08-31 19:50:18.701 14701 15029 I bauth_FPBAuthService: pcf : 0x1012, 0 ,2 ,0 ,0 ,0 ,2, 0.0.0.0
08-31 19:50:18.701 14701 15029 I bauth_FPBAuthService: thread id : 2, preenroll_flag : 0, nd cnt : 1, cso : 3, et : 0
08-31 19:50:18.701 14701 15029 I bauth_FPBAuthService: FPBAuthService, 11756
08-31 19:50:18.867 19225 19225 I ViewInteraction: Performing 'single click' action on view view.getId() is <2131230844/com.example.lunchtray:id/cauliflower>
08-31 19:50:18.871 14809 17482 D InputDispatcher: Inject motion (19225): action=0x0, time=702372935000000, f=0x0, d=0
08-31 19:50:18.871 14809 14940 I InputDispatcher: Delivering touch to (15119): action: 0x4, f=0x0, d=0, 'a8b9824', t=0
08-31 19:50:18.872 14809 14940 I InputDispatcher: Delivering touch to (19225): action: 0x0, f=0x0, d=0, '23b4667', t=0
08-31 19:50:18.873 15577 15577 W TouchInteractionService: onInputEvent, inputConsumer = com.android.quickstep.-$$Lambda$InputConsumer$cayMJybMMyH-XvJ76yEWjWeqQUo@78d20fe
08-31 19:50:18.873 19225 19225 I ViewRootImpl@52102dc[MainActivity]: ViewPostIme pointer 0
08-31 19:50:18.873 14809 14826 I GestureDetector: obtain mCurrentDownEvent. id: -38569551 caller: com.android.server.wm.SystemGesturesPointerEventListener.onPointerEvent:179 com.android.server.wm.PointerEventDispatcher.onInputEvent:71 android.view.InputEventReceiver.dispatchInputEvent:259
08-31 19:50:18.873 14809 14826 I GestureDetector: obtain mCurrentDownEvent. id: -38569551 caller: com.android.server.wm.SystemPerformancePointerEventListener.onPointerEvent:89 com.android.server.wm.PointerEventDispatcher.onInputEvent:71 android.view.InputEventReceiver.dispatchInputEvent:259
08-31 19:50:18.913 14809 17482 D InputDispatcher: Inject motion (19225): action=0x1, time=702372977000000, f=0x0, d=0
08-31 19:50:18.913 14809 14940 I InputDispatcher: Delivering touch to (19225): action: 0x1, f=0x0, d=0, '23b4667', t=1
08-31 19:50:18.913 15577 15577 W TouchInteractionService: reset
08-31 19:50:18.913 14809 14826 I GestureDetector: obtain mCurrentMotionEventRaw. action: 1 id: -974695454
08-31 19:50:18.914 19225 19225 I ViewRootImpl@52102dc[MainActivity]: ViewPostIme pointer 1
08-31 19:50:18.914 14809 14826 I GestureDetector: obtain mCurrentMotionEventRaw. action: 1 id: -974695454
08-31 19:50:18.960 14809 15035 D SemNscXgbMsL1: Probability - Cloud gaming: [0.025571011]
08-31 19:50:18.961 14809 15035 D SemNscXgbMsL1: Probability - Real time: [0.16868801]
08-31 19:50:18.961 14809 15035 D SemNscXgbMsL1: Probability - Non real time: [0.90600455]
08-31 19:50:18.961 14809 15035 D SemNscXgbMsL1: 1 sample inference time: 0.528616 msecs
08-31 19:50:18.962 14809 15035 D SemNscXgbL2Rt: L2 RT 1 sample inference time: 0.918769 msecs
08-31 19:50:18.963 14809 15035 D SemNscXgbL2Nrt: L2 NRT 1 sample inference time: 1.052038 msecs
08-31 19:50:19.024 14809 14840 I libprocessgroup: Successfully killed process cgroup uid 1010187 pid 15846 in 5ms
08-31 19:50:19.036 14604 14604 I Zygote  : Process 15846 exited due to signal 9 (Killed)
08-31 19:50:19.173 14809 14809 I GestureDetector: handleMessage TAP
08-31 19:50:19.174 14809 14826 I GestureDetector: handleMessage TAP
08-31 19:50:19.215 19225 19225 I ViewInteraction: Performing 'single click' action on view view.getId() is <2131231081/com.example.lunchtray:id/next_button>
08-31 19:50:19.219 14809 17480 D InputDispatcher: Inject motion (19225): action=0x0, time=702373283000000, f=0x0, d=0
08-31 19:50:19.219 14809 14940 I InputDispatcher: Delivering touch to (15119): action: 0x4, f=0x0, d=0, 'a8b9824', t=0
08-31 19:50:19.219 14809 14940 I InputDispatcher: Delivering touch to (19225): action: 0x0, f=0x0, d=0, '23b4667', t=0
08-31 19:50:19.220 14809 14826 I GestureDetector: obtain mCurrentDownEvent. id: -633235949 caller: com.android.server.wm.SystemGesturesPointerEventListener.onPointerEvent:179 com.android.server.wm.PointerEventDispatcher.onInputEvent:71 android.view.InputEventReceiver.dispatchInputEvent:259
08-31 19:50:19.220 19225 19225 I ViewRootImpl@52102dc[MainActivity]: ViewPostIme pointer 0
08-31 19:50:19.220 14809 14826 I GestureDetector: obtain mCurrentDownEvent. id: -633235949 caller: com.android.server.wm.SystemPerformancePointerEventListener.onPointerEvent:89 com.android.server.wm.PointerEventDispatcher.onInputEvent:71 android.view.InputEventReceiver.dispatchInputEvent:259
08-31 19:50:19.220 15577 15577 W TouchInteractionService: onInputEvent, inputConsumer = com.android.quickstep.-$$Lambda$InputConsumer$cayMJybMMyH-XvJ76yEWjWeqQUo@78d20fe
08-31 19:50:19.261 14809 17480 D InputDispatcher: Inject motion (19225): action=0x1, time=702373325000000, f=0x0, d=0
08-31 19:50:19.261 14809 14940 I InputDispatcher: Delivering touch to (19225): action: 0x1, f=0x0, d=0, '23b4667', t=1
08-31 19:50:19.262 19225 19225 I ViewRootImpl@52102dc[MainActivity]: ViewPostIme pointer 1
08-31 19:50:19.262 15577 15577 W TouchInteractionService: reset
08-31 19:50:19.263 14809 14826 I GestureDetector: obtain mCurrentMotionEventRaw. action: 1 id: -1068601278
08-31 19:50:19.264 14809 14826 I GestureDetector: obtain mCurrentMotionEventRaw. action: 1 id: -1068601278
08-31 19:50:19.303 19225 19225 D ScrollView: initGoToTop
08-31 19:50:19.464 14809 15035 D SemNscXgbMsL1: Probability - Cloud gaming: [0.031133011]
08-31 19:50:19.464 14809 15035 D SemNscXgbMsL1: Probability - Real time: [0.034326803]
08-31 19:50:19.464 14809 15035 D SemNscXgbMsL1: Probability - Non real time: [0.93608135]
08-31 19:50:19.465 14809 15035 D SemNscXgbMsL1: 1 sample inference time: 0.536423 msecs
08-31 19:50:19.466 14809 15035 D SemNscXgbL2Rt: L2 RT 1 sample inference time: 0.88127 msecs
08-31 19:50:19.466 14809 15035 D SemNscXgbL2Nrt: L2 NRT 1 sample inference time: 0.689424 msecs
08-31 19:50:19.514 19225 19225 D ScrollView:  onsize change changed
08-31 19:50:19.519 14809 14826 I GestureDetector: handleMessage TAP
08-31 19:50:19.520 14809 14809 I GestureDetector: handleMessage TAP
08-31 19:50:19.554 15119 15282 D MobileStatusTracker(0/1): onSignalStrengthsChanged signalStrength=SignalStrength:{mCdma=Invalid,mGsm=Invalid,mWcdma=Invalid,mTdscdma=Invalid,mLte=CellSignalStrengthLte: rssi=-101 rsrp=-101 rsrq=-12 rssnr=-6 cqiTableIndex=2147483647 cqi=7 ta=2147483647 level=3 parametersUseForLevel=0,mNr=Invalid,SignalBarInfo{ lteLevel=3 },rat=14,primary=CellSignalStrengthLte} level=3
08-31 19:50:19.556 15119 15282 D NetworkController: SignalStrength from intent slotId=0
08-31 19:50:19.702 14701 15029 I bauth_FPBAuthService: pcf : 0x1012, 0 ,2 ,0 ,0 ,0 ,2, 0.0.0.0
08-31 19:50:19.702 14701 15029 I bauth_FPBAuthService: thread id : 2, preenroll_flag : 0, nd cnt : 1, cso : 3, et : 0
08-31 19:50:19.702 14701 15029 I bauth_FPBAuthService: FPBAuthService, 11756
08-31 19:50:19.774 19225 19225 I ViewInteraction: Performing 'single click' action on view view.getId() is <2131231187/com.example.lunchtray:id/soup>
08-31 19:50:19.778 14809 17482 D InputDispatcher: Inject motion (19225): action=0x0, time=702373842000000, f=0x0, d=0
08-31 19:50:19.779 14809 14940 I InputDispatcher: Delivering touch to (15119): action: 0x4, f=0x0, d=0, 'a8b9824', t=0
08-31 19:50:19.779 14809 14940 I InputDispatcher: Delivering touch to (19225): action: 0x0, f=0x0, d=0, '23b4667', t=0
08-31 19:50:19.779 15577 15577 W TouchInteractionService: onInputEvent, inputConsumer = com.android.quickstep.-$$Lambda$InputConsumer$cayMJybMMyH-XvJ76yEWjWeqQUo@78d20fe
08-31 19:50:19.780 14809 14826 I GestureDetector: obtain mCurrentDownEvent. id: -373421956 caller: com.android.server.wm.SystemGesturesPointerEventListener.onPointerEvent:179 com.android.server.wm.PointerEventDispatcher.onInputEvent:71 android.view.InputEventReceiver.dispatchInputEvent:259
08-31 19:50:19.780 14809 14826 I GestureDetector: obtain mCurrentDownEvent. id: -373421956 caller: com.android.server.wm.SystemPerformancePointerEventListener.onPointerEvent:89 com.android.server.wm.PointerEventDispatcher.onInputEvent:71 android.view.InputEventReceiver.dispatchInputEvent:259
08-31 19:50:19.780 19225 19225 I ViewRootImpl@52102dc[MainActivity]: ViewPostIme pointer 0
08-31 19:50:19.820 14809 17482 D InputDispatcher: Inject motion (19225): action=0x1, time=702373884000000, f=0x0, d=0
08-31 19:50:19.821 14809 14940 I InputDispatcher: Delivering touch to (19225): action: 0x1, f=0x0, d=0, '23b4667', t=1
08-31 19:50:19.821 15577 15577 W TouchInteractionService: reset
08-31 19:50:19.821 19225 19225 I ViewRootImpl@52102dc[MainActivity]: ViewPostIme pointer 1
08-31 19:50:19.821 14809 14826 I GestureDetector: obtain mCurrentMotionEventRaw. action: 1 id: -472144332
08-31 19:50:19.822 14809 14826 I GestureDetector: obtain mCurrentMotionEventRaw. action: 1 id: -472144332
08-31 19:50:19.957 13966 13992 I ContactsProvider_EventLog: contents_sample_state: [CONTACT contacts(108) data(848) accounts({org.telegram.messenger (21)=60, com.whatsapp (9)=79, com.google (4)=1, vnd.sec.contact.phone (2)=1, vnd.sec.contact.sim (3)=103}) accounts deleted({}) in_trash(in_trash(0), in_trash_for_sync(0)) calls([logtype:100 cnt:2, logtype:1000 cnt:317]) countryIso(IN) userId(0)  ]
08-31 19:50:19.957 13966 13992 I ContactsProvider_EventLog: contents_sample_state: [ agr({[3]=24, [4]=1, [2]=1, [21]=3, [3 ,9 ,21]=57, [3 ,9]=22})  ]
08-31 19:50:19.957 13966 13992 I ContactsProvider_EventLog: contents_sample_state: [ actCnt({android.process.acore(13966)=1})  ]
08-31 19:50:19.957 13966 13992 I ContactsProvider_EventLog: contents_sample_state: [PROFILE contacts(0) data(0) accounts({})  ] [SAPROFILE contacts(0) data(0) accounts({})  ]
08-31 19:50:19.957 13966 13992 I ContactsProvider_EventLog: contents_sample_state: [STORAGE Contacts(CE) Profile(CE) SAProfile(CE) CallLog(CE)  ]
08-31 19:50:19.957 13966 13992 I ContactsProvider_EventLog: contents_sample_state: [STATE R(F) ]
08-31 19:50:19.967 14809 15035 D SemNscXgbMsL1: Probability - Cloud gaming: [0.023653727]
08-31 19:50:19.968 14809 15035 D SemNscXgbMsL1: Probability - Real time: [0.122650854]
08-31 19:50:19.968 14809 15035 D SemNscXgbMsL1: Probability - Non real time: [0.9284998]
08-31 19:50:19.968 14809 15035 D SemNscXgbMsL1: 1 sample inference time: 0.507846 msecs
08-31 19:50:19.969 14809 15035 D SemNscXgbL2Rt: L2 RT 1 sample inference time: 0.871539 msecs
08-31 19:50:19.969 14809 15035 D SemNscXgbL2Nrt: L2 NRT 1 sample inference time: 0.681308 msecs
08-31 19:50:20.080 14809 14826 I GestureDetector: handleMessage TAP
08-31 19:50:20.080 14809 14809 I GestureDetector: handleMessage TAP
08-31 19:50:20.129 19225 19225 I ViewInteraction: Performing 'single click' action on view view.getId() is <2131231081/com.example.lunchtray:id/next_button>
08-31 19:50:20.132 14809 17482 D InputDispatcher: Inject motion (19225): action=0x0, time=702374196000000, f=0x0, d=0
08-31 19:50:20.133 14809 14940 I InputDispatcher: Delivering touch to (15119): action: 0x4, f=0x0, d=0, 'a8b9824', t=0
08-31 19:50:20.133 14809 14940 I InputDispatcher: Delivering touch to (19225): action: 0x0, f=0x0, d=0, '23b4667', t=0
08-31 19:50:20.133 15577 15577 W TouchInteractionService: onInputEvent, inputConsumer = com.android.quickstep.-$$Lambda$InputConsumer$cayMJybMMyH-XvJ76yEWjWeqQUo@78d20fe
08-31 19:50:20.134 14809 14826 I GestureDetector: obtain mCurrentDownEvent. id: -775845044 caller: com.android.server.wm.SystemGesturesPointerEventListener.onPointerEvent:179 com.android.server.wm.PointerEventDispatcher.onInputEvent:71 android.view.InputEventReceiver.dispatchInputEvent:259
08-31 19:50:20.134 19225 19225 I ViewRootImpl@52102dc[MainActivity]: ViewPostIme pointer 0
08-31 19:50:20.134 14809 14826 I GestureDetector: obtain mCurrentDownEvent. id: -775845044 caller: com.android.server.wm.SystemPerformancePointerEventListener.onPointerEvent:89 com.android.server.wm.PointerEventDispatcher.onInputEvent:71 android.view.InputEventReceiver.dispatchInputEvent:259
08-31 19:50:20.165 14617 19288 I HYPER-HAL: [RequestManager.cpp]releaseLocked(): Released ID : 109853266
08-31 19:50:20.175 14809 17482 D InputDispatcher: Inject motion (19225): action=0x1, time=702374238000000, f=0x0, d=0
08-31 19:50:20.176 14809 14940 I InputDispatcher: Delivering touch to (19225): action: 0x1, f=0x0, d=0, '23b4667', t=1
08-31 19:50:20.177 19225 19225 I ViewRootImpl@52102dc[MainActivity]: ViewPostIme pointer 1
08-31 19:50:20.177 15577 15577 W TouchInteractionService: reset
08-31 19:50:20.182 14809 14826 I GestureDetector: obtain mCurrentMotionEventRaw. action: 1 id: -643542582
08-31 19:50:20.183 14809 14826 I GestureDetector: obtain mCurrentMotionEventRaw. action: 1 id: -643542582
08-31 19:50:20.241 19225 19225 D ScrollView: initGoToTop
08-31 19:50:20.403 19225 19225 D ScrollView:  onsize change changed
08-31 19:50:20.434 14809 14809 I GestureDetector: handleMessage TAP
08-31 19:50:20.435 14809 14826 I GestureDetector: handleMessage TAP
08-31 19:50:20.471 14809 15035 D SemNscXgbMsL1: Probability - Cloud gaming: [0.027569357]
08-31 19:50:20.472 14809 15035 D SemNscXgbMsL1: Probability - Real time: [0.01646721]
08-31 19:50:20.472 14809 15035 D SemNscXgbMsL1: Probability - Non real time: [0.91235423]
08-31 19:50:20.472 14809 15035 D SemNscXgbMsL1: 1 sample inference time: 1.862847 msecs
08-31 19:50:20.474 14809 15035 D SemNscXgbL2Rt: L2 RT 1 sample inference time: 1.465346 msecs
08-31 19:50:20.475 14809 15035 D SemNscXgbL2Nrt: L2 NRT 1 sample inference time: 1.017885 msecs
08-31 19:50:20.476 14809 15035 I SemWifiServiceDetector: NSD results: [0, 1, 2, 0, 0, 1, 1, 3] Traff. type 1 Thr 0
08-31 19:50:20.477 19225 19293 D OpenGLRenderer: setSurface called with nullptr
08-31 19:50:20.479 14809 15038 D SemWifiOptimizer: enable=0 state=0x10 prev=0x10 new=0x00 force=0
08-31 19:50:20.674 19225 19225 I ViewInteraction: Performing 'single click' action on view view.getId() is <2131230835/com.example.lunchtray:id/bread>
08-31 19:50:20.679 14809 17480 D InputDispatcher: Inject motion (19225): action=0x0, time=702374742000000, f=0x0, d=0
08-31 19:50:20.680 14809 14940 I InputDispatcher: Delivering touch to (15119): action: 0x4, f=0x0, d=0, 'a8b9824', t=0
08-31 19:50:20.680 14809 14940 I InputDispatcher: Delivering touch to (19225): action: 0x0, f=0x0, d=0, '23b4667', t=0
08-31 19:50:20.681 15577 15577 W TouchInteractionService: onInputEvent, inputConsumer = com.android.quickstep.-$$Lambda$InputConsumer$cayMJybMMyH-XvJ76yEWjWeqQUo@78d20fe
08-31 19:50:20.682 19225 19225 I ViewRootImpl@52102dc[MainActivity]: ViewPostIme pointer 0
08-31 19:50:20.685 14809 14826 I GestureDetector: obtain mCurrentDownEvent. id: -13421060 caller: com.android.server.wm.SystemGesturesPointerEventListener.onPointerEvent:179 com.android.server.wm.PointerEventDispatcher.onInputEvent:71 android.view.InputEventReceiver.dispatchInputEvent:259
08-31 19:50:20.686 14809 14826 I GestureDetector: obtain mCurrentDownEvent. id: -13421060 caller: com.android.server.wm.SystemPerformancePointerEventListener.onPointerEvent:89 com.android.server.wm.PointerEventDispatcher.onInputEvent:71 android.view.InputEventReceiver.dispatchInputEvent:259
08-31 19:50:20.702 14701 15029 I bauth_FPBAuthService: pcf : 0x1012, 0 ,2 ,0 ,0 ,0 ,2, 0.0.0.0
08-31 19:50:20.702 14701 15029 I bauth_FPBAuthService: thread id : 2, preenroll_flag : 0, nd cnt : 1, cso : 3, et : 0
08-31 19:50:20.702 14701 15029 I bauth_FPBAuthService: FPBAuthService, 11756
08-31 19:50:20.722 14809 17480 D InputDispatcher: Inject motion (19225): action=0x1, time=702374785000000, f=0x0, d=0
08-31 19:50:20.725 14809 14940 I InputDispatcher: Delivering touch to (19225): action: 0x1, f=0x0, d=0, '23b4667', t=1
08-31 19:50:20.726 19225 19225 I ViewRootImpl@52102dc[MainActivity]: ViewPostIme pointer 1
08-31 19:50:20.729 15577 15577 W TouchInteractionService: reset
08-31 19:50:20.730 14809 14826 I GestureDetector: obtain mCurrentMotionEventRaw. action: 1 id: -894274584
08-31 19:50:20.731 14809 14826 I GestureDetector: obtain mCurrentMotionEventRaw. action: 1 id: -894274584
08-31 19:50:20.980 14809 15035 D SemNscXgbMsL1: Probability - Cloud gaming: [0.024334107]
08-31 19:50:20.982 14809 15035 D SemNscXgbMsL1: Probability - Real time: [0.058270253]
08-31 19:50:20.983 14809 15035 D SemNscXgbMsL1: Probability - Non real time: [0.86853445]
08-31 19:50:20.984 14809 15035 D SemNscXgbMsL1: 1 sample inference time: 3.388808 msecs
08-31 19:50:20.984 14809 14826 I GestureDetector: handleMessage TAP
08-31 19:50:20.986 14809 14809 I GestureDetector: handleMessage TAP
08-31 19:50:20.987 14809 15035 D SemNscXgbL2Rt: L2 RT 1 sample inference time: 3.616616 msecs
08-31 19:50:20.989 14809 15035 D SemNscXgbL2Nrt: L2 NRT 1 sample inference time: 0.988808 msecs
08-31 19:50:21.138 19225 19225 I ViewInteraction: Performing 'single click' action on view view.getId() is <2131230842/com.example.lunchtray:id/cancel_button>
08-31 19:50:21.145 14809 17480 D InputDispatcher: Inject motion (19225): action=0x0, time=702375208000000, f=0x0, d=0
08-31 19:50:21.145 14809 14940 I InputDispatcher: Delivering touch to (15119): action: 0x4, f=0x0, d=0, 'a8b9824', t=0
08-31 19:50:21.145 14809 14940 I InputDispatcher: Delivering touch to (19225): action: 0x0, f=0x0, d=0, '23b4667', t=0
08-31 19:50:21.146 19225 19225 I ViewRootImpl@52102dc[MainActivity]: ViewPostIme pointer 0
08-31 19:50:21.147 15577 15577 W TouchInteractionService: onInputEvent, inputConsumer = com.android.quickstep.-$$Lambda$InputConsumer$cayMJybMMyH-XvJ76yEWjWeqQUo@78d20fe
08-31 19:50:21.151 14809 14826 I GestureDetector: obtain mCurrentDownEvent. id: -399277731 caller: com.android.server.wm.SystemGesturesPointerEventListener.onPointerEvent:179 com.android.server.wm.PointerEventDispatcher.onInputEvent:71 android.view.InputEventReceiver.dispatchInputEvent:259
08-31 19:50:21.152 14809 14826 I GestureDetector: obtain mCurrentDownEvent. id: -399277731 caller: com.android.server.wm.SystemPerformancePointerEventListener.onPointerEvent:89 com.android.server.wm.PointerEventDispatcher.onInputEvent:71 android.view.InputEventReceiver.dispatchInputEvent:259
08-31 19:50:21.169 14617 19289 I HYPER-HAL: [RequestManager.cpp]releaseLocked(): Released ID : 138436496
08-31 19:50:21.187 14809 17480 D InputDispatcher: Inject motion (19225): action=0x1, time=702375250000000, f=0x0, d=0
08-31 19:50:21.188 14809 14940 I InputDispatcher: Delivering touch to (19225): action: 0x1, f=0x0, d=0, '23b4667', t=1
08-31 19:50:21.189 15577 15577 W TouchInteractionService: reset
08-31 19:50:21.189 19225 19225 I ViewRootImpl@52102dc[MainActivity]: ViewPostIme pointer 1
08-31 19:50:21.196 14809 14826 I GestureDetector: obtain mCurrentMotionEventRaw. action: 1 id: -708791748
08-31 19:50:21.198 14809 14826 I GestureDetector: obtain mCurrentMotionEventRaw. action: 1 id: -708791748
08-31 19:50:21.209 16623 16949 E libperflog: [LIBPERFLOG] socket_local_client fail = -1
08-31 19:50:21.317 14809 17482 V WindowManager: Relayout Window{23b4667 u0 com.example.lunchtray/com.example.lunchtray.MainActivity}: viewVisibility=0 req=1080x2408 d0
08-31 19:50:21.322 14809 17482 V WindowManager: Relayout hash=23b4667, pid=19225: mAttrs={(0,0)(fillxfill) sim={adjust=pan} ty=BASE_APPLICATION wanim=0x1030303
08-31 19:50:21.322 14809 17482 V WindowManager:   fl=81810100
08-31 19:50:21.322 14809 17482 V WindowManager:   pfl=12020040
08-31 19:50:21.322 14809 17482 V WindowManager:   bhv=DEFAULT
08-31 19:50:21.322 14809 17482 V WindowManager:   fitSides= naviIconColor=0}
08-31 19:50:21.328 19225 19225 I ViewRootImpl@52102dc[MainActivity]: Relayout returned: old=(0,0,1080,2408) new=(0,0,1080,2408) req=(1080,2408)0 dur=10 res=0x1 s={true 4004536320} ch=false fn=129
08-31 19:50:21.452 14809 14826 I GestureDetector: handleMessage TAP
08-31 19:50:21.452 14809 14809 I GestureDetector: handleMessage TAP
08-31 19:50:21.491 14809 15035 D SemNscXgbMsL1: Probability - Cloud gaming: [0.015434446]
08-31 19:50:21.491 14809 15035 D SemNscXgbMsL1: Probability - Real time: [0.020297904]
08-31 19:50:21.492 14809 15035 D SemNscXgbMsL1: Probability - Non real time: [0.8916151]
08-31 19:50:21.492 14809 15035 D SemNscXgbMsL1: 1 sample inference time: 1.222807 msecs
08-31 19:50:21.493 14809 15035 D SemNscXgbL2Rt: L2 RT 1 sample inference time: 1.079577 msecs
08-31 19:50:21.494 14809 15035 D SemNscXgbL2Nrt: L2 NRT 1 sample inference time: 0.847346 msecs
08-31 19:50:21.573 19225 19225 I ViewInteraction: Performing 'single click' action on view view.getId() is <2131231208/com.example.lunchtray:id/start_order_btn>
08-31 19:50:21.579 14809 17482 D InputDispatcher: Inject motion (19225): action=0x0, time=702375641000000, f=0x0, d=0
08-31 19:50:21.580 14809 14940 I InputDispatcher: Delivering touch to (15119): action: 0x4, f=0x0, d=0, 'a8b9824', t=0
08-31 19:50:21.580 14809 14940 I InputDispatcher: Delivering touch to (19225): action: 0x0, f=0x0, d=0, '23b4667', t=0
08-31 19:50:21.581 15577 15577 W TouchInteractionService: onInputEvent, inputConsumer = com.android.quickstep.-$$Lambda$InputConsumer$cayMJybMMyH-XvJ76yEWjWeqQUo@78d20fe
08-31 19:50:21.582 14809 14826 I GestureDetector: obtain mCurrentDownEvent. id: -1043732328 caller: com.android.server.wm.SystemGesturesPointerEventListener.onPointerEvent:179 com.android.server.wm.PointerEventDispatcher.onInputEvent:71 android.view.InputEventReceiver.dispatchInputEvent:259
08-31 19:50:21.582 19225 19225 I ViewRootImpl@52102dc[MainActivity]: ViewPostIme pointer 0
08-31 19:50:21.582 14809 14826 I GestureDetector: obtain mCurrentDownEvent. id: -1043732328 caller: com.android.server.wm.SystemPerformancePointerEventListener.onPointerEvent:89 com.android.server.wm.PointerEventDispatcher.onInputEvent:71 android.view.InputEventReceiver.dispatchInputEvent:259
08-31 19:50:21.621 14809 17482 D InputDispatcher: Inject motion (19225): action=0x1, time=702375684000000, f=0x0, d=0
08-31 19:50:21.621 14809 14940 I InputDispatcher: Delivering touch to (19225): action: 0x1, f=0x0, d=0, '23b4667', t=1
08-31 19:50:21.622 15577 15577 W TouchInteractionService: reset
08-31 19:50:21.624 19225 19225 I ViewRootImpl@52102dc[MainActivity]: ViewPostIme pointer 1
08-31 19:50:21.628 14809 14826 I GestureDetector: obtain mCurrentMotionEventRaw. action: 1 id: -880846049
08-31 19:50:21.629 14809 14826 I GestureDetector: obtain mCurrentMotionEventRaw. action: 1 id: -880846049
08-31 19:50:21.662 19225 19225 D ScrollView: initGoToTop
08-31 19:50:21.702 14701 15029 I bauth_FPBAuthService: pcf : 0x1012, 0 ,2 ,0 ,0 ,0 ,2, 0.0.0.0
08-31 19:50:21.702 14701 15029 I bauth_FPBAuthService: thread id : 2, preenroll_flag : 0, nd cnt : 1, cso : 3, et : 0
08-31 19:50:21.704 14701 15029 I bauth_FPBAuthService: FPBAuthService, 11756
08-31 19:50:21.869 14809 17482 V WindowManager: Relayout Window{23b4667 u0 com.example.lunchtray/com.example.lunchtray.MainActivity}: viewVisibility=0 req=1080x2408 d0
08-31 19:50:21.873 14809 17482 V WindowManager: Relayout hash=23b4667, pid=19225: mAttrs={(0,0)(fillxfill) sim={adjust=resize} ty=BASE_APPLICATION wanim=0x1030303
08-31 19:50:21.873 14809 17482 V WindowManager:   fl=81810100
08-31 19:50:21.873 14809 17482 V WindowManager:   pfl=12020040
08-31 19:50:21.873 14809 17482 V WindowManager:   bhv=DEFAULT
08-31 19:50:21.873 14809 17482 V WindowManager:   fitSides= naviIconColor=0}
08-31 19:50:21.878 19225 19225 I ViewRootImpl@52102dc[MainActivity]: Relayout returned: old=(0,0,1080,2408) new=(0,0,1080,2408) req=(1080,2408)0 dur=9 res=0x1 s={true 4004536320} ch=false fn=146
08-31 19:50:21.881 14809 14826 I GestureDetector: handleMessage TAP
08-31 19:50:21.882 19225 19225 D ScrollView:  onsize change changed
08-31 19:50:21.882 14809 14809 I GestureDetector: handleMessage TAP
08-31 19:50:21.997 14809 15035 D SemNscXgbMsL1: Probability - Cloud gaming: [0.019194491]
08-31 19:50:21.998 14809 15035 D SemNscXgbMsL1: Probability - Real time: [0.011610121]
08-31 19:50:21.998 14809 15035 D SemNscXgbMsL1: Probability - Non real time: [0.9050298]
08-31 19:50:21.998 14809 15035 D SemNscXgbMsL1: 1 sample inference time: 1.541731 msecs
08-31 19:50:22.000 14809 15035 D SemNscXgbL2Rt: L2 RT 1 sample inference time: 1.893577 msecs
08-31 19:50:22.002 14809 15035 D SemNscXgbL2Nrt: L2 NRT 1 sample inference time: 1.375808 msecs
08-31 19:50:22.010 14809 14829 W system_server: Long monitor contention with owner pm.handler2 (14872) at void com.android.server.pm.PackageManagerService$PackageManagerInternalImpl.forEachPackageSetting(java.util.function.Consumer)(PackageManagerService.java:33965) waiters=0 in android.content.pm.ApplicationInfo com.android.server.pm.PackageManagerService$ComputerLocked.getApplicationInfoInternalBody(java.lang.String, int, int, int) for 137ms
08-31 19:50:22.209 19225 19225 I ViewInteraction: Checking 'MatchesViewAssertion{viewMatcher=(view has effective visibility <VISIBLE> and view.getGlobalVisibleRect() to return non-empty rectangle)}' assertion on view an instance of android.widget.TextView and view.getText() with or without transformation to match: is "Subtotal: $0.00"
08-31 19:50:22.209 19225 19225 E ViewAssertions: '(view has effective visibility <VISIBLE> and view.getGlobalVisibleRect() to return non-empty rectangle)' check could not be performed because view 'an instance of android.widget.TextView and view.getText() with or without transformation to match: is "Subtotal: $0.00"' was not found.
08-31 19:50:22.212 19225 19284 E TestRunner: failed: order_reset_after_cancel_from_accompaniment_menu(com.example.lunchtray.OrderFunctionalityTests)
08-31 19:50:22.213 19225 19284 E TestRunner: ----- begin exception -----
08-31 19:50:22.219 19225 19284 E TestRunner: androidx.test.espresso.NoMatchingViewException: No views in hierarchy found matching: an instance of android.widget.TextView and view.getText() with or without transformation to match: is "Subtotal: $0.00"
08-31 19:50:22.219 19225 19284 E TestRunner:
08-31 19:50:22.219 19225 19284 E TestRunner: View Hierarchy:
08-31 19:50:22.219 19225 19284 E TestRunner: +>DecorView{id=-1, visibility=VISIBLE, width=1080, height=2408, has-focus=false, has-focusable=true, has-window-focus=true, is-clickable=false, is-enabled=true, is-focused=false, is-focusable=false, is-layout-requested=false, is-selected=false, layout-params={(0,0)(fillxfill) ty=BASE_APPLICATION wanim=0x1030303
08-31 19:50:22.219 19225 19284 E TestRunner:   fl=81810100
08-31 19:50:22.219 19225 19284 E TestRunner:   pfl=10020040
08-31 19:50:22.219 19225 19284 E TestRunner:   bhv=DEFAULT
08-31 19:50:22.219 19225 19284 E TestRunner:   fitSides= naviIconColor=0}, tag=null, root-is-layout-requested=false, has-input-connection=false, x=0.0, y=0.0, child-count=3}
08-31 19:50:22.219 19225 19284 E TestRunner: |
08-31 19:50:22.219 19225 19284 E TestRunner: +->LinearLayout{id=-1, visibility=VISIBLE, width=1080, height=2366, has-focus=false, has-focusable=true, has-window-focus=true, is-clickable=false, is-enabled=true, is-focused=false, is-focusable=false, is-layout-requested=false, is-selected=false, layout-params=android.widget.FrameLayout$LayoutParams@1f208be, tag=null, root-is-layout-requested=false, has-input-connection=false, x=0.0, y=0.0, child-count=2}
08-31 19:50:22.219 19225 19284 E TestRunner: |
08-31 19:50:22.219 19225 19284 E TestRunner: +-->ViewStub{id=16908722, res-name=action_mode_bar_stub, visibility=GONE, width=0, height=0, has-focus=false, has-focusable=false, has-window-focus=true, is-clickable=false, is-enabled=true, is-focused=false, is-focusable=false, is-layout-requested=true, is-selected=false, layout-params=android.widget.LinearLayout$LayoutParams@3abcd1f, tag=null, root-is-layout-requested=false, has-input-connection=false, x=0.0, y=0.0}
08-31 19:50:22.219 19225 19284 E TestRunner: |
08-31 19:50:22.219 19225 19284 E TestRunner: +-->FrameLayout{id=-1, visibility=VISIBLE, width=1080, height=2300, has-focus=false, has-focusable=true, has-window-focus=true, is-clickable=false, is-enabled=true, is-focused=false, is-focusable=false, is-layout-requested=false, is-selected=false, layout-params=android.widget.LinearLayout$LayoutParams@a55de35, tag=null, root-is-layout-requested=false, has-input-connection=false, x=0.0, y=66.0, child-count=1}
08-31 19:50:22.219 19225 19284 E TestRunner: |
08-31 19:50:22.219 19225 19284 E TestRunner: +--->ActionBarOverlayLayout{id=2131230893, res-name=decor_content_parent, visibility=VISIBLE, width=1080, height=2300, has-focus=false, has-focusable=true, has-window-focus=true, is-clickable=false, is-enabled=true, is-focused=false, is-focusable=false, is-layout-requested=false, is-selected=false, layout-params=android.widget.FrameLayout$LayoutParams@4ca2f58, tag=null, root-is-layout-requested=false, has-input-connection=false, x=0.0, y=0.0, child-count=2}
08-31 19:50:22.219 19225 19284 E TestRunner: |
08-31 19:50:22.219 19225 19284 E TestRunner: +---->ContentFrameLayout{id=16908290, res-name=content, visibility=VISIBLE, width=1080, height=2142, has-focus=false, has-focusable=true, has-window-focus=true, is-clickable=false, is-enabled=true, is-focused=false, is-focusable=false, is-layout-requested=false, is-selected=false, layout-params=androidx.appcompat.widget.ActionBarOverlayLayout$LayoutParams@f47196, tag=null, root-is-layout-requested=false, has-input-connection=false, x=0.0, y=158.0, child-count=1}
08-31 19:50:22.219 19225 19284 E TestRunner: |
08-31 19:50:22.219 19225 19284 E TestRunner: +----->ConstraintLayout{id=2131230877, res-name=container, visibility=VISIBLE, width=1080, height=2142, has-focus=false, has-focusable=true, has-window-focus=true, is-clickable=false, is-enabled=true, is-focused=false, is-focusable=false, is-layout-requested=false, is-selected=false, layout-params=android.widget.FrameLayout$LayoutParams@15ee904, tag=null, root-is-layout-requested=false, has-input-connection=false, x=0.0, y=0.0, child-count=1}
08-31 19:50:22.219 19225 19284 E TestRunner: |
08-31 19:50:22.219 19225 19284 E TestRunner: +------>FragmentContainerView{id=2131231069, res-name=nav_host_fragment, visibility=VISIBLE, width=1080, height=2142, has-focus=false, has-focusable=true, has-window-focus=true, is-clickable=false, is-enabled=true, is-focused=false, is-focusable=false, is-layout-requested=false, is-selected=false, layout-params=androidx.constraintlayout.widget.ConstraintLayout$LayoutParams@87e1122, tag=null, root-is-layout-requested=false, has-input-connection=false, x=0.0, y=0.0, child-count=1}
08-31 19:50:22.219 19225 19284 E TestRunner: |
08-31 19:50:22.219 19225 19284 E TestRunner: +------->FragmentContainerView{id=2131231069, res-name=nav_host_fragment, visibility=VISIBLE, width=1080, height=2142, has-focus=false, has-focusable=true, has-window-focus=true, is-clickable=false, is-enabled=true, is-focused=false, is-focusable=false, is-layout-requested=false, is-selected=false, layout-params=android.widget.FrameLayout$LayoutParams@1639170, tag=null, root-is-layout-requested=false, has-input-connection=false, x=0.0, y=0.0, child-count=1}
08-31 19:50:22.219 19225 19284 E TestRunner: |
08-31 19:50:22.219 19225 19284 E TestRunner: +-------->ScrollView{id=-1, visibility=VISIBLE, width=1080, height=1560, has-focus=false, has-focusable=true, has-window-focus=true, is-clickable=false, is-enabled=true, is-focused=false, is-focusable=true, is-layout-requested=false, is-selected=false, layout-params=android.widget.FrameLayout$LayoutParams@4101d6e, tag=null, root-is-layout-requested=false, has-input-connection=false, x=0.0, y=0.0, child-count=1}
08-31 19:50:22.219 19225 19284 E TestRunner: |
08-31 19:50:22.219 19225 19284 E TestRunner: +--------->ConstraintLayout{id=-1, visibility=VISIBLE, width=1080, height=1560, has-focus=false, has-focusable=true, has-window-focus=true, is-clickable=false, is-enabled=true, is-focused=false, is-focusable=false, is-layout-requested=false, is-selected=false, layout-params=android.widget.FrameLayout$LayoutParams@4541e88, tag=null, root-is-layout-requested=false, has-input-connection=false, x=0.0, y=0.0, child-count=5}
08-31 19:50:22.219 19225 19284 E TestRunner: |
08-31 19:50:22.219 19225 19284 E TestRunner: +---------->RadioGroup{id=2131230936, res-name=entree_options, visibility=VISIBLE, width=990, height=1209, has-focus=false, has-focusable=true, has-window-focus=true, is-clickable=false, is-enabled=true, is-focused=false, is-focusable=false, is-layout-requested=false, is-selected=false, layout-params=androidx.constraintlayout.widget.ConstraintLayout$LayoutParams@39039b8, tag=null, root-is-layout-requested=false, has-input-connection=false, x=45.0, y=0.0, child-count=15}
08-31 19:50:22.219 19225 19284 E TestRunner: |
08-31 19:50:22.219 19225 19284 E TestRunner: +----------->MaterialRadioButton{id=2131230844, res-name=cauliflower, visibility=VISIBLE, width=313, height=135, has-focus=false, has-focusable=true, has-window-focus=true, is-clickable=true, is-enabled=true, is-focused=false, is-focusable=true, is-layout-requested=false, is-selected=false, layout-params=android.widget.RadioGroup$LayoutParams@24ed391, tag=null, root-is-layout-requested=false, has-input-connection=false, x=0.0, y=0.0, text=Cauliflower, input-type=0, ime-target=false, has-links=false, is-checked=false}
08-31 19:50:22.219 19225 19284 E TestRunner: |
08-31 19:50:22.219 19225 19284 E TestRunner: +----------->MaterialTextView{id=2131230845, res-name=cauliflower_description, visibility=VISIBLE, width=844, height=47, has-focus=false, has-focusable=false, has-window-focus=true, is-clickable=false, is-enabled=true, is-focused=false, is-focusable=false, is-layout-requested=false, is-selected=false, layout-params=android.widget.RadioGroup$LayoutParams@32c72f6, tag=null, root-is-layout-requested=false, has-input-connection=false, x=0.0, y=135.0, text=Whole cauliflower, brined, roasted, and deep fried, input-type=0, ime-target=false, has-links=false}
08-31 19:50:22.219 19225 19284 E TestRunner: |
08-31 19:50:22.219 19225 19284 E TestRunner: +----------->MaterialTextView{id=2131230846, res-name=cauliflower_price, visibility=VISIBLE, width=136, height=70, has-focus=false, has-focusable=false, has-window-focus=true, is-clickable=false, is-enabled=true, is-focused=false, is-focusable=false, is-layout-requested=false, is-selected=false, layout-params=android.widget.RadioGroup$LayoutParams@53816f7, tag=null, root-is-layout-requested=false, has-input-connection=false, x=0.0, y=182.0, text=7.00, input-type=0, ime-target=false, has-links=false}
08-31 19:50:22.219 19225 19284 E TestRunner: |
08-31 19:50:22.219 19225 19284 E TestRunner: +----------->View{id=-1, visibility=VISIBLE, width=990, height=3, has-focus=false, has-focusable=false, has-window-focus=true, is-clickable=false, is-enabled=true, is-focused=false, is-focusable=false, is-layout-requested=false, is-selected=false, layout-params=android.widget.RadioGroup$LayoutParams@9eb3964, tag=null, root-is-layout-requested=false, has-input-connection=false, x=0.0, y=275.0}
08-31 19:50:22.219 19225 19284 E TestRunner: |
08-31 19:50:22.219 19225 19284 E TestRunner: +----------->MaterialRadioButton{id=2131230858, res-name=chili, visibility=VISIBLE, width=406, height=135, has-focus=false, has-focusable=true, has-window-focus=true, is-clickable=true, is-enabled=true, is-focused=false, is-focusable=true, is-layout-requested=false, is-selected=false, layout-params=android.widget.RadioGroup$LayoutParams@bfc17cd, tag=null, root-is-layout-requested=false, has-input-connection=false, x=0.0, y=278.0, text=Three Bean Chili, input-type=0, ime-target=false, has-links=false, is-checked=false}
08-31 19:50:22.219 19225 19284 E TestRunner: |
08-31 19:50:22.219 19225 19284 E TestRunner: +----------->MaterialTextView{id=2131230859, res-name=chili_description, visibility=VISIBLE, width=990, height=88, has-focus=false, has-focusable=false, has-window-focus=true, is-clickable=false, is-enabled=true, is-focused=false, is-focusable=false, is-layout-requested=false, is-selected=false, layout-params=android.widget.RadioGroup$LayoutParams@f24c882, tag=null, root-is-layout-requested=false, has-input-connection=false, x=0.0, y=413.0, text=Black beans, red beans, kidney beans, slow cooked, topped with onion, input-type=0, ime-target=false, has-links=false}
08-31 19:50:22.219 19225 19284 E TestRunner: |
08-31 19:50:22.219 19225 19284 E TestRunner: +----------->MaterialTextView{id=2131230860, res-name=chili_price, visibility=VISIBLE, width=136, height=70, has-focus=false, has-focusable=false, has-window-focus=true, is-clickable=false, is-enabled=true, is-focused=false, is-focusable=false, is-layout-requested=false, is-selected=false, layout-params=android.widget.RadioGroup$LayoutParams@e4d2b93, tag=null, root-is-layout-requested=false, has-input-connection=false, x=0.0, y=501.0, text=4.00, input-type=0, ime-target=false, has-links=false}
08-31 19:50:22.219 19225 19284 E TestRunner: |
08-31 19:50:22.219 19225 19284 E TestRunner: +----------->View{id=-1, visibility=VISIBLE, width=990, height=3, has-focus=false, has-focusable=false, has-window-focus=true, is-clickable=false, is-enabled=true, is-focused=false, is-focusable=false, is-layout-requested=false, is-selected=false, layout-params=android.widget.RadioGroup$LayoutParams@d487d0, tag=null, root-is-layout-requested=false, has-input-connection=false, x=0.0, y=594.0}
08-31 19:50:22.219 19225 19284 E TestRunner: |
08-31 19:50:22.219 19225 19284 E TestRunner: +----------->MaterialRadioButton{id=2131231106, res-name=pasta, visibility=VISIBLE, width=410, height=135, has-focus=false, has-focusable=true, has-window-focus=true, is-clickable=true, is-enabled=true, is-focused=false, is-focusable=true, is-layout-requested=false, is-selected=false, layout-params=android.widget.RadioGroup$LayoutParams@6bf63c9, tag=null, root-is-layout-requested=false, has-input-connection=false, x=0.0, y=597.0, text=Mushroom Pasta, input-type=0, ime-target=false, has-links=false, is-checked=false}
08-31 19:50:22.219 19225 19284 E TestRunner: |
08-31 19:50:22.219 19225 19284 E TestRunner: +----------->MaterialTextView{id=2131231107, res-name=pasta_description, visibility=VISIBLE, width=990, height=88, has-focus=false, has-focusable=false, has-window-focus=true, is-clickable=false, is-enabled=true, is-focused=false, is-focusable=false, is-layout-requested=false, is-selected=false, layout-params=android.widget.RadioGroup$LayoutParams@65aeace, tag=null, root-is-layout-requested=false, has-input-connection=false, x=0.0, y=732.0, text=Penne pasta, mushrooms, basil, with plum tomatoes cooked in garlic and olive oil, input-type=0, ime-target=false, has-links=false}
08-31 19:50:22.219 19225 19284 E TestRunner: |
08-31 19:50:22.219 19225 19284 E TestRunner: +----------->MaterialTextView{id=2131231108, res-name=pasta_price, visibility=VISIBLE, width=136, height=70, has-focus=false, has-focusable=false, has-window-focus=true, is-clickable=false, is-enabled=true, is-focused=false, is-focusable=false, is-layout-requested=false, is-selected=false, layout-params=android.widget.RadioGroup$LayoutParams@194edef, tag=null, root-is-layout-requested=false, has-input-connection=false, x=0.0, y=820.0, text=5.50, input-type=0, ime-target=false, has-links=false}
08-31 19:50:22.219 19225 19284 E TestRunner: |
08-31 19:50:22.219 19225 19284 E TestRunner: +----------->View{id=-1, visibility=VISIBLE, width=990, height=3, has-focus=false, has-focusable=false, has-window-focus=true, is-clickable=false, is-enabled=true, is-focused=false, is-focusable=false, is-layout-requested=false, is-selected=false, layout-params=android.widget.RadioGroup$LayoutParams@2c250fc, tag=null, root-is-layout-requested=false, has-input-connection=false, x=0.0, y=913.0}
08-31 19:50:22.219 19225 19284 E TestRunner: |
08-31 19:50:22.219 19225 19284 E TestRunner: +----------->MaterialRadioButton{id=2131231175, res-name=skillet, visibility=VISIBLE, width=552, height=135, has-focus=false, has-focusable=true, has-window-focus=true, is-clickable=true, is-enabled=true, is-focused=false, is-focusable=true, is-layout-requested=false, is-selected=false, layout-params=android.widget.RadioGroup$LayoutParams@517385, tag=null, root-is-layout-requested=false, has-input-connection=false, x=0.0, y=916.0, text=Spicy Black Bean Skillet, input-type=0, ime-target=false, has-links=false, is-checked=false}
08-31 19:50:22.219 19225 19284 E TestRunner: |
08-31 19:50:22.219 19225 19284 E TestRunner: +----------->MaterialTextView{id=2131231176, res-name=skillet_description, visibility=VISIBLE, width=990, height=88, has-focus=false, has-focusable=false, has-window-focus=true, is-clickable=false, is-enabled=true, is-focused=false, is-focusable=false, is-layout-requested=false, is-selected=false, layout-params=android.widget.RadioGroup$LayoutParams@1bee5da, tag=null, root-is-layout-requested=false, has-input-connection=false, x=0.0, y=1051.0, text=Seasonal vegetables, black beans, house spice blend, served with avocado and quick pickled onions, input-type=0, ime-target=false, has-links=false}
08-31 19:50:22.219 19225 19284 E TestRunner: |
08-31 19:50:22.219 19225 19284 E TestRunner: +----------->MaterialTextView{id=2131231177, res-name=skillet_price, visibility=VISIBLE, width=136, height=70, has-focus=false, has-focusable=false, has-window-focus=true, is-clickable=false, is-enabled=true, is-focused=false, is-focusable=false, is-layout-requested=false, is-selected=false, layout-params=android.widget.RadioGroup$LayoutParams@8ec7a0b, tag=null, root-is-layout-requested=false, has-input-connection=false, x=0.0, y=1139.0, text=5.50, input-type=0, ime-target=false, has-links=false}
08-31 19:50:22.219 19225 19284 E TestRunner: |
08-31 19:50:22.219 19225 19284 E TestRunner: +---------->View{id=2131230910, res-name=divider, visibility=VISIBLE, width=990, height=3, has-focus=false, has-focusable=false, has-window-focus=true, is-clickable=false, is-enabled=true, is-focused=false, is-focusable=false, is-layout-requested=false, is-selected=false, layout-params=androidx.constraintlayout.widget.ConstraintLayout$LayoutParams@96180e8, tag=null, root-is-layout-requested=false, has-input-connection=false, x=45.0, y=1232.0}
08-31 19:50:22.219 19225 19284 E TestRunner: |
