08-31 19:50:30.177 19225 19225 V ActivityScenario: Activity lifecycle changed event received but ignored because the intent does not match. startActivityIntent=Intent { act=android.intent.action.MAIN cat=[android.intent.category.LAUNCHER] cmp=com.example.lunchtray/.MainActivity }, activity.getIntent()=Intent { act=android.intent.action.MAIN cat=[android.intent.category.LAUNCHER] flg=0x10008000 cmp=com.example.lunchtray/androidx.test.core.app.InstrumentationActivityInvoker$BootstrapActivity (has extras) }, activity=androidx.test.core.app.InstrumentationActivityInvoker$BootstrapActivity@d01ea44
08-31 19:50:30.177 21002 21002 I HBD     : h load selected json path : /data/user/0/com.samsung.android.honeyboard/files/selected.json
08-31 19:50:30.178 21002 21002 I HBD     : h load selected json info : {"version":"4.1","currentLanguageOrder":0,"selected":[{"activeOptionList":["auto_spacing"],"engName":"English(India)","id":65555,"inputType":"qwerty","isUsed":true}]}
08-31 19:50:30.179 21002 21002 I HBD     : a [UpdatePolicy] [post] a: 0 cl: 65555 kit: [0/0] vt: 0 ir: 1
08-31 19:50:30.179 19225 19225 V ActivityScenario: Activity lifecycle changed event received but ignored because the intent does not match. startActivityIntent=Intent { act=android.intent.action.MAIN cat=[android.intent.category.LAUNCHER] cmp=com.example.lunchtray/.MainActivity }, activity.getIntent()=Intent { act=android.intent.action.MAIN cat=[android.intent.category.LAUNCHER] flg=0x10008000 cmp=com.example.lunchtray/androidx.test.core.app.InstrumentationActivityInvoker$BootstrapActivity (has extras) }, activity=androidx.test.core.app.InstrumentationActivityInvoker$BootstrapActivity@d01ea44
08-31 19:50:30.181 21002 21002 I HBD     : HoneyBoardService [PF_OP][onStartInput]  11750808 ns
08-31 19:50:30.185 14809 15286 D InputMethodManagerServicePhysicalKey: isConnectedDexOnPC false
08-31 19:50:30.186 14809 15286 D InputMethodManagerService: isImeSwitcherDisabledPackage : false
08-31 19:50:30.187   634   634 I Layer   : id=151840 removeFromCurrentState Surface(name=4ce6435 InputMethod)/@0x855123b - animation-leash of insets_animation#1 (124)
08-31 19:50:30.187   634   634 I Layer   : id=151831 removeFromCurrentState com.sec.android.app.launcher/com.sec.android.app.launcher.activities.LauncherActivity$_7302#0 (124)
08-31 19:50:30.188   634   634 I Layer   : id=151832 removeFromCurrentState com.sec.android.app.launcher/com.sec.android.app.launcher.activities.LauncherActivity$_15577#0 (124)
08-31 19:50:30.188   634   634 I Layer   : id=151835 removeFromCurrentState OneUiHome-BlurLayer#0 (124)
08-31 19:50:30.188   634   634 I SurfaceFlinger: id=151831 Removed com.sec.android.app.launcher/com.sec.android.app.launcher.activities.LauncherActivity$_7302#0 (124)
08-31 19:50:30.188   634   634 I SurfaceFlinger: id=151840 Removed Surface(name=4ce6435 InputMethod)/@0x855123b - animation-leash of insets_animation#1 (124)
08-31 19:50:30.188 15119 15827 I ViewRootImpl@8605419[lunchtray]: mWNT: t = android.view.SurfaceControl$Transaction@89669b6 fN = 4 android.view.SyncRtSurfaceTransactionApplier.applyTransaction:94 android.view.SyncRtSurfaceTransactionApplier.lambda$scheduleApply$0$SyncRtSurfaceTransactionApplier:71 android.view.SyncRtSurfaceTransactionApplier$$ExternalSyntheticLambda0.onFrameDraw:4
08-31 19:50:30.188 15119 15827 I ViewRootImpl@8605419[lunchtray]: mWNT: merge t to BBQ
08-31 19:50:30.188   634   634 I Layer   : id=151831 Destroyed com.sec.android.app.launcher/com.sec.android.app.launcher.activities.LauncherActivity$_7302#0
08-31 19:50:30.188   634   634 I Layer   : id=151840 Destroyed Surface(name=4ce6435 InputMethod)/@0x855123b - animation-leash of insets_animation#1
08-31 19:50:30.190 19225 19225 I ViewInteraction: Performing 'single click' action on view view.getId() is <2131231208/com.example.lunchtray:id/start_order_btn>
08-31 19:50:30.197  9116  9116 I GsaVoiceInteractionSrv: Handling ACTION_STOP_HOTWORD
08-31 19:50:30.198  9116  9219 I HwDetectorWithState: (REDACTED) a: %d
08-31 19:50:30.199 14809 15283 D InputDispatcher: Inject motion (19225): action=0x0, time=702384258000000, f=0x0, d=0
08-31 19:50:30.199   634  1925 I SurfaceFlinger: id=151832 Removed com.sec.android.app.launcher/com.sec.android.app.launcher.activities.LauncherActivity$_15577#0 (122)
08-31 19:50:30.199 14809 14940 I InputDispatcher: Delivering touch to (15119): action: 0x4, f=0x0, d=0, 'a8b9824', t=0
08-31 19:50:30.199 14809 14940 I InputDispatcher: Delivering touch to (19225): action: 0x0, f=0x0, d=0, '6c4259 ', t=0 +(0,-12)
08-31 19:50:30.200 14809 14826 I GestureDetector: obtain mCurrentDownEvent. id: -671293962 caller: com.android.server.wm.SystemGesturesPointerEventListener.onPointerEvent:179 com.android.server.wm.PointerEventDispatcher.onInputEvent:71 android.view.InputEventReceiver.dispatchInputEvent:259
08-31 19:50:30.200 19225 19225 I ViewRootImpl@2decce[MainActivity]: ViewPostIme pointer 0
08-31 19:50:30.200 14809 14826 I GestureDetector: obtain mCurrentDownEvent. id: -671293962 caller: com.android.server.wm.SystemPerformancePointerEventListener.onPointerEvent:89 com.android.server.wm.PointerEventDispatcher.onInputEvent:71 android.view.InputEventReceiver.dispatchInputEvent:259
08-31 19:50:30.203 15577 15577 W TouchInteractionService: onInputEvent, inputConsumer = com.android.quickstep.-$$Lambda$InputConsumer$cayMJybMMyH-XvJ76yEWjWeqQUo@78d20fe
08-31 19:50:30.204   634   634 I Layer   : id=151832 Destroyed com.sec.android.app.launcher/com.sec.android.app.launcher.activities.LauncherActivity$_15577#0
08-31 19:50:30.204   634   634 I Layer   : id=151835 Destroyed OneUiHome-BlurLayer#0
08-31 19:50:30.205 15119 15309 D OpenGLRenderer: setSurface called with nullptr
08-31 19:50:30.205 15119 15309 D OpenGLRenderer: setSurface() destroyed EGLSurface
08-31 19:50:30.205 15119 15309 D OpenGLRenderer: destroyEglSurface
08-31 19:50:30.207 14809 16441 V WindowManager: Relayout Window{1ce52e6 u0 Splash Screen com.example.lunchtray}: viewVisibility=8 req=1080x2408 d0
08-31 19:50:30.209   634   661 I SurfaceFlinger: id=151857 createSurf (0x0),-1 flag=24000, Surface(name=1ce52e6 Splash Screen com.example.lunchtray)/@0x84a6e88 - animation-leash of window_animation#0
08-31 19:50:30.215 14809 16441 V WindowManager: Relayout hash=1ce52e6, pid=15119: mAttrs={(0,0)(fillxfill) sim={adjust=pan} ty=APPLICATION_STARTING fmt=TRANSLUCENT wanim=0x1030001
08-31 19:50:30.215 14809 16441 V WindowManager:   fl=81030118
08-31 19:50:30.215 14809 16441 V WindowManager:   pfl=36000010
08-31 19:50:30.215 14809 16441 V WindowManager:   bhv=DEFAULT
08-31 19:50:30.215 14809 16441 V WindowManager:   fitSides= naviIconColor=0}
08-31 19:50:30.218 15119 15246 I ViewRootImpl@8605419[lunchtray]: Relayout returned: old=(0,0,1080,2408) new=(0,0,1080,2408) req=(1080,2408)8 dur=9 res=0x5 s={false 0} ch=true fn=5
08-31 19:50:30.219 15119 15246 I ViewRootImpl@8605419[lunchtray]: dispatchDetachedFromWindow
08-31 19:50:30.220 14809 15283 D InputTransport: Input channel destroyed: '1ce52e6', fd=833
08-31 19:50:30.220 14809 15283 W InputManager-JNI: Input channel object '1ce52e6 Splash Screen com.example.lunchtray (client)' was disposed without first being removed with the input manager!
08-31 19:50:30.220 14809 15283 D InputTransport: Input channel destroyed: '1ce52e6', fd=840
08-31 19:50:30.223 15119 15246 D InputTransport: Input channel destroyed: '1ce52e6', fd=218
08-31 19:50:30.236 14809 15286 D InputDispatcher: Inject motion (19225): action=0x1, time=702384300000000, f=0x0, d=0
08-31 19:50:30.237   634   634 I Layer   : id=151855 removeFromCurrentState Surface(name=6c4259 com.example.lunchtray/com.example.lunchtray.MainActivity)/@0xea742f6 - animation-leash of starting_reveal#0 (121)
08-31 19:50:30.238 14809 14940 I InputDispatcher: Delivering touch to (19225): action: 0x1, f=0x0, d=0, '6c4259 ', t=1 +(0,-2)
08-31 19:50:30.239 14809 14826 I GestureDetector: obtain mCurrentMotionEventRaw. action: 1 id: -266460100
08-31 19:50:30.239 19225 19225 I ViewRootImpl@2decce[MainActivity]: ViewPostIme pointer 1
08-31 19:50:30.240 14809 14826 I GestureDetector: obtain mCurrentMotionEventRaw. action: 1 id: -266460100
08-31 19:50:30.241 15577 15577 W TouchInteractionService: reset
08-31 19:50:30.264 19225 19225 D ScrollView: initGoToTop
08-31 19:50:30.303   634   634 I Layer   : id=151845 removeFromCurrentState Splash Screen com.example.lunchtray$_15119#0 (121)
08-31 19:50:30.304   634   634 I Layer   : id=151844 removeFromCurrentState 1ce52e6 Splash Screen com.example.lunchtray#0 (121)
08-31 19:50:30.304   634   634 I Layer   : id=151857 removeFromCurrentState Surface(name=1ce52e6 Splash Screen com.example.lunchtray)/@0x84a6e88 - animation-leash of window_animation#0 (121)
08-31 19:50:30.304   634   634 I SurfaceFlinger: id=151844 Removed 1ce52e6 Splash Screen com.example.lunchtray#0 (121)
08-31 19:50:30.304   634   634 I SurfaceFlinger: id=151845 Removed Splash Screen com.example.lunchtray$_15119#0 (121)
08-31 19:50:30.304   634   634 I SurfaceFlinger: id=151857 Removed Surface(name=1ce52e6 Splash Screen com.example.lunchtray)/@0x84a6e88 - animation-leash of window_animation#0 (121)
08-31 19:50:30.304   634   634 I Layer   : id=151857 Destroyed Surface(name=1ce52e6 Splash Screen com.example.lunchtray)/@0x84a6e88 - animation-leash of window_animation#0
08-31 19:50:30.304   634   634 I Layer   : id=151844 Destroyed 1ce52e6 Splash Screen com.example.lunchtray#0
08-31 19:50:30.306   634   634 I Layer   : id=151845 Destroyed Splash Screen com.example.lunchtray$_15119#0
08-31 19:50:30.314   634   634 D SurfaceFlinger: Display 4633128508267670401 HWC layers:
08-31 19:50:30.314   634   634 D SurfaceFlinger:      DEVICE | 0xeaef5480 | 0102 | RGBA_8888    |    0.0    0.0 1080.0 2408.0 |    0    0 1080 2408 | com.example.lunchtray/com.example.lunchtray.MainActivity$_19225#0
08-31 19:50:30.314   634   634 D SurfaceFlinger:      DEVICE | 0xebe30c80 | 0100 | RGBA_8888    |    0.0    0.0 1080.0   66.0 |    0    0 1080   66 | StatusBar$_15119#0
08-31 19:50:30.314   634   634 D SurfaceFlinger:      CLIENT | 0xec277300 | 0100 | RGBA_8888    |    0.0    0.0  388.0   42.0 |  692 2366 1080 2408 | SGestureOverlayWindow$_15577#0
08-31 19:50:30.314   634   634 D SurfaceFlinger:      CLIENT | 0xec97b100 | 0100 | RGBA_8888    |    0.0    0.0 1080.0  135.0 |    0 2273 1080 2408 | NavigationBar0$_15119#0
08-31 19:50:30.314   634   634 D SurfaceFlinger:      DEVICE | 0xec278980 | 0108 | RGBA_8888    |    0.0    0.0 1080.0 2408.0 |    0    0 1080 2408 | BlueLightFilter$_15119#0
08-31 19:50:30.314   634   634 D SurfaceFlinger:
08-31 19:50:30.415 14809 14891 V WindowManager: Relayout Window{6c4259 u0 com.example.lunchtray/com.example.lunchtray.MainActivity}: viewVisibility=0 req=1080x2408 d0
08-31 19:50:30.418 14809 14891 V WindowManager: Relayout hash=6c4259, pid=19225: mAttrs={(0,0)(fillxfill) sim={adjust=resize} ty=BASE_APPLICATION wanim=0x1030303
08-31 19:50:30.418 14809 14891 V WindowManager:   fl=81810100
08-31 19:50:30.418 14809 14891 V WindowManager:   pfl=12020040
08-31 19:50:30.418 14809 14891 V WindowManager:   bhv=DEFAULT
08-31 19:50:30.418 14809 14891 V WindowManager:   fitSides= naviIconColor=0}
08-31 19:50:30.423 19225 19225 I ViewRootImpl@2decce[MainActivity]: Relayout returned: old=(0,0,1080,2408) new=(0,0,1080,2408) req=(1080,2408)0 dur=7 res=0x1 s={true 4061665280} ch=false fn=17
08-31 19:50:30.426 19225 19225 D ScrollView:  onsize change changed
08-31 19:50:30.500 14809 14826 I GestureDetector: handleMessage TAP
08-31 19:50:30.501 14809 14809 I GestureDetector: handleMessage TAP
08-31 19:50:30.584 14617 19390 I HYPER-HAL: [RequestManager.cpp]releaseLocked(): Released ID : 109868090
08-31 19:50:30.674 19225 19225 I ViewInteraction: Performing 'single click' action on view view.getId() is <2131230844/com.example.lunchtray:id/cauliflower>
08-31 19:50:30.677 14809 14891 D InputDispatcher: Inject motion (19225): action=0x0, time=702384741000000, f=0x0, d=0
08-31 19:50:30.677 14809 14940 I InputDispatcher: Delivering touch to (15119): action: 0x4, f=0x0, d=0, 'a8b9824', t=0
08-31 19:50:30.677 14809 14940 I InputDispatcher: Delivering touch to (19225): action: 0x0, f=0x0, d=0, '6c4259 ', t=0
08-31 19:50:30.678 15577 15577 W TouchInteractionService: onInputEvent, inputConsumer = com.android.quickstep.-$$Lambda$InputConsumer$cayMJybMMyH-XvJ76yEWjWeqQUo@78d20fe
08-31 19:50:30.678 14809 14826 I GestureDetector: obtain mCurrentDownEvent. id: -257739525 caller: com.android.server.wm.SystemGesturesPointerEventListener.onPointerEvent:179 com.android.server.wm.PointerEventDispatcher.onInputEvent:71 android.view.InputEventReceiver.dispatchInputEvent:259
08-31 19:50:30.678 19225 19225 I ViewRootImpl@2decce[MainActivity]: ViewPostIme pointer 0
08-31 19:50:30.678 14809 14826 I GestureDetector: obtain mCurrentDownEvent. id: -257739525 caller: com.android.server.wm.SystemPerformancePointerEventListener.onPointerEvent:89 com.android.server.wm.PointerEventDispatcher.onInputEvent:71 android.view.InputEventReceiver.dispatchInputEvent:259
08-31 19:50:30.690 15119 15119 D NetworkController.WifiSignalController: notifyListener: visible=true, enabled=true, connected=true, inetCondition=1, isDefault=true, receivedCR=true, receivedIC=-1, shouldForceHide=false, emptyConnected=false
08-31 19:50:30.704 14701 15029 I bauth_FPBAuthService: pcf : 0x1012, 0 ,2 ,0 ,0 ,0 ,2, 0.0.0.0
08-31 19:50:30.704 14701 15029 I bauth_FPBAuthService: thread id : 2, preenroll_flag : 0, nd cnt : 1, cso : 3, et : 0
08-31 19:50:30.704 14701 15029 I bauth_FPBAuthService: FPBAuthService, 11756
08-31 19:50:30.718 14809 14891 D InputDispatcher: Inject motion (19225): action=0x1, time=702384782000000, f=0x0, d=0
08-31 19:50:30.718 14809 14940 I InputDispatcher: Delivering touch to (19225): action: 0x1, f=0x0, d=0, '6c4259 ', t=1
08-31 19:50:30.718 15577 15577 W TouchInteractionService: reset
08-31 19:50:30.718 14809 14826 I GestureDetector: obtain mCurrentMotionEventRaw. action: 1 id: -101795309
08-31 19:50:30.718 19225 19225 I ViewRootImpl@2decce[MainActivity]: ViewPostIme pointer 1
08-31 19:50:30.719 14809 14826 I GestureDetector: obtain mCurrentMotionEventRaw. action: 1 id: -101795309
08-31 19:50:30.957 14809 14831 E libperflog: [LIBPERFLOG] socket_local_client fail = -1
08-31 19:50:30.978 14809 14826 I GestureDetector: handleMessage TAP
08-31 19:50:30.978 14809 14809 I GestureDetector: handleMessage TAP
08-31 19:50:31.007 19225 19225 I ViewInteraction: Performing 'single click' action on view view.getId() is <2131230842/com.example.lunchtray:id/cancel_button>
08-31 19:50:31.010 14809 14891 D InputDispatcher: Inject motion (19225): action=0x0, time=702385074000000, f=0x0, d=0
08-31 19:50:31.010 14809 14940 I InputDispatcher: Delivering touch to (15119): action: 0x4, f=0x0, d=0, 'a8b9824', t=0
08-31 19:50:31.010 14809 14940 I InputDispatcher: Delivering touch to (19225): action: 0x0, f=0x0, d=0, '6c4259 ', t=0
08-31 19:50:31.011 14809 14826 I GestureDetector: obtain mCurrentDownEvent. id: -584888835 caller: com.android.server.wm.SystemGesturesPointerEventListener.onPointerEvent:179 com.android.server.wm.PointerEventDispatcher.onInputEvent:71 android.view.InputEventReceiver.dispatchInputEvent:259
08-31 19:50:31.011 19225 19225 I ViewRootImpl@2decce[MainActivity]: ViewPostIme pointer 0
08-31 19:50:31.011 14809 14826 I GestureDetector: obtain mCurrentDownEvent. id: -584888835 caller: com.android.server.wm.SystemPerformancePointerEventListener.onPointerEvent:89 com.android.server.wm.PointerEventDispatcher.onInputEvent:71 android.view.InputEventReceiver.dispatchInputEvent:259
08-31 19:50:31.011 15577 15577 W TouchInteractionService: onInputEvent, inputConsumer = com.android.quickstep.-$$Lambda$InputConsumer$cayMJybMMyH-XvJ76yEWjWeqQUo@78d20fe
08-31 19:50:31.050 14809 14891 D InputDispatcher: Inject motion (19225): action=0x1, time=702385114000000, f=0x0, d=0
08-31 19:50:31.050 14809 14940 I InputDispatcher: Delivering touch to (19225): action: 0x1, f=0x0, d=0, '6c4259 ', t=1
08-31 19:50:31.050 15577 15577 W TouchInteractionService: reset
08-31 19:50:31.051 19225 19225 I ViewRootImpl@2decce[MainActivity]: ViewPostIme pointer 1
08-31 19:50:31.051 14809 14826 I GestureDetector: obtain mCurrentMotionEventRaw. action: 1 id: -469450610
08-31 19:50:31.051 14809 14826 I GestureDetector: obtain mCurrentMotionEventRaw. action: 1 id: -469450610
08-31 19:50:31.073 15119 15282 D MobileStatusTracker(0/1): onSignalStrengthsChanged signalStrength=SignalStrength:{mCdma=Invalid,mGsm=Invalid,mWcdma=Invalid,mTdscdma=Invalid,mLte=CellSignalStrengthLte: rssi=-103 rsrp=-103 rsrq=-13 rssnr=-3 cqiTableIndex=2147483647 cqi=7 ta=2147483647 level=3 parametersUseForLevel=0,mNr=Invalid,SignalBarInfo{ lteLevel=3 },rat=14,primary=CellSignalStrengthLte} level=3
08-31 19:50:31.076 15119 15282 D NetworkController: SignalStrength from intent slotId=0
08-31 19:50:31.123 14809 15286 V WindowManager: Relayout Window{6c4259 u0 com.example.lunchtray/com.example.lunchtray.MainActivity}: viewVisibility=0 req=1080x2408 d0
08-31 19:50:31.127 14809 15286 V WindowManager: Relayout hash=6c4259, pid=19225: mAttrs={(0,0)(fillxfill) sim={adjust=pan} ty=BASE_APPLICATION wanim=0x1030303
08-31 19:50:31.127 14809 15286 V WindowManager:   fl=81810100
08-31 19:50:31.127 14809 15286 V WindowManager:   pfl=12020040
08-31 19:50:31.127 14809 15286 V WindowManager:   bhv=DEFAULT
08-31 19:50:31.127 14809 15286 V WindowManager:   fitSides= naviIconColor=0}
08-31 19:50:31.132 19225 19225 I ViewRootImpl@2decce[MainActivity]: Relayout returned: old=(0,0,1080,2408) new=(0,0,1080,2408) req=(1080,2408)0 dur=7 res=0x1 s={true 4061665280} ch=false fn=41
08-31 19:50:31.141 19225 19293 D OpenGLRenderer: setSurface called with nullptr
08-31 19:50:31.151 14617 19379 I HYPER-HAL: [RequestManager.cpp]releaseLocked(): Released ID : 138419856
08-31 19:50:31.312 14809 14826 I GestureDetector: handleMessage TAP
08-31 19:50:31.312 14809 14809 I GestureDetector: handleMessage TAP
08-31 19:50:31.367 19225 19225 I ViewInteraction: Performing 'single click' action on view view.getId() is <2131231208/com.example.lunchtray:id/start_order_btn>
08-31 19:50:31.370 14809 15286 D InputDispatcher: Inject motion (19225): action=0x0, time=702385434000000, f=0x0, d=0
08-31 19:50:31.370 14809 14940 I InputDispatcher: Delivering touch to (15119): action: 0x4, f=0x0, d=0, 'a8b9824', t=0
08-31 19:50:31.370 14809 14940 I InputDispatcher: Delivering touch to (19225): action: 0x0, f=0x0, d=0, '6c4259 ', t=0
08-31 19:50:31.371 15577 15577 W TouchInteractionService: onInputEvent, inputConsumer = com.android.quickstep.-$$Lambda$InputConsumer$cayMJybMMyH-XvJ76yEWjWeqQUo@78d20fe
08-31 19:50:31.371 14809 14826 I GestureDetector: obtain mCurrentDownEvent. id: -158590604 caller: com.android.server.wm.SystemGesturesPointerEventListener.onPointerEvent:179 com.android.server.wm.PointerEventDispatcher.onInputEvent:71 android.view.InputEventReceiver.dispatchInputEvent:259
08-31 19:50:31.371 14809 14826 I GestureDetector: obtain mCurrentDownEvent. id: -158590604 caller: com.android.server.wm.SystemPerformancePointerEventListener.onPointerEvent:89 com.android.server.wm.PointerEventDispatcher.onInputEvent:71 android.view.InputEventReceiver.dispatchInputEvent:259
08-31 19:50:31.371 19225 19225 I ViewRootImpl@2decce[MainActivity]: ViewPostIme pointer 0
08-31 19:50:31.412 14809 15286 D InputDispatcher: Inject motion (19225): action=0x1, time=702385476000000, f=0x0, d=0
08-31 19:50:31.412 14809 14940 I InputDispatcher: Delivering touch to (19225): action: 0x1, f=0x0, d=0, '6c4259 ', t=1
08-31 19:50:31.412 15577 15577 W TouchInteractionService: reset
08-31 19:50:31.412 14809 14826 I GestureDetector: obtain mCurrentMotionEventRaw. action: 1 id: -604642692
08-31 19:50:31.412 19225 19225 I ViewRootImpl@2decce[MainActivity]: ViewPostIme pointer 1
08-31 19:50:31.412 14809 14826 I GestureDetector: obtain mCurrentMotionEventRaw. action: 1 id: -604642692
08-31 19:50:31.437 19225 19225 D ScrollView: initGoToTop
08-31 19:50:31.564 14809 15286 V WindowManager: Relayout Window{6c4259 u0 com.example.lunchtray/com.example.lunchtray.MainActivity}: viewVisibility=0 req=1080x2408 d0
08-31 19:50:31.568 14809 15286 V WindowManager: Relayout hash=6c4259, pid=19225: mAttrs={(0,0)(fillxfill) sim={adjust=resize} ty=BASE_APPLICATION wanim=0x1030303
08-31 19:50:31.568 14809 15286 V WindowManager:   fl=81810100
08-31 19:50:31.568 14809 15286 V WindowManager:   pfl=12020040
08-31 19:50:31.568 14809 15286 V WindowManager:   bhv=DEFAULT
08-31 19:50:31.568 14809 15286 V WindowManager:   fitSides= naviIconColor=0}
08-31 19:50:31.571 19225 19225 I ViewRootImpl@2decce[MainActivity]: Relayout returned: old=(0,0,1080,2408) new=(0,0,1080,2408) req=(1080,2408)0 dur=6 res=0x1 s={true 4061665280} ch=false fn=53
08-31 19:50:31.574 19225 19225 D ScrollView:  onsize change changed
08-31 19:50:31.671 14809 14826 I GestureDetector: handleMessage TAP
08-31 19:50:31.672 14809 14809 I GestureDetector: handleMessage TAP
08-31 19:50:31.704 14701 15029 I bauth_FPBAuthService: pcf : 0x1012, 0 ,2 ,0 ,0 ,0 ,2, 0.0.0.0
08-31 19:50:31.704 14701 15029 I bauth_FPBAuthService: thread id : 2, preenroll_flag : 0, nd cnt : 1, cso : 3, et : 0
08-31 19:50:31.704 14701 15029 I bauth_FPBAuthService: FPBAuthService, 11756
08-31 19:50:31.848 19225 19225 I ViewInteraction: Checking 'MatchesViewAssertion{viewMatcher=(view has effective visibility <VISIBLE> and view.getGlobalVisibleRect() to return non-empty rectangle)}' assertion on view an instance of android.widget.TextView and view.getText() with or without transformation to match: is "Subtotal: $0.00"
08-31 19:50:31.849 19225 19225 E ViewAssertions: '(view has effective visibility <VISIBLE> and view.getGlobalVisibleRect() to return non-empty rectangle)' check could not be performed because view 'an instance of android.widget.TextView and view.getText() with or without transformation to match: is "Subtotal: $0.00"' was not found.
08-31 19:50:31.850 19225 19284 E TestRunner: failed: order_reset_after_cancel_from_entree_menu(com.example.lunchtray.OrderFunctionalityTests)
08-31 19:50:31.850 19225 19284 E TestRunner: ----- begin exception -----
08-31 19:50:31.853 19225 19284 E TestRunner: androidx.test.espresso.NoMatchingViewException: No views in hierarchy found matching: an instance of android.widget.TextView and view.getText() with or without transformation to match: is "Subtotal: $0.00"
08-31 19:50:31.853 19225 19284 E TestRunner:
08-31 19:50:31.853 19225 19284 E TestRunner: View Hierarchy:
08-31 19:50:31.853 19225 19284 E TestRunner: +>DecorView{id=-1, visibility=VISIBLE, width=1080, height=2408, has-focus=false, has-focusable=true, has-window-focus=true, is-clickable=false, is-enabled=true, is-focused=false, is-focusable=false, is-layout-requested=false, is-selected=false, layout-params={(0,0)(fillxfill) ty=BASE_APPLICATION wanim=0x1030303
08-31 19:50:31.853 19225 19284 E TestRunner:   fl=81810100
08-31 19:50:31.853 19225 19284 E TestRunner:   pfl=10020040
08-31 19:50:31.853 19225 19284 E TestRunner:   bhv=DEFAULT
08-31 19:50:31.853 19225 19284 E TestRunner:   fitSides= naviIconColor=0}, tag=null, root-is-layout-requested=false, has-input-connection=false, x=0.0, y=0.0, child-count=3}
08-31 19:50:31.853 19225 19284 E TestRunner: |
08-31 19:50:31.853 19225 19284 E TestRunner: +->LinearLayout{id=-1, visibility=VISIBLE, width=1080, height=2366, has-focus=false, has-focusable=true, has-window-focus=true, is-clickable=false, is-enabled=true, is-focused=false, is-focusable=false, is-layout-requested=false, is-selected=false, layout-params=android.widget.FrameLayout$LayoutParams@605e033, tag=null, root-is-layout-requested=false, has-input-connection=false, x=0.0, y=0.0, child-count=2}
08-31 19:50:31.853 19225 19284 E TestRunner: |
08-31 19:50:31.853 19225 19284 E TestRunner: +-->ViewStub{id=16908722, res-name=action_mode_bar_stub, visibility=GONE, width=0, height=0, has-focus=false, has-focusable=false, has-window-focus=true, is-clickable=false, is-enabled=true, is-focused=false, is-focusable=false, is-layout-requested=true, is-selected=false, layout-params=android.widget.LinearLayout$LayoutParams@5422ff0, tag=null, root-is-layout-requested=false, has-input-connection=false, x=0.0, y=0.0}
08-31 19:50:31.853 19225 19284 E TestRunner: |
08-31 19:50:31.853 19225 19284 E TestRunner: +-->FrameLayout{id=-1, visibility=VISIBLE, width=1080, height=2300, has-focus=false, has-focusable=true, has-window-focus=true, is-clickable=false, is-enabled=true, is-focused=false, is-focusable=false, is-layout-requested=false, is-selected=false, layout-params=android.widget.LinearLayout$LayoutParams@2b81fee, tag=null, root-is-layout-requested=false, has-input-connection=false, x=0.0, y=66.0, child-count=1}
08-31 19:50:31.853 19225 19284 E TestRunner: |
08-31 19:50:31.853 19225 19284 E TestRunner: +--->ActionBarOverlayLayout{id=2131230893, res-name=decor_content_parent, visibility=VISIBLE, width=1080, height=2300, has-focus=false, has-focusable=true, has-window-focus=true, is-clickable=false, is-enabled=true, is-focused=false, is-focusable=false, is-layout-requested=false, is-selected=false, layout-params=android.widget.FrameLayout$LayoutParams@1db8325, tag=null, root-is-layout-requested=false, has-input-connection=false, x=0.0, y=0.0, child-count=2}
08-31 19:50:31.853 19225 19284 E TestRunner: |
08-31 19:50:31.853 19225 19284 E TestRunner: +---->ContentFrameLayout{id=16908290, res-name=content, visibility=VISIBLE, width=1080, height=2142, has-focus=false, has-focusable=true, has-window-focus=true, is-clickable=false, is-enabled=true, is-focused=false, is-focusable=false, is-layout-requested=false, is-selected=false, layout-params=androidx.appcompat.widget.ActionBarOverlayLayout$LayoutParams@b3322ab, tag=null, root-is-layout-requested=false, has-input-connection=false, x=0.0, y=158.0, child-count=1}
08-31 19:50:31.853 19225 19284 E TestRunner: |
08-31 19:50:31.853 19225 19284 E TestRunner: +----->ConstraintLayout{id=2131230877, res-name=container, visibility=VISIBLE, width=1080, height=2142, has-focus=false, has-focusable=true, has-window-focus=true, is-clickable=false, is-enabled=true, is-focused=false, is-focusable=false, is-layout-requested=false, is-selected=false, layout-params=android.widget.FrameLayout$LayoutParams@4e62ca1, tag=null, root-is-layout-requested=false, has-input-connection=false, x=0.0, y=0.0, child-count=1}
08-31 19:50:31.853 19225 19284 E TestRunner: |
08-31 19:50:31.853 19225 19284 E TestRunner: +------>FragmentContainerView{id=2131231069, res-name=nav_host_fragment, visibility=VISIBLE, width=1080, height=2142, has-focus=false, has-focusable=true, has-window-focus=true, is-clickable=false, is-enabled=true, is-focused=false, is-focusable=false, is-layout-requested=false, is-selected=false, layout-params=androidx.constraintlayout.widget.ConstraintLayout$LayoutParams@cff3e87, tag=null, root-is-layout-requested=false, has-input-connection=false, x=0.0, y=0.0, child-count=1}
08-31 19:50:31.853 19225 19284 E TestRunner: |
08-31 19:50:31.853 19225 19284 E TestRunner: +------->FragmentContainerView{id=2131231069, res-name=nav_host_fragment, visibility=VISIBLE, width=1080, height=2142, has-focus=false, has-focusable=true, has-window-focus=true, is-clickable=false, is-enabled=true, is-focused=false, is-focusable=false, is-layout-requested=false, is-selected=false, layout-params=android.widget.FrameLayout$LayoutParams@397f1dd, tag=null, root-is-layout-requested=false, has-input-connection=false, x=0.0, y=0.0, child-count=1}
08-31 19:50:31.853 19225 19284 E TestRunner: |
08-31 19:50:31.853 19225 19284 E TestRunner: +-------->ScrollView{id=-1, visibility=VISIBLE, width=1080, height=1560, has-focus=false, has-focusable=true, has-window-focus=true, is-clickable=false, is-enabled=true, is-focused=false, is-focusable=true, is-layout-requested=false, is-selected=false, layout-params=android.widget.FrameLayout$LayoutParams@c873c23, tag=null, root-is-layout-requested=false, has-input-connection=false, x=0.0, y=0.0, child-count=1}
08-31 19:50:31.853 19225 19284 E TestRunner: |
08-31 19:50:31.853 19225 19284 E TestRunner: +--------->ConstraintLayout{id=-1, visibility=VISIBLE, width=1080, height=1560, has-focus=false, has-focusable=true, has-window-focus=true, is-clickable=false, is-enabled=true, is-focused=false, is-focusable=false, is-layout-requested=false, is-selected=false, layout-params=android.widget.FrameLayout$LayoutParams@e2c7f95, tag=null, root-is-layout-requested=false, has-input-connection=false, x=0.0, y=0.0, child-count=5}
08-31 19:50:31.853 19225 19284 E TestRunner: |
08-31 19:50:31.853 19225 19284 E TestRunner: +---------->RadioGroup{id=2131230936, res-name=entree_options, visibility=VISIBLE, width=990, height=1209, has-focus=false, has-focusable=true, has-window-focus=true, is-clickable=false, is-enabled=true, is-focused=false, is-focusable=false, is-layout-requested=false, is-selected=false, layout-params=androidx.constraintlayout.widget.ConstraintLayout$LayoutParams@1ad7805, tag=null, root-is-layout-requested=false, has-input-connection=false, x=45.0, y=0.0, child-count=15}
08-31 19:50:31.853 19225 19284 E TestRunner: |
08-31 19:50:31.853 19225 19284 E TestRunner: +----------->MaterialRadioButton{id=2131230844, res-name=cauliflower, visibility=VISIBLE, width=313, height=135, has-focus=false, has-focusable=true, has-window-focus=true, is-clickable=true, is-enabled=true, is-focused=false, is-focusable=true, is-layout-requested=false, is-selected=false, layout-params=android.widget.RadioGroup$LayoutParams@a4bd05a, tag=null, root-is-layout-requested=false, has-input-connection=false, x=0.0, y=0.0, text=Cauliflower, input-type=0, ime-target=false, has-links=false, is-checked=false}
08-31 19:50:31.853 19225 19284 E TestRunner: |
08-31 19:50:31.853 19225 19284 E TestRunner: +----------->MaterialTextView{id=2131230845, res-name=cauliflower_description, visibility=VISIBLE, width=844, height=47, has-focus=false, has-focusable=false, has-window-focus=true, is-clickable=false, is-enabled=true, is-focused=false, is-focusable=false, is-layout-requested=false, is-selected=false, layout-params=android.widget.RadioGroup$LayoutParams@b5f528b, tag=null, root-is-layout-requested=false, has-input-connection=false, x=0.0, y=135.0, text=Whole cauliflower, brined, roasted, and deep fried, input-type=0, ime-target=false, has-links=false}
08-31 19:50:31.853 19225 19284 E TestRunner: |
08-31 19:50:31.853 19225 19284 E TestRunner: +----------->MaterialTextView{id=2131230846, res-name=cauliflower_price, visibility=VISIBLE, width=136, height=70, has-focus=false, has-focusable=false, has-window-focus=true, is-clickable=false, is-enabled=true, is-focused=false, is-focusable=false, is-layout-requested=false, is-selected=false, layout-params=android.widget.RadioGroup$LayoutParams@53eaf68, tag=null, root-is-layout-requested=false, has-input-connection=false, x=0.0, y=182.0, text=7.00, input-type=0, ime-target=false, has-links=false}
08-31 19:50:31.853 19225 19284 E TestRunner: |
08-31 19:50:31.853 19225 19284 E TestRunner: +----------->View{id=-1, visibility=VISIBLE, width=990, height=3, has-focus=false, has-focusable=false, has-window-focus=true, is-clickable=false, is-enabled=true, is-focused=false, is-focusable=false, is-layout-requested=false, is-selected=false, layout-params=android.widget.RadioGroup$LayoutParams@7928f81, tag=null, root-is-layout-requested=false, has-input-connection=false, x=0.0, y=275.0}
08-31 19:50:31.853 19225 19284 E TestRunner: |
08-31 19:50:31.853 19225 19284 E TestRunner: +----------->MaterialRadioButton{id=2131230858, res-name=chili, visibility=VISIBLE, width=406, height=135, has-focus=false, has-focusable=true, has-window-focus=true, is-clickable=true, is-enabled=true, is-focused=false, is-focusable=true, is-layout-requested=false, is-selected=false, layout-params=android.widget.RadioGroup$LayoutParams@fe69826, tag=null, root-is-layout-requested=false, has-input-connection=false, x=0.0, y=278.0, text=Three Bean Chili, input-type=0, ime-target=false, has-links=false, is-checked=false}
08-31 19:50:31.853 19225 19284 E TestRunner: |
08-31 19:50:31.853 19225 19284 E TestRunner: +----------->MaterialTextView{id=2131230859, res-name=chili_description, visibility=VISIBLE, width=990, height=88, has-focus=false, has-focusable=false, has-window-focus=true, is-clickable=false, is-enabled=true, is-focused=false, is-focusable=false, is-layout-requested=false, is-selected=false, layout-params=android.widget.RadioGroup$LayoutParams@aee8c67, tag=null, root-is-layout-requested=false, has-input-connection=false, x=0.0, y=413.0, text=Black beans, red beans, kidney beans, slow cooked, topped with onion, input-type=0, ime-target=false, has-links=false}
08-31 19:50:31.853 19225 19284 E TestRunner: |
08-31 19:50:31.853 19225 19284 E TestRunner: +----------->MaterialTextView{id=2131230860, res-name=chili_price, visibility=VISIBLE, width=136, height=70, has-focus=false, has-focusable=false, has-window-focus=true, is-clickable=false, is-enabled=true, is-focused=false, is-focusable=false, is-layout-requested=false, is-selected=false, layout-params=android.widget.RadioGroup$LayoutParams@5035a14, tag=null, root-is-layout-requested=false, has-input-connection=false, x=0.0, y=501.0, text=4.00, input-type=0, ime-target=false, has-links=false}
08-31 19:50:31.853 19225 19284 E TestRunner: |
08-31 19:50:31.853 19225 19284 E TestRunner: +----------->View{id=-1, visibility=VISIBLE, width=990, height=3, has-focus=false, has-focusable=false, has-window-focus=true, is-clickable=false, is-enabled=true, is-focused=false, is-focusable=false, is-layout-requested=false, is-selected=false, layout-params=android.widget.RadioGroup$LayoutParams@757a2bd, tag=null, root-is-layout-requested=false, has-input-connection=false, x=0.0, y=594.0}
08-31 19:50:31.853 19225 19284 E TestRunner: |
08-31 19:50:31.853 19225 19284 E TestRunner: +----------->MaterialRadioButton{id=2131231106, res-name=pasta, visibility=VISIBLE, width=410, height=135, has-focus=false, has-focusable=true, has-window-focus=true, is-clickable=true, is-enabled=true, is-focused=false, is-focusable=true, is-layout-requested=false, is-selected=false, layout-params=android.widget.RadioGroup$LayoutParams@f1410b2, tag=null, root-is-layout-requested=false, has-input-connection=false, x=0.0, y=597.0, text=Mushroom Pasta, input-type=0, ime-target=false, has-links=false, is-checked=false}
08-31 19:50:31.853 19225 19284 E TestRunner: |
08-31 19:50:31.853 19225 19284 E TestRunner: +----------->MaterialTextView{id=2131231107, res-name=pasta_description, visibility=VISIBLE, width=990, height=88, has-focus=false, has-focusable=false, has-window-focus=true, is-clickable=false, is-enabled=true, is-focused=false, is-focusable=false, is-layout-requested=false, is-selected=false, layout-params=android.widget.RadioGroup$LayoutParams@44d8803, tag=null, root-is-layout-requested=false, has-input-connection=false, x=0.0, y=732.0, text=Penne pasta, mushrooms, basil, with plum tomatoes cooked in garlic and olive oil, input-type=0, ime-target=false, has-links=false}
08-31 19:50:31.853 19225 19284 E TestRunner: |
08-31 19:50:31.853 19225 19284 E TestRunner: +----------->MaterialTextView{id=2131231108, res-name=pasta_price, visibility=VISIBLE, width=136, height=70, has-focus=false, has-focusable=false, has-window-focus=true, is-clickable=false, is-enabled=true, is-focused=false, is-focusable=false, is-layout-requested=false, is-selected=false, layout-params=android.widget.RadioGroup$LayoutParams@9c60380, tag=null, root-is-layout-requested=false, has-input-connection=false, x=0.0, y=820.0, text=5.50, input-type=0, ime-target=false, has-links=false}
08-31 19:50:31.853 19225 19284 E TestRunner: |
08-31 19:50:31.853 19225 19284 E TestRunner: +----------->View{id=-1, visibility=VISIBLE, width=990, height=3, has-focus=false, has-focusable=false, has-window-focus=true, is-clickable=false, is-enabled=true, is-focused=false, is-focusable=false, is-layout-requested=false, is-selected=false, layout-params=android.widget.RadioGroup$LayoutParams@360adb9, tag=null, root-is-layout-requested=false, has-input-connection=false, x=0.0, y=913.0}
08-31 19:50:31.853 19225 19284 E TestRunner: |
08-31 19:50:31.853 19225 19284 E TestRunner: +----------->MaterialRadioButton{id=2131231175, res-name=skillet, visibility=VISIBLE, width=552, height=135, has-focus=false, has-focusable=true, has-window-focus=true, is-clickable=true, is-enabled=true, is-focused=false, is-focusable=true, is-layout-requested=false, is-selected=false, layout-params=android.widget.RadioGroup$LayoutParams@b2e85fe, tag=null, root-is-layout-requested=false, has-input-connection=false, x=0.0, y=916.0, text=Spicy Black Bean Skillet, input-type=0, ime-target=false, has-links=false, is-checked=false}
08-31 19:50:31.853 19225 19284 E TestRunner: |
08-31 19:50:31.853 19225 19284 E TestRunner: +----------->MaterialTextView{id=2131231176, res-name=skillet_description, visibility=VISIBLE, width=990, height=88, has-focus=false, has-focusable=false, has-window-focus=true, is-clickable=false, is-enabled=true, is-focused=false, is-focusable=false, is-layout-requested=false, is-selected=false, layout-params=android.widget.RadioGroup$LayoutParams@16a15f, tag=null, root-is-layout-requested=false, has-input-connection=false, x=0.0, y=1051.0, text=Seasonal vegetables, black beans, house spice blend, served with avocado and quick pickled onions, input-type=0, ime-target=false, has-links=false}
08-31 19:50:31.853 19225 19284 E TestRunner: |
08-31 19:50:31.853 19225 19284 E TestRunner: +----------->MaterialTextView{id=2131231177, res-name=skillet_price, visibility=VISIBLE, width=136, height=70, has-focus=false, has-focusable=false, has-window-focus=true, is-clickable=false, is-enabled=true, is-focused=false, is-focusable=false, is-layout-requested=false, is-selected=false, layout-params=android.widget.RadioGroup$LayoutParams@d47d7ac, tag=null, root-is-layout-requested=false, has-input-connection=false, x=0.0, y=1139.0, text=5.50, input-type=0, ime-target=false, has-links=false}
08-31 19:50:31.853 19225 19284 E TestRunner: |
08-31 19:50:31.853 19225 19284 E TestRunner: +---------->View{id=2131230910, res-name=divider, visibility=VISIBLE, width=990, height=3, has-focus=false, has-focusable=false, has-window-focus=true, is-clickable=false, is-enabled=true, is-focused=false, is-focusable=false, is-layout-requested=false, is-selected=false, layout-params=androidx.constraintlayout.widget.ConstraintLayout$LayoutParams@6556c75, tag=null, root-is-layout-requested=false, has-input-connection=false, x=45.0, y=1232.0}
08-31 19:50:31.853 19225 19284 E TestRunner: |
08-31 19:50:31.853 19225 19284 E TestRunner: +---------->MaterialTextView{id=2131231217, res-name=subtotal, visibility=VISIBLE, width=279, height=55, has-focus=false, has-focusable=false, has-window-focus=true, is-clickable=false, is-enabled=true, is-focused=false, is-focusable=false, is-layout-requested=false, is-selected=false, layout-params=androidx.constraintlayout.widget.ConstraintLayout$LayoutParams@e9040a, tag=null, root-is-layout-requested=false, has-input-connection=false, x=756.0, y=1280.0, text=Subtotal: 0.00, input-type=0, ime-target=false, has-links=false}
08-31 19:50:31.853 19225 19284 E TestRunner: |
08-31 19:50:31.853 19225 19284 E TestRunner: +---------->MaterialButton{id=2131230842, res-name=cancel_button, visibility=VISIBLE, width=473, height=135, has-focus=false, has-focusable=true, has-window-focus=true, is-clickable=true, is-enabled=true, is-focused=false, is-focusable=true, is-layout-requested=false, is-selected=false, layout-params=androidx.constraintlayout.widget.ConstraintLayout$LayoutParams@c2df47b, tag=null, root-is-layout-requested=false, has-input-connection=false, x=45.0, y=1380.0, text=Cancel, input-type=0, ime-target=false, has-links=false, is-checked=false}
08-31 19:50:31.853 19225 19284 E TestRunner: |
08-31 19:50:31.853 19225 19284 E TestRunner: +---------->MaterialButton{id=2131231081, res-name=next_button, visibility=VISIBLE, width=472, height=135, has-focus=false, has-focusable=true, has-window-focus=true, is-clickable=true, is-enabled=true, is-focused=false, is-focusable=true, is-layout-requested=false, is-selected=false, layout-params=androidx.constraintlayout.widget.ConstraintLayout$LayoutParams@230c298, tag=null, root-is-layout-requested=false, has-input-connection=false, x=563.0, y=1380.0, text=Next, input-type=0, ime-target=false, has-links=false, is-checked=false}
08-31 19:50:31.853 19225 19284 E TestRunner: |
08-31 19:50:31.853 19225 19284 E TestRunner: +---->ActionBarContainer{id=2131230780, res-name=action_bar_container, visibility=VISIBLE, width=1080, height=158, has-focus=false, has-focusable=false, has-window-focus=true, is-clickable=false, is-enabled=true, is-focused=false, is-focusable=false, is-layout-requested=false, is-selected=false, layout-params=androidx.appcompat.widget.ActionBarOverlayLayout$LayoutParams@69d5d57, tag=null, root-is-layout-requested=false, has-input-connection=false, x=0.0, y=0.0, child-count=2}
08-31 19:50:31.853 19225 19284 E TestRunner: |
08-31 19:50:31.853 19225 19284 E TestRunner: +----->Toolbar{id=2131230778, res-name=action_bar, visibility=VISIBLE, width=1080, height=158, has-focus=false, has-focusable=false, has-window-focus=true, is-clickable=false, is-enabled=true, is-focused=false, is-focusable=false, is-layout-requested=false, is-selected=false, layout-params=android.widget.FrameLayout$LayoutParams@a3077f3, tag=null, root-is-layout-requested=false, has-input-connection=false, x=0.0, y=0.0, child-count=3}
08-31 19:50:31.853 19225 19284 E TestRunner: |
08-31 19:50:31.853 19225 19284 E TestRunner: +------>AppCompatTextView{id=-1, visibility=VISIBLE, width=598, height=75, has-focus=false, has-focusable=false, has-window-focus=true, is-clickable=false, is-enabled=true, is-focused=false, is-focusable=false, is-layout-requested=false, is-selected=false, layout-params=androidx.appcompat.widget.Toolbar$LayoutParams@4214cb0, tag=null, root-is-layout-requested=false, has-input-connection=false, x=202.0, y=41.0, text=fragment_entree_menu, input-type=0, ime-target=false, has-links=false}
08-31 19:50:31.853 19225 19284 E TestRunner: |
08-31 19:50:31.853 19225 19284 E TestRunner: +------>ActionMenuView{id=-1, visibility=VISIBLE, width=0, height=158, has-focus=false, has-focusable=false, has-window-focus=true, is-clickable=false, is-enabled=true, is-focused=false, is-focusable=false, is-layout-requested=false, is-selected=false, layout-params=androidx.appcompat.widget.Toolbar$LayoutParams@7ab7729, tag=null, root-is-layout-requested=false, has-input-connection=false, x=1080.0, y=0.0, child-count=0}
08-31 19:50:31.853 19225 19284 E TestRunner: |
08-31 19:50:31.853 19225 19284 E TestRunner: +------>AppCompatImageButton{id=-1, desc=Navigate up, visibility=VISIBLE, width=158, height=158, has-focus=false, has-focusable=false, has-window-focus=true, is-clickable=true, is-enabled=true, is-focused=false, is-focusable=true, is-layout-requested=false, is-selected=false, layout-params=androidx.appcompat.widget.Toolbar$LayoutParams@5066aae, tag=null, root-is-layout-requested=false, has-input-connection=false, x=0.0, y=0.0}
08-31 19:50:31.853 19225 19284 E TestRunner: |
08-31 19:50:31.853 19225 19284 E TestRunner: +----->ActionBarContextView{id=2131230787, res-name=action_context_bar, visibility=GONE, width=0, height=0, has-focus=false, has-focusable=false, has-window-focus=true, is-clickable=false, is-enabled=true, is-focused=false, is-focusable=false, is-layout-requested=true, is-selected=false, layout-params=android.widget.FrameLayout$LayoutParams@8d0a04f, tag=null, root-is-layout-requested=false, has-input-connection=false, x=0.0, y=0.0, child-count=0}
08-31 19:50:31.853 19225 19284 E TestRunner: |
08-31 19:50:31.853 19225 19284 E TestRunner: +->View{id=16908336, res-name=navigationBarBackground, visibility=VISIBLE, width=1080, height=42, has-focus=false, has-focusable=false, has-window-focus=true, is-clickable=false, is-enabled=true, is-focused=false, is-focusable=false, is-layout-requested=false, is-selected=false, layout-params=android.widget.FrameLayout$LayoutParams@dc683dc, tag=null, root-is-layout-requested=false, has-input-connection=false, x=0.0, y=2366.0}
08-31 19:50:31.853 19225 19284 E TestRunner: |
08-31 19:50:31.853 19225 19284 E TestRunner: +->View{id=16908335, res-name=statusBarBackground, visibility=VISIBLE, width=1080, height=66, has-focus=false, has-focusable=false, has-window-focus=true, is-clickable=false, is-enabled=true, is-focused=false, is-focusable=false, is-layout-requested=false, is-selected=false, layout-params=android.widget.FrameLayout$LayoutParams@1db5ce5, tag=null, root-is-layout-requested=false, has-input-connection=false, x=0.0, y=0.0}
08-31 19:50:31.853 19225 19284 E TestRunner: 	at dalvik.system.VMStack.getThreadStackTrace(Native Method)
08-31 19:50:31.853 19225 19284 E TestRunner: 	at java.lang.Thread.getStackTrace(Thread.java:1724)
08-31 19:50:31.853 19225 19284 E TestRunner: 	at androidx.test.espresso.base.DefaultFailureHandler.getUserFriendlyError(DefaultFailureHandler.java:12)
08-31 19:50:31.853 19225 19284 E TestRunner: 	at androidx.test.espresso.base.DefaultFailureHandler.handle(DefaultFailureHandler.java:7)
08-31 19:50:31.853 19225 19284 E TestRunner: 	at androidx.test.espresso.ViewInteraction.waitForAndHandleInteractionResults(ViewInteraction.java:8)
08-31 19:50:31.853 19225 19284 E TestRunner: 	at androidx.test.espresso.ViewInteraction.check(ViewInteraction.java:12)
08-31 19:50:31.853 19225 19284 E TestRunner: 	at com.example.lunchtray.OrderFunctionalityTests.order_reset_after_cancel_from_entree_menu(OrderFunctionalityTests.kt:198)
08-31 19:50:31.853 19225 19284 E TestRunner: 	at java.lang.reflect.Method.invoke(Native Method)
08-31 19:50:31.853 19225 19284 E TestRunner: 	at org.junit.runners.model.FrameworkMethod$1.runReflectiveCall(FrameworkMethod.java:50)
08-31 19:50:31.853 19225 19284 E TestRunner: 	at org.junit.internal.runners.model.ReflectiveCallable.run(ReflectiveCallable.java:12)
08-31 19:50:31.853 19225 19284 E TestRunner: 	at org.junit.runners.model.FrameworkMethod.invokeExplosively(FrameworkMethod.java:47)
08-31 19:50:31.853 19225 19284 E TestRunner: 	at org.junit.internal.runners.statements.InvokeMethod.evaluate(InvokeMethod.java:17)
08-31 19:50:31.853 19225 19284 E TestRunner: 	at org.junit.runners.ParentRunner.runLeaf(ParentRunner.java:325)
08-31 19:50:31.853 19225 19284 E TestRunner: 	at org.junit.runners.BlockJUnit4ClassRunner.runChild(BlockJUnit4ClassRunner.java:78)
08-31 19:50:31.853 19225 19284 E TestRunner: 	at org.junit.runners.BlockJUnit4ClassRunner.runChild(BlockJUnit4ClassRunner.java:57)
08-31 19:50:31.853 19225 19284 E TestRunner: 	at org.junit.runners.ParentRunner$3.run(ParentRunner.java:290)
08-31 19:50:31.853 19225 19284 E TestRunner: 	at org.junit.runners.ParentRunner$1.schedule(ParentRunner.java:71)
08-31 19:50:31.853 19225 19284 E TestRunner: 	at org.junit.runners.ParentRunner.runChildren(ParentRunner.java:288)
08-31 19:50:31.853 19225 19284 E TestRunner: 	at org.junit.runners.ParentRunner.access$000(ParentRunner.java:58)
08-31 19:50:31.853 19225 19284 E TestRunner: 	at org.junit.runners.ParentRunner$2.evaluate(ParentRunner.java:268)
08-31 19:50:31.853 19225 19284 E TestRunner: 	at org.junit.runners.ParentRunner.run(ParentRunner.java:363)
08-31 19:50:31.853 19225 19284 E TestRunner: 	at androidx.test.ext.junit.runners.AndroidJUnit4.run(AndroidJUnit4.java:162)
08-31 19:50:31.853 19225 19284 E TestRunner: 	at org.junit.runners.Suite.runChild(Suite.java:128)
08-31 19:50:31.853 19225 19284 E TestRunner: 	at org.junit.runners.Suite.runChild(Suite.java:27)
08-31 19:50:31.853 19225 19284 E TestRunner: 	at org.junit.runners.ParentRunner$3.run(ParentRunner.java:290)
08-31 19:50:31.853 19225 19284 E TestRunner: 	at org.junit.runners.ParentRunner$1.schedule(ParentRunner.java:71)
08-31 19:50:31.853 19225 19284 E TestRunner: 	at org.junit.runners.ParentRunner.runChildren(ParentRunner.java:288)
08-31 19:50:31.853 19225 19284 E TestRunner: 	at org.junit.runners.ParentRunner.access$000(ParentRunner.java:58)
08-31 19:50:31.853 19225 19284 E TestRunner: 	at org.junit.runners.ParentRunner$2.evaluate(ParentRunner.java:268)
08-31 19:50:31.853 19225 19284 E TestRunner: 	at org.junit.runners.ParentRunner.run(ParentRunner.java:363)
08-31 19:50:31.853 19225 19284 E TestRunner: 	at org.junit.runner.JUnitCore.run(JUnitCore.java:137)
08-31 19:50:31.853 19225 19284 E TestRunner: 	at org.junit.runner.JUnitCore.run(JUnitCore.java:115)
08-31 19:50:31.853 19225 19284 E TestRunner: 	at androidx.test.internal.runner.TestExecutor.execute(TestExecutor.java:56)
08-31 19:50:31.853 19225 19284 E TestRunner: 	at androidx.test.runner.AndroidJUnitRunner.onStart(AndroidJUnitRunner.java:444)
08-31 19:50:31.853 19225 19284 E TestRunner: 	at android.app.Instrumentation$InstrumentationThread.run(Instrumentation.java:2261)
08-31 19:50:31.853 19225 19284 E TestRunner: ----- end exception -----
08-31 19:50:31.861 19225 19284 I TestRunner: finished: order_reset_after_cancel_from_entree_menu(com.example.lunchtray.OrderFunctionalityTests)
