08-31 19:50:16.013 19225 19225 V ActivityScenario: Activity lifecycle changed event received but ignored because the intent does not match. startActivityIntent=Intent { act=android.intent.action.MAIN cat=[android.intent.category.LAUNCHER] cmp=com.example.lunchtray/androidx.fragment.app.testing.FragmentScenario$EmptyFragmentActivity (has extras) }, activity.getIntent()=Intent { act=android.intent.action.MAIN cat=[android.intent.category.LAUNCHER] flg=0x10008000 cmp=com.example.lunchtray/androidx.test.core.app.InstrumentationActivityInvoker$BootstrapActivity (has extras) }, activity=androidx.test.core.app.InstrumentationActivityInvoker$BootstrapActivity@c2bfa9f
08-31 19:50:16.037  8442  9912 I FontLog : Received query Noto Color Emoji Compat, URI content://com.google.android.gms.fonts [CONTEXT service_id=132 ]
08-31 19:50:16.037  8442  9912 I FontLog : Query [emojicompat-emoji-font] resolved to {Noto Color Emoji Compat, wdth 100.0, wght 400, ital 0.0, bestEffort false} [CONTEXT service_id=132 ]
08-31 19:50:16.040  8442  9912 I FontLog : Fetch {Noto Color Emoji Compat, wdth 100.0, wght 400, ital 0.0, bestEffort false} end status Status{statusCode=SUCCESS, resolution=null} [CONTEXT service_id=132 ]
08-31 19:50:16.044 19225 19284 D EventInjectionStrategy: Creating injection strategy with input manager.
08-31 19:50:16.047 19225 19284 W ample.lunchtra: Accessing hidden method Landroid/hardware/input/InputManager;->getInstance()Landroid/hardware/input/InputManager; (unsupported, reflection, allowed)
08-31 19:50:16.048 19225 19284 W ample.lunchtra: Accessing hidden method Landroid/hardware/input/InputManager;->injectInputEvent(Landroid/view/InputEvent;I)Z (unsupported, reflection, allowed)
08-31 19:50:16.048 19225 19284 W ample.lunchtra: Accessing hidden field Landroid/hardware/input/InputManager;->INJECT_INPUT_EVENT_MODE_WAIT_FOR_FINISH:I (unsupported, reflection, allowed)
08-31 19:50:16.052  8442  9912 I FontLog : Pulling font file for id = 283, cache size = 5 [CONTEXT service_id=132 ]
08-31 19:50:16.060  8442  9912 I FontLog : Pulling font file for id = 283, cache size = 5 [CONTEXT service_id=132 ]
08-31 19:50:16.101 14809 17473 V WindowManager: Relayout Window{6477ed0 u0 com.example.lunchtray/androidx.fragment.app.testing.FragmentScenario$EmptyFragmentActivity}: viewVisibility=0 req=1080x2408 d0
08-31 19:50:16.105 14809 17473 V WindowManager: Relayout hash=6477ed0, pid=19225: mAttrs={(0,0)(fillxfill) sim={adjust=resize forwardNavigation} ty=BASE_APPLICATION wanim=0x1030303
08-31 19:50:16.105 14809 17473 V WindowManager:   fl=81810100
08-31 19:50:16.105 14809 17473 V WindowManager:   pfl=12020040
08-31 19:50:16.105 14809 17473 V WindowManager:   bhv=DEFAULT
08-31 19:50:16.105 14809 17473 V WindowManager:   fitSides= naviIconColor=0}
08-31 19:50:16.110 19225 19225 I ViewRootImpl@8ef868[FragmentScenario$EmptyFragmentActivity]: Relayout returned: old=(0,0,1080,2408) new=(0,0,1080,2408) req=(1080,2408)0 dur=8 res=0x1 s={true 4061665280} ch=false fn=2
08-31 19:50:16.115 19225 19225 D ScrollView:  onsize change changed
08-31 19:50:16.123 14617 19315 I HYPER-HAL: [RequestManager.cpp]releaseLocked(): Released ID : 109868090
08-31 19:50:16.132 19225 19225 I ViewRootImpl@8ef868[FragmentScenario$EmptyFragmentActivity]: MSG_WINDOW_FOCUS_CHANGED 1 1
08-31 19:50:16.136 19225 19225 D InputMethodManager: startInputInner - Id : 0
08-31 19:50:16.137 19225 19225 I InputMethodManager: startInputInner - mService.startInputOrWindowGainedFocus
08-31 19:50:16.138 14809 17473 D InputMethodManagerService: mDesktopModeManager null!
08-31 19:50:16.138 14809 17473 V InputMethodManagerService: getDisplayIdOfInputMethodWindowToBeAdded : 0
08-31 19:50:16.139 14809 17473 D InputTransport: Input channel constructed: 'ClientS', fd=1028
08-31 19:50:16.139 14809 17473 D InputTransport: Input channel constructed: 'ClientS', fd=1046
08-31 19:50:16.139 14809 17473 D InputTransport: Input channel destroyed: 'ClientS', fd=1046
08-31 19:50:16.140 14809 17473 W InputMethodManagerService: onSessionCreated
08-31 19:50:16.142 14809 17473 D InputMethodManagerService: checkDisplayOfStartInputAndUpdateKeyboard display Id 0last 0
08-31 19:50:16.142 14809 17473 D InputTransport: Input channel constructed: 'ClientS', fd=1046
08-31 19:50:16.142 14809 17473 D InputTransport: Input channel destroyed: 'ClientS', fd=1046
08-31 19:50:16.142 21002 21002 I HBD     : HoneyBoardService onFinishInput
08-31 19:50:16.143 21002 21002 I HBD     : a IC have been unbinding,  InputConnectionWrapper{idHash=#bb4a53 mMissingMethods=}
08-31 19:50:16.143 21002 21002 I HBD     : HoneyBoardService [PF_CL][onFinishInput]  437307 ns
08-31 19:50:16.143 21002 21002 I HBD     : HoneyBoardService [IMI] onStartInput - caller pid : 19225 , caller uid : 10307
08-31 19:50:16.144 21002 21002 I HBD     : j updateConfigs
08-31 19:50:16.144 21002 21002 I HBD     : j isEnabledNightMode : true
08-31 19:50:16.144 21002 21002 I HBD     : a IC have been binding, InputConnectionWrapper{idHash=#9e98089 mMissingMethods=}
08-31 19:50:16.144 21002 21002 I HBD     : h [EditorInputType]setPrivateImeOptionsToTable privateImeOptions ( null )
08-31 19:50:16.144 21002 21002 I HBD     : b incognitoMode : false
08-31 19:50:16.144 21002 21002 I HBD     : a needOff = true , isForceOff = false, isNullInputClass : true
08-31 19:50:16.144 21002 21002 I HBD     : h getDefaultInputRange : UNKNOWN
08-31 19:50:16.144 21002 21002 I HBD     : h getDefaultInputRange : UNKNOWN
08-31 19:50:16.144 21002 21002 I HBD     : h getDefaultInputRange : UNKNOWN
08-31 19:50:16.145   634  1925 I SurfaceFlinger: id=151749 createSurf (0x0),-1 flag=24004, Surface(name=4ce6435 InputMethod)/@0x855123b - animation-leash of insets_animation#0
08-31 19:50:16.146 21002 21002 I HBD     : a needOff = true , isForceOff = false, isNullInputClass : true
08-31 19:50:16.146 21002 21002 I HBD     : a update cached prediction status : false
08-31 19:50:16.146 21002 21002 I HBD     : h getDefaultInputRange : UNKNOWN
08-31 19:50:16.146 21002 21002 I HBD     : a currentState : 0
08-31 19:50:16.148 21002 21002 I HBD     : h load selected json path : /data/user/0/com.samsung.android.honeyboard/files/selected.json
08-31 19:50:16.149 21002 21002 I HBD     : h load selected json info : {"version":"4.1","currentLanguageOrder":0,"selected":[{"activeOptionList":["auto_spacing"],"engName":"English(India)","id":65555,"inputType":"qwerty","isUsed":true}]}
08-31 19:50:16.149 21002 21002 I HBD     : a [UpdatePolicy] [post] a: 0 cl: 65555 kit: [0/0] vt: 0 ir: 1
08-31 19:50:16.151 21002 21002 I HBD     : HoneyBoardService [PF_OP][onStartInput]  7590500 ns
08-31 19:50:16.160   634   634 I Layer   : id=151729 removeFromCurrentState Surface(name=4ce6435 InputMethod)/@0x855123b - animation-leash of insets_animation#1 (105)
08-31 19:50:16.160   634   634 I SurfaceFlinger: id=151729 Removed Surface(name=4ce6435 InputMethod)/@0x855123b - animation-leash of insets_animation#1 (105)
08-31 19:50:16.161   634   634 I Layer   : id=151729 Destroyed Surface(name=4ce6435 InputMethod)/@0x855123b - animation-leash of insets_animation#1
08-31 19:50:16.215 19225 19225 D InputMethodManager: startInputInner - Id : 0
08-31 19:50:16.219 14809 17482 D InputMethodManagerServicePhysicalKey: isConnectedDexOnPC false
08-31 19:50:16.219 14809 17482 D InputMethodManagerService: isImeSwitcherDisabledPackage : false
08-31 19:50:16.244 19225 19284 W ample.lunchtra: Accessing hidden method Landroid/view/ViewConfiguration;->getDoubleTapMinTime()I (unsupported, reflection, allowed)
08-31 19:50:16.254 19225 19225 W ample.lunchtra: Accessing hidden method Landroid/os/MessageQueue;->next()Landroid/os/Message; (unsupported, reflection, allowed)
08-31 19:50:16.254 19225 19225 W ample.lunchtra: Accessing hidden field Landroid/os/MessageQueue;->mMessages:Landroid/os/Message; (unsupported, reflection, allowed)
08-31 19:50:16.255 19225 19225 W ample.lunchtra: Accessing hidden method Landroid/os/Message;->recycleUnchecked()V (unsupported, reflection, allowed)
08-31 19:50:16.260 19225 19225 W ample.lunchtra: Accessing hidden method Landroid/view/WindowManagerGlobal;->getInstance()Landroid/view/WindowManagerGlobal; (unsupported, reflection, allowed)
08-31 19:50:16.261 19225 19225 W ample.lunchtra: Accessing hidden field Landroid/view/WindowManagerGlobal;->mViews:Ljava/util/ArrayList; (unsupported, reflection, allowed)
08-31 19:50:16.261 19225 19225 W ample.lunchtra: Accessing hidden field Landroid/view/WindowManagerGlobal;->mParams:Ljava/util/ArrayList; (unsupported, reflection, allowed)
08-31 19:50:16.270 19225 19225 I ViewInteraction: Performing 'single click' action on view view.getId() is <2131231138/com.example.lunchtray:id/salad>
08-31 19:50:16.277 14809 17473 D InputDispatcher: Inject motion (19225): action=0x0, time=702370340000000, f=0x0, d=0
08-31 19:50:16.278 14809 14940 I InputDispatcher: Delivering touch to (15119): action: 0x4, f=0x0, d=0, 'a8b9824', t=0
08-31 19:50:16.278 14809 14940 I InputDispatcher: Delivering touch to (19225): action: 0x0, f=0x0, d=0, '6477ed0', t=0
08-31 19:50:16.278 15577 15577 W TouchInteractionService: onInputEvent, inputConsumer = com.android.quickstep.-$$Lambda$InputConsumer$cayMJybMMyH-XvJ76yEWjWeqQUo@78d20fe
08-31 19:50:16.279 19225 19225 I ViewRootImpl@8ef868[FragmentScenario$EmptyFragmentActivity]: ViewPostIme pointer 0
08-31 19:50:16.281 14809 14826 I GestureDetector: obtain mCurrentDownEvent. id: -438715769 caller: com.android.server.wm.SystemGesturesPointerEventListener.onPointerEvent:179 com.android.server.wm.PointerEventDispatcher.onInputEvent:71 android.view.InputEventReceiver.dispatchInputEvent:259
08-31 19:50:16.281 14809 14826 I GestureDetector: obtain mCurrentDownEvent. id: -438715769 caller: com.android.server.wm.SystemPerformancePointerEventListener.onPointerEvent:89 com.android.server.wm.PointerEventDispatcher.onInputEvent:71 android.view.InputEventReceiver.dispatchInputEvent:259
08-31 19:50:16.318 14809 17473 D InputDispatcher: Inject motion (19225): action=0x1, time=702370382000000, f=0x0, d=0
08-31 19:50:16.318 14809 14940 I InputDispatcher: Delivering touch to (19225): action: 0x1, f=0x0, d=0, '6477ed0', t=1
08-31 19:50:16.319 14809 14826 I GestureDetector: obtain mCurrentMotionEventRaw. action: 1 id: -190606015
08-31 19:50:16.319 19225 19225 I ViewRootImpl@8ef868[FragmentScenario$EmptyFragmentActivity]: ViewPostIme pointer 1
08-31 19:50:16.319 14809 14826 I GestureDetector: obtain mCurrentMotionEventRaw. action: 1 id: -190606015
08-31 19:50:16.319 15577 15577 W TouchInteractionService: reset
08-31 19:50:16.429 14809 15035 D SemNscXgbMsL1: Probability - Cloud gaming: [0.020164233]
08-31 19:50:16.430 14809 15035 D SemNscXgbMsL1: Probability - Real time: [0.48009282]
08-31 19:50:16.430 14809 15035 D SemNscXgbMsL1: Probability - Non real time: [0.9327655]
08-31 19:50:16.430 14809 15035 D SemNscXgbMsL1: 1 sample inference time: 0.506 msecs
08-31 19:50:16.431 14809 15035 D SemNscXgbL2Rt: L2 RT 1 sample inference time: 0.848308 msecs
08-31 19:50:16.431 14809 15035 D SemNscXgbL2Nrt: L2 NRT 1 sample inference time: 0.690462 msecs
08-31 19:50:16.581 14809 14826 I GestureDetector: handleMessage TAP
08-31 19:50:16.581 14809 14809 I GestureDetector: handleMessage TAP
08-31 19:50:16.589 14617 19287 I HYPER-HAL: [RequestManager.cpp]releaseLocked(): Released ID : 138419856
08-31 19:50:16.622 19225 19225 I ViewInteraction: Checking 'MatchesViewAssertion{viewMatcher=an instance of android.widget.TextView and view.getText() with or without transformation to match: a string containing "Subtotal: $2.50"}' assertion on view view.getId() is <2131231217/com.example.lunchtray:id/subtotal>
08-31 19:50:16.629 19225 19284 E TestRunner: failed: radio_buttons_update_side_menu_subtotal(com.example.lunchtray.OrderFunctionalityTests)
08-31 19:50:16.630 19225 19284 E TestRunner: ----- begin exception -----
08-31 19:50:16.633 19225 19284 E TestRunner: androidx.test.espresso.base.DefaultFailureHandler$AssertionFailedWithCauseError: 'an instance of android.widget.TextView and view.getText() with or without transformation to match: a string containing "Subtotal: $2.50"' doesn't match the selected view.
08-31 19:50:16.633 19225 19284 E TestRunner: Expected: an instance of android.widget.TextView and view.getText() with or without transformation to match: a string containing "Subtotal: $2.50"
08-31 19:50:16.633 19225 19284 E TestRunner:      Got: view.getText() was "Subtotal: 2.50"
08-31 19:50:16.633 19225 19284 E TestRunner: View Details: TextView{id=2131231217, res-name=subtotal, visibility=VISIBLE, width=279, height=55, has-focus=false, has-focusable=false, has-window-focus=true, is-clickable=false, is-enabled=true, is-focused=false, is-focusable=false, is-layout-requested=false, is-selected=false, layout-params=androidx.constraintlayout.widget.ConstraintLayout$LayoutParams@9576aa0, tag=null, root-is-layout-requested=false, has-input-connection=false, x=756.0, y=1018.0, text=Subtotal: 2.50, input-type=0, ime-target=false, has-links=false}
08-31 19:50:16.633 19225 19284 E TestRunner:
08-31 19:50:16.633 19225 19284 E TestRunner: 	at dalvik.system.VMStack.getThreadStackTrace(Native Method)
08-31 19:50:16.633 19225 19284 E TestRunner: 	at java.lang.Thread.getStackTrace(Thread.java:1724)
08-31 19:50:16.633 19225 19284 E TestRunner: 	at androidx.test.espresso.base.DefaultFailureHandler.getUserFriendlyError(DefaultFailureHandler.java:12)
08-31 19:50:16.633 19225 19284 E TestRunner: 	at androidx.test.espresso.base.DefaultFailureHandler.handle(DefaultFailureHandler.java:7)
08-31 19:50:16.633 19225 19284 E TestRunner: 	at androidx.test.espresso.ViewInteraction.waitForAndHandleInteractionResults(ViewInteraction.java:5)
08-31 19:50:16.633 19225 19284 E TestRunner: 	at androidx.test.espresso.ViewInteraction.check(ViewInteraction.java:12)
08-31 19:50:16.633 19225 19284 E TestRunner: 	at com.example.lunchtray.OrderFunctionalityTests.radio_buttons_update_side_menu_subtotal(OrderFunctionalityTests.kt:84)
08-31 19:50:16.633 19225 19284 E TestRunner: 	at java.lang.reflect.Method.invoke(Native Method)
08-31 19:50:16.633 19225 19284 E TestRunner: 	at org.junit.runners.model.FrameworkMethod$1.runReflectiveCall(FrameworkMethod.java:50)
08-31 19:50:16.633 19225 19284 E TestRunner: 	at org.junit.internal.runners.model.ReflectiveCallable.run(ReflectiveCallable.java:12)
08-31 19:50:16.633 19225 19284 E TestRunner: 	at org.junit.runners.model.FrameworkMethod.invokeExplosively(FrameworkMethod.java:47)
08-31 19:50:16.633 19225 19284 E TestRunner: 	at org.junit.internal.runners.statements.InvokeMethod.evaluate(InvokeMethod.java:17)
08-31 19:50:16.633 19225 19284 E TestRunner: 	at org.junit.runners.ParentRunner.runLeaf(ParentRunner.java:325)
08-31 19:50:16.633 19225 19284 E TestRunner: 	at org.junit.runners.BlockJUnit4ClassRunner.runChild(BlockJUnit4ClassRunner.java:78)
08-31 19:50:16.633 19225 19284 E TestRunner: 	at org.junit.runners.BlockJUnit4ClassRunner.runChild(BlockJUnit4ClassRunner.java:57)
08-31 19:50:16.633 19225 19284 E TestRunner: 	at org.junit.runners.ParentRunner$3.run(ParentRunner.java:290)
08-31 19:50:16.633 19225 19284 E TestRunner: 	at org.junit.runners.ParentRunner$1.schedule(ParentRunner.java:71)
08-31 19:50:16.633 19225 19284 E TestRunner: 	at org.junit.runners.ParentRunner.runChildren(ParentRunner.java:288)
08-31 19:50:16.633 19225 19284 E TestRunner: 	at org.junit.runners.ParentRunner.access$000(ParentRunner.java:58)
08-31 19:50:16.633 19225 19284 E TestRunner: 	at org.junit.runners.ParentRunner$2.evaluate(ParentRunner.java:268)
08-31 19:50:16.633 19225 19284 E TestRunner: 	at org.junit.runners.ParentRunner.run(ParentRunner.java:363)
08-31 19:50:16.633 19225 19284 E TestRunner: 	at androidx.test.ext.junit.runners.AndroidJUnit4.run(AndroidJUnit4.java:162)
08-31 19:50:16.633 19225 19284 E TestRunner: 	at org.junit.runners.Suite.runChild(Suite.java:128)
08-31 19:50:16.633 19225 19284 E TestRunner: 	at org.junit.runners.Suite.runChild(Suite.java:27)
08-31 19:50:16.633 19225 19284 E TestRunner: 	at org.junit.runners.ParentRunner$3.run(ParentRunner.java:290)
08-31 19:50:16.633 19225 19284 E TestRunner: 	at org.junit.runners.ParentRunner$1.schedule(ParentRunner.java:71)
08-31 19:50:16.633 19225 19284 E TestRunner: 	at org.junit.runners.ParentRunner.runChildren(ParentRunner.java:288)
08-31 19:50:16.633 19225 19284 E TestRunner: 	at org.junit.runners.ParentRunner.access$000(ParentRunner.java:58)
08-31 19:50:16.633 19225 19284 E TestRunner: 	at org.junit.runners.ParentRunner$2.evaluate(ParentRunner.java:268)
08-31 19:50:16.633 19225 19284 E TestRunner: 	at org.junit.runners.ParentRunner.run(ParentRunner.java:363)
08-31 19:50:16.633 19225 19284 E TestRunner: 	at org.junit.runner.JUnitCore.run(JUnitCore.java:137)
08-31 19:50:16.633 19225 19284 E TestRunner: 	at org.junit.runner.JUnitCore.run(JUnitCore.java:115)
08-31 19:50:16.633 19225 19284 E TestRunner: 	at androidx.test.internal.runner.TestExecutor.execute(TestExecutor.java:56)
08-31 19:50:16.633 19225 19284 E TestRunner: 	at androidx.test.runner.AndroidJUnitRunner.onStart(AndroidJUnitRunner.java:444)
08-31 19:50:16.633 19225 19284 E TestRunner: 	at android.app.Instrumentation$InstrumentationThread.run(Instrumentation.java:2261)
08-31 19:50:16.633 19225 19284 E TestRunner: Caused by: junit.framework.AssertionFailedError: 'an instance of android.widget.TextView and view.getText() with or without transformation to match: a string containing "Subtotal: $2.50"' doesn't match the selected view.
08-31 19:50:16.633 19225 19284 E TestRunner: Expected: an instance of android.widget.TextView and view.getText() with or without transformation to match: a string containing "Subtotal: $2.50"
08-31 19:50:16.633 19225 19284 E TestRunner:      Got: view.getText() was "Subtotal: 2.50"
08-31 19:50:16.633 19225 19284 E TestRunner: View Details: TextView{id=2131231217, res-name=subtotal, visibility=VISIBLE, width=279, height=55, has-focus=false, has-focusable=false, has-window-focus=true, is-clickable=false, is-enabled=true, is-focused=false, is-focusable=false, is-layout-requested=false, is-selected=false, layout-params=androidx.constraintlayout.widget.ConstraintLayout$LayoutParams@9576aa0, tag=null, root-is-layout-requested=false, has-input-connection=false, x=756.0, y=1018.0, text=Subtotal: 2.50, input-type=0, ime-target=false, has-links=false}
08-31 19:50:16.633 19225 19284 E TestRunner:
08-31 19:50:16.633 19225 19284 E TestRunner: 	at androidx.test.espresso.matcher.ViewMatchers.assertThat(ViewMatchers.java:16)
08-31 19:50:16.633 19225 19284 E TestRunner: 	at androidx.test.espresso.assertion.ViewAssertions$MatchesViewAssertion.check(ViewAssertions.java:11)
08-31 19:50:16.633 19225 19284 E TestRunner: 	at androidx.test.espresso.ViewInteraction$SingleExecutionViewAssertion.check(ViewInteraction.java:2)
08-31 19:50:16.633 19225 19284 E TestRunner: 	at androidx.test.espresso.ViewInteraction$2.call(ViewInteraction.java:12)
08-31 19:50:16.633 19225 19284 E TestRunner: 	at androidx.test.espresso.ViewInteraction$2.call(ViewInteraction.java:1)
08-31 19:50:16.633 19225 19284 E TestRunner: 	at java.util.concurrent.FutureTask.run(FutureTask.java:266)
08-31 19:50:16.633 19225 19284 E TestRunner: 	at android.os.Handler.handleCallback(Handler.java:938)
08-31 19:50:16.633 19225 19284 E TestRunner: 	at android.os.Handler.dispatchMessage(Handler.java:99)
08-31 19:50:16.633 19225 19284 E TestRunner: 	at android.os.Looper.loopOnce(Looper.java:226)
08-31 19:50:16.633 19225 19284 E TestRunner: 	at android.os.Looper.loop(Looper.java:313)
08-31 19:50:16.633 19225 19284 E TestRunner: 	at android.app.ActivityThread.main(ActivityThread.java:8669)
08-31 19:50:16.633 19225 19284 E TestRunner: 	at java.lang.reflect.Method.invoke(Native Method)
08-31 19:50:16.633 19225 19284 E TestRunner: 	at com.android.internal.os.RuntimeInit$MethodAndArgsCaller.run(RuntimeInit.java:571)
08-31 19:50:16.633 19225 19284 E TestRunner: 	at com.android.internal.os.ZygoteInit.main(ZygoteInit.java:1135)
08-31 19:50:16.633 19225 19284 E TestRunner: ----- end exception -----
08-31 19:50:16.680 19225 19284 I TestRunner: finished: radio_buttons_update_side_menu_subtotal(com.example.lunchtray.OrderFunctionalityTests)
