08-31 19:50:37.610   634   634 I Layer   : id=151925 Destroyed e8df376 Splash Screen com.example.lunchtray#0
08-31 19:50:37.610   634   634 I Layer   : id=151928 Destroyed Surface(name=Task=1232)/@0x34908bd - animation-leash of app_transition#0
08-31 19:50:37.610 14809 17475 V WindowManager: Relayout hash=1f13c62, pid=7302: mAttrs={(0,0)(fillxfill) gr=LEFT CENTER_HORIZONTAL sim={adjust=resize} layoutInDisplayCutoutMode=shortEdges ty=DRAWN_APPLICATION fmt=TRANSPARENT wanim=0x10302f2 alpha=0.0
08-31 19:50:37.610 14809 17475 V WindowManager:   fl=81850118
08-31 19:50:37.610 14809 17475 V WindowManager:   pfl=16020040
08-31 19:50:37.610 14809 17475 V WindowManager:   bhv=DEFAULT
08-31 19:50:37.610 14809 17475 V WindowManager:   fitSides= dimAmount=0.0 screenDimDuration=40000 naviIconColor=0}
08-31 19:50:37.613  7302  7302 I ViewRootImpl@19ab91b[LauncherActivity]: Relayout returned: old=(0,0,1080,2408) new=(0,0,1080,2408) req=(1080,2408)8 dur=16 res=0x5 s={false 0} ch=true fn=2
08-31 19:50:37.614   634   634 I Layer   : id=151926 Destroyed Splash Screen com.example.lunchtray$_15119#0
08-31 19:50:37.615  7302  7302 I A       : (REDACTED) onApplyWindowInsets: systemWindowInsets=%s
08-31 19:50:37.616  7302  7302 I A       : (REDACTED) onApplyWindowInsets: systemWindowInsets=%s
08-31 19:50:37.616 14809 15283 V WindowManager: Relayout hash=d738cd4, pid=15577: mAttrs={(0,0)(fillxfill) sim={adjust=nothing} layoutInDisplayCutoutMode=shortEdges ty=BASE_APPLICATION fmt=TRANSPARENT wanim=0x10302f2
08-31 19:50:37.616 14809 15283 V WindowManager:   fl=81910100
08-31 19:50:37.616 14809 15283 V WindowManager:   pfl=1e020040
08-31 19:50:37.616 14809 15283 V WindowManager:   vsysui=1700
08-31 19:50:37.616 14809 15283 V WindowManager:   bhv=SHOW_TRANSIENT_BARS_BY_SWIPE
08-31 19:50:37.616 14809 15283 V WindowManager:   fitSides= naviIconColor=0}
08-31 19:50:37.619 15577 15577 I ViewRootImpl@6da1f4c[LauncherActivity]: Relayout returned: old=(0,0,1080,2408) new=(0,0,1080,2408) req=(1080,2408)8 dur=11 res=0x5 s={false 0} ch=true fn=11
08-31 19:50:37.620 15577 15577 I ViewRootImpl@6da1f4c[LauncherActivity]: stopped(true) old=false
08-31 19:50:37.621   634   634 D SurfaceFlinger: Display 4633128508267670401 HWC layers:
08-31 19:50:37.621   634   634 D SurfaceFlinger:      DEVICE | 0xebe2f300 | 0102 | RGBA_8888    |    0.0    0.0 1080.0 2408.0 |    0    0 1080 2408 | com.example.lunchtray/com.example.lunchtray.MainActivity$_19225#0
08-31 19:50:37.621   634   634 D SurfaceFlinger:      DEVICE | 0xec168580 | 0100 | RGBA_8888    |    0.0    0.0 1080.0   66.0 |    0    0 1080   66 | StatusBar$_15119#0
08-31 19:50:37.621   634   634 D SurfaceFlinger:      CLIENT | 0xec277300 | 0100 | RGBA_8888    |    0.0    0.0  388.0   42.0 |  692 2366 1080 2408 | SGestureOverlayWindow$_15577#0
08-31 19:50:37.621   634   634 D SurfaceFlinger:      CLIENT | 0xec97b100 | 0100 | RGBA_8888    |    0.0    0.0 1080.0  135.0 |    0 2273 1080 2408 | NavigationBar0$_15119#0
08-31 19:50:37.621   634   634 D SurfaceFlinger:      DEVICE | 0xec278980 | 0108 | RGBA_8888    |    0.0    0.0 1080.0 2408.0 |    0    0 1080 2408 | BlueLightFilter$_15119#0
08-31 19:50:37.621   634   634 D SurfaceFlinger:
08-31 19:50:37.625 15577 15577 I BaseActivity: removeActivityFlags, flags : 17
08-31 19:50:37.626   634  3050 I SurfaceFlinger: id=151916 Removed OneUiHome-BlurLayer#0 (117)
08-31 19:50:37.627 15577 15577 I StateManager: goToState isInState Normal
08-31 19:50:37.629 15577 15645 I IMM_LC  : hsifw() - flags=0, caller=android.view.inputmethod.InputMethodManager.hideSoftInputFromWindow:1858 android.view.inputmethod.InputMethodManager.hideSoftInputFromWindow:1827 com.android.launcher3.util.UiThreadHelper$UiCallbacks.handleMessage:103 android.os.Handler.dispatchMessage:102 android.os.Looper.loopOnce:226
08-31 19:50:37.629 15577 15645 I IMM_LC  : hideSoftInputFromWindow - mService.hideSoftInput
08-31 19:50:37.631 15577 15577 W LauncherAppWidgetHost: setShouldListenFlag, mFlags:7 flag:start on:false isFront:false
08-31 19:50:37.633 14809 17475 I AppWidgetServiceImpl: stopListening callbacks : null
08-31 19:50:37.633 15577 15577 W LauncherAppWidgetHost: stopListening, mFlags:2 isFront:false
08-31 19:50:37.634 15577 15577 W Launcher.NotificationListener: removeNotificationsChangedListener
08-31 19:50:37.634 15577 15577 I BadgeCountUpdaterImpl: onNotificationsChangedDisConnected
08-31 19:50:37.634 15577 15577 I Launcher.NotificationListener: unregisterObserver, this is not notificationService!!
08-31 19:50:37.635 15577 15645 I LiveIconUpdateEventHandler: LiveIcon onStop
08-31 19:50:37.636 15577 15645 I LiveIconUpdateEventHandler: cancelMinuteChangeAlarm
08-31 19:50:37.639 15577 15645 I LiveIconUpdateEventHandler: cancelDateChangeAlarm
08-31 19:50:37.642 15577 15645 I LiveIconUpdateEventHandler: unregisterReceiver
08-31 19:50:37.642  9116  9116 I GsaVoiceInteractionSrv: Handling ACTION_STOP_HOTWORD
08-31 19:50:37.643  9116  9219 I HwDetectorWithState: (REDACTED) a: %d
08-31 19:50:37.674   634   634 I Layer   : id=151912 removeFromCurrentState com.sec.android.app.launcher/com.sec.android.app.launcher.activities.LauncherActivity$_7302#0 (117)
08-31 19:50:37.674   634   634 I Layer   : id=151913 removeFromCurrentState com.sec.android.app.launcher/com.sec.android.app.launcher.activities.LauncherActivity$_15577#0 (117)
08-31 19:50:37.675   634   634 I Layer   : id=151916 removeFromCurrentState OneUiHome-BlurLayer#0 (117)
08-31 19:50:37.675   634   634 I SurfaceFlinger: id=151913 Removed com.sec.android.app.launcher/com.sec.android.app.launcher.activities.LauncherActivity$_15577#0 (117)
08-31 19:50:37.675   634   634 I SurfaceFlinger: id=151912 Removed com.sec.android.app.launcher/com.sec.android.app.launcher.activities.LauncherActivity$_7302#0 (117)
08-31 19:50:37.675   634   634 I Layer   : id=151913 Destroyed com.sec.android.app.launcher/com.sec.android.app.launcher.activities.LauncherActivity$_15577#0
08-31 19:50:37.675   634   634 I Layer   : id=151916 Destroyed OneUiHome-BlurLayer#0
08-31 19:50:37.676   634   634 I Layer   : id=151912 Destroyed com.sec.android.app.launcher/com.sec.android.app.launcher.activities.LauncherActivity$_7302#0
08-31 19:50:37.705 14701 15029 I bauth_FPBAuthService: pcf : 0x1012, 0 ,2 ,0 ,0 ,0 ,2, 0.0.0.0
08-31 19:50:37.705 14701 15029 I bauth_FPBAuthService: thread id : 2, preenroll_flag : 0, nd cnt : 1, cso : 3, et : 0
08-31 19:50:37.705 14701 15029 I bauth_FPBAuthService: FPBAuthService, 11756
08-31 19:50:37.744 14809 17475 V WindowManager: Relayout Window{bf0cdf3 u0 com.example.lunchtray/com.example.lunchtray.MainActivity}: viewVisibility=0 req=1080x2408 d0
08-31 19:50:37.747 14809 17475 V WindowManager: Relayout hash=bf0cdf3, pid=19225: mAttrs={(0,0)(fillxfill) sim={adjust=resize} ty=BASE_APPLICATION wanim=0x1030303
08-31 19:50:37.747 14809 17475 V WindowManager:   fl=81810100
08-31 19:50:37.747 14809 17475 V WindowManager:   pfl=12020040
08-31 19:50:37.747 14809 17475 V WindowManager:   bhv=DEFAULT
08-31 19:50:37.747 14809 17475 V WindowManager:   fitSides= naviIconColor=0}
08-31 19:50:37.751 19225 19225 I ViewRootImpl@23bb8d5[MainActivity]: Relayout returned: old=(0,0,1080,2408) new=(0,0,1080,2408) req=(1080,2408)0 dur=7 res=0x1 s={true 4004536320} ch=false fn=18
08-31 19:50:37.753 19225 19225 D ScrollView:  onsize change changed
08-31 19:50:37.773 19225 19225 D LifecycleMonitor: Lifecycle status change: androidx.test.core.app.InstrumentationActivityInvoker$BootstrapActivity@ee73427 in: STOPPED
08-31 19:50:37.774 19225 19225 V ActivityScenario: Activity lifecycle changed event received but ignored because the intent does not match. startActivityIntent=Intent { act=android.intent.action.MAIN cat=[android.intent.category.LAUNCHER] cmp=com.example.lunchtray/androidx.fragment.app.testing.FragmentScenario$EmptyFragmentActivity (has extras) }, activity.getIntent()=Intent { act=android.intent.action.MAIN cat=[android.intent.category.LAUNCHER] flg=0x10008000 cmp=com.example.lunchtray/androidx.test.core.app.InstrumentationActivityInvoker$BootstrapActivity (has extras) }, activity=androidx.test.core.app.InstrumentationActivityInvoker$BootstrapActivity@ee73427
08-31 19:50:37.775 19225 19225 V ActivityScenario: Activity lifecycle changed event received but ignored because the intent does not match. startActivityIntent=Intent { act=android.intent.action.MAIN cat=[android.intent.category.LAUNCHER] cmp=com.example.lunchtray/.MainActivity }, activity.getIntent()=Intent { act=android.intent.action.MAIN cat=[android.intent.category.LAUNCHER] flg=0x10008000 cmp=com.example.lunchtray/androidx.test.core.app.InstrumentationActivityInvoker$BootstrapActivity (has extras) }, activity=androidx.test.core.app.InstrumentationActivityInvoker$BootstrapActivity@ee73427
08-31 19:50:37.802 14809 14826 I GestureDetector: handleMessage TAP
08-31 19:50:37.803 14809 14809 I GestureDetector: handleMessage TAP
08-31 19:50:37.917 14809 15035 I SemWifiServiceDetector: Traff. tracking resumed
08-31 19:50:37.952 14617 19430 I HYPER-HAL: [RequestManager.cpp]releaseLocked(): Released ID : 109868090
08-31 19:50:38.001 19225 19225 I ViewInteraction: Performing 'single click' action on view view.getId() is <2131230844/com.example.lunchtray:id/cauliflower>
08-31 19:50:38.004 14809 17475 D InputDispatcher: Inject motion (19225): action=0x0, time=702392068000000, f=0x0, d=0
08-31 19:50:38.004 14809 14940 I InputDispatcher: Delivering touch to (15119): action: 0x4, f=0x0, d=0, 'a8b9824', t=0
08-31 19:50:38.004 14809 14940 I InputDispatcher: Delivering touch to (19225): action: 0x0, f=0x0, d=0, 'bf0cdf3', t=0
08-31 19:50:38.005 15577 15577 W TouchInteractionService: onInputEvent, inputConsumer = com.android.quickstep.-$$Lambda$InputConsumer$cayMJybMMyH-XvJ76yEWjWeqQUo@78d20fe
08-31 19:50:38.005 14809 14826 I GestureDetector: obtain mCurrentDownEvent. id: -972969671 caller: com.android.server.wm.SystemGesturesPointerEventListener.onPointerEvent:179 com.android.server.wm.PointerEventDispatcher.onInputEvent:71 android.view.InputEventReceiver.dispatchInputEvent:259
08-31 19:50:38.005 19225 19225 I ViewRootImpl@23bb8d5[MainActivity]: ViewPostIme pointer 0
08-31 19:50:38.006 14809 14826 I GestureDetector: obtain mCurrentDownEvent. id: -972969671 caller: com.android.server.wm.SystemPerformancePointerEventListener.onPointerEvent:89 com.android.server.wm.PointerEventDispatcher.onInputEvent:71 android.view.InputEventReceiver.dispatchInputEvent:259
08-31 19:50:38.044 14809 17475 D InputDispatcher: Inject motion (19225): action=0x1, time=702392108000000, f=0x0, d=0
08-31 19:50:38.044 14809 14940 I InputDispatcher: Delivering touch to (19225): action: 0x1, f=0x0, d=0, 'bf0cdf3', t=1
08-31 19:50:38.045 19225 19225 I ViewRootImpl@23bb8d5[MainActivity]: ViewPostIme pointer 1
08-31 19:50:38.045 14809 14826 I GestureDetector: obtain mCurrentMotionEventRaw. action: 1 id: -217030363
08-31 19:50:38.045 14809 14826 I GestureDetector: obtain mCurrentMotionEventRaw. action: 1 id: -217030363
08-31 19:50:38.046 15577 15577 W TouchInteractionService: reset
08-31 19:50:38.305 14809 14826 I GestureDetector: handleMessage TAP
08-31 19:50:38.306 14809 14809 I GestureDetector: handleMessage TAP
08-31 19:50:38.311 19225 19225 I ViewInteraction: Performing 'single click' action on view view.getId() is <2131231081/com.example.lunchtray:id/next_button>
08-31 19:50:38.314 14809 17475 D InputDispatcher: Inject motion (19225): action=0x0, time=702392378000000, f=0x0, d=0
08-31 19:50:38.314 14809 14940 I InputDispatcher: Delivering touch to (15119): action: 0x4, f=0x0, d=0, 'a8b9824', t=0
08-31 19:50:38.314 14809 14940 I InputDispatcher: Delivering touch to (19225): action: 0x0, f=0x0, d=0, 'bf0cdf3', t=0
08-31 19:50:38.314 15577 15577 W TouchInteractionService: onInputEvent, inputConsumer = com.android.quickstep.-$$Lambda$InputConsumer$cayMJybMMyH-XvJ76yEWjWeqQUo@78d20fe
08-31 19:50:38.315 19225 19225 I ViewRootImpl@23bb8d5[MainActivity]: ViewPostIme pointer 0
08-31 19:50:38.316 14809 14826 I GestureDetector: obtain mCurrentDownEvent. id: -940512167 caller: com.android.server.wm.SystemGesturesPointerEventListener.onPointerEvent:179 com.android.server.wm.PointerEventDispatcher.onInputEvent:71 android.view.InputEventReceiver.dispatchInputEvent:259
08-31 19:50:38.317 14809 14826 I GestureDetector: obtain mCurrentDownEvent. id: -940512167 caller: com.android.server.wm.SystemPerformancePointerEventListener.onPointerEvent:89 com.android.server.wm.PointerEventDispatcher.onInputEvent:71 android.view.InputEventReceiver.dispatchInputEvent:259
08-31 19:50:38.355 14809 17475 D InputDispatcher: Inject motion (19225): action=0x1, time=702392420000000, f=0x0, d=0
08-31 19:50:38.356 14809 14940 I InputDispatcher: Delivering touch to (19225): action: 0x1, f=0x0, d=0, 'bf0cdf3', t=1
08-31 19:50:38.356 15577 15577 W TouchInteractionService: reset
08-31 19:50:38.356 19225 19225 I ViewRootImpl@23bb8d5[MainActivity]: ViewPostIme pointer 1
08-31 19:50:38.357 14809 14826 I GestureDetector: obtain mCurrentMotionEventRaw. action: 1 id: -102618051
08-31 19:50:38.358 14809 14826 I GestureDetector: obtain mCurrentMotionEventRaw. action: 1 id: -102618051
08-31 19:50:38.384 19225 19225 D ScrollView: initGoToTop
08-31 19:50:38.429 14809 15035 D SemNscXgbMsL1: Probability - Cloud gaming: [0.013927084]
08-31 19:50:38.429 14809 15035 D SemNscXgbMsL1: Probability - Real time: [0.019671049]
08-31 19:50:38.430 14809 15035 D SemNscXgbMsL1: Probability - Non real time: [0.89535385]
08-31 19:50:38.430 14809 15035 D SemNscXgbMsL1: 1 sample inference time: 1.094615 msecs
08-31 19:50:38.431 14809 15035 D SemNscXgbL2Rt: L2 RT 1 sample inference time: 1.019 msecs
08-31 19:50:38.432 14809 15035 D SemNscXgbL2Nrt: L2 NRT 1 sample inference time: 0.734538 msecs
08-31 19:50:38.483 19225 19225 D ScrollView:  onsize change changed
08-31 19:50:38.616 14617 19408 I HYPER-HAL: [RequestManager.cpp]releaseLocked(): Released ID : 138419856
08-31 19:50:38.616 14809 14809 I GestureDetector: handleMessage TAP
08-31 19:50:38.617 14809 14826 I GestureDetector: handleMessage TAP
08-31 19:50:38.705 14701 15029 I bauth_FPBAuthService: pcf : 0x1012, 0 ,2 ,0 ,0 ,0 ,2, 0.0.0.0
08-31 19:50:38.705 14701 15029 I bauth_FPBAuthService: thread id : 2, preenroll_flag : 0, nd cnt : 1, cso : 3, et : 0
08-31 19:50:38.705 14701 15029 I bauth_FPBAuthService: FPBAuthService, 11756
08-31 19:50:38.721 19225 19225 I ViewInteraction: Performing 'single click' action on view view.getId() is <2131231187/com.example.lunchtray:id/soup>
08-31 19:50:38.724 14809 15283 D InputDispatcher: Inject motion (19225): action=0x0, time=702392788000000, f=0x0, d=0
08-31 19:50:38.724 14809 14940 I InputDispatcher: Delivering touch to (15119): action: 0x4, f=0x0, d=0, 'a8b9824', t=0
08-31 19:50:38.724 14809 14940 I InputDispatcher: Delivering touch to (19225): action: 0x0, f=0x0, d=0, 'bf0cdf3', t=0
08-31 19:50:38.725 15577 15577 W TouchInteractionService: onInputEvent, inputConsumer = com.android.quickstep.-$$Lambda$InputConsumer$cayMJybMMyH-XvJ76yEWjWeqQUo@78d20fe
08-31 19:50:38.725 14809 14826 I GestureDetector: obtain mCurrentDownEvent. id: -416911083 caller: com.android.server.wm.SystemGesturesPointerEventListener.onPointerEvent:179 com.android.server.wm.PointerEventDispatcher.onInputEvent:71 android.view.InputEventReceiver.dispatchInputEvent:259
08-31 19:50:38.725 19225 19225 I ViewRootImpl@23bb8d5[MainActivity]: ViewPostIme pointer 0
08-31 19:50:38.726 14809 14826 I GestureDetector: obtain mCurrentDownEvent. id: -416911083 caller: com.android.server.wm.SystemPerformancePointerEventListener.onPointerEvent:89 com.android.server.wm.PointerEventDispatcher.onInputEvent:71 android.view.InputEventReceiver.dispatchInputEvent:259
08-31 19:50:38.764 14809 15283 D InputDispatcher: Inject motion (19225): action=0x1, time=702392828000000, f=0x0, d=0
08-31 19:50:38.764 14809 14940 I InputDispatcher: Delivering touch to (19225): action: 0x1, f=0x0, d=0, 'bf0cdf3', t=1
08-31 19:50:38.765 14809 14826 I GestureDetector: obtain mCurrentMotionEventRaw. action: 1 id: -681410444
08-31 19:50:38.765 15577 15577 W TouchInteractionService: reset
08-31 19:50:38.765 19225 19225 I ViewRootImpl@23bb8d5[MainActivity]: ViewPostIme pointer 1
08-31 19:50:38.765 14809 14826 I GestureDetector: obtain mCurrentMotionEventRaw. action: 1 id: -681410444
08-31 19:50:38.934 14809 15035 D SemNscXgbMsL1: Probability - Cloud gaming: [0.033902943]
08-31 19:50:38.934 14809 15035 D SemNscXgbMsL1: Probability - Real time: [0.027971087]
08-31 19:50:38.934 14809 15035 D SemNscXgbMsL1: Probability - Non real time: [0.9151614]
08-31 19:50:38.934 14809 15035 D SemNscXgbMsL1: 1 sample inference time: 0.5015 msecs
08-31 19:50:38.935 14809 15035 D SemNscXgbL2Rt: L2 RT 1 sample inference time: 0.939154 msecs
08-31 19:50:38.936 14809 15035 D SemNscXgbL2Nrt: L2 NRT 1 sample inference time: 0.688693 msecs
08-31 19:50:39.025 14809 14809 I GestureDetector: handleMessage TAP
08-31 19:50:39.025 14809 14826 I GestureDetector: handleMessage TAP
08-31 19:50:39.026 19225 19225 I ViewInteraction: Performing 'single click' action on view view.getId() is <2131230842/com.example.lunchtray:id/cancel_button>
08-31 19:50:39.029 14809 15283 D InputDispatcher: Inject motion (19225): action=0x0, time=702393093000000, f=0x0, d=0
08-31 19:50:39.030 14809 14940 I InputDispatcher: Delivering touch to (15119): action: 0x4, f=0x0, d=0, 'a8b9824', t=0
08-31 19:50:39.030 14809 14940 I InputDispatcher: Delivering touch to (19225): action: 0x0, f=0x0, d=0, 'bf0cdf3', t=0
08-31 19:50:39.030 15577 15577 W TouchInteractionService: onInputEvent, inputConsumer = com.android.quickstep.-$$Lambda$InputConsumer$cayMJybMMyH-XvJ76yEWjWeqQUo@78d20fe
08-31 19:50:39.030 14809 14826 I GestureDetector: obtain mCurrentDownEvent. id: -802335654 caller: com.android.server.wm.SystemGesturesPointerEventListener.onPointerEvent:179 com.android.server.wm.PointerEventDispatcher.onInputEvent:71 android.view.InputEventReceiver.dispatchInputEvent:259
08-31 19:50:39.031 14809 14826 I GestureDetector: obtain mCurrentDownEvent. id: -802335654 caller: com.android.server.wm.SystemPerformancePointerEventListener.onPointerEvent:89 com.android.server.wm.PointerEventDispatcher.onInputEvent:71 android.view.InputEventReceiver.dispatchInputEvent:259
08-31 19:50:39.031 19225 19225 I ViewRootImpl@23bb8d5[MainActivity]: ViewPostIme pointer 0
08-31 19:50:39.069 14809 15283 D InputDispatcher: Inject motion (19225): action=0x1, time=702393133000000, f=0x0, d=0
08-31 19:50:39.069 14809 14940 I InputDispatcher: Delivering touch to (19225): action: 0x1, f=0x0, d=0, 'bf0cdf3', t=1
08-31 19:50:39.069 15577 15577 W TouchInteractionService: reset
08-31 19:50:39.069 14809 14826 I GestureDetector: obtain mCurrentMotionEventRaw. action: 1 id: -67917634
08-31 19:50:39.070 19225 19225 I ViewRootImpl@23bb8d5[MainActivity]: ViewPostIme pointer 1
08-31 19:50:39.070 14809 14826 I GestureDetector: obtain mCurrentMotionEventRaw. action: 1 id: -67917634
08-31 19:50:39.132 14809 15283 V WindowManager: Relayout Window{bf0cdf3 u0 com.example.lunchtray/com.example.lunchtray.MainActivity}: viewVisibility=0 req=1080x2408 d0
08-31 19:50:39.135 14809 15283 V WindowManager: Relayout hash=bf0cdf3, pid=19225: mAttrs={(0,0)(fillxfill) sim={adjust=pan} ty=BASE_APPLICATION wanim=0x1030303
08-31 19:50:39.135 14809 15283 V WindowManager:   fl=81810100
08-31 19:50:39.135 14809 15283 V WindowManager:   pfl=12020040
08-31 19:50:39.135 14809 15283 V WindowManager:   bhv=DEFAULT
08-31 19:50:39.135 14809 15283 V WindowManager:   fitSides= naviIconColor=0}
08-31 19:50:39.138 19225 19225 I ViewRootImpl@23bb8d5[MainActivity]: Relayout returned: old=(0,0,1080,2408) new=(0,0,1080,2408) req=(1080,2408)0 dur=6 res=0x1 s={true 4004536320} ch=false fn=68
08-31 19:50:39.330 14809 14826 I GestureDetector: handleMessage TAP
08-31 19:50:39.331 14809 14809 I GestureDetector: handleMessage TAP
08-31 19:50:39.371 19225 19225 I ViewInteraction: Performing 'single click' action on view view.getId() is <2131231208/com.example.lunchtray:id/start_order_btn>
08-31 19:50:39.374 14809 15283 D InputDispatcher: Inject motion (19225): action=0x0, time=702393438000000, f=0x0, d=0
08-31 19:50:39.375 14809 14940 I InputDispatcher: Delivering touch to (15119): action: 0x4, f=0x0, d=0, 'a8b9824', t=0
08-31 19:50:39.375 14809 14940 I InputDispatcher: Delivering touch to (19225): action: 0x0, f=0x0, d=0, 'bf0cdf3', t=0
08-31 19:50:39.375 15577 15577 W TouchInteractionService: onInputEvent, inputConsumer = com.android.quickstep.-$$Lambda$InputConsumer$cayMJybMMyH-XvJ76yEWjWeqQUo@78d20fe
08-31 19:50:39.375 14809 14826 I GestureDetector: obtain mCurrentDownEvent. id: -110802293 caller: com.android.server.wm.SystemGesturesPointerEventListener.onPointerEvent:179 com.android.server.wm.PointerEventDispatcher.onInputEvent:71 android.view.InputEventReceiver.dispatchInputEvent:259
08-31 19:50:39.375 19225 19225 I ViewRootImpl@23bb8d5[MainActivity]: ViewPostIme pointer 0
08-31 19:50:39.376 14809 14826 I GestureDetector: obtain mCurrentDownEvent. id: -110802293 caller: com.android.server.wm.SystemPerformancePointerEventListener.onPointerEvent:89 com.android.server.wm.PointerEventDispatcher.onInputEvent:71 android.view.InputEventReceiver.dispatchInputEvent:259
08-31 19:50:39.416 14809 15340 D InputDispatcher: Inject motion (19225): action=0x1, time=702393480000000, f=0x0, d=0
08-31 19:50:39.416 14809 14940 I InputDispatcher: Delivering touch to (19225): action: 0x1, f=0x0, d=0, 'bf0cdf3', t=1
08-31 19:50:39.416 15577 15577 W TouchInteractionService: reset
08-31 19:50:39.416 14809 14826 I GestureDetector: obtain mCurrentMotionEventRaw. action: 1 id: -95042144
08-31 19:50:39.416 19225 19225 I ViewRootImpl@23bb8d5[MainActivity]: ViewPostIme pointer 1
08-31 19:50:39.417 14809 14826 I GestureDetector: obtain mCurrentMotionEventRaw. action: 1 id: -95042144
08-31 19:50:39.434 19225 19225 D ScrollView: initGoToTop
08-31 19:50:39.437 14809 15035 D SemNscXgbMsL1: Probability - Cloud gaming: [0.01139229]
08-31 19:50:39.438 14809 15035 D SemNscXgbMsL1: Probability - Real time: [0.023152959]
08-31 19:50:39.438 14809 15035 D SemNscXgbMsL1: Probability - Non real time: [0.9065161]
08-31 19:50:39.438 14809 15035 D SemNscXgbMsL1: 1 sample inference time: 1.012116 msecs
08-31 19:50:39.440 14809 15035 D SemNscXgbL2Rt: L2 RT 1 sample inference time: 0.982038 msecs
08-31 19:50:39.441 14809 15035 D SemNscXgbL2Nrt: L2 NRT 1 sample inference time: 0.713192 msecs
08-31 19:50:39.529 14809 15340 V WindowManager: Relayout Window{bf0cdf3 u0 com.example.lunchtray/com.example.lunchtray.MainActivity}: viewVisibility=0 req=1080x2408 d0
08-31 19:50:39.532 14809 15340 V WindowManager: Relayout hash=bf0cdf3, pid=19225: mAttrs={(0,0)(fillxfill) sim={adjust=resize} ty=BASE_APPLICATION wanim=0x1030303
08-31 19:50:39.532 14809 15340 V WindowManager:   fl=81810100
08-31 19:50:39.532 14809 15340 V WindowManager:   pfl=12020040
08-31 19:50:39.532 14809 15340 V WindowManager:   bhv=DEFAULT
08-31 19:50:39.532 14809 15340 V WindowManager:   fitSides= naviIconColor=0}
08-31 19:50:39.536 19225 19225 I ViewRootImpl@23bb8d5[MainActivity]: Relayout returned: old=(0,0,1080,2408) new=(0,0,1080,2408) req=(1080,2408)0 dur=7 res=0x1 s={true 4004536320} ch=false fn=78
08-31 19:50:39.538 19225 19225 D ScrollView:  onsize change changed
08-31 19:50:39.675 14809 14826 I GestureDetector: handleMessage TAP
08-31 19:50:39.676 14809 14809 I GestureDetector: handleMessage TAP
08-31 19:50:39.705 14701 15029 I bauth_FPBAuthService: pcf : 0x1012, 0 ,2 ,0 ,0 ,0 ,2, 0.0.0.0
08-31 19:50:39.705 14701 15029 I bauth_FPBAuthService: thread id : 2, preenroll_flag : 0, nd cnt : 1, cso : 3, et : 0
08-31 19:50:39.706 14701 15029 I bauth_FPBAuthService: FPBAuthService, 11756
08-31 19:50:39.735 15119 15119 D NetworkController.WifiSignalController: notifyListener: visible=true, enabled=true, connected=true, inetCondition=1, isDefault=true, receivedCR=true, receivedIC=-1, shouldForceHide=false, emptyConnected=false
08-31 19:50:39.809 19225 19225 I ViewInteraction: Checking 'MatchesViewAssertion{viewMatcher=(view has effective visibility <VISIBLE> and view.getGlobalVisibleRect() to return non-empty rectangle)}' assertion on view an instance of android.widget.TextView and view.getText() with or without transformation to match: is "Subtotal: $0.00"
08-31 19:50:39.810 19225 19225 E ViewAssertions: '(view has effective visibility <VISIBLE> and view.getGlobalVisibleRect() to return non-empty rectangle)' check could not be performed because view 'an instance of android.widget.TextView and view.getText() with or without transformation to match: is "Subtotal: $0.00"' was not found.
08-31 19:50:39.811 19225 19284 E TestRunner: failed: order_reset_after_cancel_from_side_menu(com.example.lunchtray.OrderFunctionalityTests)
08-31 19:50:39.812 19225 19284 E TestRunner: ----- begin exception -----
08-31 19:50:39.813 19225 19284 E TestRunner: androidx.test.espresso.NoMatchingViewException: No views in hierarchy found matching: an instance of android.widget.TextView and view.getText() with or without transformation to match: is "Subtotal: $0.00"
08-31 19:50:39.813 19225 19284 E TestRunner:
08-31 19:50:39.813 19225 19284 E TestRunner: View Hierarchy:
08-31 19:50:39.813 19225 19284 E TestRunner: +>DecorView{id=-1, visibility=VISIBLE, width=1080, height=2408, has-focus=false, has-focusable=true, has-window-focus=true, is-clickable=false, is-enabled=true, is-focused=false, is-focusable=false, is-layout-requested=false, is-selected=false, layout-params={(0,0)(fillxfill) ty=BASE_APPLICATION wanim=0x1030303
08-31 19:50:39.813 19225 19284 E TestRunner:   fl=81810100
08-31 19:50:39.813 19225 19284 E TestRunner:   pfl=10020040
08-31 19:50:39.813 19225 19284 E TestRunner:   bhv=DEFAULT
08-31 19:50:39.813 19225 19284 E TestRunner:   fitSides= naviIconColor=0}, tag=null, root-is-layout-requested=false, has-input-connection=false, x=0.0, y=0.0, child-count=3}
08-31 19:50:39.813 19225 19284 E TestRunner: |
08-31 19:50:39.813 19225 19284 E TestRunner: +->LinearLayout{id=-1, visibility=VISIBLE, width=1080, height=2366, has-focus=false, has-focusable=true, has-window-focus=true, is-clickable=false, is-enabled=true, is-focused=false, is-focusable=false, is-layout-requested=false, is-selected=false, layout-params=android.widget.FrameLayout$LayoutParams@448c798, tag=null, root-is-layout-requested=false, has-input-connection=false, x=0.0, y=0.0, child-count=2}
08-31 19:50:39.813 19225 19284 E TestRunner: |
08-31 19:50:39.813 19225 19284 E TestRunner: +-->ViewStub{id=16908722, res-name=action_mode_bar_stub, visibility=GONE, width=0, height=0, has-focus=false, has-focusable=false, has-window-focus=true, is-clickable=false, is-enabled=true, is-focused=false, is-focusable=false, is-layout-requested=true, is-selected=false, layout-params=android.widget.LinearLayout$LayoutParams@75d7bf1, tag=null, root-is-layout-requested=false, has-input-connection=false, x=0.0, y=0.0}
08-31 19:50:39.813 19225 19284 E TestRunner: |
08-31 19:50:39.813 19225 19284 E TestRunner: +-->FrameLayout{id=-1, visibility=VISIBLE, width=1080, height=2300, has-focus=false, has-focusable=true, has-window-focus=true, is-clickable=false, is-enabled=true, is-focused=false, is-focusable=false, is-layout-requested=false, is-selected=false, layout-params=android.widget.LinearLayout$LayoutParams@644e657, tag=null, root-is-layout-requested=false, has-input-connection=false, x=0.0, y=66.0, child-count=1}
08-31 19:50:39.813 19225 19284 E TestRunner: |
08-31 19:50:39.813 19225 19284 E TestRunner: +--->ActionBarOverlayLayout{id=2131230893, res-name=decor_content_parent, visibility=VISIBLE, width=1080, height=2300, has-focus=false, has-focusable=true, has-window-focus=true, is-clickable=false, is-enabled=true, is-focused=false, is-focusable=false, is-layout-requested=false, is-selected=false, layout-params=android.widget.FrameLayout$LayoutParams@75de762, tag=null, root-is-layout-requested=false, has-input-connection=false, x=0.0, y=0.0, child-count=2}
08-31 19:50:39.813 19225 19284 E TestRunner: |
08-31 19:50:39.813 19225 19284 E TestRunner: +---->ContentFrameLayout{id=16908290, res-name=content, visibility=VISIBLE, width=1080, height=2142, has-focus=false, has-focusable=true, has-window-focus=true, is-clickable=false, is-enabled=true, is-focused=false, is-focusable=false, is-layout-requested=false, is-selected=false, layout-params=androidx.appcompat.widget.ActionBarOverlayLayout$LayoutParams@694f1b0, tag=null, root-is-layout-requested=false, has-input-connection=false, x=0.0, y=158.0, child-count=1}
08-31 19:50:39.813 19225 19284 E TestRunner: |
08-31 19:50:39.813 19225 19284 E TestRunner: +----->ConstraintLayout{id=2131230877, res-name=container, visibility=VISIBLE, width=1080, height=2142, has-focus=false, has-focusable=true, has-window-focus=true, is-clickable=false, is-enabled=true, is-focused=false, is-focusable=false, is-layout-requested=false, is-selected=false, layout-params=android.widget.FrameLayout$LayoutParams@1b717ae, tag=null, root-is-layout-requested=false, has-input-connection=false, x=0.0, y=0.0, child-count=1}
08-31 19:50:39.813 19225 19284 E TestRunner: |
08-31 19:50:39.813 19225 19284 E TestRunner: +------>FragmentContainerView{id=2131231069, res-name=nav_host_fragment, visibility=VISIBLE, width=1080, height=2142, has-focus=false, has-focusable=true, has-window-focus=true, is-clickable=false, is-enabled=true, is-focused=false, is-focusable=false, is-layout-requested=false, is-selected=false, layout-params=androidx.constraintlayout.widget.ConstraintLayout$LayoutParams@44f78dc, tag=null, root-is-layout-requested=false, has-input-connection=false, x=0.0, y=0.0, child-count=1}
08-31 19:50:39.813 19225 19284 E TestRunner: |
08-31 19:50:39.813 19225 19284 E TestRunner: +------->FragmentContainerView{id=2131231069, res-name=nav_host_fragment, visibility=VISIBLE, width=1080, height=2142, has-focus=false, has-focusable=true, has-window-focus=true, is-clickable=false, is-enabled=true, is-focused=false, is-focusable=false, is-layout-requested=false, is-selected=false, layout-params=android.widget.FrameLayout$LayoutParams@a6100ba, tag=null, root-is-layout-requested=false, has-input-connection=false, x=0.0, y=0.0, child-count=1}
08-31 19:50:39.813 19225 19284 E TestRunner: |
08-31 19:50:39.813 19225 19284 E TestRunner: +-------->ScrollView{id=-1, visibility=VISIBLE, width=1080, height=1560, has-focus=false, has-focusable=true, has-window-focus=true, is-clickable=false, is-enabled=true, is-focused=false, is-focusable=true, is-layout-requested=false, is-selected=false, layout-params=android.widget.FrameLayout$LayoutParams@9c946c8, tag=null, root-is-layout-requested=false, has-input-connection=false, x=0.0, y=0.0, child-count=1}
08-31 19:50:39.813 19225 19284 E TestRunner: |
08-31 19:50:39.813 19225 19284 E TestRunner: +--------->ConstraintLayout{id=-1, visibility=VISIBLE, width=1080, height=1560, has-focus=false, has-focusable=true, has-window-focus=true, is-clickable=false, is-enabled=true, is-focused=false, is-focusable=false, is-layout-requested=false, is-selected=false, layout-params=android.widget.FrameLayout$LayoutParams@9d2ed12, tag=null, root-is-layout-requested=false, has-input-connection=false, x=0.0, y=0.0, child-count=5}
08-31 19:50:39.813 19225 19284 E TestRunner: |
08-31 19:50:39.813 19225 19284 E TestRunner: +---------->RadioGroup{id=2131230936, res-name=entree_options, visibility=VISIBLE, width=990, height=1209, has-focus=false, has-focusable=true, has-window-focus=true, is-clickable=false, is-enabled=true, is-focused=false, is-focusable=false, is-layout-requested=false, is-selected=false, layout-params=androidx.constraintlayout.widget.ConstraintLayout$LayoutParams@a2cbec2, tag=null, root-is-layout-requested=false, has-input-connection=false, x=45.0, y=0.0, child-count=15}
08-31 19:50:39.813 19225 19284 E TestRunner: |
08-31 19:50:39.813 19225 19284 E TestRunner: +----------->MaterialRadioButton{id=2131230844, res-name=cauliflower, visibility=VISIBLE, width=313, height=135, has-focus=false, has-focusable=true, has-window-focus=true, is-clickable=true, is-enabled=true, is-focused=false, is-focusable=true, is-layout-requested=false, is-selected=false, layout-params=android.widget.RadioGroup$LayoutParams@33884d3, tag=null, root-is-layout-requested=false, has-input-connection=false, x=0.0, y=0.0, text=Cauliflower, input-type=0, ime-target=false, has-links=false, is-checked=false}
08-31 19:50:39.813 19225 19284 E TestRunner: |
08-31 19:50:39.813 19225 19284 E TestRunner: +----------->MaterialTextView{id=2131230845, res-name=cauliflower_description, visibility=VISIBLE, width=844, height=47, has-focus=false, has-focusable=false, has-window-focus=true, is-clickable=false, is-enabled=true, is-focused=false, is-focusable=false, is-layout-requested=false, is-selected=false, layout-params=android.widget.RadioGroup$LayoutParams@5bb0810, tag=null, root-is-layout-requested=false, has-input-connection=false, x=0.0, y=135.0, text=Whole cauliflower, brined, roasted, and deep fried, input-type=0, ime-target=false, has-links=false}
08-31 19:50:39.813 19225 19284 E TestRunner: |
08-31 19:50:39.813 19225 19284 E TestRunner: +----------->MaterialTextView{id=2131230846, res-name=cauliflower_price, visibility=VISIBLE, width=136, height=70, has-focus=false, has-focusable=false, has-window-focus=true, is-clickable=false, is-enabled=true, is-focused=false, is-focusable=false, is-layout-requested=false, is-selected=false, layout-params=android.widget.RadioGroup$LayoutParams@9777f09, tag=null, root-is-layout-requested=false, has-input-connection=false, x=0.0, y=182.0, text=7.00, input-type=0, ime-target=false, has-links=false}
08-31 19:50:39.813 19225 19284 E TestRunner: |
08-31 19:50:39.813 19225 19284 E TestRunner: +----------->View{id=-1, visibility=VISIBLE, width=990, height=3, has-focus=false, has-focusable=false, has-window-focus=true, is-clickable=false, is-enabled=true, is-focused=false, is-focusable=false, is-layout-requested=false, is-selected=false, layout-params=android.widget.RadioGroup$LayoutParams@a8c050e, tag=null, root-is-layout-requested=false, has-input-connection=false, x=0.0, y=275.0}
08-31 19:50:39.813 19225 19284 E TestRunner: |
08-31 19:50:39.813 19225 19284 E TestRunner: +----------->MaterialRadioButton{id=2131230858, res-name=chili, visibility=VISIBLE, width=406, height=135, has-focus=false, has-focusable=true, has-window-focus=true, is-clickable=true, is-enabled=true, is-focused=false, is-focusable=true, is-layout-requested=false, is-selected=false, layout-params=android.widget.RadioGroup$LayoutParams@dfc9b2f, tag=null, root-is-layout-requested=false, has-input-connection=false, x=0.0, y=278.0, text=Three Bean Chili, input-type=0, ime-target=false, has-links=false, is-checked=false}
08-31 19:50:39.813 19225 19284 E TestRunner: |
08-31 19:50:39.813 19225 19284 E TestRunner: +----------->MaterialTextView{id=2131230859, res-name=chili_description, visibility=VISIBLE, width=990, height=88, has-focus=false, has-focusable=false, has-window-focus=true, is-clickable=false, is-enabled=true, is-focused=false, is-focusable=false, is-layout-requested=false, is-selected=false, layout-params=android.widget.RadioGroup$LayoutParams@130953c, tag=null, root-is-layout-requested=false, has-input-connection=false, x=0.0, y=413.0, text=Black beans, red beans, kidney beans, slow cooked, topped with onion, input-type=0, ime-target=false, has-links=false}
08-31 19:50:39.813 19225 19284 E TestRunner: |
08-31 19:50:39.813 19225 19284 E TestRunner: +----------->MaterialTextView{id=2131230860, res-name=chili_price, visibility=VISIBLE, width=136, height=70, has-focus=false, has-focusable=false, has-window-focus=true, is-clickable=false, is-enabled=true, is-focused=false, is-focusable=false, is-layout-requested=false, is-selected=false, layout-params=android.widget.RadioGroup$LayoutParams@79002c5, tag=null, root-is-layout-requested=false, has-input-connection=false, x=0.0, y=501.0, text=4.00, input-type=0, ime-target=false, has-links=false}
08-31 19:50:39.813 19225 19284 E TestRunner: |
08-31 19:50:39.813 19225 19284 E TestRunner: +----------->View{id=-1, visibility=VISIBLE, width=990, height=3, has-focus=false, has-focusable=false, has-window-focus=true, is-clickable=false, is-enabled=true, is-focused=false, is-focusable=false, is-layout-requested=false, is-selected=false, layout-params=android.widget.RadioGroup$LayoutParams@287641a, tag=null, root-is-layout-requested=false, has-input-connection=false, x=0.0, y=594.0}
08-31 19:50:39.813 19225 19284 E TestRunner: |
08-31 19:50:39.813 19225 19284 E TestRunner: +----------->MaterialRadioButton{id=2131231106, res-name=pasta, visibility=VISIBLE, width=410, height=135, has-focus=false, has-focusable=true, has-window-focus=true, is-clickable=true, is-enabled=true, is-focused=false, is-focusable=true, is-layout-requested=false, is-selected=false, layout-params=android.widget.RadioGroup$LayoutParams@a41bb4b, tag=null, root-is-layout-requested=false, has-input-connection=false, x=0.0, y=597.0, text=Mushroom Pasta, input-type=0, ime-target=false, has-links=false, is-checked=false}
08-31 19:50:39.813 19225 19284 E TestRunner: |
08-31 19:50:39.813 19225 19284 E TestRunner: +----------->MaterialTextView{id=2131231107, res-name=pasta_description, visibility=VISIBLE, width=990, height=88, has-focus=false, has-focusable=false, has-window-focus=true, is-clickable=false, is-enabled=true, is-focused=false, is-focusable=false, is-layout-requested=false, is-selected=false, layout-params=android.widget.RadioGroup$LayoutParams@c0fc928, tag=null, root-is-layout-requested=false, has-input-connection=false, x=0.0, y=732.0, text=Penne pasta, mushrooms, basil, with plum tomatoes cooked in garlic and olive oil, input-type=0, ime-target=false, has-links=false}
08-31 19:50:39.813 19225 19284 E TestRunner: |
08-31 19:50:39.813 19225 19284 E TestRunner: +----------->MaterialTextView{id=2131231108, res-name=pasta_price, visibility=VISIBLE, width=136, height=70, has-focus=false, has-focusable=false, has-window-focus=true, is-clickable=false, is-enabled=true, is-focused=false, is-focusable=false, is-layout-requested=false, is-selected=false, layout-params=android.widget.RadioGroup$LayoutParams@ef30641, tag=null, root-is-layout-requested=false, has-input-connection=false, x=0.0, y=820.0, text=5.50, input-type=0, ime-target=false, has-links=false}
08-31 19:50:39.813 19225 19284 E TestRunner: |
08-31 19:50:39.813 19225 19284 E TestRunner: +----------->View{id=-1, visibility=VISIBLE, width=990, height=3, has-focus=false, has-focusable=false, has-window-focus=true, is-clickable=false, is-enabled=true, is-focused=false, is-focusable=false, is-layout-requested=false, is-selected=false, layout-params=android.widget.RadioGroup$LayoutParams@a7a7e6, tag=null, root-is-layout-requested=false, has-input-connection=false, x=0.0, y=913.0}
08-31 19:50:39.813 19225 19284 E TestRunner: |
08-31 19:50:39.813 19225 19284 E TestRunner: +----------->MaterialRadioButton{id=2131231175, res-name=skillet, visibility=VISIBLE, width=552, height=135, has-focus=false, has-focusable=true, has-window-focus=true, is-clickable=true, is-enabled=true, is-focused=false, is-focusable=true, is-layout-requested=false, is-selected=false, layout-params=android.widget.RadioGroup$LayoutParams@e6ec127, tag=null, root-is-layout-requested=false, has-input-connection=false, x=0.0, y=916.0, text=Spicy Black Bean Skillet, input-type=0, ime-target=false, has-links=false, is-checked=false}
08-31 19:50:39.813 19225 19284 E TestRunner: |
08-31 19:50:39.813 19225 19284 E TestRunner: +----------->MaterialTextView{id=2131231176, res-name=skillet_description, visibility=VISIBLE, width=990, height=88, has-focus=false, has-focusable=false, has-window-focus=true, is-clickable=false, is-enabled=true, is-focused=false, is-focusable=false, is-layout-requested=false, is-selected=false, layout-params=android.widget.RadioGroup$LayoutParams@f2c4fd4, tag=null, root-is-layout-requested=false, has-input-connection=false, x=0.0, y=1051.0, text=Seasonal vegetables, black beans, house spice blend, served with avocado and quick pickled onions, input-type=0, ime-target=false, has-links=false}
08-31 19:50:39.813 19225 19284 E TestRunner: |
08-31 19:50:39.813 19225 19284 E TestRunner: +----------->MaterialTextView{id=2131231177, res-name=skillet_price, visibility=VISIBLE, width=136, height=70, has-focus=false, has-focusable=false, has-window-focus=true, is-clickable=false, is-enabled=true, is-focused=false, is-focusable=false, is-layout-requested=false, is-selected=false, layout-params=android.widget.RadioGroup$LayoutParams@828c57d, tag=null, root-is-layout-requested=false, has-input-connection=false, x=0.0, y=1139.0, text=5.50, input-type=0, ime-target=false, has-links=false}
08-31 19:50:39.813 19225 19284 E TestRunner: |
08-31 19:50:39.813 19225 19284 E TestRunner: +---------->View{id=2131230910, res-name=divider, visibility=VISIBLE, width=990, height=3, has-focus=false, has-focusable=false, has-window-focus=true, is-clickable=false, is-enabled=true, is-focused=false, is-focusable=false, is-layout-requested=false, is-selected=false, layout-params=androidx.constraintlayout.widget.ConstraintLayout$LayoutParams@1365c72, tag=null, root-is-layout-requested=false, has-input-connection=false, x=45.0, y=1232.0}
08-31 19:50:39.813 19225 19284 E TestRunner: |
08-31 19:50:39.813 19225 19284 E TestRunner: +---------->MaterialTextView{id=2131231217, res-name=subtotal, visibility=VISIBLE, width=279, height=55, has-focus=false, has-focusable=false, has-window-focus=true, is-clickable=false, is-enabled=true, is-focused=false, is-focusable=false, is-layout-requested=false, is-selected=false, layout-params=androidx.constraintlayout.widget.ConstraintLayout$LayoutParams@67c48c3, tag=null, root-is-layout-requested=false, has-input-connection=false, x=756.0, y=1280.0, text=Subtotal: 0.00, input-type=0, ime-target=false, has-links=false}
08-31 19:50:39.813 19225 19284 E TestRunner: |
08-31 19:50:39.813 19225 19284 E TestRunner: +---------->MaterialButton{id=2131230842, res-name=cancel_button, visibility=VISIBLE, width=473, height=135, has-focus=false, has-focusable=true, has-window-focus=true, is-clickable=true, is-enabled=true, is-focused=false, is-focusable=true, is-layout-requested=false, is-selected=false, layout-params=androidx.constraintlayout.widget.ConstraintLayout$LayoutParams@ae89540, tag=null, root-is-layout-requested=false, has-input-connection=false, x=45.0, y=1380.0, text=Cancel, input-type=0, ime-target=false, has-links=false, is-checked=false}
08-31 19:50:39.813 19225 19284 E TestRunner: |
08-31 19:50:39.813 19225 19284 E TestRunner: +---------->MaterialButton{id=2131231081, res-name=next_button, visibility=VISIBLE, width=472, height=135, has-focus=false, has-focusable=true, has-window-focus=true, is-clickable=true, is-enabled=true, is-focused=false, is-focusable=true, is-layout-requested=false, is-selected=false, layout-params=androidx.constraintlayout.widget.ConstraintLayout$LayoutParams@2013c79, tag=null, root-is-layout-requested=false, has-input-connection=false, x=563.0, y=1380.0, text=Next, input-type=0, ime-target=false, has-links=false, is-checked=false}
08-31 19:50:39.813 19225 19284 E TestRunner: |
08-31 19:50:39.813 19225 19284 E TestRunner: +---->ActionBarContainer{id=2131230780, res-name=action_bar_container, visibility=VISIBLE, width=1080, height=158, has-focus=false, has-focusable=false, has-window-focus=true, is-clickable=false, is-enabled=true, is-focused=false, is-focusable=false, is-layout-requested=false, is-selected=false, layout-params=androidx.appcompat.widget.ActionBarOverlayLayout$LayoutParams@161c56c, tag=null, root-is-layout-requested=false, has-input-connection=false, x=0.0, y=0.0, child-count=2}
08-31 19:50:39.813 19225 19284 E TestRunner: |
08-31 19:50:39.813 19225 19284 E TestRunner: +----->Toolbar{id=2131230778, res-name=action_bar, visibility=VISIBLE, width=1080, height=158, has-focus=false, has-focusable=false, has-window-focus=true, is-clickable=false, is-enabled=true, is-focused=false, is-focusable=false, is-layout-requested=false, is-selected=false, layout-params=android.widget.FrameLayout$LayoutParams@75bcc58, tag=null, root-is-layout-requested=false, has-input-connection=false, x=0.0, y=0.0, child-count=3}
08-31 19:50:39.813 19225 19284 E TestRunner: |
08-31 19:50:39.813 19225 19284 E TestRunner: +------>AppCompatTextView{id=-1, visibility=VISIBLE, width=598, height=75, has-focus=false, has-focusable=false, has-window-focus=true, is-clickable=false, is-enabled=true, is-focused=false, is-focusable=false, is-layout-requested=false, is-selected=false, layout-params=androidx.appcompat.widget.Toolbar$LayoutParams@e6901b1, tag=null, root-is-layout-requested=false, has-input-connection=false, x=202.0, y=41.0, text=fragment_entree_menu, input-type=0, ime-target=false, has-links=false}
08-31 19:50:39.813 19225 19284 E TestRunner: |
08-31 19:50:39.813 19225 19284 E TestRunner: +------>ActionMenuView{id=-1, visibility=VISIBLE, width=0, height=158, has-focus=false, has-focusable=false, has-window-focus=true, is-clickable=false, is-enabled=true, is-focused=false, is-focusable=false, is-layout-requested=false, is-selected=false, layout-params=androidx.appcompat.widget.Toolbar$LayoutParams@11fd696, tag=null, root-is-layout-requested=false, has-input-connection=false, x=1080.0, y=0.0, child-count=0}
08-31 19:50:39.813 19225 19284 E TestRunner: |
08-31 19:50:39.813 19225 19284 E TestRunner: +------>AppCompatImageButton{id=-1, desc=Navigate up, visibility=VISIBLE, width=158, height=158, has-focus=false, has-focusable=false, has-window-focus=true, is-clickable=true, is-enabled=true, is-focused=false, is-focusable=true, is-layout-requested=false, is-selected=false, layout-params=androidx.appcompat.widget.Toolbar$LayoutParams@bf44217, tag=null, root-is-layout-requested=false, has-input-connection=false, x=0.0, y=0.0}
08-31 19:50:39.813 19225 19284 E TestRunner: |
08-31 19:50:39.813 19225 19284 E TestRunner: +----->ActionBarContextView{id=2131230787, res-name=action_context_bar, visibility=GONE, width=0, height=0, has-focus=false, has-focusable=false, has-window-focus=true, is-clickable=false, is-enabled=true, is-focused=false, is-focusable=false, is-layout-requested=true, is-selected=false, layout-params=android.widget.FrameLayout$LayoutParams@7ed5604, tag=null, root-is-layout-requested=false, has-input-connection=false, x=0.0, y=0.0, child-count=0}
08-31 19:50:39.813 19225 19284 E TestRunner: |
08-31 19:50:39.813 19225 19284 E TestRunner: +->View{id=16908336, res-name=navigationBarBackground, visibility=VISIBLE, width=1080, height=42, has-focus=false, has-focusable=false, has-window-focus=true, is-clickable=false, is-enabled=true, is-focused=false, is-focusable=false, is-layout-requested=false, is-selected=false, layout-params=android.widget.FrameLayout$LayoutParams@b5b07ed, tag=null, root-is-layout-requested=false, has-input-connection=false, x=0.0, y=2366.0}
08-31 19:50:39.813 19225 19284 E TestRunner: |
08-31 19:50:39.813 19225 19284 E TestRunner: +->View{id=16908335, res-name=statusBarBackground, visibility=VISIBLE, width=1080, height=66, has-focus=false, has-focusable=false, has-window-focus=true, is-clickable=false, is-enabled=true, is-focused=false, is-focusable=false, is-layout-requested=false, is-selected=false, layout-params=android.widget.FrameLayout$LayoutParams@7ac622, tag=null, root-is-layout-requested=false, has-input-connection=false, x=0.0, y=0.0}
08-31 19:50:39.813 19225 19284 E TestRunner: 	at dalvik.system.VMStack.getThreadStackTrace(Native Method)
08-31 19:50:39.813 19225 19284 E TestRunner: 	at java.lang.Thread.getStackTrace(Thread.java:1724)
08-31 19:50:39.813 19225 19284 E TestRunner: 	at androidx.test.espresso.base.DefaultFailureHandler.getUserFriendlyError(DefaultFailureHandler.java:12)
08-31 19:50:39.813 19225 19284 E TestRunner: 	at androidx.test.espresso.base.DefaultFailureHandler.handle(DefaultFailureHandler.java:7)
08-31 19:50:39.813 19225 19284 E TestRunner: 	at androidx.test.espresso.ViewInteraction.waitForAndHandleInteractionResults(ViewInteraction.java:8)
08-31 19:50:39.813 19225 19284 E TestRunner: 	at androidx.test.espresso.ViewInteraction.check(ViewInteraction.java:12)
08-31 19:50:39.813 19225 19284 E TestRunner: 	at com.example.lunchtray.OrderFunctionalityTests.order_reset_after_cancel_from_side_menu(OrderFunctionalityTests.kt:221)
08-31 19:50:39.813 19225 19284 E TestRunner: 	at java.lang.reflect.Method.invoke(Native Method)
08-31 19:50:39.813 19225 19284 E TestRunner: 	at org.junit.runners.model.FrameworkMethod$1.runReflectiveCall(FrameworkMethod.java:50)
08-31 19:50:39.813 19225 19284 E TestRunner: 	at org.junit.internal.runners.model.ReflectiveCallable.run(ReflectiveCallable.java:12)
08-31 19:50:39.813 19225 19284 E TestRunner: 	at org.junit.runners.model.FrameworkMethod.invokeExplosively(FrameworkMethod.java:47)
08-31 19:50:39.813 19225 19284 E TestRunner: 	at org.junit.internal.runners.statements.InvokeMethod.evaluate(InvokeMethod.java:17)
08-31 19:50:39.813 19225 19284 E TestRunner: 	at org.junit.runners.ParentRunner.runLeaf(ParentRunner.java:325)
08-31 19:50:39.813 19225 19284 E TestRunner: 	at org.junit.runners.BlockJUnit4ClassRunner.runChild(BlockJUnit4ClassRunner.java:78)
08-31 19:50:39.813 19225 19284 E TestRunner: 	at org.junit.runners.BlockJUnit4ClassRunner.runChild(BlockJUnit4ClassRunner.java:57)
08-31 19:50:39.813 19225 19284 E TestRunner: 	at org.junit.runners.ParentRunner$3.run(ParentRunner.java:290)
08-31 19:50:39.813 19225 19284 E TestRunner: 	at org.junit.runners.ParentRunner$1.schedule(ParentRunner.java:71)
08-31 19:50:39.813 19225 19284 E TestRunner: 	at org.junit.runners.ParentRunner.runChildren(ParentRunner.java:288)
08-31 19:50:39.813 19225 19284 E TestRunner: 	at org.junit.runners.ParentRunner.access$000(ParentRunner.java:58)
08-31 19:50:39.813 19225 19284 E TestRunner: 	at org.junit.runners.ParentRunner$2.evaluate(ParentRunner.java:268)
