08-31 19:50:17.115 19225 19284 I TestRunner: started: order_reset_after_cancel_from_accompaniment_menu(com.example.lunchtray.OrderFunctionalityTests)
08-31 19:50:17.119   634  3050 I SurfaceFlinger: id=151760 createSurf (0x0),-1 flag=24004, Task=1225#1
08-31 19:50:17.125   634   634 I Layer   : id=151744 removeFromCurrentState com.example.lunchtray/androidx.fragment.app.testing.FragmentScenario$EmptyFragmentActivity$_19225#0 (109)
08-31 19:50:17.125 15577 15577 I RecentsView: onTaskRemoved() taskId : 1225
08-31 19:50:17.125   634   634 I Layer   : id=151743 removeFromCurrentState 6477ed0 com.example.lunchtray/androidx.fragment.app.testing.FragmentScenario$EmptyFragmentActivity#0 (109)
08-31 19:50:17.125   634   634 I Layer   : id=151742 removeFromCurrentState ActivityRecord{84429ff u0 com.example.lunchtray/androidx.fragment.app.testing.FragmentScenario$EmptyFragmentActivity t1225}#0 (109)
08-31 19:50:17.125 15577 15577 I RecentsView: onTaskRemoved() taskId : 1225
08-31 19:50:17.125   634   634 I Layer   : id=151734 removeFromCurrentState Task=1225#0 (109)
08-31 19:50:17.125   634   634 I Layer   : id=151760 removeFromCurrentState Task=1225#1 (109)
08-31 19:50:17.125   634   634 I SurfaceFlinger: id=151742 Removed ActivityRecord{84429ff u0 com.example.lunchtray/androidx.fragment.app.testing.FragmentScenario$EmptyFragmentActivity t1225}#0 (109)
08-31 19:50:17.126   634   634 I SurfaceFlinger: id=151760 Removed Task=1225#1 (109)
08-31 19:50:17.126   634   634 I SurfaceFlinger: id=151743 Removed 6477ed0 com.example.lunchtray/androidx.fragment.app.testing.FragmentScenario$EmptyFragmentActivity#0 (109)
08-31 19:50:17.126   634   634 I SurfaceFlinger: id=151744 Removed com.example.lunchtray/androidx.fragment.app.testing.FragmentScenario$EmptyFragmentActivity$_19225#0 (109)
08-31 19:50:17.126   634   634 I Layer   : id=151760 Destroyed Task=1225#1
08-31 19:50:17.126   634   634 I Layer   : id=151742 Destroyed ActivityRecord{84429ff u0 com.example.lunchtray/androidx.fragment.app.testing.FragmentScenario$EmptyFragmentActivity t1225}#0
08-31 19:50:17.126   634   634 I Layer   : id=151743 Destroyed 6477ed0 com.example.lunchtray/androidx.fragment.app.testing.FragmentScenario$EmptyFragmentActivity#0
08-31 19:50:17.126   634   634 I Layer   : id=151744 Destroyed com.example.lunchtray/androidx.fragment.app.testing.FragmentScenario$EmptyFragmentActivity$_19225#0
08-31 19:50:17.132 19225 19284 W Settings: Setting always_finish_activities has moved from android.provider.Settings.System to android.provider.Settings.Global, returning read-only value.
08-31 19:50:17.149 14809 15928 D PkgPredictorService-IpmAdcpController: create a new DexPreloadTask pkg:com.example.lunchtray  path:/data/app/~~gbmHt4QFZFuUz7nOvKmpFQ==/com.example.lunchtray-THkiE5ocQARudvzX67_P5w==
08-31 19:50:17.149 14809 15454 I SemDvfsHyPerManager: acquire hyper - AMS_APP_SWITCH/14809@27, type = -999
08-31 19:50:17.150 14617 14637 I HYPER-HAL: [RequestManager.cpp]acquire(): Acquired ID : 110060893  [14809 / 27]    HINT : AMS_APP_SWITCH    list :
08-31 19:50:17.150   634  1925 I SurfaceFlinger: id=151761 createSurf (0x0),-1 flag=24004, Task=1226#0
08-31 19:50:17.151 16623 16623 I SemDvfsHyPerManager: acquire hyper - APP_START_SHORT/16623@15, type = -999
08-31 19:50:17.152 14617 14637 I HYPER-HAL: [RequestManager.cpp]acquire(): Acquired ID : 138419856  [16623 / 15]    HINT : APP_START    list : [TIMEOUT / 1500]
08-31 19:50:17.154   634  1925 I SurfaceFlinger: id=151762 createSurf (0x0),-1 flag=80004, ActivityRecord{786bf31 u0 com.example.lunchtray/androidx.test.core.app.InstrumentationActivityInvoker$BootstrapActivity t1226}#0
08-31 19:50:17.163 14809 17473 I SemDvfsHyPerManager: acquire hyper - AMS_APP_LAUNCH/14809@13, type = -999
08-31 19:50:17.163 14617 14637 I HYPER-HAL: [RequestManager.cpp]acquire(): Acquired ID : 109853266  [14809 / 13]    HINT : AMS_APP_LAUNCH    list :
08-31 19:50:17.167 16623 16623 I SemDvfsHyPerManager: acquire hyper - APP_START/16623@16, type = -999
08-31 19:50:17.167 14617 14637 I HYPER-HAL: [RequestManager.cpp]acquire(): Acquired ID : 138436496  [16623 / 16]    HINT : APP_START    list :
08-31 19:50:17.168 15577 15577 I BaseActivity: removeActivityFlags, flags : 16
08-31 19:50:17.168 15577 15577 I BaseActivity: removeActivityFlags, flags : 6
08-31 19:50:17.168 15577 15577 I DragController: endDrag
08-31 19:50:17.168 15577 15577 W LauncherAppWidgetHost: setShouldListenFlag, mFlags:15 flag:resume on:false isFront:false
08-31 19:50:17.169 15577 15577 I DecorView: notifyKeepScreenOnChanged: keepScreenOn=false
08-31 19:50:17.170 15577 15577 I SPayUpdater: updateSpayHandler launcher activity is paused false
08-31 19:50:17.171 15119 15119 D PipMotionHelper: animateToOffset: originalBounds=Rect(495, 2017 - 1035, 2321) offset=0 callers=
08-31 19:50:17.171 15119 15119 D PipMotionHelper:     com.android.wm.shell.pip.phone.PipTouchHandler.onMovementBoundsChanged:482
08-31 19:50:17.171 15119 15119 D PipMotionHelper:     com.android.wm.shell.pip.phone.PipController.updateMovementBounds:712
08-31 19:50:17.171 15119 15119 D PipMotionHelper:     com.android.wm.shell.pip.phone.PipController.lambda$init$3:351
08-31 19:50:17.171 15119 15119 D PipMotionHelper:     com.android.wm.shell.pip.phone.PipController.$r8$lambda$u15Oj_b57njSWegfZTV6TpliGaw:0
08-31 19:50:17.171 15119 15119 D PipMotionHelper:     com.android.wm.shell.pip.phone.PipController$$ExternalSyntheticLambda0.accept:8
08-31 19:50:17.179 14809 17480 D InputDispatcher: Focused application set to (0): 786bf31
08-31 19:50:17.188 14809 17473 D InputTransport: Input channel constructed: '8571d6d', fd=1059
08-31 19:50:17.188 14809 17473 D InputTransport: Input channel constructed: '8571d6d', fd=1061
08-31 19:50:17.188 14809 17473 D InputTransport: Input channel constructed: '8571d6d', fd=1065
08-31 19:50:17.189   634  3050 I SurfaceFlinger: id=151763 createSurf (0x0),-1 flag=80004, 8571d6d Splash Screen com.example.lunchtray#0
08-31 19:50:17.190 14809 17473 D InputTransport: Input channel destroyed: '8571d6d', fd=1065
08-31 19:50:17.191 15119 15246 I ViewRootImpl@1d2d15d[lunchtray]: setView = android.widget.FrameLayout@d3b7aa0 TM=true
08-31 19:50:17.192 14809 17480 V WindowManager: Relayout Window{d738cd4 u0 com.sec.android.app.launcher/com.sec.android.app.launcher.activities.LauncherActivity}: viewVisibility=0 req=1080x2408 d0
08-31 19:50:17.197 14809 17480 V WindowManager: Relayout hash=d738cd4, pid=15577: mAttrs={(0,0)(fillxfill) sim={adjust=nothing} layoutInDisplayCutoutMode=shortEdges ty=BASE_APPLICATION fmt=TRANSPARENT wanim=0x10302f2
08-31 19:50:17.197 14809 17480 V WindowManager:   fl=81910100
08-31 19:50:17.197 14809 17480 V WindowManager:   pfl=1e020040
08-31 19:50:17.197 14809 17480 V WindowManager:   vsysui=1700
08-31 19:50:17.197 14809 17480 V WindowManager:   bhv=SHOW_TRANSIENT_BARS_BY_SWIPE
08-31 19:50:17.197 14809 17480 V WindowManager:   fitSides= naviIconColor=0}
08-31 19:50:17.198 14809 17482 V WindowManager: Relayout Window{8571d6d u0 Splash Screen com.example.lunchtray}: viewVisibility=0 req=1080x2408 d0
08-31 19:50:17.198 15577 15577 I ViewRootImpl@6da1f4c[LauncherActivity]: Relayout returned: old=(0,0,1080,2408) new=(0,0,1080,2408) req=(1080,2408)0 dur=10 res=0x1 s={true 3225331712} ch=false fn=11
08-31 19:50:17.201 14809 15053 D NetdEventListenerService: DNS Requested by : 101, 1000, 0
08-31 19:50:17.207   634  3050 I SurfaceFlinger: id=151764 createSurf (1080x2408),-3 flag=40004, Splash Screen com.example.lunchtray$_15119#0
08-31 19:50:17.210 14809 17473 D InputDispatcher: Focus left window (0): d738cd4 com.sec.android.app.launcher/com.sec.android.app.launcher.activities.LauncherActivity
08-31 19:50:17.210 15577 15577 I ViewRootImpl@6da1f4c[LauncherActivity]: MSG_WINDOW_FOCUS_CHANGED 0 1
08-31 19:50:17.210 15577 15577 I BaseActivity: removeActivityFlags, flags : 8
08-31 19:50:17.213 19225 19225 D LifecycleMonitor: Lifecycle status change: androidx.test.core.app.InstrumentationActivityInvoker$BootstrapActivity@b0379da in: PRE_ON_CREATE
08-31 19:50:17.214 14809 17482 V WindowManager: Relayout hash=8571d6d, pid=15119: mAttrs={(0,0)(fillxfill) sim={adjust=pan} ty=APPLICATION_STARTING fmt=TRANSLUCENT wanim=0x1030001
08-31 19:50:17.214 14809 17482 V WindowManager:   fl=81030118
08-31 19:50:17.214 14809 17482 V WindowManager:   pfl=36000010
08-31 19:50:17.214 14809 17482 V WindowManager:   bhv=DEFAULT
08-31 19:50:17.214 14809 17482 V WindowManager:   fitSides= naviIconColor=0}
08-31 19:50:17.216 19225 19225 V ActivityScenario: Activity lifecycle changed event received but ignored because the intent does not match. startActivityIntent=Intent { act=android.intent.action.MAIN cat=[android.intent.category.LAUNCHER] cmp=com.example.lunchtray/.MainActivity }, activity.getIntent()=Intent { act=android.intent.action.MAIN cat=[android.intent.category.LAUNCHER] flg=0x10008000 cmp=com.example.lunchtray/androidx.test.core.app.InstrumentationActivityInvoker$BootstrapActivity (has extras) }, activity=androidx.test.core.app.InstrumentationActivityInvoker$BootstrapActivity@b0379da
08-31 19:50:17.216 15119 15246 I ViewRootImpl@1d2d15d[lunchtray]: Relayout returned: old=(0,0,1080,2408) new=(0,0,1080,2408) req=(1080,2408)0 dur=22 res=0x7 s={true 3141377024} ch=true fn=-1
08-31 19:50:17.218 14617 19323 I HYPER-HAL: [RequestManager.cpp]releaseLocked(): Released ID : 110046056
08-31 19:50:17.219 15119 15309 D OpenGLRenderer: eglCreateWindowSurface
08-31 19:50:17.219 15119 15246 I ViewRootImpl@1d2d15d[lunchtray]: [DP] dp(1) 0 android.view.ViewRootImpl.reportNextDraw:11410 android.view.ViewRootImpl.performTraversals:4185 android.view.ViewRootImpl.doTraversal:2911
08-31 19:50:17.219 15119 15246 D ViewRootImpl@1d2d15d[lunchtray]: Creating frameDrawingCallback nextDrawUseBlastSync=false reportNextDraw=true hasBlurUpdates=false
08-31 19:50:17.220 15119 15246 D ViewRootImpl@1d2d15d[lunchtray]: Creating frameCompleteCallback
08-31 19:50:17.220 15119 15828 D ViewRootImpl@1d2d15d[lunchtray]: Received frameDrawingCallback frameNum=1. Creating transactionCompleteCallback=false
08-31 19:50:17.227 15577 15577 I BadgeRenderer: Invalid count : 0
08-31 19:50:17.227 15119 15309 D ViewRootImpl@1d2d15d[lunchtray]: Received frameCompleteCallback  lastAcquiredFrameNum=1 lastAttemptedDrawFrameNum=1
08-31 19:50:17.228 15577 15577 I BadgeRenderer: Invalid count : 0
08-31 19:50:17.228 15577 15577 I BadgeRenderer: Invalid count : 0
08-31 19:50:17.229 15119 15246 I ViewRootImpl@1d2d15d[lunchtray]: [DP] pdf(0) 0 android.view.ViewRootImpl.lambda$addFrameCompleteCallbackIfNeeded$3$ViewRootImpl:4987 android.view.ViewRootImpl$$ExternalSyntheticLambda16.run:6 android.os.Handler.handleCallback:938
08-31 19:50:17.229 15119 15246 I ViewRootImpl@1d2d15d[lunchtray]: [DP] rdf()
08-31 19:50:17.229 15119 15246 D ViewRootImpl@1d2d15d[lunchtray]: reportDrawFinished (fn: -1)
08-31 19:50:17.234 15119 15119 D FullscreenTaskListener: Fullscreen Task Appeared: #1226, caller=com.android.wm.shell.ShellTaskOrganizer.onTaskAppeared:387 com.android.wm.shell.ShellTaskOrganizer.onTaskAppeared:376 android.window.TaskOrganizer$1.lambda$onTaskAppeared$4$TaskOrganizer$1:297
08-31 19:50:17.235   634  1925 I SurfaceFlinger: id=151765 createSurf (0x0),-1 flag=24000, Surface(name=Task=1)/@0x7c9ef10 - animation-leash of app_transition#0
08-31 19:50:17.240   634  1925 I SurfaceFlinger: id=151766 createSurf (0x0),-1 flag=24004, Surface(name=Task=1226)/@0x67b23b4 - animation-leash of app_transition#0
08-31 19:50:17.244   634  3050 I SurfaceFlinger: id=151767 createSurf (0x0),-1 flag=24000, Surface(name=886bbf6 StatusBar)/@0x2d7ebf5 - animation-leash of insets_animation#0
08-31 19:50:17.246   634  3050 I SurfaceFlinger: id=151768 createSurf (0x0),-1 flag=24000, Surface(name=a8b9824 NavigationBar0)/@0x196e818 - animation-leash of insets_animation#0
08-31 19:50:17.250 15119 15246 D InsetsSourceConsumer: ensureControlAlpha: for ITYPE_NAVIGATION_BAR on Splash Screen com.example.lunchtray
08-31 19:50:17.251 14809 14828 I SemPersonaManager: SecureFolder personaId = 10
08-31 19:50:17.252 15119 15246 D InsetsSourceConsumer: ensureControlAlpha: for ITYPE_STATUS_BAR on Splash Screen com.example.lunchtray
08-31 19:50:17.258   634   634 I Layer   : id=151752 removeFromCurrentState Surface(name=886bbf6 StatusBar)/@0x2d7ebf5 - animation-leash of insets_animation#1 (113)
08-31 19:50:17.259   634   634 I Layer   : id=151753 removeFromCurrentState Surface(name=a8b9824 NavigationBar0)/@0x196e818 - animation-leash of insets_animation#1 (113)
08-31 19:50:17.259   634   634 I SurfaceFlinger: id=151752 Removed Surface(name=886bbf6 StatusBar)/@0x2d7ebf5 - animation-leash of insets_animation#1 (113)
08-31 19:50:17.259   634   634 I SurfaceFlinger: id=151753 Removed Surface(name=a8b9824 NavigationBar0)/@0x196e818 - animation-leash of insets_animation#1 (113)
08-31 19:50:17.259   634   634 I Layer   : id=151752 Destroyed Surface(name=886bbf6 StatusBar)/@0x2d7ebf5 - animation-leash of insets_animation#1
08-31 19:50:17.260   634   634 I Layer   : id=151753 Destroyed Surface(name=a8b9824 NavigationBar0)/@0x196e818 - animation-leash of insets_animation#1
08-31 19:50:17.262 15577 29018 I TouchInteractionService: onSystemUiStateChanged, stateFlags : 131072
08-31 19:50:17.263 15577 15577 W SGestureOverlayWindow: setVisibilityGestureOverlayWindow, visibility = 0
08-31 19:50:17.263 15577 15577 I TouchInteractionService: onSystemUiFlagsChanged, userUnlocked
08-31 19:50:17.266 19225 19225 I DecorView: [INFO] isPopOver=false, config=true
08-31 19:50:17.267 19225 19225 I DecorView: updateCaptionType >> DecorView@64cb900[], isFloating=false, isApplication=true, hasWindowControllerCallback=true, hasWindowDecorCaption=false
08-31 19:50:17.267 19225 19225 D DecorView: setCaptionType = 0, this = DecorView@64cb900[]
08-31 19:50:17.269 14809 14828 D EnterpriseDeviceManagerService: isMdmAdminPresentInternal() : MDM Admin Found - com.samsung.android.knox.containercore
08-31 19:50:17.279 19225 19225 I DecorView: getCurrentDensityDpi: from real metrics. densityDpi=450 msg=resources_loaded
08-31 19:50:17.279 14809 16178 I MediaSessionMonitor: Media session stopped : controllerList empty
08-31 19:50:17.285 19225 19225 D LifecycleMonitor: Lifecycle status change: androidx.test.core.app.InstrumentationActivityInvoker$BootstrapActivity@b0379da in: CREATED
08-31 19:50:17.285   634   634 D SurfaceFlinger: Display 4633128508267670401 HWC layers:
08-31 19:50:17.285   634   634 D SurfaceFlinger:      DEVICE | 0xeb9b9080 | 0100 | RGBx_8888    |  335.0    0.0 1415.0 2408.0 |    0    0 1080 2408 | Wallpaper BBQ wrapper#0
08-31 19:50:17.285   634   634 D SurfaceFlinger:      DEVICE | 0xebe30080 | 0100 | RGBA_8888    |    0.0    0.0 1080.0 2408.0 |    0    0 1080 2408 | com.sec.android.app.launcher/com.sec[...]activities.LauncherActivity$_15577#0
08-31 19:50:17.285   634   634 D SurfaceFlinger:      CLIENT | 0xebe2fd80 | 0100 | RGBA_8888    |    0.0    0.0 1080.0 2408.0 |   76  168 1004 2240 | Splash Screen com.example.lunchtray$_15119#0
08-31 19:50:17.285   634   634 D SurfaceFlinger:      CLIENT | 0xec168b80 | 0100 | RGBA_8888    |    0.0    0.0 1080.0   66.0 |    0    0 1080   66 | StatusBar$_15119#0
08-31 19:50:17.285   634   634 D SurfaceFlinger:      CLIENT | 0xec277300 | 0100 | RGBA_8888    |    0.0    0.0  388.0   42.0 |  692 2366 1080 2408 | SGestureOverlayWindow$_15577#0
08-31 19:50:17.285   634   634 D SurfaceFlinger:      CLIENT | 0xec97b100 | 0100 | RGBA_8888    |    0.0    0.0 1080.0  135.0 |    0 2273 1080 2408 | NavigationBar0$_15119#0
08-31 19:50:17.285   634   634 D SurfaceFlinger:      DEVICE | 0xec278980 | 0108 | RGBA_8888    |    0.0    0.0 1080.0 2408.0 |    0    0 1080 2408 | BlueLightFilter$_15119#0
08-31 19:50:17.285   634   634 D SurfaceFlinger:
08-31 19:50:17.287 19225 19225 V ActivityScenario: Activity lifecycle changed event received but ignored because the intent does not match. startActivityIntent=Intent { act=android.intent.action.MAIN cat=[android.intent.category.LAUNCHER] cmp=com.example.lunchtray/.MainActivity }, activity.getIntent()=Intent { act=android.intent.action.MAIN cat=[android.intent.category.LAUNCHER] flg=0x10008000 cmp=com.example.lunchtray/androidx.test.core.app.InstrumentationActivityInvoker$BootstrapActivity (has extras) }, activity=androidx.test.core.app.InstrumentationActivityInvoker$BootstrapActivity@b0379da
08-31 19:50:17.291 15577 29018 I RecentModel: onTaskStackChangedBackground
08-31 19:50:17.293 15577 29018 I RecentTasksList: getTaskKeys, numTasks :3 callback : com.android.quickstep.-$$Lambda$RecentsModel$k1Mm-BV64Bc89eJHYugywZmW_Js@9a8417b
08-31 19:50:17.294 19225 19225 D LifecycleMonitor: Lifecycle status change: androidx.test.core.app.InstrumentationActivityInvoker$BootstrapActivity@b0379da in: STARTED
08-31 19:50:17.296 15577 15645 I RecentTasksList: loadTasksInBackground() task id : 1226
08-31 19:50:17.296 19225 19225 V ActivityScenario: Activity lifecycle changed event received but ignored because the intent does not match. startActivityIntent=Intent { act=android.intent.action.MAIN cat=[android.intent.category.LAUNCHER] cmp=com.example.lunchtray/.MainActivity }, activity.getIntent()=Intent { act=android.intent.action.MAIN cat=[android.intent.category.LAUNCHER] flg=0x10008000 cmp=com.example.lunchtray/androidx.test.core.app.InstrumentationActivityInvoker$BootstrapActivity (has extras) }, activity=androidx.test.core.app.InstrumentationActivityInvoker$BootstrapActivity@b0379da
08-31 19:50:17.307   634  1925 I SurfaceFlinger: id=151769 createSurf (0x0),-1 flag=80004, ActivityRecord{9191177 u0 com.example.lunchtray/.MainActivity t1226}#0
08-31 19:50:17.316 15119 17398 I ViewRootImpl@1d2d15d[lunchtray]: Resizing android.view.ViewRootImpl@9702659: frame=[0,0][1080,2408] reportDraw=false forceLayout=false backDropFrame=Rect(0, 0 - 1080, 2408)
08-31 19:50:17.317 15119 15246 I ViewRootImpl@1d2d15d[lunchtray]: handleResized, msg = 4 frames=ClientWindowFrames{frame=[0,0][1080,2408] display=[0,0][1080,2408] backdrop=[0,0][1080,2408]} forceNextWindowRelayout=false displayId=0 frameChanged=false backdropFrameChanged=false configChanged=false displayChanged=false mNextDrawUseBlastSync=false mergedConfiguration={mGlobalConfig={0.9 404mcc40mnc [en_IN] ldltr sw384dp w384dp h817dp 450dpi nrml long port night finger -keyb/v/h -nav/h winConfig={ mBounds=Rect(0, 0 - 1080, 2408) mAppBounds=Rect(0, 65 - 1080, 2366) mMaxBounds=Rect(0, 0 - 1080, 2408) mWindowingMode=fullscreen mDisplayWindowingMode=fullscreen mActivityType=undefined mAlwaysOnTop=undefined mRotation=ROTATION_0 mPopOver=undefined mFreeformTaskPinningState=undefined} s.3042 fontWeightAdjustment=0 ff=0 bf=0 bts=0 enb/d themeSeq=0} mOverrideConfig={0.9 404mcc40mnc [en_IN] ldltr sw384dp w384dp h817dp 450dpi nrml long port night finger -keyb/v/h -nav/h winConfig={ mBounds=Rect(0, 0 - 1080, 2408) mAppBounds=Rect(0, 65 - 1080, 2366) mMaxBounds=Rect(0, 0 - 1080, 2408) mWindowingMode=fullscreen mDisplayWindowingMode=fullscreen mActivityType=standard mAlwaysOnTop=undefined mRotation=ROTATION_0 mPopOver=off mFreeformTaskPinningState=unpinned} s.1 fontWeightAdjustment=0 ff=0 bf=0 bts=0 enb/d themeSeq=0}}
08-31 19:50:17.317 19225 19225 D LifecycleMonitor: Lifecycle status change: androidx.test.core.app.InstrumentationActivityInvoker$BootstrapActivity@b0379da in: RESUMED
08-31 19:50:17.319 14809 14828 D PersonaActivityHelper: Activity not in resumed state, do not run immediate lock
08-31 19:50:17.319 19225 19225 V ActivityScenario: Activity lifecycle changed event received but ignored because the intent does not match. startActivityIntent=Intent { act=android.intent.action.MAIN cat=[android.intent.category.LAUNCHER] cmp=com.example.lunchtray/.MainActivity }, activity.getIntent()=Intent { act=android.intent.action.MAIN cat=[android.intent.category.LAUNCHER] flg=0x10008000 cmp=com.example.lunchtray/androidx.test.core.app.InstrumentationActivityInvoker$BootstrapActivity (has extras) }, activity=androidx.test.core.app.InstrumentationActivityInvoker$BootstrapActivity@b0379da
08-31 19:50:17.323 19225 19225 D LifecycleMonitor: Lifecycle status change: androidx.test.core.app.InstrumentationActivityInvoker$BootstrapActivity@b0379da in: PAUSED
08-31 19:50:17.325 19225 19225 V ActivityScenario: Activity lifecycle changed event received but ignored because the intent does not match. startActivityIntent=Intent { act=android.intent.action.MAIN cat=[android.intent.category.LAUNCHER] cmp=com.example.lunchtray/.MainActivity }, activity.getIntent()=Intent { act=android.intent.action.MAIN cat=[android.intent.category.LAUNCHER] flg=0x10008000 cmp=com.example.lunchtray/androidx.test.core.app.InstrumentationActivityInvoker$BootstrapActivity (has extras) }, activity=androidx.test.core.app.InstrumentationActivityInvoker$BootstrapActivity@b0379da
08-31 19:50:17.334 14809 14891 D InputDispatcher: Focused application set to (0): 9191177
08-31 19:50:17.343 14809 14828 I SemPersonaManager: SecureFolder personaId = 10
08-31 19:50:17.354 14809 15039 W SemWifiTransportLayerUtils: getApplicationCategory - IOException com.example.lunchtray
08-31 19:50:17.354 14809 15039 W System.err: java.io.FileNotFoundException: https://play.google.com/store/apps/details?id=com.example.lunchtray&hl=en
08-31 19:50:17.355 14809 15039 W System.err: 	at com.android.okhttp.internal.huc.HttpURLConnectionImpl.getInputStream(HttpURLConnectionImpl.java:255)
08-31 19:50:17.355 14809 15039 W System.err: 	at com.android.okhttp.internal.huc.DelegatingHttpsURLConnection.getInputStream(DelegatingHttpsURLConnection.java:211)
08-31 19:50:17.355 14809 15039 W System.err: 	at com.android.okhttp.internal.huc.HttpsURLConnectionImpl.getInputStream(HttpsURLConnectionImpl.java:30)
08-31 19:50:17.356 14809 15039 W System.err: 	at com.samsung.android.server.wifi.tcp.SemWifiTransportLayerUtils.getApplicationCategory(SemWifiTransportLayerUtils.java:104)
08-31 19:50:17.356 14809 15039 W System.err: 	at com.samsung.android.server.wifi.tcp.SemWifiTransportLayerMonitor$TcpMonitorHandler.handleMessage(SemWifiTransportLayerMonitor.java:244)
08-31 19:50:17.356 14809 15039 W System.err: 	at android.os.Handler.dispatchMessage(Handler.java:106)
08-31 19:50:17.356 14809 14828 D EnterpriseDeviceManagerService: isMdmAdminPresentInternal() : MDM Admin Found - com.samsung.android.knox.containercore
08-31 19:50:17.356 14809 15039 W System.err: 	at android.os.Looper.loopOnce(Looper.java:226)
08-31 19:50:17.357 14809 15039 W System.err: 	at android.os.Looper.loop(Looper.java:313)
08-31 19:50:17.357 14809 15039 W System.err: 	at android.os.HandlerThread.run(HandlerThread.java:67)
08-31 19:50:17.358 14809 15039 D SemWifiTransportLayerMonitor.TcpMonitorHandler: MSG_SAVE_PACKAGE_INFO
08-31 19:50:17.358 14809 15039 D SemWifiTransportLayerFileManager: saveWifiPackageInfoToFile
08-31 19:50:17.359 14809 15039 D SemWifiTransportLayerFileManager: writeWifiPackageInfoList
08-31 19:50:17.362 14809 16178 I MediaSessionMonitor: Media session stopped : controllerList empty
08-31 19:50:17.400 19225 19225 D LifecycleMonitor: Lifecycle status change: com.example.lunchtray.MainActivity@b27fffb in: PRE_ON_CREATE
08-31 19:50:17.402 19225 19225 V ActivityScenario: Activity lifecycle changed event received but ignored because the reported transition was not ON_CREATE while the last known transition was PRE_ON_CREATE
08-31 19:50:17.436 15577 29018 I RecentModel: onTaskStackChangedBackground
08-31 19:50:17.438 15577 29018 I RecentTasksList: getTaskKeys, numTasks :3 callback : com.android.quickstep.-$$Lambda$RecentsModel$k1Mm-BV64Bc89eJHYugywZmW_Js@b98b98
08-31 19:50:17.439 15577 15645 I RecentTasksList: loadTasksInBackground() task id : 1226
08-31 19:50:17.441 14809 15035 D SemNscXgbMsL1: Probability - Cloud gaming: [0.028825019]
08-31 19:50:17.442 14809 15035 D SemNscXgbMsL1: Probability - Real time: [0.8746747]
08-31 19:50:17.442 14809 15035 D SemNscXgbMsL1: Probability - Non real time: [0.94285125]
08-31 19:50:17.442 14809 15035 D SemNscXgbMsL1: 1 sample inference time: 1.104384 msecs
08-31 19:50:17.444 14809 15035 D SemNscXgbL2Rt: L2 RT 1 sample inference time: 1.201808 msecs
08-31 19:50:17.445 14809 15035 D SemNscXgbL2Nrt: L2 NRT 1 sample inference time: 0.920923 msecs
08-31 19:50:17.609  7302  7302 I ViewRootImpl@19ab91b[LauncherActivity]: handleAppVisibility mAppVisible=true visible=false
08-31 19:50:17.609 15577 15577 I ViewRootImpl@6da1f4c[LauncherActivity]: handleAppVisibility mAppVisible=true visible=false
08-31 19:50:17.610 15119 17398 D WallpaperService: dispatchAppVisibility onVisibilityChanged(): false
08-31 19:50:17.610 15119 15119 D WallpaperService: reportVisibility onVisibilityChanged visible: false
08-31 19:50:17.610 15119 15303 I ImageWallpaper:  onVisibilityChanged false , 0
08-31 19:50:17.624   634   634 I Layer   : id=151765 removeFromCurrentState Surface(name=Task=1)/@0x7c9ef10 - animation-leash of app_transition#0 (112)
08-31 19:50:17.625   634   634 I Layer   : id=151766 removeFromCurrentState Surface(name=Task=1226)/@0x67b23b4 - animation-leash of app_transition#0 (112)
08-31 19:50:17.625   634   634 I SurfaceFlinger: id=151766 Removed Surface(name=Task=1226)/@0x67b23b4 - animation-leash of app_transition#0 (112)
08-31 19:50:17.625   634   634 I SurfaceFlinger: id=151765 Removed Surface(name=Task=1)/@0x7c9ef10 - animation-leash of app_transition#0 (112)
08-31 19:50:17.625   634   634 I Layer   : id=151765 Destroyed Surface(name=Task=1)/@0x7c9ef10 - animation-leash of app_transition#0
08-31 19:50:17.625   634   634 I Layer   : id=151766 Destroyed Surface(name=Task=1226)/@0x67b23b4 - animation-leash of app_transition#0
08-31 19:50:17.626  7302  7688 D OpenGLRenderer: setSurface called with nullptr
08-31 19:50:17.626  7302  7688 D OpenGLRenderer: setSurface() destroyed EGLSurface
08-31 19:50:17.626  7302  7688 D OpenGLRenderer: destroyEglSurface
08-31 19:50:17.630 14809 14891 V WindowManager: Relayout Window{1f13c62 u0 com.sec.android.app.launcher/com.sec.android.app.launcher.activities.LauncherActivity}: viewVisibility=8 req=1080x2408 d0
08-31 19:50:17.635 14809 17473 V WindowManager: Relayout Window{d738cd4 u0 com.sec.android.app.launcher/com.sec.android.app.launcher.activities.LauncherActivity}: viewVisibility=8 req=1080x2408 d0
08-31 19:50:17.636   634   634 D SurfaceFlinger: Display 4633128508267670401 HWC layers:
08-31 19:50:17.636   634   634 D SurfaceFlinger:      DEVICE | 0xebe2fd80 | 0100 | RGBA_8888    |    0.0    0.0 1080.0 2408.0 |    0    0 1080 2408 | Splash Screen com.example.lunchtray$_15119#0
08-31 19:50:17.636   634   634 D SurfaceFlinger:      DEVICE | 0xec168b80 | 0100 | RGBA_8888    |    0.0    0.0 1080.0   66.0 |    0    0 1080   66 | StatusBar$_15119#0
08-31 19:50:17.636   634   634 D SurfaceFlinger:      CLIENT | 0xec277300 | 0100 | RGBA_8888    |    0.0    0.0  388.0   42.0 |  692 2366 1080 2408 | SGestureOverlayWindow$_15577#0
08-31 19:50:17.636   634   634 D SurfaceFlinger:      CLIENT | 0xec97b100 | 0100 | RGBA_8888    |    0.0    0.0 1080.0  135.0 |    0 2273 1080 2408 | NavigationBar0$_15119#0
08-31 19:50:17.636   634   634 D SurfaceFlinger:      DEVICE | 0xec278980 | 0108 | RGBA_8888    |    0.0    0.0 1080.0 2408.0 |    0    0 1080 2408 | BlueLightFilter$_15119#0
08-31 19:50:17.636   634   634 D SurfaceFlinger:
08-31 19:50:17.637 14809 14891 V WindowManager: Relayout hash=1f13c62, pid=7302: mAttrs={(0,0)(fillxfill) gr=LEFT CENTER_HORIZONTAL sim={adjust=resize} layoutInDisplayCutoutMode=shortEdges ty=DRAWN_APPLICATION fmt=TRANSPARENT wanim=0x10302f2 alpha=0.0
08-31 19:50:17.637 14809 14891 V WindowManager:   fl=81850118
08-31 19:50:17.637 14809 14891 V WindowManager:   pfl=16020040
08-31 19:50:17.637 14809 14891 V WindowManager:   bhv=DEFAULT
08-31 19:50:17.637 14809 14891 V WindowManager:   fitSides= dimAmount=0.0 screenDimDuration=40000 naviIconColor=0}
08-31 19:50:17.639  7302  7302 I ViewRootImpl@19ab91b[LauncherActivity]: Relayout returned: old=(0,0,1080,2408) new=(0,0,1080,2408) req=(1080,2408)8 dur=10 res=0x5 s={false 0} ch=true fn=2
08-31 19:50:17.639  7302  7302 I A       : (REDACTED) onApplyWindowInsets: systemWindowInsets=%s
08-31 19:50:17.640  7302  7302 I A       : (REDACTED) onApplyWindowInsets: systemWindowInsets=%s
08-31 19:50:17.645 14809 17473 V WindowManager: Relayout hash=d738cd4, pid=15577: mAttrs={(0,0)(fillxfill) sim={adjust=nothing} layoutInDisplayCutoutMode=shortEdges ty=BASE_APPLICATION fmt=TRANSPARENT wanim=0x10302f2
08-31 19:50:17.645 14809 17473 V WindowManager:   fl=81910100
08-31 19:50:17.645 14809 17473 V WindowManager:   pfl=1e020040
08-31 19:50:17.645 14809 17473 V WindowManager:   vsysui=1700
08-31 19:50:17.645 14809 17473 V WindowManager:   bhv=SHOW_TRANSIENT_BARS_BY_SWIPE
08-31 19:50:17.645 14809 17473 V WindowManager:   fitSides= naviIconColor=0}
08-31 19:50:17.649 15577 15577 I ViewRootImpl@6da1f4c[LauncherActivity]: Relayout returned: old=(0,0,1080,2408) new=(0,0,1080,2408) req=(1080,2408)8 dur=15 res=0x5 s={false 0} ch=true fn=12
08-31 19:50:17.658 19225 19225 I DecorView: [INFO] isPopOver=false, config=true
08-31 19:50:17.658 19225 19225 I DecorView: updateCaptionType >> DecorView@6a865af[], isFloating=false, isApplication=true, hasWindowControllerCallback=true, hasWindowDecorCaption=false
08-31 19:50:17.658 19225 19225 D DecorView: setCaptionType = 0, this = DecorView@6a865af[]
08-31 19:50:17.663 19225 19225 I DecorView: getCurrentDensityDpi: from real metrics. densityDpi=450 msg=resources_loaded
08-31 19:50:17.673  9116  9116 I GsaVoiceInteractionSrv: Handling ACTION_STOP_HOTWORD
08-31 19:50:17.673  9116  9219 I HwDetectorWithState: (REDACTED) a: %d
08-31 19:50:17.701 14701 15029 I bauth_FPBAuthService: pcf : 0x1012, 0 ,2 ,0 ,0 ,0 ,2, 0.0.0.0
08-31 19:50:17.701 14701 15029 I bauth_FPBAuthService: thread id : 2, preenroll_flag : 0, nd cnt : 1, cso : 3, et : 0
08-31 19:50:17.701 14701 15029 I bauth_FPBAuthService: FPBAuthService, 11756
08-31 19:50:17.745 19225 19225 W ample.lunchtra: Accessing hidden method Landroid/view/View;->computeFitSystemWindows(Landroid/graphics/Rect;Landroid/graphics/Rect;)Z (unsupported, reflection, allowed)
08-31 19:50:17.747 19225 19225 W ample.lunchtra: Accessing hidden method Landroid/view/ViewGroup;->makeOptionalFitsSystemWindows()V (unsupported, reflection, allowed)
08-31 19:50:17.795 19225 19225 D LifecycleMonitor: Lifecycle status change: com.example.lunchtray.MainActivity@b27fffb in: CREATED
08-31 19:50:17.797 19225 19225 V ActivityScenario: Update currentActivityStage to CREATED, currentActivity=com.example.lunchtray.MainActivity@b27fffb
08-31 19:50:17.881 19225 19225 D LifecycleMonitor: Lifecycle status change: com.example.lunchtray.MainActivity@b27fffb in: STARTED
08-31 19:50:17.883 19225 19225 V ActivityScenario: Update currentActivityStage to STARTED, currentActivity=com.example.lunchtray.MainActivity@b27fffb
08-31 19:50:17.886 19225 19225 D LifecycleMonitor: Lifecycle status change: com.example.lunchtray.MainActivity@b27fffb in: RESUMED
08-31 19:50:17.887 19225 19225 V ActivityScenario: Update currentActivityStage to RESUMED, currentActivity=com.example.lunchtray.MainActivity@b27fffb
08-31 19:50:17.899 14809 14891 D InputTransport: Input channel constructed: '23b4667', fd=1065
08-31 19:50:17.900 14809 14891 D InputTransport: Input channel constructed: '23b4667', fd=1072
08-31 19:50:17.900 14809 14891 D InputTransport: Input channel constructed: '23b4667', fd=1074
08-31 19:50:17.901   634   662 I SurfaceFlinger: id=151770 createSurf (0x0),-1 flag=80004, 23b4667 com.example.lunchtray/com.example.lunchtray.MainActivity#0
08-31 19:50:17.902 14809 14891 D InputTransport: Input channel destroyed: '23b4667', fd=1074
08-31 19:50:17.906 19225 19225 I ViewRootImpl@52102dc[MainActivity]: setView = com.android.internal.policy.DecorView@6a865af TM=true
08-31 19:50:17.909 14809 14868 D AnalyticsContainerHandler: handleMessage : { when=0 what=1 target=com.android.server.knox.KnoxAnalyticsContainer$AnalyticsHandler }
08-31 19:50:17.947 14809 15035 D SemNscXgbMsL1: Probability - Cloud gaming: [0.029689167]
08-31 19:50:17.948 14809 15035 D SemNscXgbMsL1: Probability - Real time: [0.5048276]
08-31 19:50:17.948 14809 15035 D SemNscXgbMsL1: Probability - Non real time: [0.90770084]
08-31 19:50:17.948 14809 15035 D SemNscXgbMsL1: 1 sample inference time: 0.645385 msecs
08-31 19:50:17.949 14809 15035 D SemNscXgbL2Rt: L2 RT 1 sample inference time: 0.869192 msecs
08-31 19:50:17.950 14809 15035 D SemNscXgbL2Nrt: L2 NRT 1 sample inference time: 0.679693 msecs
08-31 19:50:17.950 14809 15035 I SemWifiServiceDetector: NSD results: [1, 1, 1, 0, 1, 1, 1, 3] Traff. type 1 Thr 0
08-31 19:50:17.950 14809 14891 V WindowManager: Relayout Window{23b4667 u0 com.example.lunchtray/com.example.lunchtray.MainActivity}: viewVisibility=0 req=1080x2408 d0
08-31 19:50:17.951   634   662 I SurfaceFlinger: id=151771 createSurf (1x1),-3 flag=40004, com.example.lunchtray/com.example.lunchtray.MainActivity$_19225#0
08-31 19:50:17.952 14809 15038 D SemWifiOptimizer: enable=1 state=0x10 prev=0x00 new=0x10 force=0
08-31 19:50:17.957   634   662 I SurfaceFlinger: id=151772 createSurf (0x0),-1 flag=24000, Surface(name=886bbf6 StatusBar)/@0x2d7ebf5 - animation-leash of insets_animation#1
08-31 19:50:17.964   634   662 I SurfaceFlinger: id=151773 createSurf (0x0),-1 flag=24000, Surface(name=a8b9824 NavigationBar0)/@0x196e818 - animation-leash of insets_animation#1
08-31 19:50:17.969 14809 14891 V WindowManager: Relayout hash=23b4667, pid=19225: mAttrs={(0,0)(fillxfill) sim={adjust=pan forwardNavigation} ty=BASE_APPLICATION wanim=0x1030303
08-31 19:50:17.969 14809 14891 V WindowManager:   fl=81810100
08-31 19:50:17.969 14809 14891 V WindowManager:   pfl=12020040
08-31 19:50:17.969 14809 14891 V WindowManager:   bhv=DEFAULT
08-31 19:50:17.969 14809 14891 V WindowManager:   fitSides= naviIconColor=0}
08-31 19:50:17.975 19225 19225 I ViewRootImpl@52102dc[MainActivity]: Relayout returned: old=(0,0,1080,2408) new=(0,0,1080,2408) req=(1080,2408)0 dur=22 res=0x7 s={true 4004536320} ch=true fn=-1
08-31 19:50:17.977 19225 19293 D OpenGLRenderer: eglCreateWindowSurface
08-31 19:50:17.990   634   634 I Layer   : id=151767 removeFromCurrentState Surface(name=886bbf6 StatusBar)/@0x2d7ebf5 - animation-leash of insets_animation#0 (114)
08-31 19:50:17.990   634   634 I Layer   : id=145060 removeFromCurrentState 886bbf6 StatusBar#0 (114)
08-31 19:50:17.990   634   634 I Layer   : id=145072 removeFromCurrentState StatusBar$_15119#0 (114)
08-31 19:50:17.990   634   634 I Layer   : id=145060 addToCurrentState 886bbf6 StatusBar#0 (114)
08-31 19:50:17.991   634   634 I Layer   : id=145072 addToCurrentState StatusBar$_15119#0 (114)
08-31 19:50:17.991   634   634 I Layer   : id=151768 removeFromCurrentState Surface(name=a8b9824 NavigationBar0)/@0x196e818 - animation-leash of insets_animation#0 (114)
08-31 19:50:17.991   634   634 I SurfaceFlinger: id=151767 Removed Surface(name=886bbf6 StatusBar)/@0x2d7ebf5 - animation-leash of insets_animation#0 (114)
08-31 19:50:17.991   634   634 I SurfaceFlinger: id=151768 Removed Surface(name=a8b9824 NavigationBar0)/@0x196e818 - animation-leash of insets_animation#0 (114)
08-31 19:50:17.991   634   634 I Layer   : id=151767 Destroyed Surface(name=886bbf6 StatusBar)/@0x2d7ebf5 - animation-leash of insets_animation#0
08-31 19:50:17.991   634   634 I Layer   : id=151768 Destroyed Surface(name=a8b9824 NavigationBar0)/@0x196e818 - animation-leash of insets_animation#0
08-31 19:50:17.991 19225 19225 I ViewRootImpl@52102dc[MainActivity]: [DP] dp(1) 1 android.view.ViewRootImpl.reportNextDraw:11410 android.view.ViewRootImpl.performTraversals:4185 android.view.ViewRootImpl.doTraversal:2911
08-31 19:50:17.992 19225 19225 D ViewRootImpl@52102dc[MainActivity]: Creating frameDrawingCallback nextDrawUseBlastSync=false reportNextDraw=true hasBlurUpdates=false
08-31 19:50:17.992 19225 19225 D ViewRootImpl@52102dc[MainActivity]: Creating frameCompleteCallback
08-31 19:50:17.992 14809 14891 D InputDispatcher: Focus request (0): 23b4667 com.example.lunchtray/com.example.lunchtray.MainActivity but waiting because NOT_VISIBLE
08-31 19:50:18.020 19225 19310 D ViewRootImpl@52102dc[MainActivity]: Received frameDrawingCallback frameNum=1. Creating transactionCompleteCallback=false
08-31 19:50:18.027 19225 19293 D ViewRootImpl@52102dc[MainActivity]: Received frameCompleteCallback  lastAcquiredFrameNum=1 lastAttemptedDrawFrameNum=1
08-31 19:50:18.029 19225 19225 I ViewRootImpl@52102dc[MainActivity]: [DP] pdf(0) 1 android.view.ViewRootImpl.lambda$addFrameCompleteCallbackIfNeeded$3$ViewRootImpl:4987 android.view.ViewRootImpl$$ExternalSyntheticLambda16.run:6 android.os.Handler.handleCallback:938
08-31 19:50:18.029 19225 19225 I ViewRootImpl@52102dc[MainActivity]: [DP] rdf()
08-31 19:50:18.029 19225 19225 D ViewRootImpl@52102dc[MainActivity]: reportDrawFinished (fn: -1)
08-31 19:50:18.036 14809 14829 I SemDvfsHyPerManager: acquire hyper - AMS_RESUME_TAIL/14809@14, type = -999
08-31 19:50:18.036 14809 14829 I SemDvfsHyPerManager: acquire hyper - AMS_ACT_LAZY/14809@15, type = -999
08-31 19:50:18.036 14617 14637 I HYPER-HAL: [RequestManager.cpp]acquire(): Acquired ID : 109868090  [14809 / 14]    HINT : AMS_RESUME_TAIL    list :
08-31 19:50:18.037 14617 14637 I HYPER-HAL: [RequestManager.cpp]releaseLocked(): Released ID : 110060893
08-31 19:50:18.039 14809 14825 E libperflog: [LIBPERFLOG] socket_local_client fail = -1
08-31 19:50:18.039 14809 14825 I PkgPredictorService-SecIpmManagerServiceImpl: reportToNAP uid:10307 com.example.lunchtray/com.example.lunchtray.MainActivity thisTime:890
08-31 19:50:18.041 14809 14825 I ActivityTaskManager: Displayed com.example.lunchtray/.MainActivity: +890ms
08-31 19:50:18.041   634   662 I SurfaceFlinger: id=151774 createSurf (0x0),-1 flag=24000, Surface(name=23b4667 com.example.lunchtray/com.example.lunchtray.MainActivity)/@0x9009b5f - animation-leash of starting_reveal#0
08-31 19:50:18.041  2385  2385 E pageboostd: Received HALT command code 2
08-31 19:50:18.042 14809 14891 D InputDispatcher: Focus entered window (0): 23b4667 com.example.lunchtray/com.example.lunchtray.MainActivity
08-31 19:50:18.047 15577 15577 I ViewRootImpl@6da1f4c[LauncherActivity]: stopped(true) old=false
08-31 19:50:18.050 15577 15577 I BaseActivity: removeActivityFlags, flags : 17
08-31 19:50:18.050 15577 15577 I StateManager: goToState isInState Normal
08-31 19:50:18.051   634   634 D SurfaceFlinger: Display 4633128508267670401 HWC layers:
08-31 19:50:18.051   634   634 D SurfaceFlinger:      DEVICE | 0xebe31580 | 0102 | RGBA_8888    |    0.0    0.0 1080.0 2408.0 |    0    0 1080 2408 | com.example.lunchtray/com.example.lunchtray.MainActivity$_19225#0
08-31 19:50:18.051   634   634 D SurfaceFlinger:      DEVICE | 0xebe2fd80 | 0100 | RGBA_8888    |    0.0    0.0 1080.0 2408.0 |    0    0 1080 2408 | Splash Screen com.example.lunchtray$_15119#0
08-31 19:50:18.051   634   634 D SurfaceFlinger:      CLIENT | 0xec168b80 | 0100 | RGBA_8888    |    0.0    0.0 1080.0   66.0 |    0    0 1080   66 | StatusBar$_15119#0
08-31 19:50:18.051   634   634 D SurfaceFlinger:      CLIENT | 0xec277300 | 0100 | RGBA_8888    |    0.0    0.0  388.0   42.0 |  692 2366 1080 2408 | SGestureOverlayWindow$_15577#0
08-31 19:50:18.051   634   634 D SurfaceFlinger:      CLIENT | 0xec97b100 | 0100 | RGBA_8888    |    0.0    0.0 1080.0  135.0 |    0 2273 1080 2408 | NavigationBar0$_15119#0
08-31 19:50:18.051   634   634 D SurfaceFlinger:      DEVICE | 0xec278980 | 0108 | RGBA_8888    |    0.0    0.0 1080.0 2408.0 |    0    0 1080 2408 | BlueLightFilter$_15119#0
08-31 19:50:18.051   634   634 D SurfaceFlinger:
08-31 19:50:18.052   634  3050 I SurfaceFlinger: id=151754 Removed OneUiHome-BlurLayer#0 (113)
08-31 19:50:18.052 15577 15645 I IMM_LC  : hsifw() - flags=0, caller=android.view.inputmethod.InputMethodManager.hideSoftInputFromWindow:1858 android.view.inputmethod.InputMethodManager.hideSoftInputFromWindow:1827 com.android.launcher3.util.UiThreadHelper$UiCallbacks.handleMessage:103 android.os.Handler.dispatchMessage:102 android.os.Looper.loopOnce:226
08-31 19:50:18.052 15577 15645 I IMM_LC  : hideSoftInputFromWindow - mService.hideSoftInput
08-31 19:50:18.052 15577 15577 W LauncherAppWidgetHost: setShouldListenFlag, mFlags:7 flag:start on:false isFront:false
08-31 19:50:18.053 14809 17473 I AppWidgetServiceImpl: stopListening callbacks : null
08-31 19:50:18.054 15577 15577 W LauncherAppWidgetHost: stopListening, mFlags:2 isFront:false
08-31 19:50:18.055 15577 15577 W Launcher.NotificationListener: removeNotificationsChangedListener
08-31 19:50:18.055 15577 15577 I BadgeCountUpdaterImpl: onNotificationsChangedDisConnected
08-31 19:50:18.055 15577 15577 I Launcher.NotificationListener: unregisterObserver, this is not notificationService!!
08-31 19:50:18.056 15577 15645 I LiveIconUpdateEventHandler: LiveIcon onStop
08-31 19:50:18.062 15119 15827 I ViewRootImpl@1d2d15d[lunchtray]: mWNT: t = android.view.SurfaceControl$Transaction@3f5aff fN = 2 android.view.SyncRtSurfaceTransactionApplier.applyTransaction:94 android.view.SyncRtSurfaceTransactionApplier.lambda$scheduleApply$0$SyncRtSurfaceTransactionApplier:71 android.view.SyncRtSurfaceTransactionApplier$$ExternalSyntheticLambda0.onFrameDraw:4
08-31 19:50:18.065 15577 15645 I LiveIconUpdateEventHandler: cancelMinuteChangeAlarm
08-31 19:50:18.068 15119 15827 I ViewRootImpl@1d2d15d[lunchtray]: mWNT: merge t to BBQ
08-31 19:50:18.069 15119 15827 I ViewRootImpl@1d2d15d[lunchtray]: mWNT: t = android.view.SurfaceControl$Transaction@8eda0cc fN = 2 android.view.SyncRtSurfaceTransactionApplier.applyTransaction:94 android.view.SyncRtSurfaceTransactionApplier.lambda$scheduleApply$0$SyncRtSurfaceTransactionApplier:71 android.view.SyncRtSurfaceTransactionApplier$$ExternalSyntheticLambda0.onFrameDraw:4
08-31 19:50:18.069 15119 15827 I ViewRootImpl@1d2d15d[lunchtray]: mWNT: merge t to BBQ
08-31 19:50:18.074 15577 15645 I LiveIconUpdateEventHandler: cancelDateChangeAlarm
08-31 19:50:18.076 15119 15828 I ViewRootImpl@1d2d15d[lunchtray]: mWNT: t = android.view.SurfaceControl$Transaction@df3cf15 fN = 3 android.view.SyncRtSurfaceTransactionApplier.applyTransaction:94 android.view.SyncRtSurfaceTransactionApplier.lambda$scheduleApply$0$SyncRtSurfaceTransactionApplier:71 android.view.SyncRtSurfaceTransactionApplier$$ExternalSyntheticLambda0.onFrameDraw:4
08-31 19:50:18.076 15119 15828 I ViewRootImpl@1d2d15d[lunchtray]: mWNT: merge t to BBQ
08-31 19:50:18.076 15577 15645 I LiveIconUpdateEventHandler: unregisterReceiver
08-31 19:50:18.090   634   634 I Layer   : id=151750 removeFromCurrentState com.sec.android.app.launcher/com.sec.android.app.launcher.activities.LauncherActivity$_7302#0 (113)
08-31 19:50:18.090   634   634 I Layer   : id=151751 removeFromCurrentState com.sec.android.app.launcher/com.sec.android.app.launcher.activities.LauncherActivity$_15577#0 (113)
08-31 19:50:18.091   634   634 I Layer   : id=151754 removeFromCurrentState OneUiHome-BlurLayer#0 (113)
08-31 19:50:18.091   634   634 I SurfaceFlinger: id=151750 Removed com.sec.android.app.launcher/com.sec.android.app.launcher.activities.LauncherActivity$_7302#0 (113)
08-31 19:50:18.091   634   634 I Layer   : id=151750 Destroyed com.sec.android.app.launcher/com.sec.android.app.launcher.activities.LauncherActivity$_7302#0
08-31 19:50:18.092   634  1925 I SurfaceFlinger: id=151751 Removed com.sec.android.app.launcher/com.sec.android.app.launcher.activities.LauncherActivity$_15577#0 (112)
08-31 19:50:18.095 15119 15827 I ViewRootImpl@1d2d15d[lunchtray]: mWNT: t = android.view.SurfaceControl$Transaction@925c22a fN = 4 android.view.SyncRtSurfaceTransactionApplier.applyTransaction:94 android.view.SyncRtSurfaceTransactionApplier.lambda$scheduleApply$0$SyncRtSurfaceTransactionApplier:71 android.view.SyncRtSurfaceTransactionApplier$$ExternalSyntheticLambda0.onFrameDraw:4
08-31 19:50:18.096 15119 15827 I ViewRootImpl@1d2d15d[lunchtray]: mWNT: merge t to BBQ
08-31 19:50:18.108   634   634 I Layer   : id=151751 Destroyed com.sec.android.app.launcher/com.sec.android.app.launcher.activities.LauncherActivity$_15577#0
08-31 19:50:18.108   634   634 I Layer   : id=151754 Destroyed OneUiHome-BlurLayer#0
08-31 19:50:18.108 19225 19225 D InsetsSourceConsumer: ensureControlAlpha: for ITYPE_NAVIGATION_BAR on com.example.lunchtray/com.example.lunchtray.MainActivity
08-31 19:50:18.111 15119 15309 D OpenGLRenderer: setSurface called with nullptr
08-31 19:50:18.111 15119 15309 D OpenGLRenderer: setSurface() destroyed EGLSurface
08-31 19:50:18.111 15119 15309 D OpenGLRenderer: destroyEglSurface
08-31 19:50:18.113 19225 19225 D InsetsSourceConsumer: ensureControlAlpha: for ITYPE_STATUS_BAR on com.example.lunchtray/com.example.lunchtray.MainActivity
08-31 19:50:18.114 14809 17480 V WindowManager: Relayout Window{8571d6d u0 Splash Screen com.example.lunchtray}: viewVisibility=8 req=1080x2408 d0
08-31 19:50:18.116   634  3050 I SurfaceFlinger: id=151775 createSurf (0x0),-1 flag=24000, Surface(name=8571d6d Splash Screen com.example.lunchtray)/@0xc08e1e4 - animation-leash of window_animation#0
08-31 19:50:18.118 19225 19225 D LifecycleMonitor: Lifecycle status change: androidx.test.core.app.InstrumentationActivityInvoker$BootstrapActivity@b0379da in: STOPPED
08-31 19:50:18.121 19225 19225 V ActivityScenario: Activity lifecycle changed event received but ignored because the intent does not match. startActivityIntent=Intent { act=android.intent.action.MAIN cat=[android.intent.category.LAUNCHER] cmp=com.example.lunchtray/.MainActivity }, activity.getIntent()=Intent { act=android.intent.action.MAIN cat=[android.intent.category.LAUNCHER] flg=0x10008000 cmp=com.example.lunchtray/androidx.test.core.app.InstrumentationActivityInvoker$BootstrapActivity (has extras) }, activity=androidx.test.core.app.InstrumentationActivityInvoker$BootstrapActivity@b0379da
08-31 19:50:18.124 19225 19225 I ViewRootImpl@52102dc[MainActivity]: MSG_WINDOW_FOCUS_CHANGED 1 1
08-31 19:50:18.124 14809 17480 V WindowManager: Relayout hash=8571d6d, pid=15119: mAttrs={(0,0)(fillxfill) sim={adjust=pan} ty=APPLICATION_STARTING fmt=TRANSLUCENT wanim=0x1030001
08-31 19:50:18.124 14809 17480 V WindowManager:   fl=81030118
08-31 19:50:18.124 14809 17480 V WindowManager:   pfl=36000010
08-31 19:50:18.124 14809 17480 V WindowManager:   bhv=DEFAULT
08-31 19:50:18.124 14809 17480 V WindowManager:   fitSides= naviIconColor=0}
08-31 19:50:18.125 15119 15246 I ViewRootImpl@1d2d15d[lunchtray]: Relayout returned: old=(0,0,1080,2408) new=(0,0,1080,2408) req=(1080,2408)8 dur=11 res=0x5 s={false 0} ch=true fn=5
08-31 19:50:18.126 15119 15246 I ViewRootImpl@1d2d15d[lunchtray]: dispatchDetachedFromWindow
08-31 19:50:18.128 14809 14822 D InputTransport: Input channel destroyed: '8571d6d', fd=1059
08-31 19:50:18.128 14809 14822 W InputManager-JNI: Input channel object '8571d6d Splash Screen com.example.lunchtray (client)' was disposed without first being removed with the input manager!
08-31 19:50:18.128 14809 14822 D InputTransport: Input channel destroyed: '8571d6d', fd=1061
08-31 19:50:18.130 19225 19225 D InputMethodManager: startInputInner - Id : 0
08-31 19:50:18.130 19225 19225 I InputMethodManager: startInputInner - mService.startInputOrWindowGainedFocus
08-31 19:50:18.132 15119 15246 D InputTransport: Input channel destroyed: '8571d6d', fd=225
08-31 19:50:18.134 14809 17480 D InputMethodManagerService: mDesktopModeManager null!
08-31 19:50:18.134 14809 17480 V InputMethodManagerService: getDisplayIdOfInputMethodWindowToBeAdded : 0
08-31 19:50:18.135 14809 17480 D InputMethodManagerService: checkDisplayOfStartInputAndUpdateKeyboard display Id 0last 0
08-31 19:50:18.136 14809 17480 D InputTransport: Input channel constructed: 'ClientS', fd=1059
08-31 19:50:18.136 14809 17480 D InputTransport: Input channel destroyed: 'ClientS', fd=1059
08-31 19:50:18.136 21002 21002 I HBD     : HoneyBoardService onFinishInput
08-31 19:50:18.136 21002 21002 I HBD     : a IC have been unbinding,  InputConnectionWrapper{idHash=#4a638af mMissingMethods=}
08-31 19:50:18.136 21002 21002 I HBD     : HoneyBoardService [PF_CL][onFinishInput]  303423 ns
08-31 19:50:18.137 21002 21002 I HBD     : HoneyBoardService [IMI] onStartInput - caller pid : 19225 , caller uid : 10307
08-31 19:50:18.137 21002 21002 I HBD     : j updateConfigs
08-31 19:50:18.137 21002 21002 I HBD     : j isEnabledNightMode : true
08-31 19:50:18.137 21002 21002 I HBD     : a IC have been binding, InputConnectionWrapper{idHash=#6e09c45 mMissingMethods=}
08-31 19:50:18.137 21002 21002 I HBD     : h [EditorInputType]setPrivateImeOptionsToTable privateImeOptions ( null )
08-31 19:50:18.137 21002 21002 I HBD     : b incognitoMode : false
08-31 19:50:18.137 21002 21002 I HBD     : a needOff = true , isForceOff = false, isNullInputClass : true
08-31 19:50:18.137 21002 21002 I HBD     : h getDefaultInputRange : UNKNOWN
08-31 19:50:18.137 21002 21002 I HBD     : h getDefaultInputRange : UNKNOWN
08-31 19:50:18.137 21002 21002 I HBD     : h getDefaultInputRange : UNKNOWN
08-31 19:50:18.138   634  3050 I SurfaceFlinger: id=151776 createSurf (0x0),-1 flag=24004, Surface(name=4ce6435 InputMethod)/@0x855123b - animation-leash of insets_animation#0
08-31 19:50:18.140   634   634 I Layer   : id=151774 removeFromCurrentState Surface(name=23b4667 com.example.lunchtray/com.example.lunchtray.MainActivity)/@0x9009b5f - animation-leash of starting_reveal#0 (112)
08-31 19:50:18.141 21002 21002 I HBD     : a needOff = true , isForceOff = false, isNullInputClass : true
08-31 19:50:18.141 21002 21002 I HBD     : a update cached prediction status : false
08-31 19:50:18.141 21002 21002 I HBD     : h getDefaultInputRange : UNKNOWN
08-31 19:50:18.141 21002 21002 I HBD     : a currentState : 0
08-31 19:50:18.143 21002 21002 I HBD     : h load selected json path : /data/user/0/com.samsung.android.honeyboard/files/selected.json
