08-31 19:50:41.409 19225 19284 I TestRunner: started: order_reset_after_cancel_from_checkout(com.example.lunchtray.OrderFunctionalityTests)
08-31 19:50:41.410 19225 19225 D InputTransport: Input channel destroyed: '4a40fc4', fd=93
08-31 19:50:41.414   634  1925 I SurfaceFlinger: id=151976 createSurf (0x0),-1 flag=24004, Task=1233#1
08-31 19:50:41.418   634   634 I Layer   : id=151960 removeFromCurrentState com.example.lunchtray/androidx.fragment.app.testing.FragmentScenario$EmptyFragmentActivity$_19225#0 (114)
08-31 19:50:41.418   634   634 I Layer   : id=151959 removeFromCurrentState 4a40fc4 com.example.lunchtray/androidx.fragment.app.testing.FragmentScenario$EmptyFragmentActivity#0 (114)
08-31 19:50:41.419   634   634 I SurfaceFlinger: id=151959 Removed 4a40fc4 com.example.lunchtray/androidx.fragment.app.testing.FragmentScenario$EmptyFragmentActivity#0 (114)
08-31 19:50:41.419   634   634 I SurfaceFlinger: id=151960 Removed com.example.lunchtray/androidx.fragment.app.testing.FragmentScenario$EmptyFragmentActivity$_19225#0 (114)
08-31 19:50:41.419   634   634 I Layer   : id=151959 Destroyed 4a40fc4 com.example.lunchtray/androidx.fragment.app.testing.FragmentScenario$EmptyFragmentActivity#0
08-31 19:50:41.419   634   634 I Layer   : id=151960 Destroyed com.example.lunchtray/androidx.fragment.app.testing.FragmentScenario$EmptyFragmentActivity$_19225#0
08-31 19:50:41.421 15119 15127 I ndroid.systemu: NativeAlloc concurrent copying GC freed 18513(1132KB) AllocSpace objects, 0(0B) LOS objects, 30% free, 27MB/39MB, paused 504us,153us total 208.402ms
08-31 19:50:41.422 15119 15309 D OpenGLRenderer: setSurface called with nullptr
08-31 19:50:41.425   634   807 I SurfaceFlinger: id=151936 Removed Surface(name=bf0cdf3 com.example.lunchtray/com.example.lunchtray.MainActivity)/@0x256086b - animation-leash of starting_reveal#0 (112)
08-31 19:50:41.425 15119 15309 D OpenGLRenderer: setSurface called with nullptr
08-31 19:50:41.426 15577 15577 I RecentsView: onTaskRemoved() taskId : 1233
08-31 19:50:41.427 15577 15577 I RecentsView: onTaskRemoved() taskId : 1233
08-31 19:50:41.429   634   807 I SurfaceFlinger: id=151963 Removed Surface(name=4a40fc4 com.example.lunchtray/androidx.fragment.app.testing.FragmentScenario$EmptyFragmentActivity)/@0x6923dcf - animation-leash of starting_reveal#0 (112)
08-31 19:50:41.429 15119 15129 W System  : A resource failed to call release.
08-31 19:50:41.432 15119 15129 W System  : A resource failed to call release.
08-31 19:50:41.432 15119 15129 W System  : A resource failed to call close.
08-31 19:50:41.434 15119 15129 W System  : A resource failed to call close.
08-31 19:50:41.435   634   634 I Layer   : id=151958 removeFromCurrentState ActivityRecord{4cddedf u0 com.example.lunchtray/androidx.fragment.app.testing.FragmentScenario$EmptyFragmentActivity t1233}#0 (112)
08-31 19:50:41.435   634   634 I Layer   : id=151950 removeFromCurrentState Task=1233#0 (112)
08-31 19:50:41.435   634   634 I Layer   : id=151976 removeFromCurrentState Task=1233#1 (112)
08-31 19:50:41.435   634   634 I SurfaceFlinger: id=151958 Removed ActivityRecord{4cddedf u0 com.example.lunchtray/androidx.fragment.app.testing.FragmentScenario$EmptyFragmentActivity t1233}#0 (112)
08-31 19:50:41.435   634   634 I SurfaceFlinger: id=151976 Removed Task=1233#1 (112)
08-31 19:50:41.435   634   634 I Layer   : id=151936 Destroyed Surface(name=bf0cdf3 com.example.lunchtray/com.example.lunchtray.MainActivity)/@0x256086b - animation-leash of starting_reveal#0
08-31 19:50:41.435   634   634 I Layer   : id=151963 Destroyed Surface(name=4a40fc4 com.example.lunchtray/androidx.fragment.app.testing.FragmentScenario$EmptyFragmentActivity)/@0x6923dcf - animation-leash of starting_reveal#0
08-31 19:50:41.436   634   634 I Layer   : id=151958 Destroyed ActivityRecord{4cddedf u0 com.example.lunchtray/androidx.fragment.app.testing.FragmentScenario$EmptyFragmentActivity t1233}#0
08-31 19:50:41.436   634   634 I Layer   : id=151976 Destroyed Task=1233#1
08-31 19:50:41.436 19225 19284 W Settings: Setting always_finish_activities has moved from android.provider.Settings.System to android.provider.Settings.Global, returning read-only value.
08-31 19:50:41.453 14809 15928 D PkgPredictorService-IpmAdcpController: create a new DexPreloadTask pkg:com.example.lunchtray  path:/data/app/~~gbmHt4QFZFuUz7nOvKmpFQ==/com.example.lunchtray-THkiE5ocQARudvzX67_P5w==
08-31 19:50:41.453 14809 15454 I SemDvfsHyPerManager: acquire hyper - AMS_APP_SWITCH/14809@27, type = -999
08-31 19:50:41.454 14617 14637 I HYPER-HAL: [RequestManager.cpp]acquire(): Acquired ID : 110060893  [14809 / 27]    HINT : AMS_APP_SWITCH    list :
08-31 19:50:41.455   634   807 I SurfaceFlinger: id=151977 createSurf (0x0),-1 flag=24004, Task=1234#0
08-31 19:50:41.458 16623 16623 I SemDvfsHyPerManager: acquire hyper - APP_START_SHORT/16623@15, type = -999
08-31 19:50:41.458   634   807 I SurfaceFlinger: id=151978 createSurf (0x0),-1 flag=80004, ActivityRecord{998be08 u0 com.example.lunchtray/androidx.test.core.app.InstrumentationActivityInvoker$BootstrapActivity t1234}#0
08-31 19:50:41.458 14617 14637 I HYPER-HAL: [RequestManager.cpp]acquire(): Acquired ID : 138419856  [16623 / 15]    HINT : APP_START    list : [TIMEOUT / 1500]
08-31 19:50:41.473 14809 15286 I SemDvfsHyPerManager: acquire hyper - AMS_APP_LAUNCH/14809@13, type = -999
08-31 19:50:41.474 14617 14637 I HYPER-HAL: [RequestManager.cpp]acquire(): Acquired ID : 109853266  [14809 / 13]    HINT : AMS_APP_LAUNCH    list :
08-31 19:50:41.474 16623 16623 I SemDvfsHyPerManager: acquire hyper - APP_START/16623@16, type = -999
08-31 19:50:41.475 14617 14637 I HYPER-HAL: [RequestManager.cpp]acquire(): Acquired ID : 138436496  [16623 / 16]    HINT : APP_START    list :
08-31 19:50:41.477 15577 15577 I BaseActivity: removeActivityFlags, flags : 16
08-31 19:50:41.477 15577 15577 I BaseActivity: removeActivityFlags, flags : 6
08-31 19:50:41.477 14809 16644 D InputTransport: Input channel constructed: '3ffb2b4', fd=840
08-31 19:50:41.477 14809 16644 D InputTransport: Input channel constructed: '3ffb2b4', fd=846
08-31 19:50:41.477 15577 15577 I DragController: endDrag
08-31 19:50:41.477 15577 15577 W LauncherAppWidgetHost: setShouldListenFlag, mFlags:15 flag:resume on:false isFront:false
08-31 19:50:41.477 14809 16644 D InputTransport: Input channel constructed: '3ffb2b4', fd=847
08-31 19:50:41.478 15577 15577 I DecorView: notifyKeepScreenOnChanged: keepScreenOn=false
08-31 19:50:41.478 15577 15577 I SPayUpdater: updateSpayHandler launcher activity is paused false
08-31 19:50:41.478 15119 15119 D PipMotionHelper: animateToOffset: originalBounds=Rect(495, 2017 - 1035, 2321) offset=0 callers=
08-31 19:50:41.478 15119 15119 D PipMotionHelper:     com.android.wm.shell.pip.phone.PipTouchHandler.onMovementBoundsChanged:482
08-31 19:50:41.478 15119 15119 D PipMotionHelper:     com.android.wm.shell.pip.phone.PipController.updateMovementBounds:712
08-31 19:50:41.478 15119 15119 D PipMotionHelper:     com.android.wm.shell.pip.phone.PipController.lambda$init$3:351
08-31 19:50:41.478 15119 15119 D PipMotionHelper:     com.android.wm.shell.pip.phone.PipController.$r8$lambda$u15Oj_b57njSWegfZTV6TpliGaw:0
08-31 19:50:41.478 15119 15119 D PipMotionHelper:     com.android.wm.shell.pip.phone.PipController$$ExternalSyntheticLambda0.accept:8
08-31 19:50:41.479   634   807 I SurfaceFlinger: id=151979 createSurf (0x0),-1 flag=80004, 3ffb2b4 Splash Screen com.example.lunchtray#0
08-31 19:50:41.480 14809 16644 D InputTransport: Input channel destroyed: '3ffb2b4', fd=847
08-31 19:50:41.481 15119 15246 I ViewRootImpl@d86579e[lunchtray]: setView = android.widget.FrameLayout@77e2295 TM=true
08-31 19:50:41.492 14809 15286 D InputDispatcher: Focused application set to (0): 998be08
08-31 19:50:41.504 14809 16644 V WindowManager: Relayout Window{3ffb2b4 u0 Splash Screen com.example.lunchtray}: viewVisibility=0 req=1080x2408 d0
08-31 19:50:41.505   634   807 I SurfaceFlinger: id=151980 createSurf (1080x2408),-3 flag=40004, Splash Screen com.example.lunchtray$_15119#0
08-31 19:50:41.511 14809 16644 V WindowManager: Relayout hash=3ffb2b4, pid=15119: mAttrs={(0,0)(fillxfill) sim={adjust=pan} ty=APPLICATION_STARTING fmt=TRANSLUCENT wanim=0x1030001
08-31 19:50:41.511 14809 16644 V WindowManager:   fl=81030118
08-31 19:50:41.511 14809 16644 V WindowManager:   pfl=36000010
08-31 19:50:41.511 14809 16644 V WindowManager:   bhv=DEFAULT
08-31 19:50:41.511 14809 16644 V WindowManager:   fitSides= naviIconColor=0}
08-31 19:50:41.513 15119 15246 I ViewRootImpl@d86579e[lunchtray]: Relayout returned: old=(0,0,1080,2408) new=(0,0,1080,2408) req=(1080,2408)0 dur=26 res=0x7 s={true 3141377024} ch=true fn=-1
08-31 19:50:41.513 14809 15286 V WindowManager: Relayout Window{d738cd4 u0 com.sec.android.app.launcher/com.sec.android.app.launcher.activities.LauncherActivity}: viewVisibility=0 req=1080x2408 d0
08-31 19:50:41.515 15119 15309 D OpenGLRenderer: eglCreateWindowSurface
08-31 19:50:41.518 15119 15246 I ViewRootImpl@d86579e[lunchtray]: [DP] dp(1) 0 android.view.ViewRootImpl.reportNextDraw:11410 android.view.ViewRootImpl.performTraversals:4185 android.view.ViewRootImpl.doTraversal:2911
08-31 19:50:41.518 15119 15246 D ViewRootImpl@d86579e[lunchtray]: Creating frameDrawingCallback nextDrawUseBlastSync=false reportNextDraw=true hasBlurUpdates=false
08-31 19:50:41.519 15119 15246 D ViewRootImpl@d86579e[lunchtray]: Creating frameCompleteCallback
08-31 19:50:41.520 14809 15295 D InputDispatcher: Focus left window (0): d738cd4 com.sec.android.app.launcher/com.sec.android.app.launcher.activities.LauncherActivity
08-31 19:50:41.521 14809 15286 V WindowManager: Relayout hash=d738cd4, pid=15577: mAttrs={(0,0)(fillxfill) sim={adjust=nothing} layoutInDisplayCutoutMode=shortEdges ty=BASE_APPLICATION fmt=TRANSPARENT wanim=0x10302f2
08-31 19:50:41.521 14809 15286 V WindowManager:   fl=81910100
08-31 19:50:41.521 14809 15286 V WindowManager:   pfl=1e020040
08-31 19:50:41.521 14809 15286 V WindowManager:   vsysui=1700
08-31 19:50:41.521 14809 15286 V WindowManager:   bhv=SHOW_TRANSIENT_BARS_BY_SWIPE
08-31 19:50:41.521 14809 15286 V WindowManager:   fitSides= naviIconColor=0}
08-31 19:50:41.522 15119 15828 D ViewRootImpl@d86579e[lunchtray]: Received frameDrawingCallback frameNum=1. Creating transactionCompleteCallback=false
08-31 19:50:41.522 15577 15577 I ViewRootImpl@6da1f4c[LauncherActivity]: Relayout returned: old=(0,0,1080,2408) new=(0,0,1080,2408) req=(1080,2408)0 dur=19 res=0x1 s={true 3225331712} ch=false fn=12
08-31 19:50:41.522 15577 15577 I ViewRootImpl@6da1f4c[LauncherActivity]: MSG_WINDOW_FOCUS_CHANGED 0 1
08-31 19:50:41.523 15577 15577 I BaseActivity: removeActivityFlags, flags : 8
08-31 19:50:41.528 19225 19225 D LifecycleMonitor: Lifecycle status change: androidx.test.core.app.InstrumentationActivityInvoker$BootstrapActivity@4a2be77 in: PRE_ON_CREATE
08-31 19:50:41.529 15119 15309 D ViewRootImpl@d86579e[lunchtray]: Received frameCompleteCallback  lastAcquiredFrameNum=1 lastAttemptedDrawFrameNum=1
08-31 19:50:41.530 19225 19225 V ActivityScenario: Activity lifecycle changed event received but ignored because the intent does not match. startActivityIntent=Intent { act=android.intent.action.MAIN cat=[android.intent.category.LAUNCHER] cmp=com.example.lunchtray/androidx.fragment.app.testing.FragmentScenario$EmptyFragmentActivity (has extras) }, activity.getIntent()=Intent { act=android.intent.action.MAIN cat=[android.intent.category.LAUNCHER] flg=0x10008000 cmp=com.example.lunchtray/androidx.test.core.app.InstrumentationActivityInvoker$BootstrapActivity (has extras) }, activity=androidx.test.core.app.InstrumentationActivityInvoker$BootstrapActivity@4a2be77
08-31 19:50:41.531 19225 19225 V ActivityScenario: Activity lifecycle changed event received but ignored because the intent does not match. startActivityIntent=Intent { act=android.intent.action.MAIN cat=[android.intent.category.LAUNCHER] cmp=com.example.lunchtray/.MainActivity }, activity.getIntent()=Intent { act=android.intent.action.MAIN cat=[android.intent.category.LAUNCHER] flg=0x10008000 cmp=com.example.lunchtray/androidx.test.core.app.InstrumentationActivityInvoker$BootstrapActivity (has extras) }, activity=androidx.test.core.app.InstrumentationActivityInvoker$BootstrapActivity@4a2be77
08-31 19:50:41.531 15119 15246 I ViewRootImpl@d86579e[lunchtray]: [DP] pdf(0) 0 android.view.ViewRootImpl.lambda$addFrameCompleteCallbackIfNeeded$3$ViewRootImpl:4987 android.view.ViewRootImpl$$ExternalSyntheticLambda16.run:6 android.os.Handler.handleCallback:938
08-31 19:50:41.531 15119 15246 I ViewRootImpl@d86579e[lunchtray]: [DP] rdf()
08-31 19:50:41.531 15119 15246 D ViewRootImpl@d86579e[lunchtray]: reportDrawFinished (fn: -1)
08-31 19:50:41.532 19225 19225 V ActivityScenario: Activity lifecycle changed event received but ignored because the intent does not match. startActivityIntent=Intent { act=android.intent.action.MAIN cat=[android.intent.category.LAUNCHER] cmp=com.example.lunchtray/androidx.fragment.app.testing.FragmentScenario$EmptyFragmentActivity (has extras) }, activity.getIntent()=Intent { act=android.intent.action.MAIN cat=[android.intent.category.LAUNCHER] flg=0x10008000 cmp=com.example.lunchtray/androidx.test.core.app.InstrumentationActivityInvoker$BootstrapActivity (has extras) }, activity=androidx.test.core.app.InstrumentationActivityInvoker$BootstrapActivity@4a2be77
08-31 19:50:41.533 19225 19225 V ActivityScenario: Activity lifecycle changed event received but ignored because the intent does not match. startActivityIntent=Intent { act=android.intent.action.MAIN cat=[android.intent.category.LAUNCHER] cmp=com.example.lunchtray/.MainActivity }, activity.getIntent()=Intent { act=android.intent.action.MAIN cat=[android.intent.category.LAUNCHER] flg=0x10008000 cmp=com.example.lunchtray/androidx.test.core.app.InstrumentationActivityInvoker$BootstrapActivity (has extras) }, activity=androidx.test.core.app.InstrumentationActivityInvoker$BootstrapActivity@4a2be77
08-31 19:50:41.542 15119 15119 D FullscreenTaskListener: Fullscreen Task Appeared: #1234, caller=com.android.wm.shell.ShellTaskOrganizer.onTaskAppeared:387 com.android.wm.shell.ShellTaskOrganizer.onTaskAppeared:376 android.window.TaskOrganizer$1.lambda$onTaskAppeared$4$TaskOrganizer$1:297
08-31 19:50:41.543   634   807 I SurfaceFlinger: id=151981 createSurf (0x0),-1 flag=24000, Surface(name=Task=1)/@0x7c9ef10 - animation-leash of app_transition#0
08-31 19:50:41.543 15577 15577 I BadgeRenderer: Invalid count : 0
08-31 19:50:41.544 15577 15577 I BadgeRenderer: Invalid count : 0
08-31 19:50:41.544 15577 15577 I BadgeRenderer: Invalid count : 0
08-31 19:50:41.548   634  3050 I SurfaceFlinger: id=151982 createSurf (0x0),-1 flag=24004, Surface(name=Task=1234)/@0x5f6be76 - animation-leash of app_transition#0
08-31 19:50:41.553   634  3050 I SurfaceFlinger: id=151983 createSurf (0x0),-1 flag=24000, Surface(name=886bbf6 StatusBar)/@0x2d7ebf5 - animation-leash of insets_animation#0
08-31 19:50:41.554   634  3050 I SurfaceFlinger: id=151984 createSurf (0x0),-1 flag=24000, Surface(name=a8b9824 NavigationBar0)/@0x196e818 - animation-leash of insets_animation#0
08-31 19:50:41.563 15119 15246 D InsetsSourceConsumer: ensureControlAlpha: for ITYPE_NAVIGATION_BAR on Splash Screen com.example.lunchtray
08-31 19:50:41.563 14617 19447 I HYPER-HAL: [RequestManager.cpp]releaseLocked(): Released ID : 110046056
08-31 19:50:41.564 15119 15246 D InsetsSourceConsumer: ensureControlAlpha: for ITYPE_STATUS_BAR on Splash Screen com.example.lunchtray
08-31 19:50:41.568   634   634 I Layer   : id=151968 removeFromCurrentState Surface(name=886bbf6 StatusBar)/@0x2d7ebf5 - animation-leash of insets_animation#1 (116)
08-31 19:50:41.568   634   634 I Layer   : id=145060 removeFromCurrentState 886bbf6 StatusBar#0 (116)
08-31 19:50:41.568   634   634 I Layer   : id=145072 removeFromCurrentState StatusBar$_15119#0 (116)
08-31 19:50:41.569   634   634 I Layer   : id=145060 addToCurrentState 886bbf6 StatusBar#0 (116)
08-31 19:50:41.569   634   634 I Layer   : id=145072 addToCurrentState StatusBar$_15119#0 (116)
08-31 19:50:41.569   634   634 I Layer   : id=151969 removeFromCurrentState Surface(name=a8b9824 NavigationBar0)/@0x196e818 - animation-leash of insets_animation#1 (116)
08-31 19:50:41.569   634   634 I SurfaceFlinger: id=151968 Removed Surface(name=886bbf6 StatusBar)/@0x2d7ebf5 - animation-leash of insets_animation#1 (116)
08-31 19:50:41.569   634   634 I SurfaceFlinger: id=151969 Removed Surface(name=a8b9824 NavigationBar0)/@0x196e818 - animation-leash of insets_animation#1 (116)
08-31 19:50:41.569   634   634 I Layer   : id=151968 Destroyed Surface(name=886bbf6 StatusBar)/@0x2d7ebf5 - animation-leash of insets_animation#1
08-31 19:50:41.569   634   634 I Layer   : id=151969 Destroyed Surface(name=a8b9824 NavigationBar0)/@0x196e818 - animation-leash of insets_animation#1
08-31 19:50:41.571 19225 19225 I DecorView: [INFO] isPopOver=false, config=true
08-31 19:50:41.571 19225 19225 I DecorView: updateCaptionType >> DecorView@a7acb13[], isFloating=false, isApplication=true, hasWindowControllerCallback=true, hasWindowDecorCaption=false
08-31 19:50:41.571 19225 19225 D DecorView: setCaptionType = 0, this = DecorView@a7acb13[]
08-31 19:50:41.578 19225 19225 I DecorView: getCurrentDensityDpi: from real metrics. densityDpi=450 msg=resources_loaded
08-31 19:50:41.580 19225 19225 D LifecycleMonitor: Lifecycle status change: androidx.test.core.app.InstrumentationActivityInvoker$BootstrapActivity@4a2be77 in: CREATED
08-31 19:50:41.581 19225 19225 V ActivityScenario: Activity lifecycle changed event received but ignored because the intent does not match. startActivityIntent=Intent { act=android.intent.action.MAIN cat=[android.intent.category.LAUNCHER] cmp=com.example.lunchtray/androidx.fragment.app.testing.FragmentScenario$EmptyFragmentActivity (has extras) }, activity.getIntent()=Intent { act=android.intent.action.MAIN cat=[android.intent.category.LAUNCHER] flg=0x10008000 cmp=com.example.lunchtray/androidx.test.core.app.InstrumentationActivityInvoker$BootstrapActivity (has extras) }, activity=androidx.test.core.app.InstrumentationActivityInvoker$BootstrapActivity@4a2be77
08-31 19:50:41.582 19225 19225 V ActivityScenario: Activity lifecycle changed event received but ignored because the intent does not match. startActivityIntent=Intent { act=android.intent.action.MAIN cat=[android.intent.category.LAUNCHER] cmp=com.example.lunchtray/.MainActivity }, activity.getIntent()=Intent { act=android.intent.action.MAIN cat=[android.intent.category.LAUNCHER] flg=0x10008000 cmp=com.example.lunchtray/androidx.test.core.app.InstrumentationActivityInvoker$BootstrapActivity (has extras) }, activity=androidx.test.core.app.InstrumentationActivityInvoker$BootstrapActivity@4a2be77
08-31 19:50:41.583 19225 19225 V ActivityScenario: Activity lifecycle changed event received but ignored because the intent does not match. startActivityIntent=Intent { act=android.intent.action.MAIN cat=[android.intent.category.LAUNCHER] cmp=com.example.lunchtray/androidx.fragment.app.testing.FragmentScenario$EmptyFragmentActivity (has extras) }, activity.getIntent()=Intent { act=android.intent.action.MAIN cat=[android.intent.category.LAUNCHER] flg=0x10008000 cmp=com.example.lunchtray/androidx.test.core.app.InstrumentationActivityInvoker$BootstrapActivity (has extras) }, activity=androidx.test.core.app.InstrumentationActivityInvoker$BootstrapActivity@4a2be77
08-31 19:50:41.583 14809 14828 I SemPersonaManager: SecureFolder personaId = 10
08-31 19:50:41.584 19225 19225 V ActivityScenario: Activity lifecycle changed event received but ignored because the intent does not match. startActivityIntent=Intent { act=android.intent.action.MAIN cat=[android.intent.category.LAUNCHER] cmp=com.example.lunchtray/.MainActivity }, activity.getIntent()=Intent { act=android.intent.action.MAIN cat=[android.intent.category.LAUNCHER] flg=0x10008000 cmp=com.example.lunchtray/androidx.test.core.app.InstrumentationActivityInvoker$BootstrapActivity (has extras) }, activity=androidx.test.core.app.InstrumentationActivityInvoker$BootstrapActivity@4a2be77
08-31 19:50:41.585 15577 24462 I TouchInteractionService: onSystemUiStateChanged, stateFlags : 131072
08-31 19:50:41.585 15577 15577 W SGestureOverlayWindow: setVisibilityGestureOverlayWindow, visibility = 0
08-31 19:50:41.585 15577 15577 I TouchInteractionService: onSystemUiFlagsChanged, userUnlocked
08-31 19:50:41.590 19225 19225 D LifecycleMonitor: Lifecycle status change: androidx.test.core.app.InstrumentationActivityInvoker$BootstrapActivity@4a2be77 in: STARTED
08-31 19:50:41.591 19225 19225 V ActivityScenario: Activity lifecycle changed event received but ignored because the intent does not match. startActivityIntent=Intent { act=android.intent.action.MAIN cat=[android.intent.category.LAUNCHER] cmp=com.example.lunchtray/androidx.fragment.app.testing.FragmentScenario$EmptyFragmentActivity (has extras) }, activity.getIntent()=Intent { act=android.intent.action.MAIN cat=[android.intent.category.LAUNCHER] flg=0x10008000 cmp=com.example.lunchtray/androidx.test.core.app.InstrumentationActivityInvoker$BootstrapActivity (has extras) }, activity=androidx.test.core.app.InstrumentationActivityInvoker$BootstrapActivity@4a2be77
08-31 19:50:41.593 19225 19225 V ActivityScenario: Activity lifecycle changed event received but ignored because the intent does not match. startActivityIntent=Intent { act=android.intent.action.MAIN cat=[android.intent.category.LAUNCHER] cmp=com.example.lunchtray/.MainActivity }, activity.getIntent()=Intent { act=android.intent.action.MAIN cat=[android.intent.category.LAUNCHER] flg=0x10008000 cmp=com.example.lunchtray/androidx.test.core.app.InstrumentationActivityInvoker$BootstrapActivity (has extras) }, activity=androidx.test.core.app.InstrumentationActivityInvoker$BootstrapActivity@4a2be77
08-31 19:50:41.595   634   634 D SurfaceFlinger: Display 4633128508267670401 HWC layers:
08-31 19:50:41.595   634   634 D SurfaceFlinger:      DEVICE | 0xeb9b9080 | 0100 | RGBx_8888    |  335.0    0.0 1415.0 2408.0 |    0    0 1080 2408 | Wallpaper BBQ wrapper#0
08-31 19:50:41.595   634   634 D SurfaceFlinger:      DEVICE | 0xebd4f380 | 0100 | RGBA_8888    |    0.0    0.0 1080.0 2408.0 |    0    0 1080 2408 | com.sec.android.app.launcher/com.sec[...]activities.LauncherActivity$_15577#0
08-31 19:50:41.595   634   634 D SurfaceFlinger:      CLIENT | 0xebd50400 | 0100 | RGBA_8888    |    0.0    0.0 1080.0 2408.0 |   67  150 1013 2258 | Splash Screen com.example.lunchtray$_15119#0
08-31 19:50:41.595   634   634 D SurfaceFlinger:      CLIENT | 0xebe30c80 | 0100 | RGBA_8888    |    0.0    0.0 1080.0   66.0 |    0    0 1080   66 | StatusBar$_15119#0
08-31 19:50:41.595   634   634 D SurfaceFlinger:      CLIENT | 0xec277300 | 0100 | RGBA_8888    |    0.0    0.0  388.0   42.0 |  692 2366 1080 2408 | SGestureOverlayWindow$_15577#0
08-31 19:50:41.595   634   634 D SurfaceFlinger:      CLIENT | 0xec97b100 | 0100 | RGBA_8888    |    0.0    0.0 1080.0  135.0 |    0 2273 1080 2408 | NavigationBar0$_15119#0
08-31 19:50:41.595   634   634 D SurfaceFlinger:      DEVICE | 0xec278980 | 0108 | RGBA_8888    |    0.0    0.0 1080.0 2408.0 |    0    0 1080 2408 | BlueLightFilter$_15119#0
08-31 19:50:41.595   634   634 D SurfaceFlinger:
08-31 19:50:41.595 19225 19225 V ActivityScenario: Activity lifecycle changed event received but ignored because the intent does not match. startActivityIntent=Intent { act=android.intent.action.MAIN cat=[android.intent.category.LAUNCHER] cmp=com.example.lunchtray/androidx.fragment.app.testing.FragmentScenario$EmptyFragmentActivity (has extras) }, activity.getIntent()=Intent { act=android.intent.action.MAIN cat=[android.intent.category.LAUNCHER] flg=0x10008000 cmp=com.example.lunchtray/androidx.test.core.app.InstrumentationActivityInvoker$BootstrapActivity (has extras) }, activity=androidx.test.core.app.InstrumentationActivityInvoker$BootstrapActivity@4a2be77
08-31 19:50:41.596 19225 19225 V ActivityScenario: Activity lifecycle changed event received but ignored because the intent does not match. startActivityIntent=Intent { act=android.intent.action.MAIN cat=[android.intent.category.LAUNCHER] cmp=com.example.lunchtray/.MainActivity }, activity.getIntent()=Intent { act=android.intent.action.MAIN cat=[android.intent.category.LAUNCHER] flg=0x10008000 cmp=com.example.lunchtray/androidx.test.core.app.InstrumentationActivityInvoker$BootstrapActivity (has extras) }, activity=androidx.test.core.app.InstrumentationActivityInvoker$BootstrapActivity@4a2be77
08-31 19:50:41.597 14809 14828 D EnterpriseDeviceManagerService: isMdmAdminPresentInternal() : MDM Admin Found - com.samsung.android.knox.containercore
08-31 19:50:41.605   634   807 I SurfaceFlinger: id=151985 createSurf (0x0),-1 flag=80004, ActivityRecord{2be6c81 u0 com.example.lunchtray/.MainActivity t1234}#0
08-31 19:50:41.615 15119 19776 I ViewRootImpl@d86579e[lunchtray]: Resizing android.view.ViewRootImpl@37c4faa: frame=[0,0][1080,2408] reportDraw=false forceLayout=false backDropFrame=Rect(0, 0 - 1080, 2408)
08-31 19:50:41.616 15119 15246 I ViewRootImpl@d86579e[lunchtray]: handleResized, msg = 4 frames=ClientWindowFrames{frame=[0,0][1080,2408] display=[0,0][1080,2408] backdrop=[0,0][1080,2408]} forceNextWindowRelayout=false displayId=0 frameChanged=false backdropFrameChanged=false configChanged=false displayChanged=false mNextDrawUseBlastSync=false mergedConfiguration={mGlobalConfig={0.9 404mcc40mnc [en_IN] ldltr sw384dp w384dp h817dp 450dpi nrml long port night finger -keyb/v/h -nav/h winConfig={ mBounds=Rect(0, 0 - 1080, 2408) mAppBounds=Rect(0, 65 - 1080, 2366) mMaxBounds=Rect(0, 0 - 1080, 2408) mWindowingMode=fullscreen mDisplayWindowingMode=fullscreen mActivityType=undefined mAlwaysOnTop=undefined mRotation=ROTATION_0 mPopOver=undefined mFreeformTaskPinningState=undefined} s.3042 fontWeightAdjustment=0 ff=0 bf=0 bts=0 enb/d themeSeq=0} mOverrideConfig={0.9 404mcc40mnc [en_IN] ldltr sw384dp w384dp h817dp 450dpi nrml long port night finger -keyb/v/h -nav/h winConfig={ mBounds=Rect(0, 0 - 1080, 2408) mAppBounds=Rect(0, 65 - 1080, 2366) mMaxBounds=Rect(0, 0 - 1080, 2408) mWindowingMode=fullscreen mDisplayWindowingMode=fullscreen mActivityType=standard mAlwaysOnTop=undefined mRotation=ROTATION_0 mPopOver=off mFreeformTaskPinningState=unpinned} s.1 fontWeightAdjustment=0 ff=0 bf=0 bts=0 enb/d themeSeq=0}}
08-31 19:50:41.617 19225 19225 D LifecycleMonitor: Lifecycle status change: androidx.test.core.app.InstrumentationActivityInvoker$BootstrapActivity@4a2be77 in: RESUMED
08-31 19:50:41.618 19225 19225 V ActivityScenario: Activity lifecycle changed event received but ignored because the intent does not match. startActivityIntent=Intent { act=android.intent.action.MAIN cat=[android.intent.category.LAUNCHER] cmp=com.example.lunchtray/androidx.fragment.app.testing.FragmentScenario$EmptyFragmentActivity (has extras) }, activity.getIntent()=Intent { act=android.intent.action.MAIN cat=[android.intent.category.LAUNCHER] flg=0x10008000 cmp=com.example.lunchtray/androidx.test.core.app.InstrumentationActivityInvoker$BootstrapActivity (has extras) }, activity=androidx.test.core.app.InstrumentationActivityInvoker$BootstrapActivity@4a2be77
08-31 19:50:41.619 19225 19225 V ActivityScenario: Activity lifecycle changed event received but ignored because the intent does not match. startActivityIntent=Intent { act=android.intent.action.MAIN cat=[android.intent.category.LAUNCHER] cmp=com.example.lunchtray/.MainActivity }, activity.getIntent()=Intent { act=android.intent.action.MAIN cat=[android.intent.category.LAUNCHER] flg=0x10008000 cmp=com.example.lunchtray/androidx.test.core.app.InstrumentationActivityInvoker$BootstrapActivity (has extras) }, activity=androidx.test.core.app.InstrumentationActivityInvoker$BootstrapActivity@4a2be77
08-31 19:50:41.621 19225 19225 V ActivityScenario: Activity lifecycle changed event received but ignored because the intent does not match. startActivityIntent=Intent { act=android.intent.action.MAIN cat=[android.intent.category.LAUNCHER] cmp=com.example.lunchtray/androidx.fragment.app.testing.FragmentScenario$EmptyFragmentActivity (has extras) }, activity.getIntent()=Intent { act=android.intent.action.MAIN cat=[android.intent.category.LAUNCHER] flg=0x10008000 cmp=com.example.lunchtray/androidx.test.core.app.InstrumentationActivityInvoker$BootstrapActivity (has extras) }, activity=androidx.test.core.app.InstrumentationActivityInvoker$BootstrapActivity@4a2be77
08-31 19:50:41.622 19225 19225 V ActivityScenario: Activity lifecycle changed event received but ignored because the intent does not match. startActivityIntent=Intent { act=android.intent.action.MAIN cat=[android.intent.category.LAUNCHER] cmp=com.example.lunchtray/.MainActivity }, activity.getIntent()=Intent { act=android.intent.action.MAIN cat=[android.intent.category.LAUNCHER] flg=0x10008000 cmp=com.example.lunchtray/androidx.test.core.app.InstrumentationActivityInvoker$BootstrapActivity (has extras) }, activity=androidx.test.core.app.InstrumentationActivityInvoker$BootstrapActivity@4a2be77
08-31 19:50:41.627 14809 16178 I MediaSessionMonitor: Media session stopped : controllerList empty
08-31 19:50:41.628 19225 19225 D LifecycleMonitor: Lifecycle status change: androidx.test.core.app.InstrumentationActivityInvoker$BootstrapActivity@4a2be77 in: PAUSED
08-31 19:50:41.629 19225 19225 V ActivityScenario: Activity lifecycle changed event received but ignored because the intent does not match. startActivityIntent=Intent { act=android.intent.action.MAIN cat=[android.intent.category.LAUNCHER] cmp=com.example.lunchtray/androidx.fragment.app.testing.FragmentScenario$EmptyFragmentActivity (has extras) }, activity.getIntent()=Intent { act=android.intent.action.MAIN cat=[android.intent.category.LAUNCHER] flg=0x10008000 cmp=com.example.lunchtray/androidx.test.core.app.InstrumentationActivityInvoker$BootstrapActivity (has extras) }, activity=androidx.test.core.app.InstrumentationActivityInvoker$BootstrapActivity@4a2be77
08-31 19:50:41.630 19225 19225 V ActivityScenario: Activity lifecycle changed event received but ignored because the intent does not match. startActivityIntent=Intent { act=android.intent.action.MAIN cat=[android.intent.category.LAUNCHER] cmp=com.example.lunchtray/.MainActivity }, activity.getIntent()=Intent { act=android.intent.action.MAIN cat=[android.intent.category.LAUNCHER] flg=0x10008000 cmp=com.example.lunchtray/androidx.test.core.app.InstrumentationActivityInvoker$BootstrapActivity (has extras) }, activity=androidx.test.core.app.InstrumentationActivityInvoker$BootstrapActivity@4a2be77
08-31 19:50:41.631 19225 19225 V ActivityScenario: Activity lifecycle changed event received but ignored because the intent does not match. startActivityIntent=Intent { act=android.intent.action.MAIN cat=[android.intent.category.LAUNCHER] cmp=com.example.lunchtray/androidx.fragment.app.testing.FragmentScenario$EmptyFragmentActivity (has extras) }, activity.getIntent()=Intent { act=android.intent.action.MAIN cat=[android.intent.category.LAUNCHER] flg=0x10008000 cmp=com.example.lunchtray/androidx.test.core.app.InstrumentationActivityInvoker$BootstrapActivity (has extras) }, activity=androidx.test.core.app.InstrumentationActivityInvoker$BootstrapActivity@4a2be77
08-31 19:50:41.632 19225 19225 V ActivityScenario: Activity lifecycle changed event received but ignored because the intent does not match. startActivityIntent=Intent { act=android.intent.action.MAIN cat=[android.intent.category.LAUNCHER] cmp=com.example.lunchtray/.MainActivity }, activity.getIntent()=Intent { act=android.intent.action.MAIN cat=[android.intent.category.LAUNCHER] flg=0x10008000 cmp=com.example.lunchtray/androidx.test.core.app.InstrumentationActivityInvoker$BootstrapActivity (has extras) }, activity=androidx.test.core.app.InstrumentationActivityInvoker$BootstrapActivity@4a2be77
08-31 19:50:41.634 14809 14828 D PersonaActivityHelper: Activity not in resumed state, do not run immediate lock
08-31 19:50:41.634 15577 29018 I RecentModel: onTaskStackChangedBackground
08-31 19:50:41.644 14809 15286 D InputDispatcher: Focused application set to (0): 2be6c81
08-31 19:50:41.656 15577 29018 I RecentTasksList: getTaskKeys, numTasks :3 callback : com.android.quickstep.-$$Lambda$RecentsModel$k1Mm-BV64Bc89eJHYugywZmW_Js@513bf10
08-31 19:50:41.657 14809 14828 I SemPersonaManager: SecureFolder personaId = 10
08-31 19:50:41.660 15577 15645 I RecentTasksList: loadTasksInBackground() task id : 1234
08-31 19:50:41.670 14809 14828 D EnterpriseDeviceManagerService: isMdmAdminPresentInternal() : MDM Admin Found - com.samsung.android.knox.containercore
08-31 19:50:41.673 19225 19225 D LifecycleMonitor: Lifecycle status change: com.example.lunchtray.MainActivity@be61705 in: PRE_ON_CREATE
08-31 19:50:41.677 19225 19225 V ActivityScenario: Activity lifecycle changed event received but ignored because the intent does not match. startActivityIntent=Intent { act=android.intent.action.MAIN cat=[android.intent.category.LAUNCHER] cmp=com.example.lunchtray/androidx.fragment.app.testing.FragmentScenario$EmptyFragmentActivity (has extras) }, activity.getIntent()=Intent { act=android.intent.action.MAIN cat=[android.intent.category.LAUNCHER] cmp=com.example.lunchtray/.MainActivity }, activity=com.example.lunchtray.MainActivity@be61705
08-31 19:50:41.678 14809 16178 I MediaSessionMonitor: Media session stopped : controllerList empty
08-31 19:50:41.678 19225 19225 V ActivityScenario: Activity lifecycle changed event received but ignored because the reported transition was not ON_CREATE while the last known transition was DESTROYED
08-31 19:50:41.679 19225 19225 V ActivityScenario: Activity lifecycle changed event received but ignored because the intent does not match. startActivityIntent=Intent { act=android.intent.action.MAIN cat=[android.intent.category.LAUNCHER] cmp=com.example.lunchtray/androidx.fragment.app.testing.FragmentScenario$EmptyFragmentActivity (has extras) }, activity.getIntent()=Intent { act=android.intent.action.MAIN cat=[android.intent.category.LAUNCHER] cmp=com.example.lunchtray/.MainActivity }, activity=com.example.lunchtray.MainActivity@be61705
08-31 19:50:41.680 19225 19225 V ActivityScenario: Activity lifecycle changed event received but ignored because the reported transition was not ON_CREATE while the last known transition was PRE_ON_CREATE
08-31 19:50:41.706 14701 15029 I bauth_FPBAuthService: pcf : 0x1012, 0 ,2 ,0 ,0 ,0 ,2, 0.0.0.0
08-31 19:50:41.706 14701 15029 I bauth_FPBAuthService: thread id : 2, preenroll_flag : 0, nd cnt : 1, cso : 3, et : 0
08-31 19:50:41.706 14701 15029 I bauth_FPBAuthService: FPBAuthService, 11756
08-31 19:50:41.713 19225 19225 I DecorView: [INFO] isPopOver=false, config=true
08-31 19:50:41.713 19225 19225 I DecorView: updateCaptionType >> DecorView@9f88486[], isFloating=false, isApplication=true, hasWindowControllerCallback=true, hasWindowDecorCaption=false
08-31 19:50:41.713 19225 19225 D DecorView: setCaptionType = 0, this = DecorView@9f88486[]
08-31 19:50:41.716 19225 19225 I DecorView: getCurrentDensityDpi: from real metrics. densityDpi=450 msg=resources_loaded
08-31 19:50:41.748 15577 29018 I RecentModel: onTaskStackChangedBackground
08-31 19:50:41.749 15577 29018 I RecentTasksList: getTaskKeys, numTasks :3 callback : com.android.quickstep.-$$Lambda$RecentsModel$k1Mm-BV64Bc89eJHYugywZmW_Js@3ff6a09
08-31 19:50:41.751 15577 15645 I RecentTasksList: loadTasksInBackground() task id : 1234
08-31 19:50:41.751 19225 19225 D LifecycleMonitor: Lifecycle status change: com.example.lunchtray.MainActivity@be61705 in: CREATED
08-31 19:50:41.753 19225 19225 V ActivityScenario: Activity lifecycle changed event received but ignored because the intent does not match. startActivityIntent=Intent { act=android.intent.action.MAIN cat=[android.intent.category.LAUNCHER] cmp=com.example.lunchtray/androidx.fragment.app.testing.FragmentScenario$EmptyFragmentActivity (has extras) }, activity.getIntent()=Intent { act=android.intent.action.MAIN cat=[android.intent.category.LAUNCHER] cmp=com.example.lunchtray/.MainActivity }, activity=com.example.lunchtray.MainActivity@be61705
08-31 19:50:41.753 19225 19225 V ActivityScenario: Update currentActivityStage to CREATED, currentActivity=com.example.lunchtray.MainActivity@be61705
08-31 19:50:41.754 19225 19225 V ActivityScenario: Activity lifecycle changed event received but ignored because the intent does not match. startActivityIntent=Intent { act=android.intent.action.MAIN cat=[android.intent.category.LAUNCHER] cmp=com.example.lunchtray/androidx.fragment.app.testing.FragmentScenario$EmptyFragmentActivity (has extras) }, activity.getIntent()=Intent { act=android.intent.action.MAIN cat=[android.intent.category.LAUNCHER] cmp=com.example.lunchtray/.MainActivity }, activity=com.example.lunchtray.MainActivity@be61705
08-31 19:50:41.755 19225 19225 V ActivityScenario: Update currentActivityStage to CREATED, currentActivity=com.example.lunchtray.MainActivity@be61705
08-31 19:50:41.784 19225 19225 D LifecycleMonitor: Lifecycle status change: com.example.lunchtray.MainActivity@be61705 in: STARTED
08-31 19:50:41.785 19225 19225 V ActivityScenario: Activity lifecycle changed event received but ignored because the intent does not match. startActivityIntent=Intent { act=android.intent.action.MAIN cat=[android.intent.category.LAUNCHER] cmp=com.example.lunchtray/androidx.fragment.app.testing.FragmentScenario$EmptyFragmentActivity (has extras) }, activity.getIntent()=Intent { act=android.intent.action.MAIN cat=[android.intent.category.LAUNCHER] cmp=com.example.lunchtray/.MainActivity }, activity=com.example.lunchtray.MainActivity@be61705
08-31 19:50:41.786 19225 19225 V ActivityScenario: Update currentActivityStage to STARTED, currentActivity=com.example.lunchtray.MainActivity@be61705
08-31 19:50:41.787 19225 19225 V ActivityScenario: Activity lifecycle changed event received but ignored because the intent does not match. startActivityIntent=Intent { act=android.intent.action.MAIN cat=[android.intent.category.LAUNCHER] cmp=com.example.lunchtray/androidx.fragment.app.testing.FragmentScenario$EmptyFragmentActivity (has extras) }, activity.getIntent()=Intent { act=android.intent.action.MAIN cat=[android.intent.category.LAUNCHER] cmp=com.example.lunchtray/.MainActivity }, activity=com.example.lunchtray.MainActivity@be61705
08-31 19:50:41.788 19225 19225 V ActivityScenario: Update currentActivityStage to STARTED, currentActivity=com.example.lunchtray.MainActivity@be61705
08-31 19:50:41.792 19225 19225 D LifecycleMonitor: Lifecycle status change: com.example.lunchtray.MainActivity@be61705 in: RESUMED
08-31 19:50:41.794 19225 19225 V ActivityScenario: Activity lifecycle changed event received but ignored because the intent does not match. startActivityIntent=Intent { act=android.intent.action.MAIN cat=[android.intent.category.LAUNCHER] cmp=com.example.lunchtray/androidx.fragment.app.testing.FragmentScenario$EmptyFragmentActivity (has extras) }, activity.getIntent()=Intent { act=android.intent.action.MAIN cat=[android.intent.category.LAUNCHER] cmp=com.example.lunchtray/.MainActivity }, activity=com.example.lunchtray.MainActivity@be61705
08-31 19:50:41.794 19225 19225 V ActivityScenario: Update currentActivityStage to RESUMED, currentActivity=com.example.lunchtray.MainActivity@be61705
08-31 19:50:41.795 19225 19225 V ActivityScenario: Activity lifecycle changed event received but ignored because the intent does not match. startActivityIntent=Intent { act=android.intent.action.MAIN cat=[android.intent.category.LAUNCHER] cmp=com.example.lunchtray/androidx.fragment.app.testing.FragmentScenario$EmptyFragmentActivity (has extras) }, activity.getIntent()=Intent { act=android.intent.action.MAIN cat=[android.intent.category.LAUNCHER] cmp=com.example.lunchtray/.MainActivity }, activity=com.example.lunchtray.MainActivity@be61705
08-31 19:50:41.796 19225 19225 V ActivityScenario: Update currentActivityStage to RESUMED, currentActivity=com.example.lunchtray.MainActivity@be61705
08-31 19:50:41.805 14809 15295 D InputTransport: Input channel constructed: '5bbefe ', fd=851
08-31 19:50:41.806 14809 15295 D InputTransport: Input channel constructed: '5bbefe ', fd=853
08-31 19:50:41.806 14809 15295 D InputTransport: Input channel constructed: '5bbefe ', fd=854
08-31 19:50:41.809   634  1925 I SurfaceFlinger: id=151986 createSurf (0x0),-1 flag=80004, 5bbefe com.example.lunchtray/com.example.lunchtray.MainActivity#0
08-31 19:50:41.811 14809 15295 D InputTransport: Input channel destroyed: '5bbefe ', fd=854
08-31 19:50:41.813 19225 19225 I ViewRootImpl@7d615a5[MainActivity]: setView = com.android.internal.policy.DecorView@9f88486 TM=true
08-31 19:50:41.815 14809 14868 D AnalyticsContainerHandler: handleMessage : { when=0 what=1 target=com.android.server.knox.KnoxAnalyticsContainer$AnalyticsHandler }
08-31 19:50:41.836 14809 15295 V WindowManager: Relayout Window{5bbefe u0 com.example.lunchtray/com.example.lunchtray.MainActivity}: viewVisibility=0 req=1080x2408 d0
08-31 19:50:41.837   634   807 I SurfaceFlinger: id=151987 createSurf (1x1),-3 flag=40004, com.example.lunchtray/com.example.lunchtray.MainActivity$_19225#0
08-31 19:50:41.846   634   807 I SurfaceFlinger: id=151988 createSurf (0x0),-1 flag=24000, Surface(name=886bbf6 StatusBar)/@0x2d7ebf5 - animation-leash of insets_animation#1
08-31 19:50:41.848   634   807 I SurfaceFlinger: id=151989 createSurf (0x0),-1 flag=24000, Surface(name=a8b9824 NavigationBar0)/@0x196e818 - animation-leash of insets_animation#1
08-31 19:50:41.852 14809 15295 V WindowManager: Relayout hash=5bbefe, pid=19225: mAttrs={(0,0)(fillxfill) sim={adjust=pan forwardNavigation} ty=BASE_APPLICATION wanim=0x1030303
08-31 19:50:41.852 14809 15295 V WindowManager:   fl=81810100
08-31 19:50:41.852 14809 15295 V WindowManager:   pfl=12020040
08-31 19:50:41.852 14809 15295 V WindowManager:   bhv=DEFAULT
08-31 19:50:41.852 14809 15295 V WindowManager:   fitSides= naviIconColor=0}
08-31 19:50:41.877 19225 19225 I ViewRootImpl@7d615a5[MainActivity]: Relayout returned: old=(0,0,1080,2408) new=(0,0,1080,2408) req=(1080,2408)0 dur=38 res=0x7 s={true 4004536320} ch=true fn=-1
08-31 19:50:41.880 19225 19293 D OpenGLRenderer: eglCreateWindowSurface
08-31 19:50:41.884   634   634 I Layer   : id=151983 removeFromCurrentState Surface(name=886bbf6 StatusBar)/@0x2d7ebf5 - animation-leash of insets_animation#0 (119)
08-31 19:50:41.885   634   634 I Layer   : id=151984 removeFromCurrentState Surface(name=a8b9824 NavigationBar0)/@0x196e818 - animation-leash of insets_animation#0 (119)
08-31 19:50:41.885   634   634 I SurfaceFlinger: id=151983 Removed Surface(name=886bbf6 StatusBar)/@0x2d7ebf5 - animation-leash of insets_animation#0 (119)
08-31 19:50:41.885   634   634 I SurfaceFlinger: id=151984 Removed Surface(name=a8b9824 NavigationBar0)/@0x196e818 - animation-leash of insets_animation#0 (119)
08-31 19:50:41.885   634   634 I Layer   : id=151983 Destroyed Surface(name=886bbf6 StatusBar)/@0x2d7ebf5 - animation-leash of insets_animation#0
08-31 19:50:41.885   634   634 I Layer   : id=151984 Destroyed Surface(name=a8b9824 NavigationBar0)/@0x196e818 - animation-leash of insets_animation#0
08-31 19:50:41.887 14809 15286 D InputDispatcher: Focus request (0): 5bbefe com.example.lunchtray/com.example.lunchtray.MainActivity but waiting because NOT_VISIBLE
08-31 19:50:41.889 19225 19225 I ViewRootImpl@7d615a5[MainActivity]: [DP] dp(1) 1 android.view.ViewRootImpl.reportNextDraw:11410 android.view.ViewRootImpl.performTraversals:4185 android.view.ViewRootImpl.doTraversal:2911
08-31 19:50:41.890 19225 19225 D ViewRootImpl@7d615a5[MainActivity]: Creating frameDrawingCallback nextDrawUseBlastSync=false reportNextDraw=true hasBlurUpdates=false
08-31 19:50:41.891 19225 19225 D ViewRootImpl@7d615a5[MainActivity]: Creating frameCompleteCallback
08-31 19:50:41.903  7302  7302 I ViewRootImpl@19ab91b[LauncherActivity]: handleAppVisibility mAppVisible=true visible=false
08-31 19:50:41.903 15577 15577 I ViewRootImpl@6da1f4c[LauncherActivity]: handleAppVisibility mAppVisible=true visible=false
08-31 19:50:41.904 15119 15134 D WallpaperService: dispatchAppVisibility onVisibilityChanged(): false
08-31 19:50:41.905 15119 15119 D WallpaperService: reportVisibility onVisibilityChanged visible: false
08-31 19:50:41.905 15119 15303 I ImageWallpaper:  onVisibilityChanged false , 0
08-31 19:50:41.909 19225 19310 D ViewRootImpl@7d615a5[MainActivity]: Received frameDrawingCallback frameNum=1. Creating transactionCompleteCallback=false
08-31 19:50:41.912 14809 14818 I system_server: NativeAlloc concurrent copying GC freed 192443(9659KB) AllocSpace objects, 18(376KB) LOS objects, 12% free, 82MB/94MB, paused 665us,389us total 552.078ms
08-31 19:50:41.916 19225 19293 D ViewRootImpl@7d615a5[MainActivity]: Received frameCompleteCallback  lastAcquiredFrameNum=1 lastAttemptedDrawFrameNum=1
08-31 19:50:41.918   634   634 I Layer   : id=151981 removeFromCurrentState Surface(name=Task=1)/@0x7c9ef10 - animation-leash of app_transition#0 (117)
08-31 19:50:41.918 14809 14820 W System  : A resource failed to call close.
08-31 19:50:41.918   634   634 I Layer   : id=151982 removeFromCurrentState Surface(name=Task=1234)/@0x5f6be76 - animation-leash of app_transition#0 (117)
08-31 19:50:41.918 19225 19225 I ViewRootImpl@7d615a5[MainActivity]: [DP] pdf(0) 1 android.view.ViewRootImpl.lambda$addFrameCompleteCallbackIfNeeded$3$ViewRootImpl:4987 android.view.ViewRootImpl$$ExternalSyntheticLambda16.run:6 android.os.Handler.handleCallback:938
08-31 19:50:41.918 19225 19225 I ViewRootImpl@7d615a5[MainActivity]: [DP] rdf()
08-31 19:50:41.918 19225 19225 D ViewRootImpl@7d615a5[MainActivity]: reportDrawFinished (fn: -1)
08-31 19:50:41.918 14809 14820 W System  : A resource failed to call release.
08-31 19:50:41.918   634   634 I SurfaceFlinger: id=151982 Removed Surface(name=Task=1234)/@0x5f6be76 - animation-leash of app_transition#0 (117)
08-31 19:50:41.918   634   634 I SurfaceFlinger: id=151981 Removed Surface(name=Task=1)/@0x7c9ef10 - animation-leash of app_transition#0 (117)
08-31 19:50:41.919   634   634 I Layer   : id=151981 Destroyed Surface(name=Task=1)/@0x7c9ef10 - animation-leash of app_transition#0
08-31 19:50:41.919   634   634 I Layer   : id=151982 Destroyed Surface(name=Task=1234)/@0x5f6be76 - animation-leash of app_transition#0
08-31 19:50:41.920 14809 14820 W System  : A resource failed to call close.
08-31 19:50:41.920 14809 14820 W System  : A resource failed to call release.
08-31 19:50:41.921   634   662 I SurfaceFlinger: id=151923 Removed Task=1232#0 (115)
08-31 19:50:41.921   634  3050 I SurfaceFlinger: id=151896 Removed Task=1231#0 (115)
08-31 19:50:41.922 14809 14820 W System  : A resource failed to call close.
08-31 19:50:41.922 14809 14820 W System  : A resource failed to call release.
08-31 19:50:41.924  7302  7688 D OpenGLRenderer: setSurface called with nullptr
08-31 19:50:41.924  7302  7688 D OpenGLRenderer: setSurface() destroyed EGLSurface
08-31 19:50:41.924  7302  7688 D OpenGLRenderer: destroyEglSurface
08-31 19:50:41.929 14809 15295 V WindowManager: Relayout Window{1f13c62 u0 com.sec.android.app.launcher/com.sec.android.app.launcher.activities.LauncherActivity}: viewVisibility=8 req=1080x2408 d0
08-31 19:50:41.931   634   634 D SurfaceFlinger: Display 4633128508267670401 HWC layers:
08-31 19:50:41.931   634   634 D SurfaceFlinger:      DEVICE | 0xebd50400 | 0100 | RGBA_8888    |    0.0    0.0 1080.0 2408.0 |    0    0 1080 2408 | Splash Screen com.example.lunchtray$_15119#0
08-31 19:50:41.931   634   634 D SurfaceFlinger:      DEVICE | 0xebe30c80 | 0100 | RGBA_8888    |    0.0    0.0 1080.0   66.0 |    0    0 1080   66 | StatusBar$_15119#0
08-31 19:50:41.931   634   634 D SurfaceFlinger:      CLIENT | 0xec277300 | 0100 | RGBA_8888    |    0.0    0.0  388.0   42.0 |  692 2366 1080 2408 | SGestureOverlayWindow$_15577#0
08-31 19:50:41.931   634   634 D SurfaceFlinger:      CLIENT | 0xec97b100 | 0100 | RGBA_8888    |    0.0    0.0 1080.0  135.0 |    0 2273 1080 2408 | NavigationBar0$_15119#0
08-31 19:50:41.931   634   634 D SurfaceFlinger:      DEVICE | 0xec278980 | 0108 | RGBA_8888    |    0.0    0.0 1080.0 2408.0 |    0    0 1080 2408 | BlueLightFilter$_15119#0
08-31 19:50:41.931   634   634 D SurfaceFlinger:
08-31 19:50:41.934   634   634 I Layer   : id=151896 Destroyed Task=1231#0
08-31 19:50:41.934   634   634 I Layer   : id=151923 Destroyed Task=1232#0
08-31 19:50:41.935 14809 15295 V WindowManager: Relayout hash=1f13c62, pid=7302: mAttrs={(0,0)(fillxfill) gr=LEFT CENTER_HORIZONTAL sim={adjust=resize} layoutInDisplayCutoutMode=shortEdges ty=DRAWN_APPLICATION fmt=TRANSPARENT wanim=0x10302f2 alpha=0.0
08-31 19:50:41.935 14809 15295 V WindowManager:   fl=81850118
08-31 19:50:41.935 14809 15295 V WindowManager:   pfl=16020040
08-31 19:50:41.935 14809 15295 V WindowManager:   bhv=DEFAULT
08-31 19:50:41.935 14809 15295 V WindowManager:   fitSides= dimAmount=0.0 screenDimDuration=40000 naviIconColor=0}
08-31 19:50:41.937 14809 16644 V WindowManager: Relayout Window{d738cd4 u0 com.sec.android.app.launcher/com.sec.android.app.launcher.activities.LauncherActivity}: viewVisibility=8 req=1080x2408 d0
08-31 19:50:41.939 19225 19225 D InsetsSourceConsumer: ensureControlAlpha: for ITYPE_NAVIGATION_BAR on com.example.lunchtray/com.example.lunchtray.MainActivity
08-31 19:50:41.939  7302  7302 I ViewRootImpl@19ab91b[LauncherActivity]: Relayout returned: old=(0,0,1080,2408) new=(0,0,1080,2408) req=(1080,2408)8 dur=12 res=0x5 s={false 0} ch=true fn=2
08-31 19:50:41.941 19225 19225 D InsetsSourceConsumer: ensureControlAlpha: for ITYPE_STATUS_BAR on com.example.lunchtray/com.example.lunchtray.MainActivity
08-31 19:50:41.944  7302  7302 I A       : (REDACTED) onApplyWindowInsets: systemWindowInsets=%s
08-31 19:50:41.945  7302  7302 I A       : (REDACTED) onApplyWindowInsets: systemWindowInsets=%s
