08-31 19:50:40.680 21002 21002 I HBD     : j isEnabledNightMode : true
08-31 19:50:40.680 21002 21002 I HBD     : a IC have been binding, InputConnectionWrapper{idHash=#c7df769 mMissingMethods=}
08-31 19:50:40.680 21002 21002 I HBD     : h [EditorInputType]setPrivateImeOptionsToTable privateImeOptions ( null )
08-31 19:50:40.680 21002 21002 I HBD     : b incognitoMode : false
08-31 19:50:40.680 21002 21002 I HBD     : a needOff = true , isForceOff = false, isNullInputClass : true
08-31 19:50:40.681 21002 21002 I HBD     : h getDefaultInputRange : UNKNOWN
08-31 19:50:40.681 21002 21002 I HBD     : h getDefaultInputRange : UNKNOWN
08-31 19:50:40.681 21002 21002 I HBD     : h getDefaultInputRange : UNKNOWN
08-31 19:50:40.681   634  1925 I SurfaceFlinger: id=151965 createSurf (0x0),-1 flag=24004, Surface(name=4ce6435 InputMethod)/@0x855123b - animation-leash of insets_animation#0
08-31 19:50:40.686 21002 21002 I HBD     : a needOff = true , isForceOff = false, isNullInputClass : true
08-31 19:50:40.686   634   634 D SurfaceFlinger: Display 4633128508267670401 HWC layers:
08-31 19:50:40.686   634   634 D SurfaceFlinger:      DEVICE | 0xeb9b9080 | 0100 | RGBx_8888    |  335.0    0.0 1415.0 2408.0 |    0    0 1080 2408 | Wallpaper BBQ wrapper#0
08-31 19:50:40.686   634   634 D SurfaceFlinger:      DEVICE | 0xebe30e00 | 0100 | RGBA_8888    |    0.0    0.0 1080.0 2408.0 |    0    0 1080 2408 | com.sec.android.app.launcher/com.sec[...]activities.LauncherActivity$_15577#0
08-31 19:50:40.686   634   634 D SurfaceFlinger:      CLIENT | 0xec167080 | 0102 | RGBA_8888    |    0.0    0.0 1080.0 2408.0 |    0    1 1080 2407 | com.example.lunchtray/androidx.fragm[...]nario$EmptyFragmentActivity$_19225#0
08-31 19:50:40.686   634   634 D SurfaceFlinger:      CLIENT | 0xebe30c80 | 0100 | RGBA_8888    |    0.0    0.0 1080.0   66.0 |    0    0 1080   66 | StatusBar$_15119#0
08-31 19:50:40.686   634   634 D SurfaceFlinger:      CLIENT | 0xec277300 | 0100 | RGBA_8888    |    0.0    0.0  388.0   42.0 |  692 2366 1080 2408 | SGestureOverlayWindow$_15577#0
08-31 19:50:40.686   634   634 D SurfaceFlinger:      CLIENT | 0xec97b100 | 0100 | RGBA_8888    |    0.0    0.0 1080.0  135.0 |    0 2273 1080 2408 | NavigationBar0$_15119#0
08-31 19:50:40.686   634   634 D SurfaceFlinger:      DEVICE | 0xec278980 | 0108 | RGBA_8888    |    0.0    0.0 1080.0 2408.0 |    0    0 1080 2408 | BlueLightFilter$_15119
08-31 19:50:40.686   634   634 D SurfaceFlinger: #0
08-31 19:50:40.686   634   634 D SurfaceFlinger:
08-31 19:50:40.686 21002 21002 I HBD     : a update cached prediction status : false
08-31 19:50:40.687 21002 21002 I HBD     : h getDefaultInputRange : UNKNOWN
08-31 19:50:40.687 21002 21002 I HBD     : a currentState : 0
08-31 19:50:40.688   634   634 I Layer   : id=151948 removeFromCurrentState Surface(name=4ce6435 InputMethod)/@0x855123b - animation-leash of insets_animation#1 (116)
08-31 19:50:40.688 21002 21002 I HBD     : h load selected json path : /data/user/0/com.samsung.android.honeyboard/files/selected.json
08-31 19:50:40.688 21002 21002 I HBD     : h load selected json info : {"version":"4.1","currentLanguageOrder":0,"selected":[{"activeOptionList":["auto_spacing"],"engName":"English(India)","id":65555,"inputType":"qwerty","isUsed":true}]}
08-31 19:50:40.689 21002 21002 I HBD     : a [UpdatePolicy] [post] a: 0 cl: 65555 kit: [0/0] vt: 0 ir: 1
08-31 19:50:40.690 21002 21002 I HBD     : HoneyBoardService [PF_OP][onStartInput]  13898962 ns
08-31 19:50:40.691 19225 19225 I ViewInteraction: Performing 'single click' action on view view.getId() is <2131230844/com.example.lunchtray:id/cauliflower>
08-31 19:50:40.691  7302  7302 I ViewRootImpl@19ab91b[LauncherActivity]: handleAppVisibility mAppVisible=true visible=false
08-31 19:50:40.692   634   807 I SurfaceFlinger: id=151948 Removed Surface(name=4ce6435 InputMethod)/@0x855123b - animation-leash of insets_animation#1 (116)
08-31 19:50:40.692 15577 15577 I ViewRootImpl@6da1f4c[LauncherActivity]: handleAppVisibility mAppVisible=true visible=false
08-31 19:50:40.692 15119 15427 D WallpaperService: dispatchAppVisibility onVisibilityChanged(): false
08-31 19:50:40.693 15119 15119 D WallpaperService: reportVisibility onVisibilityChanged visible: false
08-31 19:50:40.693 15119 15303 I ImageWallpaper:  onVisibilityChanged false , 0
08-31 19:50:40.695 14809 15295 D InputDispatcher: Inject motion (19225): action=0x0, time=702394759000000, f=0x0, d=0
08-31 19:50:40.696 14809 14940 I InputDispatcher: Delivering touch to (15119): action: 0x4, f=0x0, d=0, 'a8b9824', t=0
08-31 19:50:40.696 14809 14940 I InputDispatcher: Delivering touch to (19225): action: 0x0, f=0x0, d=0, '4a40fc4', t=0 +(0,0)*1.00
08-31 19:50:40.697 14809 16644 D InputMethodManagerServicePhysicalKey: isConnectedDexOnPC false
08-31 19:50:40.697 14809 14826 I GestureDetector: obtain mCurrentDownEvent. id: -712806077 caller: com.android.server.wm.SystemGesturesPointerEventListener.onPointerEvent:179 com.android.server.wm.PointerEventDispatcher.onInputEvent:71 android.view.InputEventReceiver.dispatchInputEvent:259
08-31 19:50:40.698 14809 16644 D InputMethodManagerService: isImeSwitcherDisabledPackage : false
08-31 19:50:40.698 15577 15577 W TouchInteractionService: onInputEvent, inputConsumer = com.android.quickstep.-$$Lambda$InputConsumer$cayMJybMMyH-XvJ76yEWjWeqQUo@78d20fe
08-31 19:50:40.698 14809 14826 I GestureDetector: obtain mCurrentDownEvent. id: -712806077 caller: com.android.server.wm.SystemPerformancePointerEventListener.onPointerEvent:89 com.android.server.wm.PointerEventDispatcher.onInputEvent:71 android.view.InputEventReceiver.dispatchInputEvent:259
08-31 19:50:40.698 19225 19225 I ViewRootImpl@e455dd7[FragmentScenario$EmptyFragmentActivity]: ViewPostIme pointer 0
08-31 19:50:40.700   634   634 D SurfaceFlinger: Display 4633128508267670401 HWC layers:
08-31 19:50:40.700   634   634 D SurfaceFlinger:      DEVICE | 0xebe30500 | 0102 | RGBA_8888    |    0.0    0.0 1080.0 2408.0 |    0    0 1080 2408 | com.example.lunchtray/androidx.fragm[...]nario$EmptyFragmentActivity$_19225#0
08-31 19:50:40.700   634   634 D SurfaceFlinger:      DEVICE | 0xebe30c80 | 0100 | RGBA_8888    |    0.0    0.0 1080.0   66.0 |    0    0 1080   66 | StatusBar$_15119#0
08-31 19:50:40.700   634   634 D SurfaceFlinger:      CLIENT | 0xec277300 | 0100 | RGBA_8888    |    0.0    0.0  388.0   42.0 |  692 2366 1080 2408 | SGestureOverlayWindow$_15577#0
08-31 19:50:40.700   634   634 D SurfaceFlinger:      CLIENT | 0xec97b100 | 0100 | RGBA_8888    |    0.0    0.0 1080.0  135.0 |    0 2273 1080 2408 | NavigationBar0$_15119#0
08-31 19:50:40.700   634   634 D SurfaceFlinger:      DEVICE | 0xec278980 | 0108 | RGBA_8888    |    0.0    0.0 1080.0 2408.0 |    0    0 1080 2408 | BlueLightFilter$_15119#0
08-31 19:50:40.700   634   634 D SurfaceFlinger:
08-31 19:50:40.703   634   634 I Layer   : id=151954 removeFromCurrentState Surface(name=Task=1)/@0x7c9ef10 - animation-leash of app_transition#0 (116)
08-31 19:50:40.703   634   634 I Layer   : id=151955 removeFromCurrentState Surface(name=Task=1233)/@0xb3376e8 - animation-leash of app_transition#0 (116)
08-31 19:50:40.704  7302  7688 D OpenGLRenderer: setSurface called with nullptr
08-31 19:50:40.704  7302  7688 D OpenGLRenderer: setSurface() destroyed EGLSurface
08-31 19:50:40.704   634   634 I SurfaceFlinger: id=151955 Removed Surface(name=Task=1233)/@0xb3376e8 - animation-leash of app_transition#0 (116)
08-31 19:50:40.704   634   634 I SurfaceFlinger: id=151954 Removed Surface(name=Task=1)/@0x7c9ef10 - animation-leash of app_transition#0 (116)
08-31 19:50:40.704  7302  7688 D OpenGLRenderer: destroyEglSurface
08-31 19:50:40.704   634   634 I Layer   : id=151948 Destroyed Surface(name=4ce6435 InputMethod)/@0x855123b - animation-leash of insets_animation#1
08-31 19:50:40.704   634   634 I Layer   : id=151954 Destroyed Surface(name=Task=1)/@0x7c9ef10 - animation-leash of app_transition#0
08-31 19:50:40.704   634   634 I Layer   : id=151955 Destroyed Surface(name=Task=1233)/@0xb3376e8 - animation-leash of app_transition#0
08-31 19:50:40.706 14701 15029 I bauth_FPBAuthService: pcf : 0x1012, 0 ,2 ,0 ,0 ,0 ,2, 0.0.0.0
08-31 19:50:40.706 14701 15029 I bauth_FPBAuthService: thread id : 2, preenroll_flag : 0, nd cnt : 1, cso : 3, et : 0
08-31 19:50:40.706 14701 15029 I bauth_FPBAuthService: FPBAuthService, 11756
08-31 19:50:40.706 14809 16644 V WindowManager: Relayout Window{1f13c62 u0 com.sec.android.app.launcher/com.sec.android.app.launcher.activities.LauncherActivity}: viewVisibility=8 req=1080x2408 d0
08-31 19:50:40.713 14809 16644 V WindowManager: Relayout hash=1f13c62, pid=7302: mAttrs={(0,0)(fillxfill) gr=LEFT CENTER_HORIZONTAL sim={adjust=resize} layoutInDisplayCutoutMode=shortEdges ty=DRAWN_APPLICATION fmt=TRANSPARENT wanim=0x10302f2 alpha=0.0
08-31 19:50:40.713 14809 16644 V WindowManager:   fl=81850118
08-31 19:50:40.713 14809 16644 V WindowManager:   pfl=16020040
08-31 19:50:40.713 14809 16644 V WindowManager:   bhv=DEFAULT
08-31 19:50:40.713 14809 16644 V WindowManager:   fitSides= dimAmount=0.0 screenDimDuration=40000 naviIconColor=0}
08-31 19:50:40.714  7302  7302 I ViewRootImpl@19ab91b[LauncherActivity]: Relayout returned: old=(0,0,1080,2408) new=(0,0,1080,2408) req=(1080,2408)8 dur=8 res=0x5 s={false 0} ch=true fn=2
08-31 19:50:40.715  7302  7302 I A       : (REDACTED) onApplyWindowInsets: systemWindowInsets=%s
08-31 19:50:40.715  7302  7302 I A       : (REDACTED) onApplyWindowInsets: systemWindowInsets=%s
08-31 19:50:40.716 14809 15295 V WindowManager: Relayout Window{d738cd4 u0 com.sec.android.app.launcher/com.sec.android.app.launcher.activities.LauncherActivity}: viewVisibility=8 req=1080x2408 d0
08-31 19:50:40.720 14809 15295 V WindowManager: Relayout hash=d738cd4, pid=15577: mAttrs={(0,0)(fillxfill) sim={adjust=nothing} layoutInDisplayCutoutMode=shortEdges ty=BASE_APPLICATION fmt=TRANSPARENT wanim=0x10302f2
08-31 19:50:40.720 14809 15295 V WindowManager:   fl=81910100
08-31 19:50:40.720 14809 15295 V WindowManager:   pfl=1e020040
08-31 19:50:40.720 14809 15295 V WindowManager:   vsysui=1700
08-31 19:50:40.720 14809 15295 V WindowManager:   bhv=SHOW_TRANSIENT_BARS_BY_SWIPE
08-31 19:50:40.720 14809 15295 V WindowManager:   fitSides= naviIconColor=0}
08-31 19:50:40.723 15577 15577 I ViewRootImpl@6da1f4c[LauncherActivity]: Relayout returned: old=(0,0,1080,2408) new=(0,0,1080,2408) req=(1080,2408)8 dur=7 res=0x5 s={false 0} ch=true fn=11
08-31 19:50:40.723 15577 15577 I ViewRootImpl@6da1f4c[LauncherActivity]: stopped(true) old=false
08-31 19:50:40.724 15577 15577 I BaseActivity: removeActivityFlags, flags : 17
08-31 19:50:40.725   634   807 I SurfaceFlinger: id=151943 Removed OneUiHome-BlurLayer#0 (113)
08-31 19:50:40.725 15577 15577 I StateManager: goToState isInState Normal
08-31 19:50:40.726 15577 15577 W LauncherAppWidgetHost: setShouldListenFlag, mFlags:7 flag:start on:false isFront:false
08-31 19:50:40.726 15577 15645 I IMM_LC  : hsifw() - flags=0, caller=android.view.inputmethod.InputMethodManager.hideSoftInputFromWindow:1858 android.view.inputmethod.InputMethodManager.hideSoftInputFromWindow:1827 com.android.launcher3.util.UiThreadHelper$UiCallbacks.handleMessage:103 android.os.Handler.dispatchMessage:102 android.os.Looper.loopOnce:226
08-31 19:50:40.727 15577 15645 I IMM_LC  : hideSoftInputFromWindow - mService.hideSoftInput
08-31 19:50:40.727 14809 16644 I AppWidgetServiceImpl: stopListening callbacks : null
08-31 19:50:40.727 15577 15577 W LauncherAppWidgetHost: stopListening, mFlags:2 isFront:false
08-31 19:50:40.727 15577 15577 W Launcher.NotificationListener: removeNotificationsChangedListener
08-31 19:50:40.728 15577 15577 I BadgeCountUpdaterImpl: onNotificationsChangedDisConnected
08-31 19:50:40.728 15577 15577 I Launcher.NotificationListener: unregisterObserver, this is not notificationService!!
08-31 19:50:40.728 15577 15645 I LiveIconUpdateEventHandler: LiveIcon onStop
08-31 19:50:40.729 15577 15645 I LiveIconUpdateEventHandler: cancelMinuteChangeAlarm
08-31 19:50:40.730 15577 15645 I LiveIconUpdateEventHandler: cancelDateChangeAlarm
08-31 19:50:40.736 19225 19225 D LifecycleMonitor: Lifecycle status change: androidx.test.core.app.InstrumentationActivityInvoker$BootstrapActivity@fcbbada in: STOPPED
08-31 19:50:40.738 19225 19225 V ActivityScenario: Activity lifecycle changed event received but ignored because the intent does not match. startActivityIntent=Intent { act=android.intent.action.MAIN cat=[android.intent.category.LAUNCHER] cmp=com.example.lunchtray/androidx.fragment.app.testing.FragmentScenario$EmptyFragmentActivity (has extras) }, activity.getIntent()=Intent { act=android.intent.action.MAIN cat=[android.intent.category.LAUNCHER] flg=0x10008000 cmp=com.example.lunchtray/androidx.test.core.app.InstrumentationActivityInvoker$BootstrapActivity (has extras) }, activity=androidx.test.core.app.InstrumentationActivityInvoker$BootstrapActivity@fcbbada
08-31 19:50:40.739 19225 19225 V ActivityScenario: Activity lifecycle changed event received but ignored because the intent does not match. startActivityIntent=Intent { act=android.intent.action.MAIN cat=[android.intent.category.LAUNCHER] cmp=com.example.lunchtray/.MainActivity }, activity.getIntent()=Intent { act=android.intent.action.MAIN cat=[android.intent.category.LAUNCHER] flg=0x10008000 cmp=com.example.lunchtray/androidx.test.core.app.InstrumentationActivityInvoker$BootstrapActivity (has extras) }, activity=androidx.test.core.app.InstrumentationActivityInvoker$BootstrapActivity@fcbbada
08-31 19:50:40.740 19225 19225 V ActivityScenario: Activity lifecycle changed event received but ignored because the intent does not match. startActivityIntent=Intent { act=android.intent.action.MAIN cat=[android.intent.category.LAUNCHER] cmp=com.example.lunchtray/androidx.fragment.app.testing.FragmentScenario$EmptyFragmentActivity (has extras) }, activity.getIntent()=Intent { act=android.intent.action.MAIN cat=[android.intent.category.LAUNCHER] flg=0x10008000 cmp=com.example.lunchtray/androidx.test.core.app.InstrumentationActivityInvoker$BootstrapActivity (has extras) }, activity=androidx.test.core.app.InstrumentationActivityInvoker$BootstrapActivity@fcbbada
08-31 19:50:40.742 15577 15645 I LiveIconUpdateEventHandler: unregisterReceiver
08-31 19:50:40.743 14809 15295 D InputDispatcher: Inject motion (19225): action=0x1, time=702394807000000, f=0x0, d=0
08-31 19:50:40.744 14809 14940 I InputDispatcher: Delivering touch to (19225): action: 0x1, f=0x0, d=0, '4a40fc4', t=1
08-31 19:50:40.744 15577 15577 W TouchInteractionService: reset
08-31 19:50:40.744 19225 19225 I ViewRootImpl@e455dd7[FragmentScenario$EmptyFragmentActivity]: ViewPostIme pointer 1
08-31 19:50:40.744 14809 14826 I GestureDetector: obtain mCurrentMotionEventRaw. action: 1 id: -648614136
08-31 19:50:40.744 14809 14826 I GestureDetector: obtain mCurrentMotionEventRaw. action: 1 id: -648614136
08-31 19:50:40.753   634   634 I Layer   : id=151939 removeFromCurrentState com.sec.android.app.launcher/com.sec.android.app.launcher.activities.LauncherActivity$_7302#0 (113)
08-31 19:50:40.753   634   634 I Layer   : id=151940 removeFromCurrentState com.sec.android.app.launcher/com.sec.android.app.launcher.activities.LauncherActivity$_15577#0 (113)
08-31 19:50:40.753   634   634 I Layer   : id=151943 removeFromCurrentState OneUiHome-BlurLayer#0 (113)
08-31 19:50:40.753   634   634 I SurfaceFlinger: id=151940 Removed com.sec.android.app.launcher/com.sec.android.app.launcher.activities.LauncherActivity$_15577#0 (113)
08-31 19:50:40.753   634   634 I SurfaceFlinger: id=151939 Removed com.sec.android.app.launcher/com.sec.android.app.launcher.activities.LauncherActivity$_7302#0 (113)
08-31 19:50:40.753   634   634 I Layer   : id=151940 Destroyed com.sec.android.app.launcher/com.sec.android.app.launcher.activities.LauncherActivity$_15577#0
08-31 19:50:40.753   634   634 I Layer   : id=151943 Destroyed OneUiHome-BlurLayer#0
08-31 19:50:40.754   634   634 I Layer   : id=151939 Destroyed com.sec.android.app.launcher/com.sec.android.app.launcher.activities.LauncherActivity$_7302#0
08-31 19:50:40.768  9116  9116 I GsaVoiceInteractionSrv: Handling ACTION_STOP_HOTWORD
08-31 19:50:40.768  9116  9219 I HwDetectorWithState: (REDACTED) a: %d
08-31 19:50:40.917 14809 15035 I SemWifiServiceDetector: Traff. tracking suspended
08-31 19:50:40.974 14617 19442 I HYPER-HAL: [RequestManager.cpp]releaseLocked(): Released ID : 109868090
08-31 19:50:40.997 14809 14826 I GestureDetector: handleMessage TAP
08-31 19:50:40.999 14809 14809 I GestureDetector: handleMessage TAP
08-31 19:50:41.006 19225 19225 I ViewInteraction: Checking 'MatchesViewAssertion{viewMatcher=an instance of android.widget.TextView and view.getText() with or without transformation to match: a string containing "Subtotal: $7.00"}' assertion on view view.getId() is <2131231217/com.example.lunchtray:id/subtotal>
08-31 19:50:41.009 19225 19284 E TestRunner: failed: radio_buttons_update_entree_menu_subtotal(com.example.lunchtray.OrderFunctionalityTests)
08-31 19:50:41.009 19225 19284 E TestRunner: ----- begin exception -----
08-31 19:50:41.011 19225 19284 E TestRunner: androidx.test.espresso.base.DefaultFailureHandler$AssertionFailedWithCauseError: 'an instance of android.widget.TextView and view.getText() with or without transformation to match: a string containing "Subtotal: $7.00"' doesn't match the selected view.
08-31 19:50:41.011 19225 19284 E TestRunner: Expected: an instance of android.widget.TextView and view.getText() with or without transformation to match: a string containing "Subtotal: $7.00"
08-31 19:50:41.011 19225 19284 E TestRunner:      Got: view.getText() was "Subtotal: 7.00"
08-31 19:50:41.011 19225 19284 E TestRunner: View Details: TextView{id=2131231217, res-name=subtotal, visibility=VISIBLE, width=279, height=55, has-focus=false, has-focusable=false, has-window-focus=true, is-clickable=false, is-enabled=true, is-focused=false, is-focusable=false, is-layout-requested=false, is-selected=false, layout-params=androidx.constraintlayout.widget.ConstraintLayout$LayoutParams@492f808, tag=null, root-is-layout-requested=false, has-input-connection=false, x=756.0, y=1100.0, text=Subtotal: 7.00, input-type=0, ime-target=false, has-links=false}
08-31 19:50:41.011 19225 19284 E TestRunner:
08-31 19:50:41.011 19225 19284 E TestRunner: 	at dalvik.system.VMStack.getThreadStackTrace(Native Method)
08-31 19:50:41.011 19225 19284 E TestRunner: 	at java.lang.Thread.getStackTrace(Thread.java:1724)
08-31 19:50:41.011 19225 19284 E TestRunner: 	at androidx.test.espresso.base.DefaultFailureHandler.getUserFriendlyError(DefaultFailureHandler.java:12)
08-31 19:50:41.011 19225 19284 E TestRunner: 	at androidx.test.espresso.base.DefaultFailureHandler.handle(DefaultFailureHandler.java:7)
08-31 19:50:41.011 19225 19284 E TestRunner: 	at androidx.test.espresso.ViewInteraction.waitForAndHandleInteractionResults(ViewInteraction.java:5)
08-31 19:50:41.011 19225 19284 E TestRunner: 	at androidx.test.espresso.ViewInteraction.check(ViewInteraction.java:12)
08-31 19:50:41.011 19225 19284 E TestRunner: 	at com.example.lunchtray.OrderFunctionalityTests.radio_buttons_update_entree_menu_subtotal(OrderFunctionalityTests.kt:52)
08-31 19:50:41.011 19225 19284 E TestRunner: 	at java.lang.reflect.Method.invoke(Native Method)
08-31 19:50:41.011 19225 19284 E TestRunner: 	at org.junit.runners.model.FrameworkMethod$1.runReflectiveCall(FrameworkMethod.java:50)
08-31 19:50:41.011 19225 19284 E TestRunner: 	at org.junit.internal.runners.model.ReflectiveCallable.run(ReflectiveCallable.java:12)
08-31 19:50:41.011 19225 19284 E TestRunner: 	at org.junit.runners.model.FrameworkMethod.invokeExplosively(FrameworkMethod.java:47)
08-31 19:50:41.011 19225 19284 E TestRunner: 	at org.junit.internal.runners.statements.InvokeMethod.evaluate(InvokeMethod.java:17)
08-31 19:50:41.011 19225 19284 E TestRunner: 	at org.junit.runners.ParentRunner.runLeaf(ParentRunner.java:325)
08-31 19:50:41.011 19225 19284 E TestRunner: 	at org.junit.runners.BlockJUnit4ClassRunner.runChild(BlockJUnit4ClassRunner.java:78)
08-31 19:50:41.011 19225 19284 E TestRunner: 	at org.junit.runners.BlockJUnit4ClassRunner.runChild(BlockJUnit4ClassRunner.java:57)
08-31 19:50:41.011 19225 19284 E TestRunner: 	at org.junit.runners.ParentRunner$3.run(ParentRunner.java:290)
08-31 19:50:41.011 19225 19284 E TestRunner: 	at org.junit.runners.ParentRunner$1.schedule(ParentRunner.java:71)
08-31 19:50:41.011 19225 19284 E TestRunner: 	at org.junit.runners.ParentRunner.runChildren(ParentRunner.java:288)
08-31 19:50:41.011 19225 19284 E TestRunner: 	at org.junit.runners.ParentRunner.access$000(ParentRunner.java:58)
08-31 19:50:41.011 19225 19284 E TestRunner: 	at org.junit.runners.ParentRunner$2.evaluate(ParentRunner.java:268)
08-31 19:50:41.011 19225 19284 E TestRunner: 	at org.junit.runners.ParentRunner.run(ParentRunner.java:363)
08-31 19:50:41.011 19225 19284 E TestRunner: 	at androidx.test.ext.junit.runners.AndroidJUnit4.run(AndroidJUnit4.java:162)
08-31 19:50:41.011 19225 19284 E TestRunner: 	at org.junit.runners.Suite.runChild(Suite.java:128)
08-31 19:50:41.011 19225 19284 E TestRunner: 	at org.junit.runners.Suite.runChild(Suite.java:27)
08-31 19:50:41.011 19225 19284 E TestRunner: 	at org.junit.runners.ParentRunner$3.run(ParentRunner.java:290)
08-31 19:50:41.011 19225 19284 E TestRunner: 	at org.junit.runners.ParentRunner$1.schedule(ParentRunner.java:71)
08-31 19:50:41.011 19225 19284 E TestRunner: 	at org.junit.runners.ParentRunner.runChildren(ParentRunner.java:288)
08-31 19:50:41.011 19225 19284 E TestRunner: 	at org.junit.runners.ParentRunner.access$000(ParentRunner.java:58)
08-31 19:50:41.011 19225 19284 E TestRunner: 	at org.junit.runners.ParentRunner$2.evaluate(ParentRunner.java:268)
08-31 19:50:41.011 19225 19284 E TestRunner: 	at org.junit.runners.ParentRunner.run(ParentRunner.java:363)
08-31 19:50:41.011 19225 19284 E TestRunner: 	at org.junit.runner.JUnitCore.run(JUnitCore.java:137)
08-31 19:50:41.011 19225 19284 E TestRunner: 	at org.junit.runner.JUnitCore.run(JUnitCore.java:115)
08-31 19:50:41.011 19225 19284 E TestRunner: 	at androidx.test.internal.runner.TestExecutor.execute(TestExecutor.java:56)
08-31 19:50:41.011 19225 19284 E TestRunner: 	at androidx.test.runner.AndroidJUnitRunner.onStart(AndroidJUnitRunner.java:444)
08-31 19:50:41.011 19225 19284 E TestRunner: 	at android.app.Instrumentation$InstrumentationThread.run(Instrumentation.java:2261)
08-31 19:50:41.011 19225 19284 E TestRunner: Caused by: junit.framework.AssertionFailedError: 'an instance of android.widget.TextView and view.getText() with or without transformation to match: a string containing "Subtotal: $7.00"' doesn't match the selected view.
08-31 19:50:41.011 19225 19284 E TestRunner: Expected: an instance of android.widget.TextView and view.getText() with or without transformation to match: a string containing "Subtotal: $7.00"
08-31 19:50:41.011 19225 19284 E TestRunner:      Got: view.getText() was "Subtotal: 7.00"
08-31 19:50:41.011 19225 19284 E TestRunner: View Details: TextView{id=2131231217, res-name=subtotal, visibility=VISIBLE, width=279, height=55, has-focus=false, has-focusable=false, has-window-focus=true, is-clickable=false, is-enabled=true, is-focused=false, is-focusable=false, is-layout-requested=false, is-selected=false, layout-params=androidx.constraintlayout.widget.ConstraintLayout$LayoutParams@492f808, tag=null, root-is-layout-requested=false, has-input-connection=false, x=756.0, y=1100.0, text=Subtotal: 7.00, input-type=0, ime-target=false, has-links=false}
08-31 19:50:41.011 19225 19284 E TestRunner:
08-31 19:50:41.011 19225 19284 E TestRunner: 	at androidx.test.espresso.matcher.ViewMatchers.assertThat(ViewMatchers.java:16)
08-31 19:50:41.011 19225 19284 E TestRunner: 	at androidx.test.espresso.assertion.ViewAssertions$MatchesViewAssertion.check(ViewAssertions.java:11)
08-31 19:50:41.011 19225 19284 E TestRunner: 	at androidx.test.espresso.ViewInteraction$SingleExecutionViewAssertion.check(ViewInteraction.java:2)
08-31 19:50:41.011 19225 19284 E TestRunner: 	at androidx.test.espresso.ViewInteraction$2.call(ViewInteraction.java:12)
08-31 19:50:41.011 19225 19284 E TestRunner: 	at androidx.test.espresso.ViewInteraction$2.call(ViewInteraction.java:1)
08-31 19:50:41.011 19225 19284 E TestRunner: 	at java.util.concurrent.FutureTask.run(FutureTask.java:266)
08-31 19:50:41.011 19225 19284 E TestRunner: 	at android.os.Handler.handleCallback(Handler.java:938)
08-31 19:50:41.011 19225 19284 E TestRunner: 	at android.os.Handler.dispatchMessage(Handler.java:99)
08-31 19:50:41.011 19225 19284 E TestRunner: 	at android.os.Looper.loopOnce(Looper.java:226)
08-31 19:50:41.011 19225 19284 E TestRunner: 	at android.os.Looper.loop(Looper.java:313)
08-31 19:50:41.011 19225 19284 E TestRunner: 	at android.app.ActivityThread.main(ActivityThread.java:8669)
08-31 19:50:41.011 19225 19284 E TestRunner: 	at java.lang.reflect.Method.invoke(Native Method)
08-31 19:50:41.011 19225 19284 E TestRunner: 	at com.android.internal.os.RuntimeInit$MethodAndArgsCaller.run(RuntimeInit.java:571)
08-31 19:50:41.011 19225 19284 E TestRunner: 	at com.android.internal.os.ZygoteInit.main(ZygoteInit.java:1135)
08-31 19:50:41.012 19225 19284 E TestRunner: ----- end exception -----
08-31 19:50:41.030 19225 19284 I TestRunner: finished: radio_buttons_update_entree_menu_subtotal(com.example.lunchtray.OrderFunctionalityTests)
