08-31 19:50:25.957 14809 17473 W InputManager-JNI: Input channel object '797ba8e Splash Screen com.example.lunchtray (client)' was disposed without first being removed with the input manager!
08-31 19:50:25.957 14809 17473 D InputTransport: Input channel destroyed: '797ba8e', fd=815
08-31 19:50:25.958 14809 14940 I InputDispatcher: Delivering touch to (19225): action: 0x1, f=0x0, d=0, 'fd2baab', t=1 +(0,-2)
08-31 19:50:25.958 15577 15577 W TouchInteractionService: reset
08-31 19:50:25.958 14809 14826 I GestureDetector: obtain mCurrentMotionEventRaw. action: 1 id: -362669766
08-31 19:50:25.958 14809 14826 I GestureDetector: obtain mCurrentMotionEventRaw. action: 1 id: -362669766
08-31 19:50:25.958 19225 19225 I ViewRootImpl@217ac7f[MainActivity]: ViewPostIme pointer 1
08-31 19:50:25.960 15119 15246 D InputTransport: Input channel destroyed: '797ba8e', fd=191
08-31 19:50:25.960   634   634 I Layer   : id=151804 removeFromCurrentState com.sec.android.app.launcher/com.sec.android.app.launcher.activities.LauncherActivity$_7302#0 (119)
08-31 19:50:25.961   634   634 I Layer   : id=151805 removeFromCurrentState com.sec.android.app.launcher/com.sec.android.app.launcher.activities.LauncherActivity$_15577#0 (119)
08-31 19:50:25.961   634   634 I Layer   : id=151808 removeFromCurrentState OneUiHome-BlurLayer#0 (119)
08-31 19:50:25.961   634   634 I Layer   : id=151828 removeFromCurrentState Surface(name=fd2baab com.example.lunchtray/com.example.lunchtray.MainActivity)/@0x281d423 - animation-leash of starting_reveal#0 (119)
08-31 19:50:25.961   634   634 I SurfaceFlinger: id=151804 Removed com.sec.android.app.launcher/com.sec.android.app.launcher.activities.LauncherActivity$_7302#0 (119)
08-31 19:50:25.961   634   634 I Layer   : id=151804 Destroyed com.sec.android.app.launcher/com.sec.android.app.launcher.activities.LauncherActivity$_7302#0
08-31 19:50:25.963 15577 15645 I LiveIconUpdateEventHandler: LiveIcon onStop
08-31 19:50:25.964 15577 15645 I LiveIconUpdateEventHandler: cancelMinuteChangeAlarm
08-31 19:50:25.966 15577 15645 I LiveIconUpdateEventHandler: cancelDateChangeAlarm
08-31 19:50:25.981   634  1925 I SurfaceFlinger: id=151805 Removed com.sec.android.app.launcher/com.sec.android.app.launcher.activities.LauncherActivity$_15577#0 (118)
08-31 19:50:25.992 15577 15645 I LiveIconUpdateEventHandler: unregisterReceiver
08-31 19:50:25.992  9116  9116 I GsaVoiceInteractionSrv: Handling ACTION_STOP_HOTWORD
08-31 19:50:25.992  9116  9219 I HwDetectorWithState: (REDACTED) a: %d
08-31 19:50:25.994   634   634 I Layer   : id=151805 Destroyed com.sec.android.app.launcher/com.sec.android.app.launcher.activities.LauncherActivity$_15577#0
08-31 19:50:25.994   634   634 I Layer   : id=151808 Destroyed OneUiHome-BlurLayer#0
08-31 19:50:26.006 19225 19225 D ScrollView: initGoToTop
08-31 19:50:26.011   634   634 I Layer   : id=151818 removeFromCurrentState Splash Screen com.example.lunchtray$_15119#0 (116)
08-31 19:50:26.012   634   634 I Layer   : id=151817 removeFromCurrentState 797ba8e Splash Screen com.example.lunchtray#0 (116)
08-31 19:50:26.012   634   634 I Layer   : id=151830 removeFromCurrentState Surface(name=797ba8e Splash Screen com.example.lunchtray)/@0xca6e7f0 - animation-leash of window_animation#0 (116)
08-31 19:50:26.012   634   634 I SurfaceFlinger: id=151817 Removed 797ba8e Splash Screen com.example.lunchtray#0 (116)
08-31 19:50:26.012   634   634 I SurfaceFlinger: id=151818 Removed Splash Screen com.example.lunchtray$_15119#0 (116)
08-31 19:50:26.012   634   634 I SurfaceFlinger: id=151830 Removed Surface(name=797ba8e Splash Screen com.example.lunchtray)/@0xca6e7f0 - animation-leash of window_animation#0 (116)
08-31 19:50:26.012   634   634 I Layer   : id=151830 Destroyed Surface(name=797ba8e Splash Screen com.example.lunchtray)/@0xca6e7f0 - animation-leash of window_animation#0
08-31 19:50:26.012   634   634 I Layer   : id=151817 Destroyed 797ba8e Splash Screen com.example.lunchtray#0
08-31 19:50:26.015   634   634 I Layer   : id=151818 Destroyed Splash Screen com.example.lunchtray$_15119#0
08-31 19:50:26.021   634   634 D SurfaceFlinger: Display 4633128508267670401 HWC layers:
08-31 19:50:26.021   634   634 D SurfaceFlinger:      DEVICE | 0xec277000 | 0102 | RGBA_8888    |    0.0    0.0 1080.0 2408.0 |    0    0 1080 2408 | com.example.lunchtray/com.example.lunchtray.MainActivity$_19225#0
08-31 19:50:26.021   634   634 D SurfaceFlinger:      DEVICE | 0xec168580 | 0100 | RGBA_8888    |    0.0    0.0 1080.0   66.0 |    0    0 1080   66 | StatusBar$_15119#0
08-31 19:50:26.021   634   634 D SurfaceFlinger:      CLIENT | 0xec277300 | 0100 | RGBA_8888    |    0.0    0.0  388.0   42.0 |  692 2366 1080 2408 | SGestureOverlayWindow$_15577#0
08-31 19:50:26.021   634   634 D SurfaceFlinger:      CLIENT | 0xec97b100 | 0100 | RGBA_8888    |    0.0    0.0 1080.0  135.0 |    0 2273 1080 2408 | NavigationBar0$_15119#0
08-31 19:50:26.021   634   634 D SurfaceFlinger:      DEVICE | 0xec278980 | 0108 | RGBA_8888    |    0.0    0.0 1080.0 2408.0 |    0    0 1080 2408 | BlueLightFilter$_15119#0
08-31 19:50:26.021   634   634 D SurfaceFlinger:
08-31 19:50:26.038 14809 15035 D SemNscXgbMsL1: Probability - Cloud gaming: [0.039108966]
08-31 19:50:26.039 14809 15035 D SemNscXgbMsL1: Probability - Real time: [0.081636205]
08-31 19:50:26.039 14809 15035 D SemNscXgbMsL1: Probability - Non real time: [0.94421464]
08-31 19:50:26.039 14809 15035 D SemNscXgbMsL1: 1 sample inference time: 1.053692 msecs
08-31 19:50:26.040 14809 15035 D SemNscXgbL2Rt: L2 RT 1 sample inference time: 0.898884 msecs
08-31 19:50:26.042 14809 15035 D SemNscXgbL2Nrt: L2 NRT 1 sample inference time: 0.732308 msecs
08-31 19:50:26.184 14809 17480 V WindowManager: Relayout Window{fd2baab u0 com.example.lunchtray/com.example.lunchtray.MainActivity}: viewVisibility=0 req=1080x2408 d0
08-31 19:50:26.187 14809 17480 V WindowManager: Relayout hash=fd2baab, pid=19225: mAttrs={(0,0)(fillxfill) sim={adjust=resize} ty=BASE_APPLICATION wanim=0x1030303
08-31 19:50:26.187 14809 17480 V WindowManager:   fl=81810100
08-31 19:50:26.187 14809 17480 V WindowManager:   pfl=12020040
08-31 19:50:26.187 14809 17480 V WindowManager:   bhv=DEFAULT
08-31 19:50:26.187 14809 17480 V WindowManager:   fitSides= naviIconColor=0}
08-31 19:50:26.191 19225 19225 I ViewRootImpl@217ac7f[MainActivity]: Relayout returned: old=(0,0,1080,2408) new=(0,0,1080,2408) req=(1080,2408)0 dur=7 res=0x1 s={true 4004536320} ch=false fn=20
08-31 19:50:26.195 19225 19225 D ScrollView:  onsize change changed
08-31 19:50:26.220 14809 14826 I GestureDetector: handleMessage TAP
08-31 19:50:26.221 14809 14809 I GestureDetector: handleMessage TAP
08-31 19:50:26.378 14617 19375 I HYPER-HAL: [RequestManager.cpp]releaseLocked(): Released ID : 109868090
08-31 19:50:26.443 19225 19225 I ViewInteraction: Performing 'single click' action on view view.getId() is <2131230844/com.example.lunchtray:id/cauliflower>
08-31 19:50:26.447 14809 14891 D InputDispatcher: Inject motion (19225): action=0x0, time=702380510000000, f=0x0, d=0
08-31 19:50:26.447 14809 14940 I InputDispatcher: Delivering touch to (15119): action: 0x4, f=0x0, d=0, 'a8b9824', t=0
08-31 19:50:26.447 14809 14940 I InputDispatcher: Delivering touch to (19225): action: 0x0, f=0x0, d=0, 'fd2baab', t=0
08-31 19:50:26.448 15577 15577 W TouchInteractionService: onInputEvent, inputConsumer = com.android.quickstep.-$$Lambda$InputConsumer$cayMJybMMyH-XvJ76yEWjWeqQUo@78d20fe
08-31 19:50:26.448 14809 14826 I GestureDetector: obtain mCurrentDownEvent. id: -513534096 caller: com.android.server.wm.SystemGesturesPointerEventListener.onPointerEvent:179 com.android.server.wm.PointerEventDispatcher.onInputEvent:71 android.view.InputEventReceiver.dispatchInputEvent:259
08-31 19:50:26.448 19225 19225 I ViewRootImpl@217ac7f[MainActivity]: ViewPostIme pointer 0
08-31 19:50:26.449 14809 14826 I GestureDetector: obtain mCurrentDownEvent. id: -513534096 caller: com.android.server.wm.SystemPerformancePointerEventListener.onPointerEvent:89 com.android.server.wm.PointerEventDispatcher.onInputEvent:71 android.view.InputEventReceiver.dispatchInputEvent:259
08-31 19:50:26.487 14809 14891 D InputDispatcher: Inject motion (19225): action=0x1, time=702380551000000, f=0x0, d=0
08-31 19:50:26.487 14809 14940 I InputDispatcher: Delivering touch to (19225): action: 0x1, f=0x0, d=0, 'fd2baab', t=1
08-31 19:50:26.488 19225 19225 I ViewRootImpl@217ac7f[MainActivity]: ViewPostIme pointer 1
08-31 19:50:26.488 15577 15577 W TouchInteractionService: reset
08-31 19:50:26.488 14809 14826 I GestureDetector: obtain mCurrentMotionEventRaw. action: 1 id: -468671011
08-31 19:50:26.488 14809 14826 I GestureDetector: obtain mCurrentMotionEventRaw. action: 1 id: -468671011
08-31 19:50:26.544 14809 15035 D SemNscXgbMsL1: Probability - Cloud gaming: [0.013938674]
08-31 19:50:26.544 14809 15035 D SemNscXgbMsL1: Probability - Real time: [0.03712988]
08-31 19:50:26.544 14809 15035 D SemNscXgbMsL1: Probability - Non real time: [0.87661356]
08-31 19:50:26.544 14809 15035 D SemNscXgbMsL1: 1 sample inference time: 0.532769 msecs
08-31 19:50:26.545 14809 15035 D SemNscXgbL2Rt: L2 RT 1 sample inference time: 0.907307 msecs
08-31 19:50:26.546 14809 15035 D SemNscXgbL2Nrt: L2 NRT 1 sample inference time: 0.677884 msecs
08-31 19:50:26.703 14701 15029 I bauth_FPBAuthService: pcf : 0x1012, 0 ,2 ,0 ,0 ,0 ,2, 0.0.0.0
08-31 19:50:26.703 14701 15029 I bauth_FPBAuthService: thread id : 2, preenroll_flag : 0, nd cnt : 1, cso : 3, et : 0
08-31 19:50:26.703 14701 15029 I bauth_FPBAuthService: FPBAuthService, 11756
08-31 19:50:26.747 19225 19225 I ViewInteraction: Performing 'single click' action on view view.getId() is <2131231081/com.example.lunchtray:id/next_button>
08-31 19:50:26.749 14809 14809 I GestureDetector: handleMessage TAP
08-31 19:50:26.749 14809 14826 I GestureDetector: handleMessage TAP
08-31 19:50:26.750 14809 14891 D InputDispatcher: Inject motion (19225): action=0x0, time=702380814000000, f=0x0, d=0
08-31 19:50:26.750 14809 14940 I InputDispatcher: Delivering touch to (15119): action: 0x4, f=0x0, d=0, 'a8b9824', t=0
08-31 19:50:26.750 14809 14940 I InputDispatcher: Delivering touch to (19225): action: 0x0, f=0x0, d=0, 'fd2baab', t=0
08-31 19:50:26.751 19225 19225 I ViewRootImpl@217ac7f[MainActivity]: ViewPostIme pointer 0
08-31 19:50:26.751 14809 14826 I GestureDetector: obtain mCurrentDownEvent. id: -159770547 caller: com.android.server.wm.SystemGesturesPointerEventListener.onPointerEvent:179 com.android.server.wm.PointerEventDispatcher.onInputEvent:71 android.view.InputEventReceiver.dispatchInputEvent:259
08-31 19:50:26.751 14809 14826 I GestureDetector: obtain mCurrentDownEvent. id: -159770547 caller: com.android.server.wm.SystemPerformancePointerEventListener.onPointerEvent:89 com.android.server.wm.PointerEventDispatcher.onInputEvent:71 android.view.InputEventReceiver.dispatchInputEvent:259
08-31 19:50:26.752 15577 15577 W TouchInteractionService: onInputEvent, inputConsumer = com.android.quickstep.-$$Lambda$InputConsumer$cayMJybMMyH-XvJ76yEWjWeqQUo@78d20fe
08-31 19:50:26.792 14809 14891 D InputDispatcher: Inject motion (19225): action=0x1, time=702380856000000, f=0x0, d=0
08-31 19:50:26.792 14809 14940 I InputDispatcher: Delivering touch to (19225): action: 0x1, f=0x0, d=0, 'fd2baab', t=1
08-31 19:50:26.792 15577 15577 W TouchInteractionService: reset
08-31 19:50:26.792 19225 19225 I ViewRootImpl@217ac7f[MainActivity]: ViewPostIme pointer 1
08-31 19:50:26.793 14809 14826 I GestureDetector: obtain mCurrentMotionEventRaw. action: 1 id: -485384151
08-31 19:50:26.794 14809 14826 I GestureDetector: obtain mCurrentMotionEventRaw. action: 1 id: -485384151
08-31 19:50:26.824 19225 19225 D ScrollView: initGoToTop
08-31 19:50:26.921 14617 19364 I HYPER-HAL: [RequestManager.cpp]releaseLocked(): Released ID : 138419856
08-31 19:50:26.956 19225 19225 D ScrollView:  onsize change changed
08-31 19:50:27.047 14809 15035 D SemNscXgbMsL1: Probability - Cloud gaming: [0.030925468]
08-31 19:50:27.048 14809 15035 D SemNscXgbMsL1: Probability - Real time: [0.040154185]
08-31 19:50:27.048 14809 15035 D SemNscXgbMsL1: Probability - Non real time: [0.9206358]
08-31 19:50:27.048 14809 15035 D SemNscXgbMsL1: 1 sample inference time: 0.540115 msecs
08-31 19:50:27.049 14809 15035 D SemNscXgbL2Rt: L2 RT 1 sample inference time: 0.904307 msecs
08-31 19:50:27.050 14809 15035 D SemNscXgbL2Nrt: L2 NRT 1 sample inference time: 0.692385 msecs
08-31 19:50:27.051 14809 14809 I GestureDetector: handleMessage TAP
08-31 19:50:27.052 14809 14826 I GestureDetector: handleMessage TAP
08-31 19:50:27.204 19225 19225 I ViewInteraction: Performing 'single click' action on view view.getId() is <2131231138/com.example.lunchtray:id/salad>
08-31 19:50:27.207 14809 14891 D InputDispatcher: Inject motion (19225): action=0x0, time=702381271000000, f=0x0, d=0
08-31 19:50:27.207 14809 14940 I InputDispatcher: Delivering touch to (15119): action: 0x4, f=0x0, d=0, 'a8b9824', t=0
08-31 19:50:27.208 14809 14940 I InputDispatcher: Delivering touch to (19225): action: 0x0, f=0x0, d=0, 'fd2baab', t=0
08-31 19:50:27.208 15577 15577 W TouchInteractionService: onInputEvent, inputConsumer = com.android.quickstep.-$$Lambda$InputConsumer$cayMJybMMyH-XvJ76yEWjWeqQUo@78d20fe
08-31 19:50:27.209 19225 19225 I ViewRootImpl@217ac7f[MainActivity]: ViewPostIme pointer 0
08-31 19:50:27.209 14809 14826 I GestureDetector: obtain mCurrentDownEvent. id: -501041689 caller: com.android.server.wm.SystemGesturesPointerEventListener.onPointerEvent:179 com.android.server.wm.PointerEventDispatcher.onInputEvent:71 android.view.InputEventReceiver.dispatchInputEvent:259
08-31 19:50:27.209 14809 14826 I GestureDetector: obtain mCurrentDownEvent. id: -501041689 caller: com.android.server.wm.SystemPerformancePointerEventListener.onPointerEvent:89 com.android.server.wm.PointerEventDispatcher.onInputEvent:71 android.view.InputEventReceiver.dispatchInputEvent:259
08-31 19:50:27.248 14809 14891 D InputDispatcher: Inject motion (19225): action=0x1, time=702381312000000, f=0x0, d=0
08-31 19:50:27.248 14809 14940 I InputDispatcher: Delivering touch to (19225): action: 0x1, f=0x0, d=0, 'fd2baab', t=1
08-31 19:50:27.248 15577 15577 W TouchInteractionService: reset
08-31 19:50:27.249 14809 14826 I GestureDetector: obtain mCurrentMotionEventRaw. action: 1 id: -55665539
08-31 19:50:27.249 19225 19225 I ViewRootImpl@217ac7f[MainActivity]: ViewPostIme pointer 1
08-31 19:50:27.249 14809 14826 I GestureDetector: obtain mCurrentMotionEventRaw. action: 1 id: -55665539
08-31 19:50:27.508 14809 14826 I GestureDetector: handleMessage TAP
08-31 19:50:27.509 14809 14809 I GestureDetector: handleMessage TAP
08-31 19:50:27.512 19225 19225 I ViewInteraction: Performing 'single click' action on view view.getId() is <2131231081/com.example.lunchtray:id/next_button>
08-31 19:50:27.515 14809 15340 D InputDispatcher: Inject motion (19225): action=0x0, time=702381579000000, f=0x0, d=0
08-31 19:50:27.515 14809 14940 I InputDispatcher: Delivering touch to (15119): action: 0x4, f=0x0, d=0, 'a8b9824', t=0
08-31 19:50:27.516 14809 14940 I InputDispatcher: Delivering touch to (19225): action: 0x0, f=0x0, d=0, 'fd2baab', t=0
08-31 19:50:27.516 15577 15577 W TouchInteractionService: onInputEvent, inputConsumer = com.android.quickstep.-$$Lambda$InputConsumer$cayMJybMMyH-XvJ76yEWjWeqQUo@78d20fe
08-31 19:50:27.516 19225 19225 I ViewRootImpl@217ac7f[MainActivity]: ViewPostIme pointer 0
08-31 19:50:27.517 14809 14826 I GestureDetector: obtain mCurrentDownEvent. id: -424504922 caller: com.android.server.wm.SystemGesturesPointerEventListener.onPointerEvent:179 com.android.server.wm.PointerEventDispatcher.onInputEvent:71 android.view.InputEventReceiver.dispatchInputEvent:259
08-31 19:50:27.517 14809 14826 I GestureDetector: obtain mCurrentDownEvent. id: -424504922 caller: com.android.server.wm.SystemPerformancePointerEventListener.onPointerEvent:89 com.android.server.wm.PointerEventDispatcher.onInputEvent:71 android.view.InputEventReceiver.dispatchInputEvent:259
08-31 19:50:27.551 14809 15035 D SemNscXgbMsL1: Probability - Cloud gaming: [0.02178459]
08-31 19:50:27.551 14809 15035 D SemNscXgbMsL1: Probability - Real time: [0.016007531]
08-31 19:50:27.551 14809 15035 D SemNscXgbMsL1: Probability - Non real time: [0.89839566]
08-31 19:50:27.552 14809 15035 D SemNscXgbMsL1: 1 sample inference time: 0.547077 msecs
08-31 19:50:27.552 14809 15035 D SemNscXgbL2Rt: L2 RT 1 sample inference time: 0.909923 msecs
08-31 19:50:27.553 14809 15035 D SemNscXgbL2Nrt: L2 NRT 1 sample inference time: 0.7005 msecs
08-31 19:50:27.557 14809 15340 D InputDispatcher: Inject motion (19225): action=0x1, time=702381621000000, f=0x0, d=0
08-31 19:50:27.557 14809 14940 I InputDispatcher: Delivering touch to (19225): action: 0x1, f=0x0, d=0, 'fd2baab', t=1
08-31 19:50:27.558 14809 14826 I GestureDetector: obtain mCurrentMotionEventRaw. action: 1 id: -670159899
08-31 19:50:27.558 15577 15577 W TouchInteractionService: reset
08-31 19:50:27.558 19225 19225 I ViewRootImpl@217ac7f[MainActivity]: ViewPostIme pointer 1
08-31 19:50:27.558 14809 14826 I GestureDetector: obtain mCurrentMotionEventRaw. action: 1 id: -670159899
08-31 19:50:27.588 19225 19225 D ScrollView: initGoToTop
08-31 19:50:27.673 15119 15119 D NetworkController.WifiSignalController: notifyListener: visible=true, enabled=true, connected=true, inetCondition=1, isDefault=true, receivedCR=true, receivedIC=-1, shouldForceHide=false, emptyConnected=false
08-31 19:50:27.703 14701 15029 I bauth_FPBAuthService: pcf : 0x1012, 0 ,2 ,0 ,0 ,0 ,2, 0.0.0.0
08-31 19:50:27.703 14701 15029 I bauth_FPBAuthService: thread id : 2, preenroll_flag : 0, nd cnt : 1, cso : 3, et : 0
08-31 19:50:27.703 14701 15029 I bauth_FPBAuthService: FPBAuthService, 11756
08-31 19:50:27.712 19225 19225 D ScrollView:  onsize change changed
08-31 19:50:27.817 14809 14809 I GestureDetector: handleMessage TAP
08-31 19:50:27.818 14809 14826 I GestureDetector: handleMessage TAP
08-31 19:50:27.876 14809 14809 D SemWifiP2pService: GopsReceiver : received : com.samsung.intent.action.CHECK_SIOP_LEVEL
08-31 19:50:27.877 14809 14809 I SemWifiP2pService: siop_level = 0
08-31 19:50:27.877 14161 14219 I SystemBroadcastReceiver: [#CMH#] onReceive completed :  0
08-31 19:50:27.877 14161 14161 I a       : [#CMH#] onReceive action = EVENT_SIOP
08-31 19:50:27.878 14809 14809 D SemWifiP2pService: GopsReceiver : received : com.samsung.intent.action.CHECK_SIOP_LEVEL time : 2ms
08-31 19:50:27.878 14130 14220 I SystemBroadcastReceiver: [#CMH#] onReceive completed :  0
08-31 19:50:27.878 14130 14130 I a       : [#CMH#] onReceive action = EVENT_SIOP
08-31 19:50:27.954 19225 19225 I ViewInteraction: Performing 'single click' action on view view.getId() is <2131230835/com.example.lunchtray:id/bread>
08-31 19:50:27.957 14809 15340 D InputDispatcher: Inject motion (19225): action=0x0, time=702382021000000, f=0x0, d=0
08-31 19:50:27.958 14809 14940 I InputDispatcher: Delivering touch to (15119): action: 0x4, f=0x0, d=0, 'a8b9824', t=0
08-31 19:50:27.958 14809 14940 I InputDispatcher: Delivering touch to (19225): action: 0x0, f=0x0, d=0, 'fd2baab', t=0
08-31 19:50:27.958 15577 15577 W TouchInteractionService: onInputEvent, inputConsumer = com.android.quickstep.-$$Lambda$InputConsumer$cayMJybMMyH-XvJ76yEWjWeqQUo@78d20fe
08-31 19:50:27.959 14809 14826 I GestureDetector: obtain mCurrentDownEvent. id: -234617030 caller: com.android.server.wm.SystemGesturesPointerEventListener.onPointerEvent:179 com.android.server.wm.PointerEventDispatcher.onInputEvent:71 android.view.InputEventReceiver.dispatchInputEvent:259
08-31 19:50:27.959 19225 19225 I ViewRootImpl@217ac7f[MainActivity]: ViewPostIme pointer 0
08-31 19:50:27.959 14809 14826 I GestureDetector: obtain mCurrentDownEvent. id: -234617030 caller: com.android.server.wm.SystemPerformancePointerEventListener.onPointerEvent:89 com.android.server.wm.PointerEventDispatcher.onInputEvent:71 android.view.InputEventReceiver.dispatchInputEvent:259
08-31 19:50:27.997 14809 15340 D InputDispatcher: Inject motion (19225): action=0x1, time=702382062000000, f=0x0, d=0
08-31 19:50:27.998 14809 14940 I InputDispatcher: Delivering touch to (19225): action: 0x1, f=0x0, d=0, 'fd2baab', t=1
08-31 19:50:27.998 19225 19225 I ViewRootImpl@217ac7f[MainActivity]: ViewPostIme pointer 1
08-31 19:50:27.998 15577 15577 W TouchInteractionService: reset
08-31 19:50:27.999 14809 14826 I GestureDetector: obtain mCurrentMotionEventRaw. action: 1 id: -216842188
08-31 19:50:28.000 14809 14826 I GestureDetector: obtain mCurrentMotionEventRaw. action: 1 id: -216842188
08-31 19:50:28.055 14809 15035 D SemNscXgbMsL1: Probability - Cloud gaming: [0.022847656]
08-31 19:50:28.055 14809 15035 D SemNscXgbMsL1: Probability - Real time: [0.014988628]
08-31 19:50:28.055 14809 15035 D SemNscXgbMsL1: Probability - Non real time: [0.920554]
08-31 19:50:28.055 14809 15035 D SemNscXgbMsL1: 1 sample inference time: 0.539231 msecs
08-31 19:50:28.056 14809 15035 D SemNscXgbL2Rt: L2 RT 1 sample inference time: 0.889923 msecs
08-31 19:50:28.058 14809 15035 D SemNscXgbL2Nrt: L2 NRT 1 sample inference time: 0.928154 msecs
08-31 19:50:28.259 14809 14826 I GestureDetector: handleMessage TAP
08-31 19:50:28.259 14809 14809 I GestureDetector: handleMessage TAP
08-31 19:50:28.261 19225 19225 I ViewInteraction: Performing 'single click' action on view view.getId() is <2131231081/com.example.lunchtray:id/next_button>
08-31 19:50:28.265 14809 15340 D InputDispatcher: Inject motion (19225): action=0x0, time=702382329000000, f=0x0, d=0
08-31 19:50:28.266 14809 14940 I InputDispatcher: Delivering touch to (15119): action: 0x4, f=0x0, d=0, 'a8b9824', t=0
08-31 19:50:28.266 14809 14940 I InputDispatcher: Delivering touch to (19225): action: 0x0, f=0x0, d=0, 'fd2baab', t=0
08-31 19:50:28.266 19225 19225 I ViewRootImpl@217ac7f[MainActivity]: ViewPostIme pointer 0
08-31 19:50:28.267 15577 15577 W TouchInteractionService: onInputEvent, inputConsumer = com.android.quickstep.-$$Lambda$InputConsumer$cayMJybMMyH-XvJ76yEWjWeqQUo@78d20fe
08-31 19:50:28.268 14809 14826 I GestureDetector: obtain mCurrentDownEvent. id: -731343025 caller: com.android.server.wm.SystemGesturesPointerEventListener.onPointerEvent:179 com.android.server.wm.PointerEventDispatcher.onInputEvent:71 android.view.InputEventReceiver.dispatchInputEvent:259
08-31 19:50:28.268 14809 14826 I GestureDetector: obtain mCurrentDownEvent. id: -731343025 caller: com.android.server.wm.SystemPerformancePointerEventListener.onPointerEvent:89 com.android.server.wm.PointerEventDispatcher.onInputEvent:71 android.view.InputEventReceiver.dispatchInputEvent:259
08-31 19:50:28.305 14809 15340 D InputDispatcher: Inject motion (19225): action=0x1, time=702382369000000, f=0x0, d=0
08-31 19:50:28.305 14809 14940 I InputDispatcher: Delivering touch to (19225): action: 0x1, f=0x0, d=0, 'fd2baab', t=1
08-31 19:50:28.306 15577 15577 W TouchInteractionService: reset
08-31 19:50:28.306 19225 19225 I ViewRootImpl@217ac7f[MainActivity]: ViewPostIme pointer 1
08-31 19:50:28.306 14809 14826 I GestureDetector: obtain mCurrentMotionEventRaw. action: 1 id: -294753496
08-31 19:50:28.307 14809 14826 I GestureDetector: obtain mCurrentMotionEventRaw. action: 1 id: -294753496
08-31 19:50:28.338 19225 19225 D ScrollView: initGoToTop
08-31 19:50:28.431 14617 19349 I HYPER-HAL: [RequestManager.cpp]releaseLocked(): Released ID : 109853266
08-31 19:50:28.454 19225 19225 D ScrollView:  onsize change changed
08-31 19:50:28.559 14809 15035 D SemNscXgbMsL1: Probability - Cloud gaming: [0.03789068]
08-31 19:50:28.560 14809 15035 D SemNscXgbMsL1: Probability - Real time: [0.020097343]
08-31 19:50:28.560 14809 15035 D SemNscXgbMsL1: Probability - Non real time: [0.92582256]
08-31 19:50:28.560 14809 15035 D SemNscXgbMsL1: 1 sample inference time: 1.009693 msecs
08-31 19:50:28.562 14809 15035 D SemNscXgbL2Rt: L2 RT 1 sample inference time: 0.886115 msecs
08-31 19:50:28.563 14809 15035 D SemNscXgbL2Nrt: L2 NRT 1 sample inference time: 0.944423 msecs
08-31 19:50:28.568 14809 14809 I GestureDetector: handleMessage TAP
08-31 19:50:28.568 14809 14826 I GestureDetector: handleMessage TAP
08-31 19:50:28.703 19225 19225 I ViewInteraction: Performing 'single click' action on view view.getId() is <2131231216/com.example.lunchtray:id/submit_button>
08-31 19:50:28.703 14701 15029 I bauth_FPBAuthService: pcf : 0x1012, 0 ,2 ,0 ,0 ,0 ,2, 0.0.0.0
08-31 19:50:28.704 14701 15029 I bauth_FPBAuthService: thread id : 2, preenroll_flag : 0, nd cnt : 1, cso : 3, et : 0
08-31 19:50:28.704 14701 15029 I bauth_FPBAuthService: FPBAuthService, 11756
08-31 19:50:28.709 14809 16653 D InputDispatcher: Inject motion (19225): action=0x0, time=702382772000000, f=0x0, d=0
08-31 19:50:28.710 14809 14940 I InputDispatcher: Delivering touch to (15119): action: 0x4, f=0x0, d=0, 'a8b9824', t=0
08-31 19:50:28.710 14809 14940 I InputDispatcher: Delivering touch to (19225): action: 0x0, f=0x0, d=0, 'fd2baab', t=0
08-31 19:50:28.711 19225 19225 I ViewRootImpl@217ac7f[MainActivity]: ViewPostIme pointer 0
08-31 19:50:28.711 15577 15577 W TouchInteractionService: onInputEvent, inputConsumer = com.android.quickstep.-$$Lambda$InputConsumer$cayMJybMMyH-XvJ76yEWjWeqQUo@78d20fe
08-31 19:50:28.713 14809 14826 I GestureDetector: obtain mCurrentDownEvent. id: -262778981 caller: com.android.server.wm.SystemGesturesPointerEventListener.onPointerEvent:179 com.android.server.wm.PointerEventDispatcher.onInputEvent:71 android.view.InputEventReceiver.dispatchInputEvent:259
08-31 19:50:28.714 14809 14826 I GestureDetector: obtain mCurrentDownEvent. id: -262778981 caller: com.android.server.wm.SystemPerformancePointerEventListener.onPointerEvent:89 com.android.server.wm.PointerEventDispatcher.onInputEvent:71 android.view.InputEventReceiver.dispatchInputEvent:259
08-31 19:50:28.749 14809 16653 D InputDispatcher: Inject motion (19225): action=0x1, time=702382812000000, f=0x0, d=0
08-31 19:50:28.750 14809 14940 I InputDispatcher: Delivering touch to (19225): action: 0x1, f=0x0, d=0, 'fd2baab', t=1
08-31 19:50:28.751 19225 19225 I ViewRootImpl@217ac7f[MainActivity]: ViewPostIme pointer 1
08-31 19:50:28.751 15577 15577 W TouchInteractionService: reset
08-31 19:50:28.752 14809 14826 I GestureDetector: obtain mCurrentMotionEventRaw. action: 1 id: -404231867
08-31 19:50:28.755 14809 14826 I GestureDetector: obtain mCurrentMotionEventRaw. action: 1 id: -404231867
08-31 19:50:28.911 14809 15035 I SemWifiServiceDetector: Traff. tracking suspended
08-31 19:50:28.932 14809 16653 V WindowManager: Relayout Window{fd2baab u0 com.example.lunchtray/com.example.lunchtray.MainActivity}: viewVisibility=0 req=1080x2408 d0
08-31 19:50:28.937 14809 16653 V WindowManager: Relayout hash=fd2baab, pid=19225: mAttrs={(0,0)(fillxfill) sim={adjust=pan} ty=BASE_APPLICATION wanim=0x1030303
08-31 19:50:28.937 14809 16653 V WindowManager:   fl=81810100
08-31 19:50:28.937 14809 16653 V WindowManager:   pfl=12020040
08-31 19:50:28.937 14809 16653 V WindowManager:   bhv=DEFAULT
08-31 19:50:28.937 14809 16653 V WindowManager:   fitSides= naviIconColor=0}
08-31 19:50:28.942 19225 19225 I ViewRootImpl@217ac7f[MainActivity]: Relayout returned: old=(0,0,1080,2408) new=(0,0,1080,2408) req=(1080,2408)0 dur=10 res=0x1 s={true 4004536320} ch=false fn=117
08-31 19:50:29.012 14809 14826 I GestureDetector: handleMessage TAP
08-31 19:50:29.014 14809 14809 I GestureDetector: handleMessage TAP
08-31 19:50:29.207 19225 19225 I ViewInteraction: Checking 'MatchesViewAssertion{viewMatcher=(view has effective visibility <VISIBLE> and view.getGlobalVisibleRect() to return non-empty rectangle)}' assertion on view an instance of android.widget.TextView and view.getText() with or without transformation to match: a string containing "Order Submitted!"
08-31 19:50:29.209 19225 19284 I TestRunner: finished: order_snackbar(com.example.lunchtray.OrderFunctionalityTests)
