08-31 19:50:36.410  7302  7302 I ViewRootImpl@19ab91b[LauncherActivity]: Relayout returned: old=(0,0,1080,2408) new=(0,0,1080,2408) req=(1080,2408)8 dur=12 res=0x5 s={false 0} ch=true fn=2
08-31 19:50:36.410  7302  7302 I A       : (REDACTED) onApplyWindowInsets: systemWindowInsets=%s
08-31 19:50:36.410 14809 17474 V WindowManager: Relayout hash=d738cd4, pid=15577: mAttrs={(0,0)(fillxfill) sim={adjust=nothing} layoutInDisplayCutoutMode=shortEdges ty=BASE_APPLICATION fmt=TRANSPARENT wanim=0x10302f2
08-31 19:50:36.410 14809 17474 V WindowManager:   fl=81910100
08-31 19:50:36.410 14809 17474 V WindowManager:   pfl=1e020040
08-31 19:50:36.410 14809 17474 V WindowManager:   vsysui=1700
08-31 19:50:36.410 14809 17474 V WindowManager:   bhv=SHOW_TRANSIENT_BARS_BY_SWIPE
08-31 19:50:36.410 14809 17474 V WindowManager:   fitSides= naviIconColor=0}
08-31 19:50:36.411  7302  7302 I A       : (REDACTED) onApplyWindowInsets: systemWindowInsets=%s
08-31 19:50:36.412 15577 15577 I ViewRootImpl@6da1f4c[LauncherActivity]: Relayout returned: old=(0,0,1080,2408) new=(0,0,1080,2408) req=(1080,2408)8 dur=8 res=0x5 s={false 0} ch=true fn=10
08-31 19:50:36.415 15577 15577 I ViewRootImpl@6da1f4c[LauncherActivity]: stopped(true) old=false
08-31 19:50:36.417 15577 15577 I BaseActivity: removeActivityFlags, flags : 17
08-31 19:50:36.417   634  3050 I SurfaceFlinger: id=151889 Removed OneUiHome-BlurLayer#0 (116)
08-31 19:50:36.417 15577 15577 I StateManager: goToState isInState Normal
08-31 19:50:36.418 15577 15645 I IMM_LC  : hsifw() - flags=0, caller=android.view.inputmethod.InputMethodManager.hideSoftInputFromWindow:1858 android.view.inputmethod.InputMethodManager.hideSoftInputFromWindow:1827 com.android.launcher3.util.UiThreadHelper$UiCallbacks.handleMessage:103 android.os.Handler.dispatchMessage:102 android.os.Looper.loopOnce:226
08-31 19:50:36.418 15577 15645 I IMM_LC  : hideSoftInputFromWindow - mService.hideSoftInput
08-31 19:50:36.419 15577 15577 W LauncherAppWidgetHost: setShouldListenFlag, mFlags:7 flag:start on:false isFront:false
08-31 19:50:36.419 14809 17474 D InputDispatcher: Inject motion (19225): action=0x1, time=702390483000000, f=0x0, d=0
08-31 19:50:36.419 14809 15286 I AppWidgetServiceImpl: stopListening callbacks : null
08-31 19:50:36.419 14809 14940 I InputDispatcher: Delivering touch to (19225): action: 0x1, f=0x0, d=0, 'e149839', t=1
08-31 19:50:36.420 15577 15577 W LauncherAppWidgetHost: stopListening, mFlags:2 isFront:false
08-31 19:50:36.420 19225 19225 I ViewRootImpl@8574b87[FragmentScenario$EmptyFragmentActivity]: ViewPostIme pointer 1
08-31 19:50:36.420 15577 15577 W Launcher.NotificationListener: removeNotificationsChangedListener
08-31 19:50:36.420 15577 15577 I BadgeCountUpdaterImpl: onNotificationsChangedDisConnected
08-31 19:50:36.420 15577 15577 I Launcher.NotificationListener: unregisterObserver, this is not notificationService!!
08-31 19:50:36.420 14809 14826 I GestureDetector: obtain mCurrentMotionEventRaw. action: 1 id: -697468332
08-31 19:50:36.421 14809 14826 I GestureDetector: obtain mCurrentMotionEventRaw. action: 1 id: -697468332
08-31 19:50:36.424 15577 15645 I LiveIconUpdateEventHandler: LiveIcon onStop
08-31 19:50:36.425 15577 15645 I LiveIconUpdateEventHandler: cancelMinuteChangeAlarm
08-31 19:50:36.428 15577 15645 I LiveIconUpdateEventHandler: cancelDateChangeAlarm
08-31 19:50:36.436 15577 15577 W TouchInteractionService: reset
08-31 19:50:36.438  9116  9116 I GsaVoiceInteractionSrv: Handling ACTION_STOP_HOTWORD
08-31 19:50:36.438  9116  9219 I HwDetectorWithState: (REDACTED) a: %d
08-31 19:50:36.442 15577 15645 I LiveIconUpdateEventHandler: unregisterReceiver
08-31 19:50:36.460   634   634 I Layer   : id=151885 removeFromCurrentState com.sec.android.app.launcher/com.sec.android.app.launcher.activities.LauncherActivity$_7302#0 (116)
08-31 19:50:36.460   634   634 I Layer   : id=151886 removeFromCurrentState com.sec.android.app.launcher/com.sec.android.app.launcher.activities.LauncherActivity$_15577#0 (116)
08-31 19:50:36.460   634   634 I Layer   : id=151889 removeFromCurrentState OneUiHome-BlurLayer#0 (116)
08-31 19:50:36.460   634   634 I SurfaceFlinger: id=151886 Removed com.sec.android.app.launcher/com.sec.android.app.launcher.activities.LauncherActivity$_15577#0 (116)
08-31 19:50:36.460   634   634 I SurfaceFlinger: id=151885 Removed com.sec.android.app.launcher/com.sec.android.app.launcher.activities.LauncherActivity$_7302#0 (116)
08-31 19:50:36.461   634   634 I Layer   : id=151886 Destroyed com.sec.android.app.launcher/com.sec.android.app.launcher.activities.LauncherActivity$_15577#0
08-31 19:50:36.461   634   634 I Layer   : id=151889 Destroyed OneUiHome-BlurLayer#0
08-31 19:50:36.461   634   634 I Layer   : id=151885 Destroyed com.sec.android.app.launcher/com.sec.android.app.launcher.activities.LauncherActivity$_7302#0
08-31 19:50:36.642 14617 19418 I HYPER-HAL: [RequestManager.cpp]releaseLocked(): Released ID : 109868090
08-31 19:50:36.680 19225 19225 I ViewInteraction: Checking 'MatchesViewAssertion{viewMatcher=an instance of android.widget.TextView and view.getText() with or without transformation to match: a string containing "Subtotal: $0.50"}' assertion on view view.getId() is <2131231217/com.example.lunchtray:id/subtotal>
08-31 19:50:36.683 19225 19284 E TestRunner: failed: radio_buttons_update_accompaniment_menu_subtotal(com.example.lunchtray.OrderFunctionalityTests)
08-31 19:50:36.683 19225 19284 E TestRunner: ----- begin exception -----
08-31 19:50:36.684 14809 14826 I GestureDetector: handleMessage TAP
08-31 19:50:36.685 19225 19284 E TestRunner: androidx.test.espresso.base.DefaultFailureHandler$AssertionFailedWithCauseError: 'an instance of android.widget.TextView and view.getText() with or without transformation to match: a string containing "Subtotal: $0.50"' doesn't match the selected view.
08-31 19:50:36.685 19225 19284 E TestRunner: Expected: an instance of android.widget.TextView and view.getText() with or without transformation to match: a string containing "Subtotal: $0.50"
08-31 19:50:36.685 19225 19284 E TestRunner:      Got: view.getText() was "Subtotal: 0.50"
08-31 19:50:36.685 19225 19284 E TestRunner: View Details: TextView{id=2131231217, res-name=subtotal, visibility=VISIBLE, width=279, height=55, has-focus=false, has-focusable=false, has-window-focus=true, is-clickable=false, is-enabled=true, is-focused=false, is-focusable=false, is-layout-requested=false, is-selected=false, layout-params=androidx.constraintlayout.widget.ConstraintLayout$LayoutParams@681b8f8, tag=null, root-is-layout-requested=false, has-input-connection=false, x=756.0, y=744.0, text=Subtotal: 0.50, input-type=0, ime-target=false, has-links=false}
08-31 19:50:36.685 19225 19284 E TestRunner:
08-31 19:50:36.685 19225 19284 E TestRunner: 	at dalvik.system.VMStack.getThreadStackTrace(Native Method)
08-31 19:50:36.685 19225 19284 E TestRunner: 	at java.lang.Thread.getStackTrace(Thread.java:1724)
08-31 19:50:36.685 19225 19284 E TestRunner: 	at androidx.test.espresso.base.DefaultFailureHandler.getUserFriendlyError(DefaultFailureHandler.java:12)
08-31 19:50:36.685 19225 19284 E TestRunner: 	at androidx.test.espresso.base.DefaultFailureHandler.handle(DefaultFailureHandler.java:7)
08-31 19:50:36.685 19225 19284 E TestRunner: 	at androidx.test.espresso.ViewInteraction.waitForAndHandleInteractionResults(ViewInteraction.java:5)
08-31 19:50:36.685 19225 19284 E TestRunner: 	at androidx.test.espresso.ViewInteraction.check(ViewInteraction.java:12)
08-31 19:50:36.685 19225 19284 E TestRunner: 	at com.example.lunchtray.OrderFunctionalityTests.radio_buttons_update_accompaniment_menu_subtotal(OrderFunctionalityTests.kt:116)
08-31 19:50:36.685 19225 19284 E TestRunner: 	at java.lang.reflect.Method.invoke(Native Method)
08-31 19:50:36.685 19225 19284 E TestRunner: 	at org.junit.runners.model.FrameworkMethod$1.runReflectiveCall(FrameworkMethod.java:50)
08-31 19:50:36.685 19225 19284 E TestRunner: 	at org.junit.internal.runners.model.ReflectiveCallable.run(ReflectiveCallable.java:12)
08-31 19:50:36.685 19225 19284 E TestRunner: 	at org.junit.runners.model.FrameworkMethod.invokeExplosively(FrameworkMethod.java:47)
08-31 19:50:36.685 19225 19284 E TestRunner: 	at org.junit.internal.runners.statements.InvokeMethod.evaluate(InvokeMethod.java:17)
08-31 19:50:36.685 19225 19284 E TestRunner: 	at org.junit.runners.ParentRunner.runLeaf(ParentRunner.java:325)
08-31 19:50:36.685 19225 19284 E TestRunner: 	at org.junit.runners.BlockJUnit4ClassRunner.runChild(BlockJUnit4ClassRunner.java:78)
08-31 19:50:36.685 19225 19284 E TestRunner: 	at org.junit.runners.BlockJUnit4ClassRunner.runChild(BlockJUnit4ClassRunner.java:57)
08-31 19:50:36.685 19225 19284 E TestRunner: 	at org.junit.runners.ParentRunner$3.run(ParentRunner.java:290)
08-31 19:50:36.685 19225 19284 E TestRunner: 	at org.junit.runners.ParentRunner$1.schedule(ParentRunner.java:71)
08-31 19:50:36.685 19225 19284 E TestRunner: 	at org.junit.runners.ParentRunner.runChildren(ParentRunner.java:288)
08-31 19:50:36.685 19225 19284 E TestRunner: 	at org.junit.runners.ParentRunner.access$000(ParentRunner.java:58)
08-31 19:50:36.685 19225 19284 E TestRunner: 	at org.junit.runners.ParentRunner$2.evaluate(ParentRunner.java:268)
08-31 19:50:36.685 19225 19284 E TestRunner: 	at org.junit.runners.ParentRunner.run(ParentRunner.java:363)
08-31 19:50:36.685 19225 19284 E TestRunner: 	at androidx.test.ext.junit.runners.AndroidJUnit4.run(AndroidJUnit4.java:162)
08-31 19:50:36.685 19225 19284 E TestRunner: 	at org.junit.runners.Suite.runChild(Suite.java:128)
08-31 19:50:36.685 19225 19284 E TestRunner: 	at org.junit.runners.Suite.runChild(Suite.java:27)
08-31 19:50:36.685 19225 19284 E TestRunner: 	at org.junit.runners.ParentRunner$3.run(ParentRunner.java:290)
08-31 19:50:36.685 19225 19284 E TestRunner: 	at org.junit.runners.ParentRunner$1.schedule(ParentRunner.java:71)
08-31 19:50:36.685 19225 19284 E TestRunner: 	at org.junit.runners.ParentRunner.runChildren(ParentRunner.java:288)
08-31 19:50:36.685 19225 19284 E TestRunner: 	at org.junit.runners.ParentRunner.access$000(ParentRunner.java:58)
08-31 19:50:36.685 19225 19284 E TestRunner: 	at org.junit.runners.ParentRunner$2.evaluate(ParentRunner.java:268)
08-31 19:50:36.685 19225 19284 E TestRunner: 	at org.junit.runners.ParentRunner.run(ParentRunner.java:363)
08-31 19:50:36.685 19225 19284 E TestRunner: 	at org.junit.runner.JUnitCore.run(JUnitCore.java:137)
08-31 19:50:36.685 19225 19284 E TestRunner: 	at org.junit.runner.JUnitCore.run(JUnitCore.java:115)
08-31 19:50:36.685 19225 19284 E TestRunner: 	at androidx.test.internal.runner.TestExecutor.execute(TestExecutor.java:56)
08-31 19:50:36.685 19225 19284 E TestRunner: 	at androidx.test.runner.AndroidJUnitRunner.onStart(AndroidJUnitRunner.java:444)
08-31 19:50:36.685 19225 19284 E TestRunner: 	at android.app.Instrumentation$InstrumentationThread.run(Instrumentation.java:2261)
08-31 19:50:36.685 19225 19284 E TestRunner: Caused by: junit.framework.AssertionFailedError: 'an instance of android.widget.TextView and view.getText() with or without transformation to match: a string containing "Subtotal: $0.50"' doesn't match the selected view.
08-31 19:50:36.685 19225 19284 E TestRunner: Expected: an instance of android.widget.TextView and view.getText() with or without transformation to match: a string containing "Subtotal: $0.50"
08-31 19:50:36.685 19225 19284 E TestRunner:      Got: view.getText() was "Subtotal: 0.50"
08-31 19:50:36.685 19225 19284 E TestRunner: View Details: TextView{id=2131231217, res-name=subtotal, visibility=VISIBLE, width=279, height=55, has-focus=false, has-focusable=false, has-window-focus=true, is-clickable=false, is-enabled=true, is-focused=false, is-focusable=false, is-layout-requested=false, is-selected=false, layout-params=androidx.constraintlayout.widget.ConstraintLayout$LayoutParams@681b8f8, tag=null, root-is-layout-requested=false, has-input-connection=false, x=756.0, y=744.0, text=Subtotal: 0.50, input-type=0, ime-target=false, has-links=false}
08-31 19:50:36.685 19225 19284 E TestRunner:
08-31 19:50:36.685 19225 19284 E TestRunner: 	at androidx.test.espresso.matcher.ViewMatchers.assertThat(ViewMatchers.java:16)
08-31 19:50:36.685 19225 19284 E TestRunner: 	at androidx.test.espresso.assertion.ViewAssertions$MatchesViewAssertion.check(ViewAssertions.java:11)
08-31 19:50:36.685 19225 19284 E TestRunner: 	at androidx.test.espresso.ViewInteraction$SingleExecutionViewAssertion.check(ViewInteraction.java:2)
08-31 19:50:36.685 19225 19284 E TestRunner: 	at androidx.test.espresso.ViewInteraction$2.call(ViewInteraction.java:12)
08-31 19:50:36.685 19225 19284 E TestRunner: 	at androidx.test.espresso.ViewInteraction$2.call(ViewInteraction.java:1)
08-31 19:50:36.685 19225 19284 E TestRunner: 	at java.util.concurrent.FutureTask.run(FutureTask.java:266)
08-31 19:50:36.685 19225 19284 E TestRunner: 	at android.os.Handler.handleCallback(Handler.java:938)
08-31 19:50:36.685 19225 19284 E TestRunner: 	at android.os.Handler.dispatchMessage(Handler.java:99)
08-31 19:50:36.685 19225 19284 E TestRunner: 	at android.os.Looper.loopOnce(Looper.java:226)
08-31 19:50:36.685 19225 19284 E TestRunner: 	at android.os.Looper.loop(Looper.java:313)
08-31 19:50:36.685 19225 19284 E TestRunner: 	at android.app.ActivityThread.main(ActivityThread.java:8669)
08-31 19:50:36.685 19225 19284 E TestRunner: 	at java.lang.reflect.Method.invoke(Native Method)
08-31 19:50:36.685 19225 19284 E TestRunner: 	at com.android.internal.os.RuntimeInit$MethodAndArgsCaller.run(RuntimeInit.java:571)
08-31 19:50:36.685 19225 19284 E TestRunner: 	at com.android.internal.os.ZygoteInit.main(ZygoteInit.java:1135)
08-31 19:50:36.685 19225 19284 E TestRunner: ----- end exception -----
08-31 19:50:36.685 14809 14809 I GestureDetector: handleMessage TAP
08-31 19:50:36.699 19225 19284 I TestRunner: finished: radio_buttons_update_accompaniment_menu_subtotal(com.example.lunchtray.OrderFunctionalityTests)
