08-31 19:50:41.946 14809 16644 I SemDvfsHyPerManager: acquire hyper - AMS_RESUME_TAIL/14809@14, type = -999
08-31 19:50:41.946 14809 16644 I SemDvfsHyPerManager: acquire hyper - AMS_ACT_LAZY/14809@15, type = -999
08-31 19:50:41.947 14617 14637 I HYPER-HAL: [RequestManager.cpp]acquire(): Acquired ID : 109868090  [14809 / 14]    HINT : AMS_RESUME_TAIL    list :
08-31 19:50:41.947 19225 19225 D RootViewPicker: Root not ready - waiting: 10ms for one to appear.
08-31 19:50:41.948 14617 14637 I HYPER-HAL: [RequestManager.cpp]releaseLocked(): Released ID : 110060893
08-31 19:50:41.949 14809 14825 E libperflog: [LIBPERFLOG] socket_local_client fail = -1
08-31 19:50:41.950 14809 14825 I PkgPredictorService-SecIpmManagerServiceImpl: reportToNAP uid:10307 com.example.lunchtray/com.example.lunchtray.MainActivity thisTime:497
08-31 19:50:41.951 14809 16644 V WindowManager: Relayout hash=d738cd4, pid=15577: mAttrs={(0,0)(fillxfill) sim={adjust=nothing} layoutInDisplayCutoutMode=shortEdges ty=BASE_APPLICATION fmt=TRANSPARENT wanim=0x10302f2
08-31 19:50:41.951 14809 16644 V WindowManager:   fl=81910100
08-31 19:50:41.951 14809 16644 V WindowManager:   pfl=1e020040
08-31 19:50:41.951 14809 16644 V WindowManager:   vsysui=1700
08-31 19:50:41.951 14809 16644 V WindowManager:   bhv=SHOW_TRANSIENT_BARS_BY_SWIPE
08-31 19:50:41.951 14809 16644 V WindowManager:   fitSides= naviIconColor=0}
08-31 19:50:41.951   634   662 I SurfaceFlinger: id=151990 createSurf (0x0),-1 flag=24000, Surface(name=5bbefe com.example.lunchtray/com.example.lunchtray.MainActivity)/@0x92da22d - animation-leash of starting_reveal#0
08-31 19:50:41.953 14809 14825 I ActivityTaskManager: Displayed com.example.lunchtray/.MainActivity: +497ms
08-31 19:50:41.954 14809 15295 D InputDispatcher: Focus entered window (0): 5bbefe com.example.lunchtray/com.example.lunchtray.MainActivity
08-31 19:50:41.954 15577 15577 I ViewRootImpl@6da1f4c[LauncherActivity]: Relayout returned: old=(0,0,1080,2408) new=(0,0,1080,2408) req=(1080,2408)8 dur=19 res=0x5 s={false 0} ch=true fn=13
08-31 19:50:41.955  2385  2385 E pageboostd: Received HALT command code 2
08-31 19:50:41.955 15577 15577 I ViewRootImpl@6da1f4c[LauncherActivity]: stopped(true) old=false
08-31 19:50:41.956 19225 19225 D LifecycleMonitor: Lifecycle status change: androidx.test.core.app.InstrumentationActivityInvoker$BootstrapActivity@4a2be77 in: STOPPED
08-31 19:50:41.958 15577 15577 I BaseActivity: removeActivityFlags, flags : 17
08-31 19:50:41.959   634  3050 I SurfaceFlinger: id=151970 Removed OneUiHome-BlurLayer#0 (114)
08-31 19:50:41.959 19225 19225 V ActivityScenario: Activity lifecycle changed event received but ignored because the intent does not match. startActivityIntent=Intent { act=android.intent.action.MAIN cat=[android.intent.category.LAUNCHER] cmp=com.example.lunchtray/androidx.fragment.app.testing.FragmentScenario$EmptyFragmentActivity (has extras) }, activity.getIntent()=Intent { act=android.intent.action.MAIN cat=[android.intent.category.LAUNCHER] flg=0x10008000 cmp=com.example.lunchtray/androidx.test.core.app.InstrumentationActivityInvoker$BootstrapActivity (has extras) }, activity=androidx.test.core.app.InstrumentationActivityInvoker$BootstrapActivity@4a2be77
08-31 19:50:41.960 15577 15577 I StateManager: goToState isInState Normal
08-31 19:50:41.960 19225 19225 V ActivityScenario: Activity lifecycle changed event received but ignored because the intent does not match. startActivityIntent=Intent { act=android.intent.action.MAIN cat=[android.intent.category.LAUNCHER] cmp=com.example.lunchtray/.MainActivity }, activity.getIntent()=Intent { act=android.intent.action.MAIN cat=[android.intent.category.LAUNCHER] flg=0x10008000 cmp=com.example.lunchtray/androidx.test.core.app.InstrumentationActivityInvoker$BootstrapActivity (has extras) }, activity=androidx.test.core.app.InstrumentationActivityInvoker$BootstrapActivity@4a2be77
08-31 19:50:41.961   634   634 D SurfaceFlinger: Display 4633128508267670401 HWC layers:
08-31 19:50:41.961   634   634 D SurfaceFlinger:      DEVICE | 0xebd50a00 | 0102 | RGBA_8888    |    0.0    0.0 1080.0 2408.0 |    0    0 1080 2408 | com.example.lunchtray/com.example.lunchtray.MainActivity$_19225#0
08-31 19:50:41.961   634   634 D SurfaceFlinger:      DEVICE | 0xebd50400 | 0100 | RGBA_8888    |    0.0    0.0 1080.0 2408.0 |    0    0 1080 2408 | Splash Screen com.example.lunchtray$_15119#0
08-31 19:50:41.961   634   634 D SurfaceFlinger:      CLIENT | 0xebe30c80 | 0100 | RGBA_8888    |    0.0    0.0 1080.0   66.0 |    0    0 1080   66 | StatusBar$_15119#0
08-31 19:50:41.961   634   634 D SurfaceFlinger:      CLIENT | 0xec277300 | 0100 | RGBA_8888    |    0.0    0.0  388.0   42.0 |  692 2366 1080 2408 | SGestureOverlayWindow$_15577#0
08-31 19:50:41.961   634   634 D SurfaceFlinger:      CLIENT | 0xec97b100 | 0100 | RGBA_8888    |    0.0    0.0 1080.0  135.0 |    0 2273 1080 2408 | NavigationBar0$_15119#0
08-31 19:50:41.961   634   634 D SurfaceFlinger:      DEVICE | 0xec278980 | 0108 | RGBA_8888    |    0.0    0.0 1080.0 2408.0 |    0    0 1080 2408 | BlueLightFilter$_15119#0
08-31 19:50:41.961   634   634 D SurfaceFlinger:
08-31 19:50:41.961 15577 15645 I IMM_LC  : hsifw() - flags=0, caller=android.view.inputmethod.InputMethodManager.hideSoftInputFromWindow:1858 android.view.inputmethod.InputMethodManager.hideSoftInputFromWindow:1827 com.android.launcher3.util.UiThreadHelper$UiCallbacks.handleMessage:103 android.os.Handler.dispatchMessage:102 android.os.Looper.loopOnce:226
08-31 19:50:41.961 15577 15645 I IMM_LC  : hideSoftInputFromWindow - mService.hideSoftInput
08-31 19:50:41.961 15577 15577 W LauncherAppWidgetHost: setShouldListenFlag, mFlags:7 flag:start on:false isFront:false
08-31 19:50:41.962 19225 19225 V ActivityScenario: Activity lifecycle changed event received but ignored because the intent does not match. startActivityIntent=Intent { act=android.intent.action.MAIN cat=[android.intent.category.LAUNCHER] cmp=com.example.lunchtray/androidx.fragment.app.testing.FragmentScenario$EmptyFragmentActivity (has extras) }, activity.getIntent()=Intent { act=android.intent.action.MAIN cat=[android.intent.category.LAUNCHER] flg=0x10008000 cmp=com.example.lunchtray/androidx.test.core.app.InstrumentationActivityInvoker$BootstrapActivity (has extras) }, activity=androidx.test.core.app.InstrumentationActivityInvoker$BootstrapActivity@4a2be77
08-31 19:50:41.962 14809 16441 I AppWidgetServiceImpl: stopListening callbacks : null
08-31 19:50:41.962 15577 15577 W LauncherAppWidgetHost: stopListening, mFlags:2 isFront:false
08-31 19:50:41.962 15577 15577 W Launcher.NotificationListener: removeNotificationsChangedListener
08-31 19:50:41.963 15577 15577 I BadgeCountUpdaterImpl: onNotificationsChangedDisConnected
08-31 19:50:41.963 15577 15577 I Launcher.NotificationListener: unregisterObserver, this is not notificationService!!
08-31 19:50:41.963 19225 19225 V ActivityScenario: Activity lifecycle changed event received but ignored because the intent does not match. startActivityIntent=Intent { act=android.intent.action.MAIN cat=[android.intent.category.LAUNCHER] cmp=com.example.lunchtray/.MainActivity }, activity.getIntent()=Intent { act=android.intent.action.MAIN cat=[android.intent.category.LAUNCHER] flg=0x10008000 cmp=com.example.lunchtray/androidx.test.core.app.InstrumentationActivityInvoker$BootstrapActivity (has extras) }, activity=androidx.test.core.app.InstrumentationActivityInvoker$BootstrapActivity@4a2be77
08-31 19:50:41.963 15577 15645 I LiveIconUpdateEventHandler: LiveIcon onStop
08-31 19:50:41.964 15577 15645 I LiveIconUpdateEventHandler: cancelMinuteChangeAlarm
08-31 19:50:41.965 15577 15645 I LiveIconUpdateEventHandler: cancelDateChangeAlarm
08-31 19:50:41.967 19225 19225 I ViewRootImpl@7d615a5[MainActivity]: MSG_WINDOW_FOCUS_CHANGED 1 1
08-31 19:50:41.970 15119 15827 I ViewRootImpl@d86579e[lunchtray]: mWNT: t = android.view.SurfaceControl$Transaction@7590738 fN = 2 android.view.SyncRtSurfaceTransactionApplier.applyTransaction:94 android.view.SyncRtSurfaceTransactionApplier.lambda$scheduleApply$0$SyncRtSurfaceTransactionApplier:71 android.view.SyncRtSurfaceTransactionApplier$$ExternalSyntheticLambda0.onFrameDraw:4
08-31 19:50:41.970 15119 15827 I ViewRootImpl@d86579e[lunchtray]: mWNT: merge t to BBQ
08-31 19:50:41.971 19225 19225 D InputMethodManager: startInputInner - Id : 0
08-31 19:50:41.971 15119 15827 I ViewRootImpl@d86579e[lunchtray]: mWNT: t = android.view.SurfaceControl$Transaction@e6b5311 fN = 2 android.view.SyncRtSurfaceTransactionApplier.applyTransaction:94 android.view.SyncRtSurfaceTransactionApplier.lambda$scheduleApply$0$SyncRtSurfaceTransactionApplier:71 android.view.SyncRtSurfaceTransactionApplier$$ExternalSyntheticLambda0.onFrameDraw:4
08-31 19:50:41.971 19225 19225 I InputMethodManager: startInputInner - mService.startInputOrWindowGainedFocus
08-31 19:50:41.971 15119 15827 I ViewRootImpl@d86579e[lunchtray]: mWNT: merge t to BBQ
08-31 19:50:41.973 15577 15645 I LiveIconUpdateEventHandler: unregisterReceiver
08-31 19:50:41.974 14809 16644 D InputMethodManagerService: mDesktopModeManager null!
08-31 19:50:41.974 14809 16644 V InputMethodManagerService: getDisplayIdOfInputMethodWindowToBeAdded : 0
08-31 19:50:41.976 14809 16644 D InputMethodManagerService: checkDisplayOfStartInputAndUpdateKeyboard display Id 0last 0
08-31 19:50:41.977 14809 16644 D InputTransport: Input channel constructed: 'ClientS', fd=569
08-31 19:50:41.977 14809 16644 D InputTransport: Input channel destroyed: 'ClientS', fd=569
08-31 19:50:41.977 21002 21002 I HBD     : HoneyBoardService onFinishInput
08-31 19:50:41.977 21002 21002 I HBD     : a IC have been unbinding,  InputConnectionWrapper{idHash=#ccdba8f mMissingMethods=}
08-31 19:50:41.977 21002 21002 I HBD     : HoneyBoardService [PF_CL][onFinishInput]  306923 ns
08-31 19:50:41.978 21002 21002 I HBD     : HoneyBoardService [IMI] onStartInput - caller pid : 19225 , caller uid : 10307
08-31 19:50:41.978 21002 21002 I HBD     : j updateConfigs
08-31 19:50:41.978 21002 21002 I HBD     : j isEnabledNightMode : true
08-31 19:50:41.978 21002 21002 I HBD     : a IC have been binding, InputConnectionWrapper{idHash=#2f5a125 mMissingMethods=}
08-31 19:50:41.978 21002 21002 I HBD     : h [EditorInputType]setPrivateImeOptionsToTable privateImeOptions ( null )
08-31 19:50:41.978 21002 21002 I HBD     : b incognitoMode : false
08-31 19:50:41.978 21002 21002 I HBD     : a needOff = true , isForceOff = false, isNullInputClass : true
08-31 19:50:41.978 21002 21002 I HBD     : h getDefaultInputRange : UNKNOWN
08-31 19:50:41.978 21002 21002 I HBD     : h getDefaultInputRange : UNKNOWN
08-31 19:50:41.978 21002 21002 I HBD     : h getDefaultInputRange : UNKNOWN
08-31 19:50:41.981 21002 21002 I HBD     : a needOff = true , isForceOff = false, isNullInputClass : true
08-31 19:50:41.981 21002 21002 I HBD     : a update cached prediction status : false
08-31 19:50:41.981 21002 21002 I HBD     : h getDefaultInputRange : UNKNOWN
08-31 19:50:41.981 21002 21002 I HBD     : a currentState : 0
08-31 19:50:41.982 21002 21002 I HBD     : h load selected json path : /data/user/0/com.samsung.android.honeyboard/files/selected.json
08-31 19:50:41.982 21002 21002 I HBD     : h load selected json info : {"version":"4.1","currentLanguageOrder":0,"selected":[{"activeOptionList":["auto_spacing"],"engName":"English(India)","id":65555,"inputType":"qwerty","isUsed":true}]}
08-31 19:50:41.983   634  3050 I SurfaceFlinger: id=151991 createSurf (0x0),-1 flag=24004, Surface(name=4ce6435 InputMethod)/@0x855123b - animation-leash of insets_animation#0
08-31 19:50:41.983 21002 21002 I HBD     : a [UpdatePolicy] [post] a: 0 cl: 65555 kit: [0/0] vt: 0 ir: 1
08-31 19:50:41.984 21002 21002 I HBD     : HoneyBoardService [PF_OP][onStartInput]  6577654 ns
08-31 19:50:41.986 15119 15828 I ViewRootImpl@d86579e[lunchtray]: mWNT: t = android.view.SurfaceControl$Transaction@727bc76 fN = 3 android.view.SyncRtSurfaceTransactionApplier.applyTransaction:94 android.view.SyncRtSurfaceTransactionApplier.lambda$scheduleApply$0$SyncRtSurfaceTransactionApplier:71 android.view.SyncRtSurfaceTransactionApplier$$ExternalSyntheticLambda0.onFrameDraw:4
08-31 19:50:41.986 15119 15828 I ViewRootImpl@d86579e[lunchtray]: mWNT: merge t to BBQ
08-31 19:50:41.990 19225 19225 I ViewInteraction: Performing 'single click' action on view view.getId() is <2131231208/com.example.lunchtray:id/start_order_btn>
08-31 19:50:41.994 14809 15295 D InputDispatcher: Inject motion (19225): action=0x0, time=702396057000000, f=0x0, d=0
08-31 19:50:41.994 14809 14940 I InputDispatcher: Delivering touch to (15119): action: 0x4, f=0x0, d=0, 'a8b9824', t=0
08-31 19:50:41.994 14809 14940 I InputDispatcher: Delivering touch to (19225): action: 0x0, f=0x0, d=0, '5bbefe ', t=0 +(0,-56)
08-31 19:50:41.995 14809 16441 D InputMethodManagerServicePhysicalKey: isConnectedDexOnPC false
08-31 19:50:41.995 14809 14826 I GestureDetector: obtain mCurrentDownEvent. id: -758640978 caller: com.android.server.wm.SystemGesturesPointerEventListener.onPointerEvent:179 com.android.server.wm.PointerEventDispatcher.onInputEvent:71 android.view.InputEventReceiver.dispatchInputEvent:259
08-31 19:50:41.995 14809 14826 I GestureDetector: obtain mCurrentDownEvent. id: -758640978 caller: com.android.server.wm.SystemPerformancePointerEventListener.onPointerEvent:89 com.android.server.wm.PointerEventDispatcher.onInputEvent:71 android.view.InputEventReceiver.dispatchInputEvent:259
08-31 19:50:41.996 15577 15577 W TouchInteractionService: onInputEvent, inputConsumer = com.android.quickstep.-$$Lambda$InputConsumer$cayMJybMMyH-XvJ76yEWjWeqQUo@78d20fe
08-31 19:50:41.996 19225 19225 I ViewRootImpl@7d615a5[MainActivity]: ViewPostIme pointer 0
08-31 19:50:41.996 14809 16441 D InputMethodManagerService: isImeSwitcherDisabledPackage : false
08-31 19:50:42.001   634   634 I Layer   : id=151975 removeFromCurrentState Surface(name=4ce6435 InputMethod)/@0x855123b - animation-leash of insets_animation#1 (115)
08-31 19:50:42.001   634   634 I Layer   : id=151966 removeFromCurrentState com.sec.android.app.launcher/com.sec.android.app.launcher.activities.LauncherActivity$_7302#0 (115)
08-31 19:50:42.001   634   634 I Layer   : id=151967 removeFromCurrentState com.sec.android.app.launcher/com.sec.android.app.launcher.activities.LauncherActivity$_15577#0 (115)
08-31 19:50:42.001   634   634 I Layer   : id=151970 removeFromCurrentState OneUiHome-BlurLayer#0 (115)
08-31 19:50:42.001   634   634 I SurfaceFlinger: id=151966 Removed com.sec.android.app.launcher/com.sec.android.app.launcher.activities.LauncherActivity$_7302#0 (115)
08-31 19:50:42.001   634   634 I SurfaceFlinger: id=151975 Removed Surface(name=4ce6435 InputMethod)/@0x855123b - animation-leash of insets_animation#1 (115)
08-31 19:50:42.002   634   634 I Layer   : id=151966 Destroyed com.sec.android.app.launcher/com.sec.android.app.launcher.activities.LauncherActivity$_7302#0
08-31 19:50:42.002   634   634 I Layer   : id=151975 Destroyed Surface(name=4ce6435 InputMethod)/@0x855123b - animation-leash of insets_animation#1
08-31 19:50:42.002 15119 15827 I ViewRootImpl@d86579e[lunchtray]: mWNT: t = android.view.SurfaceControl$Transaction@9b6277 fN = 4 android.view.SyncRtSurfaceTransactionApplier.applyTransaction:94 android.view.SyncRtSurfaceTransactionApplier.lambda$scheduleApply$0$SyncRtSurfaceTransactionApplier:71 android.view.SyncRtSurfaceTransactionApplier$$ExternalSyntheticLambda0.onFrameDraw:4
08-31 19:50:42.002 15119 15827 I ViewRootImpl@d86579e[lunchtray]: mWNT: merge t to BBQ
08-31 19:50:42.014  9116  9116 I GsaVoiceInteractionSrv: Handling ACTION_STOP_HOTWORD
08-31 19:50:42.015  9116  9219 I HwDetectorWithState: (REDACTED) a: %d
08-31 19:50:42.018 15119 15309 D OpenGLRenderer: setSurface called with nullptr
08-31 19:50:42.018 15119 15309 D OpenGLRenderer: setSurface() destroyed EGLSurface
08-31 19:50:42.019 15119 15309 D OpenGLRenderer: destroyEglSurface
08-31 19:50:42.021 14809 15286 V WindowManager: Relayout Window{3ffb2b4 u0 Splash Screen com.example.lunchtray}: viewVisibility=8 req=1080x2408 d0
08-31 19:50:42.022   634  3050 I SurfaceFlinger: id=151992 createSurf (0x0),-1 flag=24000, Surface(name=3ffb2b4 Splash Screen com.example.lunchtray)/@0xce9b126 - animation-leash of window_animation#0
08-31 19:50:42.027 14809 15286 V WindowManager: Relayout hash=3ffb2b4, pid=15119: mAttrs={(0,0)(fillxfill) sim={adjust=pan} ty=APPLICATION_STARTING fmt=TRANSLUCENT wanim=0x1030001
08-31 19:50:42.027 14809 15286 V WindowManager:   fl=81030118
08-31 19:50:42.027 14809 15286 V WindowManager:   pfl=36000010
08-31 19:50:42.027 14809 15286 V WindowManager:   bhv=DEFAULT
08-31 19:50:42.027 14809 15286 V WindowManager:   fitSides= naviIconColor=0}
08-31 19:50:42.028   634   662 I SurfaceFlinger: id=151967 Removed com.sec.android.app.launcher/com.sec.android.app.launcher.activities.LauncherActivity$_15577#0 (114)
08-31 19:50:42.029 15119 15246 I ViewRootImpl@d86579e[lunchtray]: Relayout returned: old=(0,0,1080,2408) new=(0,0,1080,2408) req=(1080,2408)8 dur=7 res=0x5 s={false 0} ch=true fn=5
08-31 19:50:42.029 15119 15246 I ViewRootImpl@d86579e[lunchtray]: dispatchDetachedFromWindow
08-31 19:50:42.030 14809 15286 D InputTransport: Input channel destroyed: '3ffb2b4', fd=840
08-31 19:50:42.030 14809 15286 W InputManager-JNI: Input channel object '3ffb2b4 Splash Screen com.example.lunchtray (client)' was disposed without first being removed with the input manager!
08-31 19:50:42.030 14809 15286 D InputTransport: Input channel destroyed: '3ffb2b4', fd=846
08-31 19:50:42.033 15119 15246 D InputTransport: Input channel destroyed: '3ffb2b4', fd=311
08-31 19:50:42.034   634   634 I Layer   : id=151990 removeFromCurrentState Surface(name=5bbefe com.example.lunchtray/com.example.lunchtray.MainActivity)/@0x92da22d - animation-leash of starting_reveal#0 (114)
08-31 19:50:42.035 14809 15286 D InputDispatcher: Inject motion (19225): action=0x1, time=702396099000000, f=0x0, d=0
08-31 19:50:42.035   634   634 I Layer   : id=151967 Destroyed com.sec.android.app.launcher/com.sec.android.app.launcher.activities.LauncherActivity$_15577#0
08-31 19:50:42.035   634   634 I Layer   : id=151970 Destroyed OneUiHome-BlurLayer#0
08-31 19:50:42.037 14809 14940 I InputDispatcher: Delivering touch to (19225): action: 0x1, f=0x0, d=0, '5bbefe ', t=1 +(0,-2)
08-31 19:50:42.038 19225 19225 I ViewRootImpl@7d615a5[MainActivity]: ViewPostIme pointer 1
08-31 19:50:42.039 15577 15577 W TouchInteractionService: reset
08-31 19:50:42.040 14809 14826 I GestureDetector: obtain mCurrentMotionEventRaw. action: 1 id: -162272398
08-31 19:50:42.040 14809 14826 I GestureDetector: obtain mCurrentMotionEventRaw. action: 1 id: -162272398
08-31 19:50:42.048 14809 15341 I SLocation: RequestSamsungPosition - connect To Secphone service
08-31 19:50:42.056 14809 15341 D SLocation: SPManager - requestUpdate - SP
08-31 19:50:42.060 14809 14809 D SLocation: RequestSamsungPosition - onServiceConnected()
08-31 19:50:42.060 14809 14809 I SLocation: RequestSamsungPosition - inside invokeOemRilRequestRaw, send msg to CP through ril for SP.
08-31 19:50:42.065 19225 19225 D ScrollView: initGoToTop
08-31 19:50:42.072 14809 15341 D SLocation: SPManager - invalid SP Location!
08-31 19:50:42.072 14809 15341 D SLocation: DetectMovementSPListener - receive SP timeout!
08-31 19:50:42.072 14809 15341 D SLocation: SPManager - removeUpdate - SP
08-31 19:50:42.072 14809 15341 D SLocation: RequestSamsungPosition - unbindService SecPhoneServiceConnection.
08-31 19:50:42.100   634   634 I Layer   : id=151980 removeFromCurrentState Splash Screen com.example.lunchtray$_15119#0 (112)
08-31 19:50:42.100   634   634 I Layer   : id=151979 removeFromCurrentState 3ffb2b4 Splash Screen com.example.lunchtray#0 (112)
08-31 19:50:42.101   634   634 I Layer   : id=151992 removeFromCurrentState Surface(name=3ffb2b4 Splash Screen com.example.lunchtray)/@0xce9b126 - animation-leash of window_animation#0 (112)
08-31 19:50:42.101   634   634 I SurfaceFlinger: id=151979 Removed 3ffb2b4 Splash Screen com.example.lunchtray#0 (112)
08-31 19:50:42.101   634   634 I SurfaceFlinger: id=151980 Removed Splash Screen com.example.lunchtray$_15119#0 (112)
08-31 19:50:42.101   634   634 I SurfaceFlinger: id=151992 Removed Surface(name=3ffb2b4 Splash Screen com.example.lunchtray)/@0xce9b126 - animation-leash of window_animation#0 (112)
08-31 19:50:42.101   634   634 I Layer   : id=151992 Destroyed Surface(name=3ffb2b4 Splash Screen com.example.lunchtray)/@0xce9b126 - animation-leash of window_animation#0
08-31 19:50:42.101   634   634 I Layer   : id=151979 Destroyed 3ffb2b4 Splash Screen com.example.lunchtray#0
08-31 19:50:42.104   634   634 I Layer   : id=151980 Destroyed Splash Screen com.example.lunchtray$_15119#0
08-31 19:50:42.108   634   634 D SurfaceFlinger: Display 4633128508267670401 HWC layers:
08-31 19:50:42.108   634   634 D SurfaceFlinger:      DEVICE | 0xeb9b8600 | 0102 | RGBA_8888    |    0.0    0.0 1080.0 2408.0 |    0    0 1080 2408 | com.example.lunchtray/com.example.lunchtray.MainActivity$_19225#0
08-31 19:50:42.108   634   634 D SurfaceFlinger:      DEVICE | 0xebe30c80 | 0100 | RGBA_8888    |    0.0    0.0 1080.0   66.0 |    0    0 1080   66 | StatusBar$_15119#0
08-31 19:50:42.108   634   634 D SurfaceFlinger:      CLIENT | 0xec277300 | 0100 | RGBA_8888    |    0.0    0.0  388.0   42.0 |  692 2366 1080 2408 | SGestureOverlayWindow$_15577#0
08-31 19:50:42.108   634   634 D SurfaceFlinger:      CLIENT | 0xec97b100 | 0100 | RGBA_8888    |    0.0    0.0 1080.0  135.0 |    0 2273 1080 2408 | NavigationBar0$_15119#0
08-31 19:50:42.108   634   634 D SurfaceFlinger:      DEVICE | 0xec278980 | 0108 | RGBA_8888    |    0.0    0.0 1080.0 2408.0 |    0    0 1080 2408 | BlueLightFilter$_15119#0
08-31 19:50:42.108   634   634 D SurfaceFlinger:
08-31 19:50:42.178 14809 16644 V WindowManager: Relayout Window{5bbefe u0 com.example.lunchtray/com.example.lunchtray.MainActivity}: viewVisibility=0 req=1080x2408 d0
08-31 19:50:42.181 14809 16644 V WindowManager: Relayout hash=5bbefe, pid=19225: mAttrs={(0,0)(fillxfill) sim={adjust=resize} ty=BASE_APPLICATION wanim=0x1030303
08-31 19:50:42.181 14809 16644 V WindowManager:   fl=81810100
08-31 19:50:42.181 14809 16644 V WindowManager:   pfl=12020040
08-31 19:50:42.181 14809 16644 V WindowManager:   bhv=DEFAULT
08-31 19:50:42.181 14809 16644 V WindowManager:   fitSides= naviIconColor=0}
08-31 19:50:42.185 19225 19225 I ViewRootImpl@7d615a5[MainActivity]: Relayout returned: old=(0,0,1080,2408) new=(0,0,1080,2408) req=(1080,2408)0 dur=7 res=0x1 s={true 4004536320} ch=false fn=15
08-31 19:50:42.188 19225 19225 D ScrollView:  onsize change changed
08-31 19:50:42.295 14809 14809 I GestureDetector: handleMessage TAP
08-31 19:50:42.296 14809 14826 I GestureDetector: handleMessage TAP
08-31 19:50:42.398 14617 19456 I HYPER-HAL: [RequestManager.cpp]releaseLocked(): Released ID : 109868090
08-31 19:50:42.434 19225 19225 I ViewInteraction: Performing 'single click' action on view view.getId() is <2131230844/com.example.lunchtray:id/cauliflower>
08-31 19:50:42.437 14809 15286 D InputDispatcher: Inject motion (19225): action=0x0, time=702396501000000, f=0x0, d=0
08-31 19:50:42.437 14809 14940 I InputDispatcher: Delivering touch to (15119): action: 0x4, f=0x0, d=0, 'a8b9824', t=0
08-31 19:50:42.437 14809 14940 I InputDispatcher: Delivering touch to (19225): action: 0x0, f=0x0, d=0, '5bbefe ', t=0
08-31 19:50:42.438 15577 15577 W TouchInteractionService: onInputEvent, inputConsumer = com.android.quickstep.-$$Lambda$InputConsumer$cayMJybMMyH-XvJ76yEWjWeqQUo@78d20fe
08-31 19:50:42.438 14809 14826 I GestureDetector: obtain mCurrentDownEvent. id: -405457425 caller: com.android.server.wm.SystemGesturesPointerEventListener.onPointerEvent:179 com.android.server.wm.PointerEventDispatcher.onInputEvent:71 android.view.InputEventReceiver.dispatchInputEvent:259
08-31 19:50:42.438 19225 19225 I ViewRootImpl@7d615a5[MainActivity]: ViewPostIme pointer 0
08-31 19:50:42.438 14809 14826 I GestureDetector: obtain mCurrentDownEvent. id: -405457425 caller: com.android.server.wm.SystemPerformancePointerEventListener.onPointerEvent:89 com.android.server.wm.PointerEventDispatcher.onInputEvent:71 android.view.InputEventReceiver.dispatchInputEvent:259
08-31 19:50:42.479 14809 15286 D InputDispatcher: Inject motion (19225): action=0x1, time=702396543000000, f=0x0, d=0
08-31 19:50:42.480 14809 14940 I InputDispatcher: Delivering touch to (19225): action: 0x1, f=0x0, d=0, '5bbefe ', t=1
08-31 19:50:42.480 19225 19225 I ViewRootImpl@7d615a5[MainActivity]: ViewPostIme pointer 1
08-31 19:50:42.480 15577 15577 W TouchInteractionService: reset
08-31 19:50:42.480 14809 14826 I GestureDetector: obtain mCurrentMotionEventRaw. action: 1 id: -49063951
08-31 19:50:42.480 14809 14826 I GestureDetector: obtain mCurrentMotionEventRaw. action: 1 id: -49063951
08-31 19:50:42.706 14701 15029 I bauth_FPBAuthService: pcf : 0x1012, 0 ,2 ,0 ,0 ,0 ,2, 0.0.0.0
08-31 19:50:42.706 14701 15029 I bauth_FPBAuthService: thread id : 2, preenroll_flag : 0, nd cnt : 1, cso : 3, et : 0
08-31 19:50:42.706 14701 15029 I bauth_FPBAuthService: FPBAuthService, 11756
08-31 19:50:42.737 19225 19225 I ViewInteraction: Performing 'single click' action on view view.getId() is <2131231081/com.example.lunchtray:id/next_button>
08-31 19:50:42.738 14809 14826 I GestureDetector: handleMessage TAP
08-31 19:50:42.739 14809 14809 I GestureDetector: handleMessage TAP
08-31 19:50:42.741 14809 15286 D InputDispatcher: Inject motion (19225): action=0x0, time=702396805000000, f=0x0, d=0
08-31 19:50:42.741 14809 14940 I InputDispatcher: Delivering touch to (15119): action: 0x4, f=0x0, d=0, 'a8b9824', t=0
08-31 19:50:42.741 14809 14940 I InputDispatcher: Delivering touch to (19225): action: 0x0, f=0x0, d=0, '5bbefe ', t=0
08-31 19:50:42.742 19225 19225 I ViewRootImpl@7d615a5[MainActivity]: ViewPostIme pointer 0
08-31 19:50:42.743 15577 15577 W TouchInteractionService: onInputEvent, inputConsumer = com.android.quickstep.-$$Lambda$InputConsumer$cayMJybMMyH-XvJ76yEWjWeqQUo@78d20fe
08-31 19:50:42.743 14809 14826 I GestureDetector: obtain mCurrentDownEvent. id: -447265280 caller: com.android.server.wm.SystemGesturesPointerEventListener.onPointerEvent:179 com.android.server.wm.PointerEventDispatcher.onInputEvent:71 android.view.InputEventReceiver.dispatchInputEvent:259
08-31 19:50:42.743 14809 14826 I GestureDetector: obtain mCurrentDownEvent. id: -447265280 caller: com.android.server.wm.SystemPerformancePointerEventListener.onPointerEvent:89 com.android.server.wm.PointerEventDispatcher.onInputEvent:71 android.view.InputEventReceiver.dispatchInputEvent:259
08-31 19:50:42.782 14809 15286 D InputDispatcher: Inject motion (19225): action=0x1, time=702396847000000, f=0x0, d=0
08-31 19:50:42.783 14809 14940 I InputDispatcher: Delivering touch to (19225): action: 0x1, f=0x0, d=0, '5bbefe ', t=1
08-31 19:50:42.783 15577 15577 W TouchInteractionService: reset
08-31 19:50:42.783 19225 19225 I ViewRootImpl@7d615a5[MainActivity]: ViewPostIme pointer 1
08-31 19:50:42.783 14809 14826 I GestureDetector: obtain mCurrentMotionEventRaw. action: 1 id: -922945472
08-31 19:50:42.784 14809 14826 I GestureDetector: obtain mCurrentMotionEventRaw. action: 1 id: -922945472
08-31 19:50:42.817 19225 19225 D ScrollView: initGoToTop
08-31 19:50:42.915 19225 19225 D ScrollView:  onsize change changed
08-31 19:50:42.959 14617 19432 I HYPER-HAL: [RequestManager.cpp]releaseLocked(): Released ID : 138419856
08-31 19:50:43.043 14809 14826 I GestureDetector: handleMessage TAP
08-31 19:50:43.043 14809 14809 I GestureDetector: handleMessage TAP
08-31 19:50:43.161 19225 19225 I ViewInteraction: Performing 'single click' action on view view.getId() is <2131231138/com.example.lunchtray:id/salad>
08-31 19:50:43.164 14809 15286 D InputDispatcher: Inject motion (19225): action=0x0, time=702397228000000, f=0x0, d=0
08-31 19:50:43.165 14809 14940 I InputDispatcher: Delivering touch to (15119): action: 0x4, f=0x0, d=0, 'a8b9824', t=0
08-31 19:50:43.165 14809 14940 I InputDispatcher: Delivering touch to (19225): action: 0x0, f=0x0, d=0, '5bbefe ', t=0
08-31 19:50:43.165 15577 15577 W TouchInteractionService: onInputEvent, inputConsumer = com.android.quickstep.-$$Lambda$InputConsumer$cayMJybMMyH-XvJ76yEWjWeqQUo@78d20fe
08-31 19:50:43.165 14809 14826 I GestureDetector: obtain mCurrentDownEvent. id: -111898378 caller: com.android.server.wm.SystemGesturesPointerEventListener.onPointerEvent:179 com.android.server.wm.PointerEventDispatcher.onInputEvent:71 android.view.InputEventReceiver.dispatchInputEvent:259
08-31 19:50:43.166 19225 19225 I ViewRootImpl@7d615a5[MainActivity]: ViewPostIme pointer 0
08-31 19:50:43.166 14809 14826 I GestureDetector: obtain mCurrentDownEvent. id: -111898378 caller: com.android.server.wm.SystemPerformancePointerEventListener.onPointerEvent:89 com.android.server.wm.PointerEventDispatcher.onInputEvent:71 android.view.InputEventReceiver.dispatchInputEvent:259
08-31 19:50:43.204 14809 15286 D InputDispatcher: Inject motion (19225): action=0x1, time=702397268000000, f=0x0, d=0
08-31 19:50:43.204 14809 14940 I InputDispatcher: Delivering touch to (19225): action: 0x1, f=0x0, d=0, '5bbefe ', t=1
08-31 19:50:43.204 15577 15577 W TouchInteractionService: reset
08-31 19:50:43.204 14809 14826 I GestureDetector: obtain mCurrentMotionEventRaw. action: 1 id: -1052271886
08-31 19:50:43.205 14809 14826 I GestureDetector: obtain mCurrentMotionEventRaw. action: 1 id: -1052271886
08-31 19:50:43.205 19225 19225 I ViewRootImpl@7d615a5[MainActivity]: ViewPostIme pointer 1
08-31 19:50:43.465 14809 14826 I GestureDetector: handleMessage TAP
08-31 19:50:43.466 14809 14809 I GestureDetector: handleMessage TAP
08-31 19:50:43.469 19225 19225 I ViewInteraction: Performing 'single click' action on view view.getId() is <2131231081/com.example.lunchtray:id/next_button>
08-31 19:50:43.472 14809 15283 D InputDispatcher: Inject motion (19225): action=0x0, time=702397536000000, f=0x0, d=0
08-31 19:50:43.472 14809 14940 I InputDispatcher: Delivering touch to (15119): action: 0x4, f=0x0, d=0, 'a8b9824', t=0
08-31 19:50:43.472 14809 14940 I InputDispatcher: Delivering touch to (19225): action: 0x0, f=0x0, d=0, '5bbefe ', t=0
08-31 19:50:43.473 15577 15577 W TouchInteractionService: onInputEvent, inputConsumer = com.android.quickstep.-$$Lambda$InputConsumer$cayMJybMMyH-XvJ76yEWjWeqQUo@78d20fe
08-31 19:50:43.473 14809 14826 I GestureDetector: obtain mCurrentDownEvent. id: -1057645575 caller: com.android.server.wm.SystemGesturesPointerEventListener.onPointerEvent:179 com.android.server.wm.PointerEventDispatcher.onInputEvent:71 android.view.InputEventReceiver.dispatchInputEvent:259
08-31 19:50:43.473 19225 19225 I ViewRootImpl@7d615a5[MainActivity]: ViewPostIme pointer 0
08-31 19:50:43.473 14809 14826 I GestureDetector: obtain mCurrentDownEvent. id: -1057645575 caller: com.android.server.wm.SystemPerformancePointerEventListener.onPointerEvent:89 com.android.server.wm.PointerEventDispatcher.onInputEvent:71 android.view.InputEventReceiver.dispatchInputEvent:259
08-31 19:50:43.513 14809 15283 D InputDispatcher: Inject motion (19225): action=0x1, time=702397578000000, f=0x0, d=0
08-31 19:50:43.514 14809 14940 I InputDispatcher: Delivering touch to (19225): action: 0x1, f=0x0, d=0, '5bbefe ', t=1
08-31 19:50:43.514 15577 15577 W TouchInteractionService: reset
08-31 19:50:43.514 19225 19225 I ViewRootImpl@7d615a5[MainActivity]: ViewPostIme pointer 1
08-31 19:50:43.515 14809 14826 I GestureDetector: obtain mCurrentMotionEventRaw. action: 1 id: -45653607
08-31 19:50:43.515 14809 14826 I GestureDetector: obtain mCurrentMotionEventRaw. action: 1 id: -45653607
08-31 19:50:43.541 19225 19225 D ScrollView: initGoToTop
08-31 19:50:43.618 19225 19225 D ScrollView:  onsize change changed
08-31 19:50:43.706 14701 15029 I bauth_FPBAuthService: pcf : 0x1012, 0 ,2 ,0 ,0 ,0 ,2, 0.0.0.0
08-31 19:50:43.706 14701 15029 I bauth_FPBAuthService: thread id : 2, preenroll_flag : 0, nd cnt : 1, cso : 3, et : 0
08-31 19:50:43.706 14701 15029 I bauth_FPBAuthService: FPBAuthService, 11756
08-31 19:50:43.745   575   612 D BatteryDump: wait_for_battery_event : occurred : change@/devices/platform/samsung_mobile_device/samsung_mobile_device:battery/power_supply/battery
08-31 19:50:43.748   575   575 I android.hardware.health@2.1-service-samsung: updateLrpSysfs: write: 360
08-31 19:50:43.773 14809 14826 I GestureDetector: handleMessage TAP
08-31 19:50:43.773 14809 14809 I GestureDetector: handleMessage TAP
08-31 19:50:43.853 19225 19225 I ViewInteraction: Performing 'single click' action on view view.getId() is <2131230835/com.example.lunchtray:id/bread>
08-31 19:50:43.856 14809 15283 D InputDispatcher: Inject motion (19225): action=0x0, time=702397920000000, f=0x0, d=0
08-31 19:50:43.856 14809 14940 I InputDispatcher: Delivering touch to (15119): action: 0x4, f=0x0, d=0, 'a8b9824', t=0
08-31 19:50:43.856 14809 14940 I InputDispatcher: Delivering touch to (19225): action: 0x0, f=0x0, d=0, '5bbefe ', t=0
08-31 19:50:43.857 15577 15577 W TouchInteractionService: onInputEvent, inputConsumer = com.android.quickstep.-$$Lambda$InputConsumer$cayMJybMMyH-XvJ76yEWjWeqQUo@78d20fe
08-31 19:50:43.857 19225 19225 I ViewRootImpl@7d615a5[MainActivity]: ViewPostIme pointer 0
08-31 19:50:43.857 14809 14826 I GestureDetector: obtain mCurrentDownEvent. id: -463744624 caller: com.android.server.wm.SystemGesturesPointerEventListener.onPointerEvent:179 com.android.server.wm.PointerEventDispatcher.onInputEvent:71 android.view.InputEventReceiver.dispatchInputEvent:259
08-31 19:50:43.858 14809 14826 I GestureDetector: obtain mCurrentDownEvent. id: -463744624 caller: com.android.server.wm.SystemPerformancePointerEventListener.onPointerEvent:89 com.android.server.wm.PointerEventDispatcher.onInputEvent:71 android.view.InputEventReceiver.dispatchInputEvent:259
08-31 19:50:43.898 14809 15283 D InputDispatcher: Inject motion (19225): action=0x1, time=702397962000000, f=0x0, d=0
08-31 19:50:43.898 14809 14940 I InputDispatcher: Delivering touch to (19225): action: 0x1, f=0x0, d=0, '5bbefe ', t=1
08-31 19:50:43.899 19225 19225 I ViewRootImpl@7d615a5[MainActivity]: ViewPostIme pointer 1
08-31 19:50:43.899 14809 14826 I GestureDetector: obtain mCurrentMotionEventRaw. action: 1 id: -356635154
08-31 19:50:43.899 15577 15577 W TouchInteractionService: reset
08-31 19:50:43.899 14809 14826 I GestureDetector: obtain mCurrentMotionEventRaw. action: 1 id: -356635154
08-31 19:50:44.157 14809 14809 I GestureDetector: handleMessage TAP
08-31 19:50:44.158 14809 14826 I GestureDetector: handleMessage TAP
08-31 19:50:44.167 19225 19225 I ViewInteraction: Performing 'single click' action on view view.getId() is <2131231081/com.example.lunchtray:id/next_button>
08-31 19:50:44.170 14809 15283 D InputDispatcher: Inject motion (19225): action=0x0, time=702398234000000, f=0x0, d=0
08-31 19:50:44.171 14809 14940 I InputDispatcher: Delivering touch to (15119): action: 0x4, f=0x0, d=0, 'a8b9824', t=0
08-31 19:50:44.171 14809 14940 I InputDispatcher: Delivering touch to (19225): action: 0x0, f=0x0, d=0, '5bbefe ', t=0
08-31 19:50:44.172 19225 19225 I ViewRootImpl@7d615a5[MainActivity]: ViewPostIme pointer 0
08-31 19:50:44.172 14809 14826 I GestureDetector: obtain mCurrentDownEvent. id: -779421796 caller: com.android.server.wm.SystemGesturesPointerEventListener.onPointerEvent:179 com.android.server.wm.PointerEventDispatcher.onInputEvent:71 android.view.InputEventReceiver.dispatchInputEvent:259
08-31 19:50:44.172 15577 15577 W TouchInteractionService: onInputEvent, inputConsumer = com.android.quickstep.-$$Lambda$InputConsumer$cayMJybMMyH-XvJ76yEWjWeqQUo@78d20fe
08-31 19:50:44.172 14809 14826 I GestureDetector: obtain mCurrentDownEvent. id: -779421796 caller: com.android.server.wm.SystemPerformancePointerEventListener.onPointerEvent:89 com.android.server.wm.PointerEventDispatcher.onInputEvent:71 android.view.InputEventReceiver.dispatchInputEvent:259
08-31 19:50:44.210 14809 15283 D InputDispatcher: Inject motion (19225): action=0x1, time=702398274000000, f=0x0, d=0
08-31 19:50:44.210 14809 14940 I InputDispatcher: Delivering touch to (19225): action: 0x1, f=0x0, d=0, '5bbefe ', t=1
08-31 19:50:44.211 15577 15577 W TouchInteractionService: reset
08-31 19:50:44.211 14809 14826 I GestureDetector: obtain mCurrentMotionEventRaw. action: 1 id: -64942728
08-31 19:50:44.211 19225 19225 I ViewRootImpl@7d615a5[MainActivity]: ViewPostIme pointer 1
08-31 19:50:44.211 14809 14826 I GestureDetector: obtain mCurrentMotionEventRaw. action: 1 id: -64942728
08-31 19:50:44.238 19225 19225 D ScrollView: initGoToTop
08-31 19:50:44.306 19225 19225 D ScrollView:  onsize change changed
08-31 19:50:44.471 14809 14826 I GestureDetector: handleMessage TAP
08-31 19:50:44.472 14809 14809 I GestureDetector: handleMessage TAP
08-31 19:50:44.476 14617 19438 I HYPER-HAL: [RequestManager.cpp]releaseLocked(): Released ID : 109853266
08-31 19:50:44.544 19225 19225 I ViewInteraction: Performing 'single click' action on view view.getId() is <2131230842/com.example.lunchtray:id/cancel_button>
08-31 19:50:44.548 14809 15283 D InputDispatcher: Inject motion (19225): action=0x0, time=702398611000000, f=0x0, d=0
08-31 19:50:44.549 14809 14940 I InputDispatcher: Delivering touch to (15119): action: 0x4, f=0x0, d=0, 'a8b9824', t=0
08-31 19:50:44.550 14809 14940 I InputDispatcher: Delivering touch to (19225): action: 0x0, f=0x0, d=0, '5bbefe ', t=0
08-31 19:50:44.550 19225 19225 I ViewRootImpl@7d615a5[MainActivity]: ViewPostIme pointer 0
08-31 19:50:44.552 14809 14826 I GestureDetector: obtain mCurrentDownEvent. id: -139248232 caller: com.android.server.wm.SystemGesturesPointerEventListener.onPointerEvent:179 com.android.server.wm.PointerEventDispatcher.onInputEvent:71 android.view.InputEventReceiver.dispatchInputEvent:259
08-31 19:50:44.553 15577 15577 W TouchInteractionService: onInputEvent, inputConsumer = com.android.quickstep.-$$Lambda$InputConsumer$cayMJybMMyH-XvJ76yEWjWeqQUo@78d20fe
08-31 19:50:44.556 14809 14826 I GestureDetector: obtain mCurrentDownEvent. id: -139248232 caller: com.android.server.wm.SystemPerformancePointerEventListener.onPointerEvent:89 com.android.server.wm.PointerEventDispatcher.onInputEvent:71 android.view.InputEventReceiver.dispatchInputEvent:259
08-31 19:50:44.588 14809 16644 D InputDispatcher: Inject motion (19225): action=0x1, time=702398651000000, f=0x0, d=0
08-31 19:50:44.589 14809 14940 I InputDispatcher: Delivering touch to (19225): action: 0x1, f=0x0, d=0, '5bbefe ', t=1
08-31 19:50:44.591 19225 19225 I ViewRootImpl@7d615a5[MainActivity]: ViewPostIme pointer 1
08-31 19:50:44.591 14809 14826 I GestureDetector: obtain mCurrentMotionEventRaw. action: 1 id: -708951739
08-31 19:50:44.592 14809 14826 I GestureDetector: obtain mCurrentMotionEventRaw. action: 1 id: -708951739
08-31 19:50:44.593 15577 15577 W TouchInteractionService: reset
08-31 19:50:44.673 14809 16644 V WindowManager: Relayout Window{5bbefe u0 com.example.lunchtray/com.example.lunchtray.MainActivity}: viewVisibility=0 req=1080x2408 d0
08-31 19:50:44.678 14809 16644 V WindowManager: Relayout hash=5bbefe, pid=19225: mAttrs={(0,0)(fillxfill) sim={adjust=pan} ty=BASE_APPLICATION wanim=0x1030303
08-31 19:50:44.678 14809 16644 V WindowManager:   fl=81810100
08-31 19:50:44.678 14809 16644 V WindowManager:   pfl=12020040
08-31 19:50:44.678 14809 16644 V WindowManager:   bhv=DEFAULT
08-31 19:50:44.678 14809 16644 V WindowManager:   fitSides= naviIconColor=0}
08-31 19:50:44.684 19225 19225 I ViewRootImpl@7d615a5[MainActivity]: Relayout returned: old=(0,0,1080,2408) new=(0,0,1080,2408) req=(1080,2408)0 dur=12 res=0x1 s={true 4004536320} ch=false fn=100
08-31 19:50:44.706 14701 15029 I bauth_FPBAuthService: pcf : 0x1012, 0 ,2 ,0 ,0 ,0 ,2, 0.0.0.0
08-31 19:50:44.706 14701 15029 I bauth_FPBAuthService: thread id : 2, preenroll_flag : 0, nd cnt : 1, cso : 3, et : 0
08-31 19:50:44.706 14701 15029 I bauth_FPBAuthService: FPBAuthService, 11756
08-31 19:50:44.853 14809 14826 I GestureDetector: handleMessage TAP
08-31 19:50:44.855 14809 14809 I GestureDetector: handleMessage TAP
08-31 19:50:44.919 19225 19225 I ViewInteraction: Performing 'single click' action on view view.getId() is <2131231208/com.example.lunchtray:id/start_order_btn>
08-31 19:50:44.925 14809 16644 D InputDispatcher: Inject motion (19225): action=0x0, time=702398989000000, f=0x0, d=0
08-31 19:50:44.926 14809 14940 I InputDispatcher: Delivering touch to (15119): action: 0x4, f=0x0, d=0, 'a8b9824', t=0
08-31 19:50:44.926 14809 14940 I InputDispatcher: Delivering touch to (19225): action: 0x0, f=0x0, d=0, '5bbefe ', t=0
08-31 19:50:44.928 19225 19225 I ViewRootImpl@7d615a5[MainActivity]: ViewPostIme pointer 0
08-31 19:50:44.928 15577 15577 W TouchInteractionService: onInputEvent, inputConsumer = com.android.quickstep.-$$Lambda$InputConsumer$cayMJybMMyH-XvJ76yEWjWeqQUo@78d20fe
08-31 19:50:44.930 14809 14826 I GestureDetector: obtain mCurrentDownEvent. id: -569547109 caller: com.android.server.wm.SystemGesturesPointerEventListener.onPointerEvent:179 com.android.server.wm.PointerEventDispatcher.onInputEvent:71 android.view.InputEventReceiver.dispatchInputEvent:259
08-31 19:50:44.932 14809 14826 I GestureDetector: obtain mCurrentDownEvent. id: -569547109 caller: com.android.server.wm.SystemPerformancePointerEventListener.onPointerEvent:89 com.android.server.wm.PointerEventDispatcher.onInputEvent:71 android.view.InputEventReceiver.dispatchInputEvent:259
08-31 19:50:44.969 14809 16644 D InputDispatcher: Inject motion (19225): action=0x1, time=702399033000000, f=0x0, d=0
08-31 19:50:44.970 14809 14940 I InputDispatcher: Delivering touch to (19225): action: 0x1, f=0x0, d=0, '5bbefe ', t=1
08-31 19:50:44.972 19225 19225 I ViewRootImpl@7d615a5[MainActivity]: ViewPostIme pointer 1
08-31 19:50:44.972 15577 15577 W TouchInteractionService: reset
08-31 19:50:44.974 14809 14826 I GestureDetector: obtain mCurrentMotionEventRaw. action: 1 id: -618978196
08-31 19:50:44.975 14809 14826 I GestureDetector: obtain mCurrentMotionEventRaw. action: 1 id: -618978196
08-31 19:50:44.996 19225 19225 D ScrollView: initGoToTop
08-31 19:50:45.104 14809 16644 V WindowManager: Relayout Window{5bbefe u0 com.example.lunchtray/com.example.lunchtray.MainActivity}: viewVisibility=0 req=1080x2408 d0
08-31 19:50:45.107 14809 16644 V WindowManager: Relayout hash=5bbefe, pid=19225: mAttrs={(0,0)(fillxfill) sim={adjust=resize} ty=BASE_APPLICATION wanim=0x1030303
08-31 19:50:45.107 14809 16644 V WindowManager:   fl=81810100
08-31 19:50:45.107 14809 16644 V WindowManager:   pfl=12020040
08-31 19:50:45.107 14809 16644 V WindowManager:   bhv=DEFAULT
08-31 19:50:45.107 14809 16644 V WindowManager:   fitSides= naviIconColor=0}
08-31 19:50:45.111 19225 19225 I ViewRootImpl@7d615a5[MainActivity]: Relayout returned: old=(0,0,1080,2408) new=(0,0,1080,2408) req=(1080,2408)0 dur=7 res=0x1 s={true 4004536320} ch=false fn=112
08-31 19:50:45.113 19225 19225 D ScrollView:  onsize change changed
08-31 19:50:45.231 14809 14826 I GestureDetector: handleMessage TAP
08-31 19:50:45.232 14809 14809 I GestureDetector: handleMessage TAP
08-31 19:50:45.401 19225 19225 I ViewInteraction: Checking 'MatchesViewAssertion{viewMatcher=(view has effective visibility <VISIBLE> and view.getGlobalVisibleRect() to return non-empty rectangle)}' assertion on view an instance of android.widget.TextView and view.getText() with or without transformation to match: is "Subtotal: $0.00"
08-31 19:50:45.402 19225 19225 E ViewAssertions: '(view has effective visibility <VISIBLE> and view.getGlobalVisibleRect() to return non-empty rectangle)' check could not be performed because view 'an instance of android.widget.TextView and view.getText() with or without transformation to match: is "Subtotal: $0.00"' was not found.
08-31 19:50:45.406 19225 19284 E TestRunner: failed: order_reset_after_cancel_from_checkout(com.example.lunchtray.OrderFunctionalityTests)
08-31 19:50:45.406 19225 19284 E TestRunner: ----- begin exception -----
08-31 19:50:45.409 19225 19284 E TestRunner: androidx.test.espresso.NoMatchingViewException: No views in hierarchy found matching: an instance of android.widget.TextView and view.getText() with or without transformation to match: is "Subtotal: $0.00"
08-31 19:50:45.409 19225 19284 E TestRunner:
08-31 19:50:45.409 19225 19284 E TestRunner: View Hierarchy:
08-31 19:50:45.409 19225 19284 E TestRunner: +>DecorView{id=-1, visibility=VISIBLE, width=1080, height=2408, has-focus=false, has-focusable=true, has-window-focus=true, is-clickable=false, is-enabled=true, is-focused=false, is-focusable=false, is-layout-requested=false, is-selected=false, layout-params={(0,0)(fillxfill) ty=BASE_APPLICATION wanim=0x1030303
08-31 19:50:45.409 19225 19284 E TestRunner:   fl=81810100
08-31 19:50:45.409 19225 19284 E TestRunner:   pfl=10020040
08-31 19:50:45.409 19225 19284 E TestRunner:   bhv=DEFAULT
08-31 19:50:45.409 19225 19284 E TestRunner:   fitSides= naviIconColor=0}, tag=null, root-is-layout-requested=false, has-input-connection=false, x=0.0, y=0.0, child-count=3}
08-31 19:50:45.409 19225 19284 E TestRunner: |
08-31 19:50:45.409 19225 19284 E TestRunner: +->LinearLayout{id=-1, visibility=VISIBLE, width=1080, height=2366, has-focus=false, has-focusable=true, has-window-focus=true, is-clickable=false, is-enabled=true, is-focused=false, is-focusable=false, is-layout-requested=false, is-selected=false, layout-params=android.widget.FrameLayout$LayoutParams@7767e47, tag=null, root-is-layout-requested=false, has-input-connection=false, x=0.0, y=0.0, child-count=2}
08-31 19:50:45.409 19225 19284 E TestRunner: |
08-31 19:50:45.409 19225 19284 E TestRunner: +-->ViewStub{id=16908722, res-name=action_mode_bar_stub, visibility=GONE, width=0, height=0, has-focus=false, has-focusable=false, has-window-focus=true, is-clickable=false, is-enabled=true, is-focused=false, is-focusable=false, is-layout-requested=true, is-selected=false, layout-params=android.widget.LinearLayout$LayoutParams@9d79674, tag=null, root-is-layout-requested=false, has-input-connection=false, x=0.0, y=0.0}
08-31 19:50:45.409 19225 19284 E TestRunner: |
08-31 19:50:45.409 19225 19284 E TestRunner: +-->FrameLayout{id=-1, visibility=VISIBLE, width=1080, height=2300, has-focus=false, has-focusable=true, has-window-focus=true, is-clickable=false, is-enabled=true, is-focused=false, is-focusable=false, is-layout-requested=false, is-selected=false, layout-params=android.widget.LinearLayout$LayoutParams@b329412, tag=null, root-is-layout-requested=false, has-input-connection=false, x=0.0, y=66.0, child-count=1}
08-31 19:50:45.409 19225 19284 E TestRunner: |
08-31 19:50:45.409 19225 19284 E TestRunner: +--->ActionBarOverlayLayout{id=2131230893, res-name=decor_content_parent, visibility=VISIBLE, width=1080, height=2300, has-focus=false, has-focusable=true, has-window-focus=true, is-clickable=false, is-enabled=true, is-focused=false, is-focusable=false, is-layout-requested=false, is-selected=false, layout-params=android.widget.FrameLayout$LayoutParams@34e1099, tag=null, root-is-layout-requested=false, has-input-connection=false, x=0.0, y=0.0, child-count=2}
08-31 19:50:45.409 19225 19284 E TestRunner: |
08-31 19:50:45.409 19225 19284 E TestRunner: +---->ContentFrameLayout{id=16908290, res-name=content, visibility=VISIBLE, width=1080, height=2142, has-focus=false, has-focusable=true, has-window-focus=true, is-clickable=false, is-enabled=true, is-focused=false, is-focusable=false, is-layout-requested=false, is-selected=false, layout-params=androidx.appcompat.widget.ActionBarOverlayLayout$LayoutParams@7aeef3f, tag=null, root-is-layout-requested=false, has-input-connection=false, x=0.0, y=158.0, child-count=1}
08-31 19:50:45.409 19225 19284 E TestRunner: |
08-31 19:50:45.409 19225 19284 E TestRunner: +----->ConstraintLayout{id=2131230877, res-name=container, visibility=VISIBLE, width=1080, height=2142, has-focus=false, has-focusable=true, has-window-focus=true, is-clickable=false, is-enabled=true, is-focused=false, is-focusable=false, is-layout-requested=false, is-selected=false, layout-params=android.widget.FrameLayout$LayoutParams@a661d55, tag=null, root-is-layout-requested=false, has-input-connection=false, x=0.0, y=0.0, child-count=1}
08-31 19:50:45.409 19225 19284 E TestRunner: |
08-31 19:50:45.409 19225 19284 E TestRunner: +------>FragmentContainerView{id=2131231069, res-name=nav_host_fragment, visibility=VISIBLE, width=1080, height=2142, has-focus=false, has-focusable=true, has-window-focus=true, is-clickable=false, is-enabled=true, is-focused=false, is-focusable=false, is-layout-requested=false, is-selected=false, layout-params=androidx.constraintlayout.widget.ConstraintLayout$LayoutParams@f2d405b, tag=null, root-is-layout-requested=false, has-input-connection=false, x=0.0, y=0.0, child-count=1}
08-31 19:50:45.409 19225 19284 E TestRunner: |
08-31 19:50:45.409 19225 19284 E TestRunner: +------->FragmentContainerView{id=2131231069, res-name=nav_host_fragment, visibility=VISIBLE, width=1080, height=2142, has-focus=false, has-focusable=true, has-window-focus=true, is-clickable=false, is-enabled=true, is-focused=false, is-focusable=false, is-layout-requested=false, is-selected=false, layout-params=android.widget.FrameLayout$LayoutParams@5b839d1, tag=null, root-is-layout-requested=false, has-input-connection=false, x=0.0, y=0.0, child-count=1}
08-31 19:50:45.409 19225 19284 E TestRunner: |
08-31 19:50:45.409 19225 19284 E TestRunner: +-------->ScrollView{id=-1, visibility=VISIBLE, width=1080, height=1560, has-focus=false, has-focusable=true, has-window-focus=true, is-clickable=false, is-enabled=true, is-focused=false, is-focusable=true, is-layout-requested=false, is-selected=false, layout-params=android.widget.FrameLayout$LayoutParams@7758737, tag=null, root-is-layout-requested=false, has-input-connection=false, x=0.0, y=0.0, child-count=1}
08-31 19:50:45.409 19225 19284 E TestRunner: |
