08-31 19:50:37.077 19225 19284 I TestRunner: started: order_reset_after_cancel_from_side_menu(com.example.lunchtray.OrderFunctionalityTests)
08-31 19:50:37.079 15119 15127 I ndroid.systemu: NativeAlloc concurrent copying GC freed 20710(1209KB) AllocSpace objects, 0(0B) LOS objects, 30% free, 27MB/39MB, paused 372us,137us total 200.071ms
08-31 19:50:37.080 15119 15309 D OpenGLRenderer: setSurface called with nullptr
08-31 19:50:37.080   634   661 I SurfaceFlinger: id=151882 Removed Surface(name=f19ee80 com.example.lunchtray/com.example.lunchtray.MainActivity)/@0x3028b7b - animation-leash of starting_reveal#0 (115)
08-31 19:50:37.080 15119 15309 D OpenGLRenderer: setSurface called with nullptr
08-31 19:50:37.081   634   661 I SurfaceFlinger: id=151909 Removed Surface(name=e149839 com.example.lunchtray/androidx.fragment.app.testing.FragmentScenario$EmptyFragmentActivity)/@0x93bd718 - animation-leash of starting_reveal#0 (115)
08-31 19:50:37.081 15119 15129 W System  : A resource failed to call release.
08-31 19:50:37.082   634   661 I SurfaceFlinger: id=151842 Removed Task=1229#0 (115)
08-31 19:50:37.083 15119 15129 W System  : A resource failed to call release.
08-31 19:50:37.083 15119 15129 W System  : A resource failed to call close.
08-31 19:50:37.083 15119 15129 W System  : A resource failed to call close.
08-31 19:50:37.084   634   661 I SurfaceFlinger: id=151869 Removed Task=1230#0 (115)
08-31 19:50:37.092   634   634 I Layer   : id=151882 Destroyed Surface(name=f19ee80 com.example.lunchtray/com.example.lunchtray.MainActivity)/@0x3028b7b - animation-leash of starting_reveal#0
08-31 19:50:37.092   634   634 I Layer   : id=151869 Destroyed Task=1230#0
08-31 19:50:37.092   634   634 I Layer   : id=151909 Destroyed Surface(name=e149839 com.example.lunchtray/androidx.fragment.app.testing.FragmentScenario$EmptyFragmentActivity)/@0x93bd718 - animation-leash of starting_reveal#0
08-31 19:50:37.092   634   634 I Layer   : id=151842 Destroyed Task=1229#0
08-31 19:50:37.096 19225 19284 W Settings: Setting always_finish_activities has moved from android.provider.Settings.System to android.provider.Settings.Global, returning read-only value.
08-31 19:50:37.110 14809 15928 D PkgPredictorService-IpmAdcpController: create a new DexPreloadTask pkg:com.example.lunchtray  path:/data/app/~~gbmHt4QFZFuUz7nOvKmpFQ==/com.example.lunchtray-THkiE5ocQARudvzX67_P5w==
08-31 19:50:37.111 14809 15454 I SemDvfsHyPerManager: acquire hyper - AMS_APP_SWITCH/14809@27, type = -999
08-31 19:50:37.111 14617 14637 I HYPER-HAL: [RequestManager.cpp]acquire(): Acquired ID : 110060893  [14809 / 27]    HINT : AMS_APP_SWITCH    list :
08-31 19:50:37.112   634  1925 I SurfaceFlinger: id=151923 createSurf (0x0),-1 flag=24004, Task=1232#0
08-31 19:50:37.114 16623 16623 I SemDvfsHyPerManager: acquire hyper - APP_START_SHORT/16623@15, type = -999
08-31 19:50:37.115 14617 14637 I HYPER-HAL: [RequestManager.cpp]acquire(): Acquired ID : 138419856  [16623 / 15]    HINT : APP_START    list : [TIMEOUT / 1500]
08-31 19:50:37.116   634  1925 I SurfaceFlinger: id=151924 createSurf (0x0),-1 flag=80004, ActivityRecord{41d16aa u0 com.example.lunchtray/androidx.test.core.app.InstrumentationActivityInvoker$BootstrapActivity t1232}#0
08-31 19:50:37.124 14809 17474 I SemDvfsHyPerManager: acquire hyper - AMS_APP_LAUNCH/14809@13, type = -999
08-31 19:50:37.124 14617 14637 I HYPER-HAL: [RequestManager.cpp]acquire(): Acquired ID : 109853266  [14809 / 13]    HINT : AMS_APP_LAUNCH    list :
08-31 19:50:37.125 16623 16623 I SemDvfsHyPerManager: acquire hyper - APP_START/16623@16, type = -999
08-31 19:50:37.127 14617 14637 I HYPER-HAL: [RequestManager.cpp]acquire(): Acquired ID : 138436496  [16623 / 16]    HINT : APP_START    list :
08-31 19:50:37.130 15577 15577 I BaseActivity: removeActivityFlags, flags : 16
08-31 19:50:37.131 15577 15577 I BaseActivity: removeActivityFlags, flags : 6
08-31 19:50:37.131 15577 15577 I DragController: endDrag
08-31 19:50:37.131 15577 15577 W LauncherAppWidgetHost: setShouldListenFlag, mFlags:15 flag:resume on:false isFront:false
08-31 19:50:37.132 15119 15119 D PipMotionHelper: animateToOffset: originalBounds=Rect(495, 2017 - 1035, 2321) offset=0 callers=
08-31 19:50:37.132 15119 15119 D PipMotionHelper:     com.android.wm.shell.pip.phone.PipTouchHandler.onMovementBoundsChanged:482
08-31 19:50:37.132 15119 15119 D PipMotionHelper:     com.android.wm.shell.pip.phone.PipController.updateMovementBounds:712
08-31 19:50:37.132 15119 15119 D PipMotionHelper:     com.android.wm.shell.pip.phone.PipController.lambda$init$3:351
08-31 19:50:37.132 15119 15119 D PipMotionHelper:     com.android.wm.shell.pip.phone.PipController.$r8$lambda$u15Oj_b57njSWegfZTV6TpliGaw:0
08-31 19:50:37.132 15119 15119 D PipMotionHelper:     com.android.wm.shell.pip.phone.PipController$$ExternalSyntheticLambda0.accept:8
08-31 19:50:37.132 15577 15577 I DecorView: notifyKeepScreenOnChanged: keepScreenOn=false
08-31 19:50:37.133 15577 15577 I SPayUpdater: updateSpayHandler launcher activity is paused false
08-31 19:50:37.133 14809 15283 D InputTransport: Input channel constructed: 'e8df376', fd=687
08-31 19:50:37.133 14809 15283 D InputTransport: Input channel constructed: 'e8df376', fd=695
08-31 19:50:37.133 14809 15283 D InputTransport: Input channel constructed: 'e8df376', fd=714
08-31 19:50:37.134   634  1925 I SurfaceFlinger: id=151925 createSurf (0x0),-1 flag=80004, e8df376 Splash Screen com.example.lunchtray#0
08-31 19:50:37.136 14809 15283 D InputTransport: Input channel destroyed: 'e8df376', fd=714
08-31 19:50:37.136 15119 15246 I ViewRootImpl@359e831[lunchtray]: setView = android.widget.FrameLayout@c064e84 TM=true
08-31 19:50:37.146 14809 15340 D InputDispatcher: Focused application set to (0): 41d16aa
08-31 19:50:37.155 14809 15283 V WindowManager: Relayout Window{e8df376 u0 Splash Screen com.example.lunchtray}: viewVisibility=0 req=1080x2408 d0
08-31 19:50:37.156   634  1925 I SurfaceFlinger: id=151926 createSurf (1080x2408),-3 flag=40004, Splash Screen com.example.lunchtray$_15119#0
08-31 19:50:37.160 14809 17474 D InputDispatcher: Focus left window (0): d738cd4 com.sec.android.app.launcher/com.sec.android.app.launcher.activities.LauncherActivity
08-31 19:50:37.161 14809 15283 V WindowManager: Relayout hash=e8df376, pid=15119: mAttrs={(0,0)(fillxfill) sim={adjust=pan} ty=APPLICATION_STARTING fmt=TRANSLUCENT wanim=0x1030001
08-31 19:50:37.161 14809 15283 V WindowManager:   fl=81030118
08-31 19:50:37.161 14809 15283 V WindowManager:   pfl=36000010
08-31 19:50:37.161 14809 15283 V WindowManager:   bhv=DEFAULT
08-31 19:50:37.161 14809 15283 V WindowManager:   fitSides= naviIconColor=0}
08-31 19:50:37.161 14809 15340 V WindowManager: Relayout Window{d738cd4 u0 com.sec.android.app.launcher/com.sec.android.app.launcher.activities.LauncherActivity}: viewVisibility=0 req=1080x2408 d0
08-31 19:50:37.163 15119 15246 I ViewRootImpl@359e831[lunchtray]: Relayout returned: old=(0,0,1080,2408) new=(0,0,1080,2408) req=(1080,2408)0 dur=19 res=0x7 s={true 3141377024} ch=true fn=-1
08-31 19:50:37.164 15119 15309 D OpenGLRenderer: eglCreateWindowSurface
08-31 19:50:37.166 15119 15246 I ViewRootImpl@359e831[lunchtray]: [DP] dp(1) 0 android.view.ViewRootImpl.reportNextDraw:11410 android.view.ViewRootImpl.performTraversals:4185 android.view.ViewRootImpl.doTraversal:2911
08-31 19:50:37.166 15119 15246 D ViewRootImpl@359e831[lunchtray]: Creating frameDrawingCallback nextDrawUseBlastSync=false reportNextDraw=true hasBlurUpdates=false
08-31 19:50:37.166 15119 15246 D ViewRootImpl@359e831[lunchtray]: Creating frameCompleteCallback
08-31 19:50:37.166 14809 15340 V WindowManager: Relayout hash=d738cd4, pid=15577: mAttrs={(0,0)(fillxfill) sim={adjust=nothing} layoutInDisplayCutoutMode=shortEdges ty=BASE_APPLICATION fmt=TRANSPARENT wanim=0x10302f2
08-31 19:50:37.166 14809 15340 V WindowManager:   fl=81910100
08-31 19:50:37.166 14809 15340 V WindowManager:   pfl=1e020040
08-31 19:50:37.166 14809 15340 V WindowManager:   vsysui=1700
08-31 19:50:37.166 14809 15340 V WindowManager:   bhv=SHOW_TRANSIENT_BARS_BY_SWIPE
08-31 19:50:37.166 14809 15340 V WindowManager:   fitSides= naviIconColor=0}
08-31 19:50:37.167 15577 15577 I ViewRootImpl@6da1f4c[LauncherActivity]: Relayout returned: old=(0,0,1080,2408) new=(0,0,1080,2408) req=(1080,2408)0 dur=12 res=0x1 s={true 3225331712} ch=false fn=10
08-31 19:50:37.168 15577 15577 I ViewRootImpl@6da1f4c[LauncherActivity]: MSG_WINDOW_FOCUS_CHANGED 0 1
08-31 19:50:37.168 15577 15577 I BaseActivity: removeActivityFlags, flags : 8
08-31 19:50:37.169 19225 19225 D LifecycleMonitor: Lifecycle status change: androidx.test.core.app.InstrumentationActivityInvoker$BootstrapActivity@ee73427 in: PRE_ON_CREATE
08-31 19:50:37.170 19225 19225 V ActivityScenario: Activity lifecycle changed event received but ignored because the intent does not match. startActivityIntent=Intent { act=android.intent.action.MAIN cat=[android.intent.category.LAUNCHER] cmp=com.example.lunchtray/androidx.fragment.app.testing.FragmentScenario$EmptyFragmentActivity (has extras) }, activity.getIntent()=Intent { act=android.intent.action.MAIN cat=[android.intent.category.LAUNCHER] flg=0x10008000 cmp=com.example.lunchtray/androidx.test.core.app.InstrumentationActivityInvoker$BootstrapActivity (has extras) }, activity=androidx.test.core.app.InstrumentationActivityInvoker$BootstrapActivity@ee73427
08-31 19:50:37.171 19225 19225 V ActivityScenario: Activity lifecycle changed event received but ignored because the intent does not match. startActivityIntent=Intent { act=android.intent.action.MAIN cat=[android.intent.category.LAUNCHER] cmp=com.example.lunchtray/.MainActivity }, activity.getIntent()=Intent { act=android.intent.action.MAIN cat=[android.intent.category.LAUNCHER] flg=0x10008000 cmp=com.example.lunchtray/androidx.test.core.app.InstrumentationActivityInvoker$BootstrapActivity (has extras) }, activity=androidx.test.core.app.InstrumentationActivityInvoker$BootstrapActivity@ee73427
08-31 19:50:37.176 15577 15577 I BadgeRenderer: Invalid count : 0
08-31 19:50:37.178 15119 15828 D ViewRootImpl@359e831[lunchtray]: Received frameDrawingCallback frameNum=1. Creating transactionCompleteCallback=false
08-31 19:50:37.178 15577 15577 I BadgeRenderer: Invalid count : 0
08-31 19:50:37.180 15577 15577 I BadgeRenderer: Invalid count : 0
08-31 19:50:37.183 15119 15309 D ViewRootImpl@359e831[lunchtray]: Received frameCompleteCallback  lastAcquiredFrameNum=1 lastAttemptedDrawFrameNum=1
08-31 19:50:37.184 14809 14828 I SemPersonaManager: SecureFolder personaId = 10
08-31 19:50:37.185 15119 15246 I ViewRootImpl@359e831[lunchtray]: [DP] pdf(0) 0 android.view.ViewRootImpl.lambda$addFrameCompleteCallbackIfNeeded$3$ViewRootImpl:4987 android.view.ViewRootImpl$$ExternalSyntheticLambda16.run:6 android.os.Handler.handleCallback:938
08-31 19:50:37.185 15119 15246 I ViewRootImpl@359e831[lunchtray]: [DP] rdf()
08-31 19:50:37.185 15119 15246 D ViewRootImpl@359e831[lunchtray]: reportDrawFinished (fn: -1)
08-31 19:50:37.191 19225 19225 I DecorView: [INFO] isPopOver=false, config=true
08-31 19:50:37.191 19225 19225 I DecorView: updateCaptionType >> DecorView@188ebc3[], isFloating=false, isApplication=true, hasWindowControllerCallback=true, hasWindowDecorCaption=false
08-31 19:50:37.191 19225 19225 D DecorView: setCaptionType = 0, this = DecorView@188ebc3[]
08-31 19:50:37.192 15119 15119 D FullscreenTaskListener: Fullscreen Task Appeared: #1232, caller=com.android.wm.shell.ShellTaskOrganizer.onTaskAppeared:387 com.android.wm.shell.ShellTaskOrganizer.onTaskAppeared:376 android.window.TaskOrganizer$1.lambda$onTaskAppeared$4$TaskOrganizer$1:297
08-31 19:50:37.194   634  1925 I SurfaceFlinger: id=151927 createSurf (0x0),-1 flag=24000, Surface(name=Task=1)/@0x7c9ef10 - animation-leash of app_transition#0
08-31 19:50:37.197 14809 14828 D EnterpriseDeviceManagerService: isMdmAdminPresentInternal() : MDM Admin Found - com.samsung.android.knox.containercore
08-31 19:50:37.199   634  1925 I SurfaceFlinger: id=151928 createSurf (0x0),-1 flag=24004, Surface(name=Task=1232)/@0x34908bd - animation-leash of app_transition#0
08-31 19:50:37.199 19225 19225 I DecorView: getCurrentDensityDpi: from real metrics. densityDpi=450 msg=resources_loaded
08-31 19:50:37.201 19225 19225 D LifecycleMonitor: Lifecycle status change: androidx.test.core.app.InstrumentationActivityInvoker$BootstrapActivity@ee73427 in: CREATED
08-31 19:50:37.203 19225 19225 V ActivityScenario: Activity lifecycle changed event received but ignored because the intent does not match. startActivityIntent=Intent { act=android.intent.action.MAIN cat=[android.intent.category.LAUNCHER] cmp=com.example.lunchtray/androidx.fragment.app.testing.FragmentScenario$EmptyFragmentActivity (has extras) }, activity.getIntent()=Intent { act=android.intent.action.MAIN cat=[android.intent.category.LAUNCHER] flg=0x10008000 cmp=com.example.lunchtray/androidx.test.core.app.InstrumentationActivityInvoker$BootstrapActivity (has extras) }, activity=androidx.test.core.app.InstrumentationActivityInvoker$BootstrapActivity@ee73427
08-31 19:50:37.203   634   661 I SurfaceFlinger: id=151929 createSurf (0x0),-1 flag=24000, Surface(name=886bbf6 StatusBar)/@0x2d7ebf5 - animation-leash of insets_animation#0
08-31 19:50:37.204 19225 19225 V ActivityScenario: Activity lifecycle changed event received but ignored because the intent does not match. startActivityIntent=Intent { act=android.intent.action.MAIN cat=[android.intent.category.LAUNCHER] cmp=com.example.lunchtray/.MainActivity }, activity.getIntent()=Intent { act=android.intent.action.MAIN cat=[android.intent.category.LAUNCHER] flg=0x10008000 cmp=com.example.lunchtray/androidx.test.core.app.InstrumentationActivityInvoker$BootstrapActivity (has extras) }, activity=androidx.test.core.app.InstrumentationActivityInvoker$BootstrapActivity@ee73427
08-31 19:50:37.204   634  1925 I SurfaceFlinger: id=151930 createSurf (0x0),-1 flag=24000, Surface(name=a8b9824 NavigationBar0)/@0x196e818 - animation-leash of insets_animation#0
08-31 19:50:37.208 15577 29018 I TouchInteractionService: onSystemUiStateChanged, stateFlags : 131072
08-31 19:50:37.208 15577 15577 W SGestureOverlayWindow: setVisibilityGestureOverlayWindow, visibility = 0
08-31 19:50:37.208 15577 15577 I TouchInteractionService: onSystemUiFlagsChanged, userUnlocked
08-31 19:50:37.209 15119 15246 D InsetsSourceConsumer: ensureControlAlpha: for ITYPE_NAVIGATION_BAR on Splash Screen com.example.lunchtray
08-31 19:50:37.209   634   634 I Layer   : id=151914 removeFromCurrentState Surface(name=886bbf6 StatusBar)/@0x2d7ebf5 - animation-leash of insets_animation#1 (119)
08-31 19:50:37.209   634   634 I Layer   : id=151915 removeFromCurrentState Surface(name=a8b9824 NavigationBar0)/@0x196e818 - animation-leash of insets_animation#1 (119)
08-31 19:50:37.210 15119 15246 D InsetsSourceConsumer: ensureControlAlpha: for ITYPE_STATUS_BAR on Splash Screen com.example.lunchtray
08-31 19:50:37.210 19225 19225 D LifecycleMonitor: Lifecycle status change: androidx.test.core.app.InstrumentationActivityInvoker$BootstrapActivity@ee73427 in: STARTED
08-31 19:50:37.211   634   661 I SurfaceFlinger: id=151915 Removed Surface(name=a8b9824 NavigationBar0)/@0x196e818 - animation-leash of insets_animation#1 (119)
08-31 19:50:37.211   634   661 I SurfaceFlinger: id=151914 Removed Surface(name=886bbf6 StatusBar)/@0x2d7ebf5 - animation-leash of insets_animation#1 (119)
08-31 19:50:37.212 19225 19225 V ActivityScenario: Activity lifecycle changed event received but ignored because the intent does not match. startActivityIntent=Intent { act=android.intent.action.MAIN cat=[android.intent.category.LAUNCHER] cmp=com.example.lunchtray/androidx.fragment.app.testing.FragmentScenario$EmptyFragmentActivity (has extras) }, activity.getIntent()=Intent { act=android.intent.action.MAIN cat=[android.intent.category.LAUNCHER] flg=0x10008000 cmp=com.example.lunchtray/androidx.test.core.app.InstrumentationActivityInvoker$BootstrapActivity (has extras) }, activity=androidx.test.core.app.InstrumentationActivityInvoker$BootstrapActivity@ee73427
08-31 19:50:37.213 19225 19225 V ActivityScenario: Activity lifecycle changed event received but ignored because the intent does not match. startActivityIntent=Intent { act=android.intent.action.MAIN cat=[android.intent.category.LAUNCHER] cmp=com.example.lunchtray/.MainActivity }, activity.getIntent()=Intent { act=android.intent.action.MAIN cat=[android.intent.category.LAUNCHER] flg=0x10008000 cmp=com.example.lunchtray/androidx.test.core.app.InstrumentationActivityInvoker$BootstrapActivity (has extras) }, activity=androidx.test.core.app.InstrumentationActivityInvoker$BootstrapActivity@ee73427
08-31 19:50:37.219   634   662 I SurfaceFlinger: id=151931 createSurf (0x0),-1 flag=80004, ActivityRecord{b10d5ac u0 com.example.lunchtray/.MainActivity t1232}#0
08-31 19:50:37.225 15119 15134 I ViewRootImpl@359e831[lunchtray]: Resizing android.view.ViewRootImpl@8b3d66d: frame=[0,0][1080,2408] reportDraw=false forceLayout=false backDropFrame=Rect(0, 0 - 1080, 2408)
08-31 19:50:37.225   634   634 I Layer   : id=151915 Destroyed Surface(name=a8b9824 NavigationBar0)/@0x196e818 - animation-leash of insets_animation#1
08-31 19:50:37.225   634   634 I Layer   : id=151914 Destroyed Surface(name=886bbf6 StatusBar)/@0x2d7ebf5 - animation-leash of insets_animation#1
08-31 19:50:37.226 19225 19225 D LifecycleMonitor: Lifecycle status change: androidx.test.core.app.InstrumentationActivityInvoker$BootstrapActivity@ee73427 in: RESUMED
08-31 19:50:37.226 15119 15246 I ViewRootImpl@359e831[lunchtray]: handleResized, msg = 4 frames=ClientWindowFrames{frame=[0,0][1080,2408] display=[0,0][1080,2408] backdrop=[0,0][1080,2408]} forceNextWindowRelayout=false displayId=0 frameChanged=false backdropFrameChanged=false configChanged=false displayChanged=false mNextDrawUseBlastSync=false mergedConfiguration={mGlobalConfig={0.9 404mcc40mnc [en_IN] ldltr sw384dp w384dp h817dp 450dpi nrml long port night finger -keyb/v/h -nav/h winConfig={ mBounds=Rect(0, 0 - 1080, 2408) mAppBounds=Rect(0, 65 - 1080, 2366) mMaxBounds=Rect(0, 0 - 1080, 2408) mWindowingMode=fullscreen mDisplayWindowingMode=fullscreen mActivityType=undefined mAlwaysOnTop=undefined mRotation=ROTATION_0 mPopOver=undefined mFreeformTaskPinningState=undefined} s.3042 fontWeightAdjustment=0 ff=0 bf=0 bts=0 enb/d themeSeq=0} mOverrideConfig={0.9 404mcc40mnc [en_IN] ldltr sw384dp w384dp h817dp 450dpi nrml long port night finger -keyb/v/h -nav/h winConfig={ mBounds=Rect(0, 0 - 1080, 2408) mAppBounds=Rect(0, 65 - 1080, 2366) mMaxBounds=Rect(0, 0 - 1080, 2408) mWindowingMode=fullscreen mDisplayWindowingMode=fullscreen mActivityType=standard mAlwaysOnTop=undefined mRotation=ROTATION_0 mPopOver=off mFreeformTaskPinningState=unpinned} s.1 fontWeightAdjustment=0 ff=0 bf=0 bts=0 enb/d themeSeq=0}}
08-31 19:50:37.227 19225 19225 V ActivityScenario: Activity lifecycle changed event received but ignored because the intent does not match. startActivityIntent=Intent { act=android.intent.action.MAIN cat=[android.intent.category.LAUNCHER] cmp=com.example.lunchtray/androidx.fragment.app.testing.FragmentScenario$EmptyFragmentActivity (has extras) }, activity.getIntent()=Intent { act=android.intent.action.MAIN cat=[android.intent.category.LAUNCHER] flg=0x10008000 cmp=com.example.lunchtray/androidx.test.core.app.InstrumentationActivityInvoker$BootstrapActivity (has extras) }, activity=androidx.test.core.app.InstrumentationActivityInvoker$BootstrapActivity@ee73427
08-31 19:50:37.228 19225 19225 V ActivityScenario: Activity lifecycle changed event received but ignored because the intent does not match. startActivityIntent=Intent { act=android.intent.action.MAIN cat=[android.intent.category.LAUNCHER] cmp=com.example.lunchtray/.MainActivity }, activity.getIntent()=Intent { act=android.intent.action.MAIN cat=[android.intent.category.LAUNCHER] flg=0x10008000 cmp=com.example.lunchtray/androidx.test.core.app.InstrumentationActivityInvoker$BootstrapActivity (has extras) }, activity=androidx.test.core.app.InstrumentationActivityInvoker$BootstrapActivity@ee73427
08-31 19:50:37.229 14617 19420 I HYPER-HAL: [RequestManager.cpp]releaseLocked(): Released ID : 110046056
08-31 19:50:37.231 14809 16178 I MediaSessionMonitor: Media session stopped : controllerList empty
08-31 19:50:37.231 19225 19225 D LifecycleMonitor: Lifecycle status change: androidx.test.core.app.InstrumentationActivityInvoker$BootstrapActivity@ee73427 in: PAUSED
08-31 19:50:37.232 19225 19225 V ActivityScenario: Activity lifecycle changed event received but ignored because the intent does not match. startActivityIntent=Intent { act=android.intent.action.MAIN cat=[android.intent.category.LAUNCHER] cmp=com.example.lunchtray/androidx.fragment.app.testing.FragmentScenario$EmptyFragmentActivity (has extras) }, activity.getIntent()=Intent { act=android.intent.action.MAIN cat=[android.intent.category.LAUNCHER] flg=0x10008000 cmp=com.example.lunchtray/androidx.test.core.app.InstrumentationActivityInvoker$BootstrapActivity (has extras) }, activity=androidx.test.core.app.InstrumentationActivityInvoker$BootstrapActivity@ee73427
08-31 19:50:37.233 19225 19225 V ActivityScenario: Activity lifecycle changed event received but ignored because the intent does not match. startActivityIntent=Intent { act=android.intent.action.MAIN cat=[android.intent.category.LAUNCHER] cmp=com.example.lunchtray/.MainActivity }, activity.getIntent()=Intent { act=android.intent.action.MAIN cat=[android.intent.category.LAUNCHER] flg=0x10008000 cmp=com.example.lunchtray/androidx.test.core.app.InstrumentationActivityInvoker$BootstrapActivity (has extras) }, activity=androidx.test.core.app.InstrumentationActivityInvoker$BootstrapActivity@ee73427
08-31 19:50:37.239 14809 15283 D InputDispatcher: Focused application set to (0): b10d5ac
08-31 19:50:37.251   634   634 D SurfaceFlinger: Display 4633128508267670401 HWC layers:
08-31 19:50:37.251   634   634 D SurfaceFlinger:      DEVICE | 0xeb9b9080 | 0100 | RGBx_8888    |  335.0    0.0 1415.0 2408.0 |    0    0 1080 2408 | Wallpaper BBQ wrapper#0
08-31 19:50:37.251   634   634 D SurfaceFlinger:      DEVICE | 0xec167500 | 0100 | RGBA_8888    |    0.0    0.0 1080.0 2408.0 |    0    0 1080 2408 | com.sec.android.app.launcher/com.sec[...]activities.LauncherActivity$_15577#0
08-31 19:50:37.251   634   634 D SurfaceFlinger:      CLIENT | 0xebe2f480 | 0100 | RGBA_8888    |    0.0    0.0 1080.0 2408.0 |   75  167 1005 2241 | Splash Screen com.example.lunchtray$_15119#0
08-31 19:50:37.251   634   634 D SurfaceFlinger:      CLIENT | 0xec168580 | 0100 | RGBA_8888    |    0.0    0.0 1080.0   66.0 |    0    0 1080   66 | StatusBar$_15119#0
08-31 19:50:37.251   634   634 D SurfaceFlinger:      CLIENT | 0xec277300 | 0100 | RGBA_8888    |    0.0    0.0  388.0   42.0 |  692 2366 1080 2408 | SGestureOverlayWindow$_15577#0
08-31 19:50:37.251   634   634 D SurfaceFlinger:      CLIENT | 0xec97b100 | 0100 | RGBA_8888    |    0.0    0.0 1080.0  135.0 |    0 2273 1080 2408 | NavigationBar0$_15119#0
08-31 19:50:37.251   634   634 D SurfaceFlinger:      DEVICE | 0xec278980 | 0108 | RGBA_8888    |    0.0    0.0 1080.0 2408.0 |    0    0 1080 2408 | BlueLightFilter$_15119#0
08-31 19:50:37.251   634   634 D SurfaceFlinger:
08-31 19:50:37.255 14809 14828 I SemPersonaManager: SecureFolder personaId = 10
08-31 19:50:37.263 19225 19225 D LifecycleMonitor: Lifecycle status change: com.example.lunchtray.MainActivity@cffb235 in: PRE_ON_CREATE
08-31 19:50:37.264 19225 19225 V ActivityScenario: Activity lifecycle changed event received but ignored because the intent does not match. startActivityIntent=Intent { act=android.intent.action.MAIN cat=[android.intent.category.LAUNCHER] cmp=com.example.lunchtray/androidx.fragment.app.testing.FragmentScenario$EmptyFragmentActivity (has extras) }, activity.getIntent()=Intent { act=android.intent.action.MAIN cat=[android.intent.category.LAUNCHER] cmp=com.example.lunchtray/.MainActivity }, activity=com.example.lunchtray.MainActivity@cffb235
08-31 19:50:37.267 19225 19225 V ActivityScenario: Activity lifecycle changed event received but ignored because the reported transition was not ON_CREATE while the last known transition was PRE_ON_CREATE
08-31 19:50:37.268 14809 14828 D EnterpriseDeviceManagerService: isMdmAdminPresentInternal() : MDM Admin Found - com.samsung.android.knox.containercore
08-31 19:50:37.273 14809 16178 I MediaSessionMonitor: Media session stopped : controllerList empty
08-31 19:50:37.293 19225 19225 I DecorView: [INFO] isPopOver=false, config=true
08-31 19:50:37.293 19225 19225 I DecorView: updateCaptionType >> DecorView@755f6f6[], isFloating=false, isApplication=true, hasWindowControllerCallback=true, hasWindowDecorCaption=false
08-31 19:50:37.293 19225 19225 D DecorView: setCaptionType = 0, this = DecorView@755f6f6[]
08-31 19:50:37.296 19225 19225 I DecorView: getCurrentDensityDpi: from real metrics. densityDpi=450 msg=resources_loaded
08-31 19:50:37.326 19225 19225 D LifecycleMonitor: Lifecycle status change: com.example.lunchtray.MainActivity@cffb235 in: CREATED
08-31 19:50:37.327 19225 19225 V ActivityScenario: Activity lifecycle changed event received but ignored because the intent does not match. startActivityIntent=Intent { act=android.intent.action.MAIN cat=[android.intent.category.LAUNCHER] cmp=com.example.lunchtray/androidx.fragment.app.testing.FragmentScenario$EmptyFragmentActivity (has extras) }, activity.getIntent()=Intent { act=android.intent.action.MAIN cat=[android.intent.category.LAUNCHER] cmp=com.example.lunchtray/.MainActivity }, activity=com.example.lunchtray.MainActivity@cffb235
08-31 19:50:37.328 19225 19225 V ActivityScenario: Update currentActivityStage to CREATED, currentActivity=com.example.lunchtray.MainActivity@cffb235
08-31 19:50:37.341 15577 29018 I RecentModel: onTaskStackChangedBackground
08-31 19:50:37.343 15577 29018 I RecentTasksList: getTaskKeys, numTasks :3 callback : com.android.quickstep.-$$Lambda$RecentsModel$k1Mm-BV64Bc89eJHYugywZmW_Js@355dddd
08-31 19:50:37.345 15577 15645 I RecentTasksList: loadTasksInBackground() task id : 1232
08-31 19:50:37.355 19225 19225 D LifecycleMonitor: Lifecycle status change: com.example.lunchtray.MainActivity@cffb235 in: STARTED
08-31 19:50:37.356 19225 19225 V ActivityScenario: Activity lifecycle changed event received but ignored because the intent does not match. startActivityIntent=Intent { act=android.intent.action.MAIN cat=[android.intent.category.LAUNCHER] cmp=com.example.lunchtray/androidx.fragment.app.testing.FragmentScenario$EmptyFragmentActivity (has extras) }, activity.getIntent()=Intent { act=android.intent.action.MAIN cat=[android.intent.category.LAUNCHER] cmp=com.example.lunchtray/.MainActivity }, activity=com.example.lunchtray.MainActivity@cffb235
08-31 19:50:37.357 19225 19225 V ActivityScenario: Update currentActivityStage to STARTED, currentActivity=com.example.lunchtray.MainActivity@cffb235
08-31 19:50:37.359 19225 19225 D LifecycleMonitor: Lifecycle status change: com.example.lunchtray.MainActivity@cffb235 in: RESUMED
08-31 19:50:37.360 19225 19225 V ActivityScenario: Activity lifecycle changed event received but ignored because the intent does not match. startActivityIntent=Intent { act=android.intent.action.MAIN cat=[android.intent.category.LAUNCHER] cmp=com.example.lunchtray/androidx.fragment.app.testing.FragmentScenario$EmptyFragmentActivity (has extras) }, activity.getIntent()=Intent { act=android.intent.action.MAIN cat=[android.intent.category.LAUNCHER] cmp=com.example.lunchtray/.MainActivity }, activity=com.example.lunchtray.MainActivity@cffb235
08-31 19:50:37.361 19225 19225 V ActivityScenario: Update currentActivityStage to RESUMED, currentActivity=com.example.lunchtray.MainActivity@cffb235
08-31 19:50:37.372 14809 15283 D InputTransport: Input channel constructed: 'bf0cdf3', fd=806
08-31 19:50:37.372 14809 15283 D InputTransport: Input channel constructed: 'bf0cdf3', fd=809
08-31 19:50:37.372 14809 15283 D InputTransport: Input channel constructed: 'bf0cdf3', fd=815
08-31 19:50:37.373   634   807 I SurfaceFlinger: id=151932 createSurf (0x0),-1 flag=80004, bf0cdf3 com.example.lunchtray/com.example.lunchtray.MainActivity#0
08-31 19:50:37.374 14809 15283 D InputTransport: Input channel destroyed: 'bf0cdf3', fd=815
08-31 19:50:37.378 19225 19225 I ViewRootImpl@23bb8d5[MainActivity]: setView = com.android.internal.policy.DecorView@755f6f6 TM=true
08-31 19:50:37.379 14809 14868 D AnalyticsContainerHandler: handleMessage : { when=0 what=1 target=com.android.server.knox.KnoxAnalyticsContainer$AnalyticsHandler }
08-31 19:50:37.402 14809 17474 V WindowManager: Relayout Window{bf0cdf3 u0 com.example.lunchtray/com.example.lunchtray.MainActivity}: viewVisibility=0 req=1080x2408 d0
08-31 19:50:37.402   634   807 I SurfaceFlinger: id=151933 createSurf (1x1),-3 flag=40004, com.example.lunchtray/com.example.lunchtray.MainActivity$_19225#0
08-31 19:50:37.408   634   807 I SurfaceFlinger: id=151934 createSurf (0x0),-1 flag=24000, Surface(name=886bbf6 StatusBar)/@0x2d7ebf5 - animation-leash of insets_animation#1
08-31 19:50:37.410   634   807 I SurfaceFlinger: id=151935 createSurf (0x0),-1 flag=24000, Surface(name=a8b9824 NavigationBar0)/@0x196e818 - animation-leash of insets_animation#1
08-31 19:50:37.413 14809 17474 V WindowManager: Relayout hash=bf0cdf3, pid=19225: mAttrs={(0,0)(fillxfill) sim={adjust=pan forwardNavigation} ty=BASE_APPLICATION wanim=0x1030303
08-31 19:50:37.413 14809 17474 V WindowManager:   fl=81810100
08-31 19:50:37.413 14809 17474 V WindowManager:   pfl=12020040
08-31 19:50:37.413 14809 17474 V WindowManager:   bhv=DEFAULT
08-31 19:50:37.413 14809 17474 V WindowManager:   fitSides= naviIconColor=0}
08-31 19:50:37.420 19225 19225 I ViewRootImpl@23bb8d5[MainActivity]: Relayout returned: old=(0,0,1080,2408) new=(0,0,1080,2408) req=(1080,2408)0 dur=17 res=0x7 s={true 4004536320} ch=true fn=-1
08-31 19:50:37.422 19225 19293 D OpenGLRenderer: eglCreateWindowSurface
08-31 19:50:37.430 19225 19225 I ViewRootImpl@23bb8d5[MainActivity]: [DP] dp(1) 1 android.view.ViewRootImpl.reportNextDraw:11410 android.view.ViewRootImpl.performTraversals:4185 android.view.ViewRootImpl.doTraversal:2911
08-31 19:50:37.430 19225 19225 D ViewRootImpl@23bb8d5[MainActivity]: Creating frameDrawingCallback nextDrawUseBlastSync=false reportNextDraw=true hasBlurUpdates=false
08-31 19:50:37.431 19225 19225 D ViewRootImpl@23bb8d5[MainActivity]: Creating frameCompleteCallback
08-31 19:50:37.441   634   634 I Layer   : id=151929 removeFromCurrentState Surface(name=886bbf6 StatusBar)/@0x2d7ebf5 - animation-leash of insets_animation#0 (122)
08-31 19:50:37.442   634   634 I Layer   : id=151930 removeFromCurrentState Surface(name=a8b9824 NavigationBar0)/@0x196e818 - animation-leash of insets_animation#0 (122)
08-31 19:50:37.442   634   634 I SurfaceFlinger: id=151929 Removed Surface(name=886bbf6 StatusBar)/@0x2d7ebf5 - animation-leash of insets_animation#0 (122)
08-31 19:50:37.442 19225 19310 D ViewRootImpl@23bb8d5[MainActivity]: Received frameDrawingCallback frameNum=1. Creating transactionCompleteCallback=false
08-31 19:50:37.442   634   634 I SurfaceFlinger: id=151930 Removed Surface(name=a8b9824 NavigationBar0)/@0x196e818 - animation-leash of insets_animation#0 (122)
08-31 19:50:37.442   634   634 I Layer   : id=151929 Destroyed Surface(name=886bbf6 StatusBar)/@0x2d7ebf5 - animation-leash of insets_animation#0
08-31 19:50:37.442   634   634 I Layer   : id=151930 Destroyed Surface(name=a8b9824 NavigationBar0)/@0x196e818 - animation-leash of insets_animation#0
08-31 19:50:37.444 14809 15283 D InputDispatcher: Focus request (0): bf0cdf3 com.example.lunchtray/com.example.lunchtray.MainActivity but waiting because NOT_VISIBLE
08-31 19:50:37.446 19225 19293 D ViewRootImpl@23bb8d5[MainActivity]: Received frameCompleteCallback  lastAcquiredFrameNum=1 lastAttemptedDrawFrameNum=1
08-31 19:50:37.448 19225 19225 I ViewRootImpl@23bb8d5[MainActivity]: [DP] pdf(0) 1 android.view.ViewRootImpl.lambda$addFrameCompleteCallbackIfNeeded$3$ViewRootImpl:4987 android.view.ViewRootImpl$$ExternalSyntheticLambda16.run:6 android.os.Handler.handleCallback:938
08-31 19:50:37.448 19225 19225 I ViewRootImpl@23bb8d5[MainActivity]: [DP] rdf()
08-31 19:50:37.449 19225 19225 D ViewRootImpl@23bb8d5[MainActivity]: reportDrawFinished (fn: -1)
08-31 19:50:37.458 14809 14825 E libperflog: [LIBPERFLOG] socket_local_client fail = -1
08-31 19:50:37.458 14809 14825 I PkgPredictorService-SecIpmManagerServiceImpl: reportToNAP uid:10307 com.example.lunchtray/com.example.lunchtray.MainActivity thisTime:350
08-31 19:50:37.460 14809 14825 I ActivityTaskManager: Displayed com.example.lunchtray/.MainActivity: +350ms
08-31 19:50:37.460 14809 15283 D InputDispatcher: Focus entered window (0): bf0cdf3 com.example.lunchtray/com.example.lunchtray.MainActivity
08-31 19:50:37.460   634   662 I SurfaceFlinger: id=151936 createSurf (0x0),-1 flag=24000, Surface(name=bf0cdf3 com.example.lunchtray/com.example.lunchtray.MainActivity)/@0x256086b - animation-leash of starting_reveal#0
08-31 19:50:37.460  2385  2385 E pageboostd: Received HALT command code 2
08-31 19:50:37.468   634   634 D SurfaceFlinger: Display 4633128508267670401 HWC layers:
08-31 19:50:37.468   634   634 D SurfaceFlinger:      DEVICE | 0xeb9b9080 | 0100 | RGBx_8888    |  335.0    0.0 1415.0 2408.0 |    0    0 1080 2408 | Wallpaper BBQ wrapper#0
08-31 19:50:37.468   634   634 D SurfaceFlinger:      DEVICE | 0xec167500 | 0100 | RGBA_8888    |    0.0    0.0 1080.0 2408.0 |    0    0 1080 2408 | com.sec.android.app.launcher/com.sec[...]activities.LauncherActivity$_15577#0
08-31 19:50:37.468   634   634 D SurfaceFlinger:      CLIENT | 0xec168880 | 0102 | RGBA_8888    |    0.0    0.0 1080.0 2408.0 |    5   11 1075 2397 | com.example.lunchtray/com.example.lunchtray.MainActivity$_19225#0
08-31 19:50:37.468   634   634 D SurfaceFlinger:      CLIENT | 0xebe2f480 | 0100 | RGBA_8888    |    0.0    0.0 1080.0 2408.0 |    5   11 1075 2397 | Splash Screen com.example.lunchtray$_15119#0
08-31 19:50:37.468   634   634 D SurfaceFlinger:      CLIENT | 0xec168580 | 0100 | RGBA_8888    |    0.0    0.0 1080.0   66.0 |    0    0 1080   66 | StatusBar$_15119#0
08-31 19:50:37.468   634   634 D SurfaceFlinger:      CLIENT | 0xec277300 | 0100 | RGBA_8888    |    0.0    0.0  388.0   42.0 |  692 2366 1080 2408 | SGestureOverlayWindow$_15577#0
08-31 19:50:37.468   634   634 D SurfaceFlinger:      CLIENT | 0xec97b100 | 0100 | RGBA_8888    |    0.0    0.0 1080.0  135.0 |    0 2273 1080 2408 | NavigationBar
08-31 19:50:37.468   634   634 D SurfaceFlinger: 0$_15119#0
08-31 19:50:37.468   634   634 D SurfaceFlinger:      DEVICE | 0xec278980 | 0108 | RGBA_8888    |    0.0    0.0 1080.0 2408.0 |    0    0 1080 2408 | BlueLightFilter$_15119#0
08-31 19:50:37.468   634   634 D SurfaceFlinger:
08-31 19:50:37.469 19225 19225 D InsetsSourceConsumer: ensureControlAlpha: for ITYPE_NAVIGATION_BAR on com.example.lunchtray/com.example.lunchtray.MainActivity
08-31 19:50:37.471 19225 19225 D InsetsSourceConsumer: ensureControlAlpha: for ITYPE_STATUS_BAR on com.example.lunchtray/com.example.lunchtray.MainActivity
08-31 19:50:37.474 19225 19225 I ViewRootImpl@23bb8d5[MainActivity]: MSG_WINDOW_FOCUS_CHANGED 1 1
08-31 19:50:37.477 19225 19225 D InputMethodManager: startInputInner - Id : 0
08-31 19:50:37.477 19225 19225 I InputMethodManager: startInputInner - mService.startInputOrWindowGainedFocus
08-31 19:50:37.479 14809 17475 D InputMethodManagerService: mDesktopModeManager null!
08-31 19:50:37.479 14809 17475 V InputMethodManagerService: getDisplayIdOfInputMethodWindowToBeAdded : 0
08-31 19:50:37.480 14809 17475 D InputMethodManagerService: checkDisplayOfStartInputAndUpdateKeyboard display Id 0last 0
08-31 19:50:37.480 14809 17475 D InputTransport: Input channel constructed: 'ClientS', fd=815
08-31 19:50:37.480 14809 17475 D InputTransport: Input channel destroyed: 'ClientS', fd=815
08-31 19:50:37.480 21002 21002 I HBD     : HoneyBoardService onFinishInput
08-31 19:50:37.481 21002 21002 I HBD     : a IC have been unbinding,  InputConnectionWrapper{idHash=#7d26f97 mMissingMethods=}
08-31 19:50:37.481 21002 21002 I HBD     : HoneyBoardService [PF_CL][onFinishInput]  319423 ns
08-31 19:50:37.481 21002 21002 I HBD     : HoneyBoardService [IMI] onStartInput - caller pid : 19225 , caller uid : 10307
08-31 19:50:37.481 21002 21002 I HBD     : j updateConfigs
08-31 19:50:37.481 21002 21002 I HBD     : j isEnabledNightMode : true
08-31 19:50:37.481 21002 21002 I HBD     : a IC have been binding, InputConnectionWrapper{idHash=#bdab16d mMissingMethods=}
08-31 19:50:37.481 21002 21002 I HBD     : h [EditorInputType]setPrivateImeOptionsToTable privateImeOptions ( null )
08-31 19:50:37.481 21002 21002 I HBD     : b incognitoMode : false
08-31 19:50:37.482 21002 21002 I HBD     : a needOff = true , isForceOff = false, isNullInputClass : true
08-31 19:50:37.482 21002 21002 I HBD     : h getDefaultInputRange : UNKNOWN
08-31 19:50:37.482 21002 21002 I HBD     : h getDefaultInputRange : UNKNOWN
08-31 19:50:37.482 21002 21002 I HBD     : h getDefaultInputRange : UNKNOWN
08-31 19:50:37.482   634  1925 I SurfaceFlinger: id=151937 createSurf (0x0),-1 flag=24004, Surface(name=4ce6435 InputMethod)/@0x855123b - animation-leash of insets_animation#0
08-31 19:50:37.485 15119 15827 I ViewRootImpl@359e831[lunchtray]: mWNT: t = android.view.SurfaceControl$Transaction@f969b33 fN = 2 android.view.SyncRtSurfaceTransactionApplier.applyTransaction:94 android.view.SyncRtSurfaceTransactionApplier.lambda$scheduleApply$0$SyncRtSurfaceTransactionApplier:71 android.view.SyncRtSurfaceTransactionApplier$$ExternalSyntheticLambda0.onFrameDraw:4
08-31 19:50:37.485 15119 15827 I ViewRootImpl@359e831[lunchtray]: mWNT: merge t to BBQ
08-31 19:50:37.486 15119 15827 I ViewRootImpl@359e831[lunchtray]: mWNT: t = android.view.SurfaceControl$Transaction@2dbcef0 fN = 2 android.view.SyncRtSurfaceTransactionApplier.applyTransaction:94 android.view.SyncRtSurfaceTransactionApplier.lambda$scheduleApply$0$SyncRtSurfaceTransactionApplier:71 android.view.SyncRtSurfaceTransactionApplier$$ExternalSyntheticLambda0.onFrameDraw:4
08-31 19:50:37.486 15119 15827 I ViewRootImpl@359e831[lunchtray]: mWNT: merge t to BBQ
08-31 19:50:37.488 15119 15282 D MobileStatusTracker(0/1): onSignalStrengthsChanged signalStrength=SignalStrength:{mCdma=Invalid,mGsm=Invalid,mWcdma=Invalid,mTdscdma=Invalid,mLte=CellSignalStrengthLte: rssi=-101 rsrp=-101 rsrq=-12 rssnr=-4 cqiTableIndex=2147483647 cqi=7 ta=2147483647 level=3 parametersUseForLevel=0,mNr=Invalid,SignalBarInfo{ lteLevel=3 },rat=14,primary=CellSignalStrengthLte} level=3
08-31 19:50:37.488 21002 21002 I HBD     : a needOff = true , isForceOff = false, isNullInputClass : true
08-31 19:50:37.488 21002 21002 I HBD     : a update cached prediction status : false
08-31 19:50:37.488 21002 21002 I HBD     : h getDefaultInputRange : UNKNOWN
08-31 19:50:37.488 21002 21002 I HBD     : a currentState : 0
08-31 19:50:37.490 15119 15282 D NetworkController: SignalStrength from intent slotId=0
08-31 19:50:37.491 21002 21002 I HBD     : h load selected json path : /data/user/0/com.samsung.android.honeyboard/files/selected.json
08-31 19:50:37.491 19225 19225 I ViewInteraction: Performing 'single click' action on view view.getId() is <2131231208/com.example.lunchtray:id/start_order_btn>
08-31 19:50:37.492 21002 21002 I HBD     : h load selected json info : {"version":"4.1","currentLanguageOrder":0,"selected":[{"activeOptionList":["auto_spacing"],"engName":"English(India)","id":65555,"inputType":"qwerty","isUsed":true}]}
08-31 19:50:37.492   634   634 I Layer   : id=151921 removeFromCurrentState Surface(name=4ce6435 InputMethod)/@0x855123b - animation-leash of insets_animation#1 (122)
08-31 19:50:37.492   634   634 I SurfaceFlinger: id=151921 Removed Surface(name=4ce6435 InputMethod)/@0x855123b - animation-leash of insets_animation#1 (122)
08-31 19:50:37.493   634   634 I Layer   : id=151921 Destroyed Surface(name=4ce6435 InputMethod)/@0x855123b - animation-leash of insets_animation#1
08-31 19:50:37.495 21002 21002 I HBD     : a [UpdatePolicy] [post] a: 0 cl: 65555 kit: [0/0] vt: 0 ir: 1
08-31 19:50:37.496 21002 21002 I HBD     : HoneyBoardService [PF_OP][onStartInput]  14629154 ns
08-31 19:50:37.497 15119 15828 I ViewRootImpl@359e831[lunchtray]: mWNT: t = android.view.SurfaceControl$Transaction@e446c69 fN = 3 android.view.SyncRtSurfaceTransactionApplier.applyTransaction:94 android.view.SyncRtSurfaceTransactionApplier.lambda$scheduleApply$0$SyncRtSurfaceTransactionApplier:71 android.view.SyncRtSurfaceTransactionApplier$$ExternalSyntheticLambda0.onFrameDraw:4
08-31 19:50:37.497 15119 15828 I ViewRootImpl@359e831[lunchtray]: mWNT: merge t to BBQ
08-31 19:50:37.497 14809 17475 D InputMethodManagerServicePhysicalKey: isConnectedDexOnPC false
08-31 19:50:37.497 14809 17475 D InputMethodManagerService: isImeSwitcherDisabledPackage : false
08-31 19:50:37.499 14809 17475 D InputDispatcher: Inject motion (19225): action=0x0, time=702391559000000, f=0x0, d=0
08-31 19:50:37.500 14809 15283 I SemDvfsHyPerManager: acquire hyper - AMS_RESUME_TAIL/14809@14, type = -999
08-31 19:50:37.500 14809 14940 I InputDispatcher: Delivering touch to (15119): action: 0x4, f=0x0, d=0, 'a8b9824', t=0
08-31 19:50:37.501 14809 15283 I SemDvfsHyPerManager: acquire hyper - AMS_ACT_LAZY/14809@15, type = -999
08-31 19:50:37.501 14809 14940 I InputDispatcher: Delivering touch to (19225): action: 0x0, f=0x0, d=0, 'bf0cdf3', t=0 +(-2,-5)*1.00
08-31 19:50:37.501 14617 14637 I HYPER-HAL: [RequestManager.cpp]acquire(): Acquired ID : 109868090  [14809 / 14]    HINT : AMS_RESUME_TAIL    list :
08-31 19:50:37.503 19225 19225 I ViewRootImpl@23bb8d5[MainActivity]: ViewPostIme pointer 0
08-31 19:50:37.503 14809 14826 I GestureDetector: obtain mCurrentDownEvent. id: -319353742 caller: com.android.server.wm.SystemGesturesPointerEventListener.onPointerEvent:179 com.android.server.wm.PointerEventDispatcher.onInputEvent:71 android.view.InputEventReceiver.dispatchInputEvent:259
08-31 19:50:37.504 14809 14826 I GestureDetector: obtain mCurrentDownEvent. id: -319353742 caller: com.android.server.wm.SystemPerformancePointerEventListener.onPointerEvent:89 com.android.server.wm.PointerEventDispatcher.onInputEvent:71 android.view.InputEventReceiver.dispatchInputEvent:259
08-31 19:50:37.504 14617 14637 I HYPER-HAL: [RequestManager.cpp]releaseLocked(): Released ID : 110060893
08-31 19:50:37.505 15577 15577 W TouchInteractionService: onInputEvent, inputConsumer = com.android.quickstep.-$$Lambda$InputConsumer$cayMJybMMyH-XvJ76yEWjWeqQUo@78d20fe
08-31 19:50:37.510 15119 15827 I ViewRootImpl@359e831[lunchtray]: mWNT: t = android.view.SurfaceControl$Transaction@e6056ee fN = 4 android.view.SyncRtSurfaceTransactionApplier.applyTransaction:94 android.view.SyncRtSurfaceTransactionApplier.lambda$scheduleApply$0$SyncRtSurfaceTransactionApplier:71 android.view.SyncRtSurfaceTransactionApplier$$ExternalSyntheticLambda0.onFrameDraw:4
08-31 19:50:37.510 15119 15827 I ViewRootImpl@359e831[lunchtray]: mWNT: merge t to BBQ
08-31 19:50:37.526 15119 15309 D OpenGLRenderer: setSurface called with nullptr
08-31 19:50:37.526 15119 15309 D OpenGLRenderer: setSurface() destroyed EGLSurface
08-31 19:50:37.527 15119 15309 D OpenGLRenderer: destroyEglSurface
08-31 19:50:37.529 14809 17475 V WindowManager: Relayout Window{e8df376 u0 Splash Screen com.example.lunchtray}: viewVisibility=8 req=1080x2408 d0
08-31 19:50:37.531   634  1925 I SurfaceFlinger: id=151938 createSurf (0x0),-1 flag=24000, Surface(name=e8df376 Splash Screen com.example.lunchtray)/@0x64d9275 - animation-leash of window_animation#0
08-31 19:50:37.537 14809 15283 D InputDispatcher: Inject motion (19225): action=0x1, time=702391600000000, f=0x0, d=0
08-31 19:50:37.537 14809 14940 I InputDispatcher: Delivering touch to (19225): action: 0x1, f=0x0, d=0, 'bf0cdf3', t=1 +(0,-14)*1.00
08-31 19:50:37.538 15577 15577 W TouchInteractionService: reset
08-31 19:50:37.538 19225 19225 I ViewRootImpl@23bb8d5[MainActivity]: ViewPostIme pointer 1
08-31 19:50:37.539 14809 17475 V WindowManager: Relayout hash=e8df376, pid=15119: mAttrs={(0,0)(fillxfill) sim={adjust=pan} ty=APPLICATION_STARTING fmt=TRANSLUCENT wanim=0x1030001
08-31 19:50:37.539 14809 17475 V WindowManager:   fl=81030118
08-31 19:50:37.539 14809 17475 V WindowManager:   pfl=36000010
08-31 19:50:37.539 14809 17475 V WindowManager:   bhv=DEFAULT
08-31 19:50:37.539 14809 17475 V WindowManager:   fitSides= naviIconColor=0}
08-31 19:50:37.539 14809 14826 I GestureDetector: obtain mCurrentMotionEventRaw. action: 1 id: -770028606
08-31 19:50:37.540 15119 15246 I ViewRootImpl@359e831[lunchtray]: Relayout returned: old=(0,0,1080,2408) new=(0,0,1080,2408) req=(1080,2408)8 dur=10 res=0x5 s={false 0} ch=true fn=5
08-31 19:50:37.540 15119 15246 I ViewRootImpl@359e831[lunchtray]: dispatchDetachedFromWindow
08-31 19:50:37.540 14809 14826 I GestureDetector: obtain mCurrentMotionEventRaw. action: 1 id: -770028606
08-31 19:50:37.541 14809 15283 D InputTransport: Input channel destroyed: 'e8df376', fd=687
08-31 19:50:37.541 14809 15283 W InputManager-JNI: Input channel object 'e8df376 Splash Screen com.example.lunchtray (client)' was disposed without first being removed with the input manager!
08-31 19:50:37.541 14809 15283 D InputTransport: Input channel destroyed: 'e8df376', fd=695
08-31 19:50:37.543 15119 15246 D InputTransport: Input channel destroyed: 'e8df376', fd=226
08-31 19:50:37.558   634   634 I Layer   : id=151936 removeFromCurrentState Surface(name=bf0cdf3 com.example.lunchtray/com.example.lunchtray.MainActivity)/@0x256086b - animation-leash of starting_reveal#0 (122)
08-31 19:50:37.569   634   634 D SurfaceFlinger: Display 4633128508267670401 HWC layers:
08-31 19:50:37.569   634   634 D SurfaceFlinger:      DEVICE | 0xebe2f300 | 0102 | RGBA_8888    |    0.0    0.0 1080.0 2408.0 |    0    0 1080 2408 | com.example.lunchtray/com.example.lunchtray.MainActivity$_19225#0
08-31 19:50:37.569   634   634 D SurfaceFlinger:      DEVICE | 0xebe2f480 | 0100 | RGBA_8888    |    0.0    0.0 1080.0 2408.0 |    0    0 1080 2408 | Splash Screen com.example.lunchtray$_15119#0
08-31 19:50:37.569   634   634 D SurfaceFlinger:      CLIENT | 0xec168580 | 0100 | RGBA_8888    |    0.0    0.0 1080.0   66.0 |    0    0 1080   66 | StatusBar$_15119#0
08-31 19:50:37.569   634   634 D SurfaceFlinger:      CLIENT | 0xec277300 | 0100 | RGBA_8888    |    0.0    0.0  388.0   42.0 |  692 2366 1080 2408 | SGestureOverlayWindow$_15577#0
08-31 19:50:37.569   634   634 D SurfaceFlinger:      CLIENT | 0xec97b100 | 0100 | RGBA_8888    |    0.0    0.0 1080.0  135.0 |    0 2273 1080 2408 | NavigationBar0$_15119#0
08-31 19:50:37.569   634   634 D SurfaceFlinger:      DEVICE | 0xec278980 | 0108 | RGBA_8888    |    0.0    0.0 1080.0 2408.0 |    0    0 1080 2408 | BlueLightFilter$_15119#0
08-31 19:50:37.569   634   634 D SurfaceFlinger:
08-31 19:50:37.577  7302  7302 I ViewRootImpl@19ab91b[LauncherActivity]: handleAppVisibility mAppVisible=true visible=false
08-31 19:50:37.577 15577 15577 I ViewRootImpl@6da1f4c[LauncherActivity]: handleAppVisibility mAppVisible=true visible=false
08-31 19:50:37.579 19225 19225 D ScrollView: initGoToTop
08-31 19:50:37.579 15119 19776 D WallpaperService: dispatchAppVisibility onVisibilityChanged(): false
08-31 19:50:37.579 15119 15303 I ImageWallpaper:  onVisibilityChanged false , 0
08-31 19:50:37.579 15119 15119 D WallpaperService: reportVisibility onVisibilityChanged visible: false
08-31 19:50:37.591   634   634 I Layer   : id=151927 removeFromCurrentState Surface(name=Task=1)/@0x7c9ef10 - animation-leash of app_transition#0 (122)
08-31 19:50:37.592   634   634 I SurfaceFlinger: id=151927 Removed Surface(name=Task=1)/@0x7c9ef10 - animation-leash of app_transition#0 (122)
08-31 19:50:37.592   634   634 I Layer   : id=151927 Destroyed Surface(name=Task=1)/@0x7c9ef10 - animation-leash of app_transition#0
08-31 19:50:37.593  7302  7688 D OpenGLRenderer: setSurface called with nullptr
08-31 19:50:37.593  7302  7688 D OpenGLRenderer: setSurface() destroyed EGLSurface
08-31 19:50:37.593  7302  7688 D OpenGLRenderer: destroyEglSurface
08-31 19:50:37.606 14809 17475 V WindowManager: Relayout Window{1f13c62 u0 com.sec.android.app.launcher/com.sec.android.app.launcher.activities.LauncherActivity}: viewVisibility=8 req=1080x2408 d0
08-31 19:50:37.608   634   634 I Layer   : id=151928 removeFromCurrentState Surface(name=Task=1232)/@0x34908bd - animation-leash of app_transition#0 (121)
08-31 19:50:37.608   634   634 I Layer   : id=151926 removeFromCurrentState Splash Screen com.example.lunchtray$_15119#0 (121)
08-31 19:50:37.608   634   634 I Layer   : id=151925 removeFromCurrentState e8df376 Splash Screen com.example.lunchtray#0 (121)
08-31 19:50:37.609   634   634 I Layer   : id=151938 removeFromCurrentState Surface(name=e8df376 Splash Screen com.example.lunchtray)/@0x64d9275 - animation-leash of window_animation#0 (121)
08-31 19:50:37.609 14809 15283 V WindowManager: Relayout Window{d738cd4 u0 com.sec.android.app.launcher/com.sec.android.app.launcher.activities.LauncherActivity}: viewVisibility=8 req=1080x2408 d0
08-31 19:50:37.609   634   634 I SurfaceFlinger: id=151925 Removed e8df376 Splash Screen com.example.lunchtray#0 (121)
08-31 19:50:37.609   634   634 I SurfaceFlinger: id=151926 Removed Splash Screen com.example.lunchtray$_15119#0 (121)
08-31 19:50:37.609   634   634 I SurfaceFlinger: id=151928 Removed Surface(name=Task=1232)/@0x34908bd - animation-leash of app_transition#0 (121)
08-31 19:50:37.609   634   634 I SurfaceFlinger: id=151938 Removed Surface(name=e8df376 Splash Screen com.example.lunchtray)/@0x64d9275 - animation-leash of window_animation#0 (121)
08-31 19:50:37.610   634   634 I Layer   : id=151938 Destroyed Surface(name=e8df376 Splash Screen com.example.lunchtray)/@0x64d9275 - animation-leash of window_animation#0
