08-31 19:50:29.600 19225 19284 I TestRunner: started: order_reset_after_cancel_from_entree_menu(com.example.lunchtray.OrderFunctionalityTests)
08-31 19:50:29.600 19225 19225 D InputTransport: Input channel destroyed: 'fd2baab', fd=93
08-31 19:50:29.604   634   661 I SurfaceFlinger: id=151841 createSurf (0x0),-1 flag=24004, Task=1228#1
08-31 19:50:29.604   634   634 I Layer   : id=151825 removeFromCurrentState com.example.lunchtray/com.example.lunchtray.MainActivity$_19225#0 (119)
08-31 19:50:29.605   634   634 I Layer   : id=151824 removeFromCurrentState fd2baab com.example.lunchtray/com.example.lunchtray.MainActivity#0 (119)
08-31 19:50:29.605   634   634 I SurfaceFlinger: id=151824 Removed fd2baab com.example.lunchtray/com.example.lunchtray.MainActivity#0 (119)
08-31 19:50:29.605   634   634 I SurfaceFlinger: id=151825 Removed com.example.lunchtray/com.example.lunchtray.MainActivity$_19225#0 (119)
08-31 19:50:29.605   634   634 I Layer   : id=151824 Destroyed fd2baab com.example.lunchtray/com.example.lunchtray.MainActivity#0
08-31 19:50:29.605   634   634 I Layer   : id=151825 Destroyed com.example.lunchtray/com.example.lunchtray.MainActivity$_19225#0
08-31 19:50:29.618 19225 19284 W Settings: Setting always_finish_activities has moved from android.provider.Settings.System to android.provider.Settings.Global, returning read-only value.
08-31 19:50:29.621   634   634 I Layer   : id=151823 removeFromCurrentState ActivityRecord{daa7833 u0 com.example.lunchtray/.MainActivity t1228}#0 (117)
08-31 19:50:29.621   634   634 I Layer   : id=151815 removeFromCurrentState Task=1228#0 (117)
08-31 19:50:29.621   634   634 I Layer   : id=151841 removeFromCurrentState Task=1228#1 (117)
08-31 19:50:29.621   634   634 I SurfaceFlinger: id=151823 Removed ActivityRecord{daa7833 u0 com.example.lunchtray/.MainActivity t1228}#0 (117)
08-31 19:50:29.621   634   634 I SurfaceFlinger: id=151841 Removed Task=1228#1 (117)
08-31 19:50:29.622   634   634 I Layer   : id=151823 Destroyed ActivityRecord{daa7833 u0 com.example.lunchtray/.MainActivity t1228}#0
08-31 19:50:29.622   634   634 I Layer   : id=151841 Destroyed Task=1228#1
08-31 19:50:29.631 15577 15577 I RecentsView: onTaskRemoved() taskId : 1228
08-31 19:50:29.631 15577 15577 I RecentsView: onTaskRemoved() taskId : 1228
08-31 19:50:29.647 14809 15928 D PkgPredictorService-IpmAdcpController: create a new DexPreloadTask pkg:com.example.lunchtray  path:/data/app/~~gbmHt4QFZFuUz7nOvKmpFQ==/com.example.lunchtray-THkiE5ocQARudvzX67_P5w==
08-31 19:50:29.647 14809 15454 I SemDvfsHyPerManager: acquire hyper - AMS_APP_SWITCH/14809@27, type = -999
08-31 19:50:29.647 14617 14637 I HYPER-HAL: [RequestManager.cpp]acquire(): Acquired ID : 110060893  [14809 / 27]    HINT : AMS_APP_SWITCH    list :
08-31 19:50:29.649   634   662 I SurfaceFlinger: id=151842 createSurf (0x0),-1 flag=24004, Task=1229#0
08-31 19:50:29.649 16623 16623 I SemDvfsHyPerManager: acquire hyper - APP_START_SHORT/16623@15, type = -999
08-31 19:50:29.650 14617 14637 I HYPER-HAL: [RequestManager.cpp]acquire(): Acquired ID : 138419856  [16623 / 15]    HINT : APP_START    list : [TIMEOUT / 1500]
08-31 19:50:29.655   634   662 I SurfaceFlinger: id=151843 createSurf (0x0),-1 flag=80004, ActivityRecord{e095f1a u0 com.example.lunchtray/androidx.test.core.app.InstrumentationActivityInvoker$BootstrapActivity t1229}#0
08-31 19:50:29.666 14809 15283 I SemDvfsHyPerManager: acquire hyper - AMS_APP_LAUNCH/14809@13, type = -999
08-31 19:50:29.666 14617 14637 I HYPER-HAL: [RequestManager.cpp]acquire(): Acquired ID : 109853266  [14809 / 13]    HINT : AMS_APP_LAUNCH    list :
08-31 19:50:29.667 16623 16623 I SemDvfsHyPerManager: acquire hyper - APP_START/16623@16, type = -999
08-31 19:50:29.668 14617 14637 I HYPER-HAL: [RequestManager.cpp]acquire(): Acquired ID : 138436496  [16623 / 16]    HINT : APP_START    list :
08-31 19:50:29.670 15577 15577 I BaseActivity: removeActivityFlags, flags : 16
08-31 19:50:29.670 15577 15577 I BaseActivity: removeActivityFlags, flags : 6
08-31 19:50:29.670 15577 15577 I DragController: endDrag
08-31 19:50:29.670 15577 15577 W LauncherAppWidgetHost: setShouldListenFlag, mFlags:15 flag:resume on:false isFront:false
08-31 19:50:29.671 14809 14891 D InputTransport: Input channel constructed: '1ce52e6', fd=833
08-31 19:50:29.671 14809 14891 D InputTransport: Input channel constructed: '1ce52e6', fd=840
08-31 19:50:29.671 14809 14891 D InputTransport: Input channel constructed: '1ce52e6', fd=841
08-31 19:50:29.672   634   662 I SurfaceFlinger: id=151844 createSurf (0x0),-1 flag=80004, 1ce52e6 Splash Screen com.example.lunchtray#0
08-31 19:50:29.673 14809 14891 D InputTransport: Input channel destroyed: '1ce52e6', fd=841
08-31 19:50:29.674 15577 15577 I DecorView: notifyKeepScreenOnChanged: keepScreenOn=false
08-31 19:50:29.674 15119 15246 I ViewRootImpl@8605419[lunchtray]: setView = android.widget.FrameLayout@116f98c TM=true
08-31 19:50:29.676 15577 15577 I SPayUpdater: updateSpayHandler launcher activity is paused false
08-31 19:50:29.681 15119 15119 D PipMotionHelper: animateToOffset: originalBounds=Rect(495, 2017 - 1035, 2321) offset=0 callers=
08-31 19:50:29.681 15119 15119 D PipMotionHelper:     com.android.wm.shell.pip.phone.PipTouchHandler.onMovementBoundsChanged:482
08-31 19:50:29.681 15119 15119 D PipMotionHelper:     com.android.wm.shell.pip.phone.PipController.updateMovementBounds:712
08-31 19:50:29.681 15119 15119 D PipMotionHelper:     com.android.wm.shell.pip.phone.PipController.lambda$init$3:351
08-31 19:50:29.681 15119 15119 D PipMotionHelper:     com.android.wm.shell.pip.phone.PipController.$r8$lambda$u15Oj_b57njSWegfZTV6TpliGaw:0
08-31 19:50:29.681 15119 15119 D PipMotionHelper:     com.android.wm.shell.pip.phone.PipController$$ExternalSyntheticLambda0.accept:8
08-31 19:50:29.687 14809 14891 D InputDispatcher: Focused application set to (0): e095f1a
08-31 19:50:29.700 14809 15283 V WindowManager: Relayout Window{1ce52e6 u0 Splash Screen com.example.lunchtray}: viewVisibility=0 req=1080x2408 d0
08-31 19:50:29.701   634   807 I SurfaceFlinger: id=151845 createSurf (1080x2408),-3 flag=40004, Splash Screen com.example.lunchtray$_15119#0
08-31 19:50:29.704 14701 15029 I bauth_FPBAuthService: pcf : 0x1012, 0 ,2 ,0 ,0 ,0 ,2, 0.0.0.0
08-31 19:50:29.704 14701 15029 I bauth_FPBAuthService: thread id : 2, preenroll_flag : 0, nd cnt : 1, cso : 3, et : 0
08-31 19:50:29.704 14701 15029 I bauth_FPBAuthService: FPBAuthService, 11756
08-31 19:50:29.710 14809 15283 V WindowManager: Relayout hash=1ce52e6, pid=15119: mAttrs={(0,0)(fillxfill) sim={adjust=pan} ty=APPLICATION_STARTING fmt=TRANSLUCENT wanim=0x1030001
08-31 19:50:29.710 14809 15283 V WindowManager:   fl=81030118
08-31 19:50:29.710 14809 15283 V WindowManager:   pfl=36000010
08-31 19:50:29.710 14809 15283 V WindowManager:   bhv=DEFAULT
08-31 19:50:29.710 14809 15283 V WindowManager:   fitSides= naviIconColor=0}
08-31 19:50:29.711 14809 14891 V WindowManager: Relayout Window{d738cd4 u0 com.sec.android.app.launcher/com.sec.android.app.launcher.activities.LauncherActivity}: viewVisibility=0 req=1080x2408 d0
08-31 19:50:29.712 15119 15246 I ViewRootImpl@8605419[lunchtray]: Relayout returned: old=(0,0,1080,2408) new=(0,0,1080,2408) req=(1080,2408)0 dur=34 res=0x7 s={true 3141377024} ch=true fn=-1
08-31 19:50:29.714 15119 15309 D OpenGLRenderer: eglCreateWindowSurface
08-31 19:50:29.717 14809 14891 V WindowManager: Relayout hash=d738cd4, pid=15577: mAttrs={(0,0)(fillxfill) sim={adjust=nothing} layoutInDisplayCutoutMode=shortEdges ty=BASE_APPLICATION fmt=TRANSPARENT wanim=0x10302f2
08-31 19:50:29.717 14809 14891 V WindowManager:   fl=81910100
08-31 19:50:29.717 14809 14891 V WindowManager:   pfl=1e020040
08-31 19:50:29.717 14809 14891 V WindowManager:   vsysui=1700
08-31 19:50:29.717 14809 14891 V WindowManager:   bhv=SHOW_TRANSIENT_BARS_BY_SWIPE
08-31 19:50:29.717 14809 14891 V WindowManager:   fitSides= naviIconColor=0}
08-31 19:50:29.718 15119 15246 I ViewRootImpl@8605419[lunchtray]: [DP] dp(1) 0 android.view.ViewRootImpl.reportNextDraw:11410 android.view.ViewRootImpl.performTraversals:4185 android.view.ViewRootImpl.doTraversal:2911
08-31 19:50:29.718 15577 15577 I ViewRootImpl@6da1f4c[LauncherActivity]: Relayout returned: old=(0,0,1080,2408) new=(0,0,1080,2408) req=(1080,2408)0 dur=18 res=0x1 s={true 3225331712} ch=false fn=9
08-31 19:50:29.718 15119 15246 D ViewRootImpl@8605419[lunchtray]: Creating frameDrawingCallback nextDrawUseBlastSync=false reportNextDraw=true hasBlurUpdates=false
08-31 19:50:29.718 15119 15246 D ViewRootImpl@8605419[lunchtray]: Creating frameCompleteCallback
08-31 19:50:29.720 15119 15828 D ViewRootImpl@8605419[lunchtray]: Received frameDrawingCallback frameNum=1. Creating transactionCompleteCallback=false
08-31 19:50:29.722 19225 19225 D LifecycleMonitor: Lifecycle status change: androidx.test.core.app.InstrumentationActivityInvoker$BootstrapActivity@d01ea44 in: PRE_ON_CREATE
08-31 19:50:29.723 14809 15283 D InputDispatcher: Focus left window (0): d738cd4 com.sec.android.app.launcher/com.sec.android.app.launcher.activities.LauncherActivity
08-31 19:50:29.724 15577 15577 I ViewRootImpl@6da1f4c[LauncherActivity]: MSG_WINDOW_FOCUS_CHANGED 0 1
08-31 19:50:29.725 15577 15577 I BaseActivity: removeActivityFlags, flags : 8
08-31 19:50:29.727 19225 19225 V ActivityScenario: Activity lifecycle changed event received but ignored because the intent does not match. startActivityIntent=Intent { act=android.intent.action.MAIN cat=[android.intent.category.LAUNCHER] cmp=com.example.lunchtray/.MainActivity }, activity.getIntent()=Intent { act=android.intent.action.MAIN cat=[android.intent.category.LAUNCHER] flg=0x10008000 cmp=com.example.lunchtray/androidx.test.core.app.InstrumentationActivityInvoker$BootstrapActivity (has extras) }, activity=androidx.test.core.app.InstrumentationActivityInvoker$BootstrapActivity@d01ea44
08-31 19:50:29.729 15119 15309 D ViewRootImpl@8605419[lunchtray]: Received frameCompleteCallback  lastAcquiredFrameNum=1 lastAttemptedDrawFrameNum=1
08-31 19:50:29.730 19225 19225 V ActivityScenario: Activity lifecycle changed event received but ignored because the intent does not match. startActivityIntent=Intent { act=android.intent.action.MAIN cat=[android.intent.category.LAUNCHER] cmp=com.example.lunchtray/.MainActivity }, activity.getIntent()=Intent { act=android.intent.action.MAIN cat=[android.intent.category.LAUNCHER] flg=0x10008000 cmp=com.example.lunchtray/androidx.test.core.app.InstrumentationActivityInvoker$BootstrapActivity (has extras) }, activity=androidx.test.core.app.InstrumentationActivityInvoker$BootstrapActivity@d01ea44
08-31 19:50:29.732 15119 15246 I ViewRootImpl@8605419[lunchtray]: [DP] pdf(0) 0 android.view.ViewRootImpl.lambda$addFrameCompleteCallbackIfNeeded$3$ViewRootImpl:4987 android.view.ViewRootImpl$$ExternalSyntheticLambda16.run:6 android.os.Handler.handleCallback:938
08-31 19:50:29.732 15119 15246 I ViewRootImpl@8605419[lunchtray]: [DP] rdf()
08-31 19:50:29.732 15119 15246 D ViewRootImpl@8605419[lunchtray]: reportDrawFinished (fn: -1)
08-31 19:50:29.733 19225 19225 V ActivityScenario: Activity lifecycle changed event received but ignored because the intent does not match. startActivityIntent=Intent { act=android.intent.action.MAIN cat=[android.intent.category.LAUNCHER] cmp=com.example.lunchtray/.MainActivity }, activity.getIntent()=Intent { act=android.intent.action.MAIN cat=[android.intent.category.LAUNCHER] flg=0x10008000 cmp=com.example.lunchtray/androidx.test.core.app.InstrumentationActivityInvoker$BootstrapActivity (has extras) }, activity=androidx.test.core.app.InstrumentationActivityInvoker$BootstrapActivity@d01ea44
08-31 19:50:29.739 15577 15577 I BadgeRenderer: Invalid count : 0
08-31 19:50:29.740 15577 15577 I BadgeRenderer: Invalid count : 0
08-31 19:50:29.740 15577 15577 I BadgeRenderer: Invalid count : 0
08-31 19:50:29.744   634   662 I SurfaceFlinger: id=151846 createSurf (0x0),-1 flag=24000, Surface(name=Task=1)/@0x7c9ef10 - animation-leash of app_transition#0
08-31 19:50:29.744 15119 15119 D FullscreenTaskListener: Fullscreen Task Appeared: #1229, caller=com.android.wm.shell.ShellTaskOrganizer.onTaskAppeared:387 com.android.wm.shell.ShellTaskOrganizer.onTaskAppeared:376 android.window.TaskOrganizer$1.lambda$onTaskAppeared$4$TaskOrganizer$1:297
08-31 19:50:29.750   634   807 I SurfaceFlinger: id=151847 createSurf (0x0),-1 flag=24004, Surface(name=Task=1229)/@0x587c2ca - animation-leash of app_transition#0
08-31 19:50:29.754   634   807 I SurfaceFlinger: id=151848 createSurf (0x0),-1 flag=24000, Surface(name=886bbf6 StatusBar)/@0x2d7ebf5 - animation-leash of insets_animation#1
08-31 19:50:29.756   634   662 I SurfaceFlinger: id=151849 createSurf (0x0),-1 flag=24000, Surface(name=a8b9824 NavigationBar0)/@0x196e818 - animation-leash of insets_animation#1
08-31 19:50:29.758 14617 19378 I HYPER-HAL: [RequestManager.cpp]releaseLocked(): Released ID : 110046056
08-31 19:50:29.761 15119 15246 D InsetsSourceConsumer: ensureControlAlpha: for ITYPE_NAVIGATION_BAR on Splash Screen com.example.lunchtray
08-31 19:50:29.762 15119 15246 D InsetsSourceConsumer: ensureControlAlpha: for ITYPE_STATUS_BAR on Splash Screen com.example.lunchtray
08-31 19:50:29.769 14809 14828 I SemPersonaManager: SecureFolder personaId = 10
08-31 19:50:29.771 15577 29018 I TouchInteractionService: onSystemUiStateChanged, stateFlags : 131072
08-31 19:50:29.771   634   634 I Layer   : id=151833 removeFromCurrentState Surface(name=886bbf6 StatusBar)/@0x2d7ebf5 - animation-leash of insets_animation#0 (123)
08-31 19:50:29.772   634   634 I Layer   : id=151834 removeFromCurrentState Surface(name=a8b9824 NavigationBar0)/@0x196e818 - animation-leash of insets_animation#0 (123)
08-31 19:50:29.772   634   634 I SurfaceFlinger: id=151833 Removed Surface(name=886bbf6 StatusBar)/@0x2d7ebf5 - animation-leash of insets_animation#0 (123)
08-31 19:50:29.772   634   634 I SurfaceFlinger: id=151834 Removed Surface(name=a8b9824 NavigationBar0)/@0x196e818 - animation-leash of insets_animation#0 (123)
08-31 19:50:29.772   634   634 I Layer   : id=151833 Destroyed Surface(name=886bbf6 StatusBar)/@0x2d7ebf5 - animation-leash of insets_animation#0
08-31 19:50:29.772   634   634 I Layer   : id=151834 Destroyed Surface(name=a8b9824 NavigationBar0)/@0x196e818 - animation-leash of insets_animation#0
08-31 19:50:29.773 15577 15577 W SGestureOverlayWindow: setVisibilityGestureOverlayWindow, visibility = 0
08-31 19:50:29.773 15577 15577 I TouchInteractionService: onSystemUiFlagsChanged, userUnlocked
08-31 19:50:29.777 19225 19225 I DecorView: [INFO] isPopOver=false, config=true
08-31 19:50:29.778 19225 19225 I DecorView: updateCaptionType >> DecorView@79a1462[], isFloating=false, isApplication=true, hasWindowControllerCallback=true, hasWindowDecorCaption=false
08-31 19:50:29.778 19225 19225 D DecorView: setCaptionType = 0, this = DecorView@79a1462[]
08-31 19:50:29.781 14809 14828 D EnterpriseDeviceManagerService: isMdmAdminPresentInternal() : MDM Admin Found - com.samsung.android.knox.containercore
08-31 19:50:29.784 19225 19225 I DecorView: getCurrentDensityDpi: from real metrics. densityDpi=450 msg=resources_loaded
08-31 19:50:29.786 19225 19225 D LifecycleMonitor: Lifecycle status change: androidx.test.core.app.InstrumentationActivityInvoker$BootstrapActivity@d01ea44 in: CREATED
08-31 19:50:29.788 19225 19225 V ActivityScenario: Activity lifecycle changed event received but ignored because the intent does not match. startActivityIntent=Intent { act=android.intent.action.MAIN cat=[android.intent.category.LAUNCHER] cmp=com.example.lunchtray/.MainActivity }, activity.getIntent()=Intent { act=android.intent.action.MAIN cat=[android.intent.category.LAUNCHER] flg=0x10008000 cmp=com.example.lunchtray/androidx.test.core.app.InstrumentationActivityInvoker$BootstrapActivity (has extras) }, activity=androidx.test.core.app.InstrumentationActivityInvoker$BootstrapActivity@d01ea44
08-31 19:50:29.790 19225 19225 V ActivityScenario: Activity lifecycle changed event received but ignored because the intent does not match. startActivityIntent=Intent { act=android.intent.action.MAIN cat=[android.intent.category.LAUNCHER] cmp=com.example.lunchtray/.MainActivity }, activity.getIntent()=Intent { act=android.intent.action.MAIN cat=[android.intent.category.LAUNCHER] flg=0x10008000 cmp=com.example.lunchtray/androidx.test.core.app.InstrumentationActivityInvoker$BootstrapActivity (has extras) }, activity=androidx.test.core.app.InstrumentationActivityInvoker$BootstrapActivity@d01ea44
08-31 19:50:29.791 19225 19225 V ActivityScenario: Activity lifecycle changed event received but ignored because the intent does not match. startActivityIntent=Intent { act=android.intent.action.MAIN cat=[android.intent.category.LAUNCHER] cmp=com.example.lunchtray/.MainActivity }, activity.getIntent()=Intent { act=android.intent.action.MAIN cat=[android.intent.category.LAUNCHER] flg=0x10008000 cmp=com.example.lunchtray/androidx.test.core.app.InstrumentationActivityInvoker$BootstrapActivity (has extras) }, activity=androidx.test.core.app.InstrumentationActivityInvoker$BootstrapActivity@d01ea44
08-31 19:50:29.796 14809 16178 I MediaSessionMonitor: Media session stopped : controllerList empty
08-31 19:50:29.797   634   634 D SurfaceFlinger: Display 4633128508267670401 HWC layers:
08-31 19:50:29.797   634   634 D SurfaceFlinger:      DEVICE | 0xeb9b9080 | 0100 | RGBx_8888    |  335.0    0.0 1415.0 2408.0 |    0    0 1080 2408 | Wallpaper BBQ wrapper#0
08-31 19:50:29.797   634   634 D SurfaceFlinger:      DEVICE | 0xebe30980 | 0100 | RGBA_8888    |    0.0    0.0 1080.0 2408.0 |    0    0 1080 2408 | com.sec.android.app.launcher/com.sec[...]activities.LauncherActivity$_15577#0
08-31 19:50:29.797   634   634 D SurfaceFlinger:      CLIENT | 0xebd4e900 | 0100 | RGBA_8888    |    0.0    0.0 1080.0 2408.0 |   67  150 1013 2258 | Splash Screen com.example.lunchtray$_15119#0
08-31 19:50:29.797   634   634 D SurfaceFlinger:      CLIENT | 0xebe30c80 | 0100 | RGBA_8888    |    0.0    0.0 1080.0   66.0 |    0    0 1080   66 | StatusBar$_15119#0
08-31 19:50:29.797   634   634 D SurfaceFlinger:      CLIENT | 0xec277300 | 0100 | RGBA_8888    |    0.0    0.0  388.0   42.0 |  692 2366 1080 2408 | SGestureOverlayWindow$_15577#0
08-31 19:50:29.797   634   634 D SurfaceFlinger:      CLIENT | 0xec97b100 | 0100 | RGBA_8888    |    0.0    0.0 1080.0  135.0 |    0 2273 1080 2408 | NavigationBar0$_15119#0
08-31 19:50:29.797   634   634 D SurfaceFlinger:      DEVICE | 0xec278980 | 0108 | RGBA_8888    |    0.0    0.0 1080.0 2408.0 |    0    0 1080 2408 | BlueLightFilter$_15119#0
08-31 19:50:29.797   634   634 D SurfaceFlinger:
08-31 19:50:29.799 19225 19225 D LifecycleMonitor: Lifecycle status change: androidx.test.core.app.InstrumentationActivityInvoker$BootstrapActivity@d01ea44 in: STARTED
08-31 19:50:29.800 19225 19225 V ActivityScenario: Activity lifecycle changed event received but ignored because the intent does not match. startActivityIntent=Intent { act=android.intent.action.MAIN cat=[android.intent.category.LAUNCHER] cmp=com.example.lunchtray/.MainActivity }, activity.getIntent()=Intent { act=android.intent.action.MAIN cat=[android.intent.category.LAUNCHER] flg=0x10008000 cmp=com.example.lunchtray/androidx.test.core.app.InstrumentationActivityInvoker$BootstrapActivity (has extras) }, activity=androidx.test.core.app.InstrumentationActivityInvoker$BootstrapActivity@d01ea44
08-31 19:50:29.802 19225 19225 V ActivityScenario: Activity lifecycle changed event received but ignored because the intent does not match. startActivityIntent=Intent { act=android.intent.action.MAIN cat=[android.intent.category.LAUNCHER] cmp=com.example.lunchtray/.MainActivity }, activity.getIntent()=Intent { act=android.intent.action.MAIN cat=[android.intent.category.LAUNCHER] flg=0x10008000 cmp=com.example.lunchtray/androidx.test.core.app.InstrumentationActivityInvoker$BootstrapActivity (has extras) }, activity=androidx.test.core.app.InstrumentationActivityInvoker$BootstrapActivity@d01ea44
08-31 19:50:29.804 19225 19225 V ActivityScenario: Activity lifecycle changed event received but ignored because the intent does not match. startActivityIntent=Intent { act=android.intent.action.MAIN cat=[android.intent.category.LAUNCHER] cmp=com.example.lunchtray/.MainActivity }, activity.getIntent()=Intent { act=android.intent.action.MAIN cat=[android.intent.category.LAUNCHER] flg=0x10008000 cmp=com.example.lunchtray/androidx.test.core.app.InstrumentationActivityInvoker$BootstrapActivity (has extras) }, activity=androidx.test.core.app.InstrumentationActivityInvoker$BootstrapActivity@d01ea44
08-31 19:50:29.804 15577 29018 I RecentModel: onTaskStackChangedBackground
08-31 19:50:29.808 15577 29018 I RecentTasksList: getTaskKeys, numTasks :3 callback : com.android.quickstep.-$$Lambda$RecentsModel$k1Mm-BV64Bc89eJHYugywZmW_Js@20fa2ef
08-31 19:50:29.814 15577 15645 I RecentTasksList: loadTasksInBackground() task id : 1229
08-31 19:50:29.820   634   661 I SurfaceFlinger: id=151850 createSurf (0x0),-1 flag=80004, ActivityRecord{5941a2b u0 com.example.lunchtray/.MainActivity t1229}#0
08-31 19:50:29.832 15119 23724 I ViewRootImpl@8605419[lunchtray]: Resizing android.view.ViewRootImpl@51918d5: frame=[0,0][1080,2408] reportDraw=false forceLayout=false backDropFrame=Rect(0, 0 - 1080, 2408)
08-31 19:50:29.834 19225 19225 D LifecycleMonitor: Lifecycle status change: androidx.test.core.app.InstrumentationActivityInvoker$BootstrapActivity@d01ea44 in: RESUMED
08-31 19:50:29.835 15119 15246 I ViewRootImpl@8605419[lunchtray]: handleResized, msg = 4 frames=ClientWindowFrames{frame=[0,0][1080,2408] display=[0,0][1080,2408] backdrop=[0,0][1080,2408]} forceNextWindowRelayout=false displayId=0 frameChanged=false backdropFrameChanged=false configChanged=false displayChanged=false mNextDrawUseBlastSync=false mergedConfiguration={mGlobalConfig={0.9 404mcc40mnc [en_IN] ldltr sw384dp w384dp h817dp 450dpi nrml long port night finger -keyb/v/h -nav/h winConfig={ mBounds=Rect(0, 0 - 1080, 2408) mAppBounds=Rect(0, 65 - 1080, 2366) mMaxBounds=Rect(0, 0 - 1080, 2408) mWindowingMode=fullscreen mDisplayWindowingMode=fullscreen mActivityType=undefined mAlwaysOnTop=undefined mRotation=ROTATION_0 mPopOver=undefined mFreeformTaskPinningState=undefined} s.3042 fontWeightAdjustment=0 ff=0 bf=0 bts=0 enb/d themeSeq=0} mOverrideConfig={0.9 404mcc40mnc [en_IN] ldltr sw384dp w384dp h817dp 450dpi nrml long port night finger -keyb/v/h -nav/h winConfig={ mBounds=Rect(0, 0 - 1080, 2408) mAppBounds=Rect(0, 65 - 1080, 2366) mMaxBounds=Rect(0, 0 - 1080, 2408) mWindowingMode=fullscreen mDisplayWindowingMode=fullscreen mActivityType=standard mAlwaysOnTop=undefined mRotation=ROTATION_0 mPopOver=off mFreeformTaskPinningState=unpinned} s.1 fontWeightAdjustment=0 ff=0 bf=0 bts=0 enb/d themeSeq=0}}
08-31 19:50:29.835 19225 19225 V ActivityScenario: Activity lifecycle changed event received but ignored because the intent does not match. startActivityIntent=Intent { act=android.intent.action.MAIN cat=[android.intent.category.LAUNCHER] cmp=com.example.lunchtray/.MainActivity }, activity.getIntent()=Intent { act=android.intent.action.MAIN cat=[android.intent.category.LAUNCHER] flg=0x10008000 cmp=com.example.lunchtray/androidx.test.core.app.InstrumentationActivityInvoker$BootstrapActivity (has extras) }, activity=androidx.test.core.app.InstrumentationActivityInvoker$BootstrapActivity@d01ea44
08-31 19:50:29.836 14809 14828 D PersonaActivityHelper: Activity not in resumed state, do not run immediate lock
08-31 19:50:29.838 19225 19225 V ActivityScenario: Activity lifecycle changed event received but ignored because the intent does not match. startActivityIntent=Intent { act=android.intent.action.MAIN cat=[android.intent.category.LAUNCHER] cmp=com.example.lunchtray/.MainActivity }, activity.getIntent()=Intent { act=android.intent.action.MAIN cat=[android.intent.category.LAUNCHER] flg=0x10008000 cmp=com.example.lunchtray/androidx.test.core.app.InstrumentationActivityInvoker$BootstrapActivity (has extras) }, activity=androidx.test.core.app.InstrumentationActivityInvoker$BootstrapActivity@d01ea44
08-31 19:50:29.840 19225 19225 V ActivityScenario: Activity lifecycle changed event received but ignored because the intent does not match. startActivityIntent=Intent { act=android.intent.action.MAIN cat=[android.intent.category.LAUNCHER] cmp=com.example.lunchtray/.MainActivity }, activity.getIntent()=Intent { act=android.intent.action.MAIN cat=[android.intent.category.LAUNCHER] flg=0x10008000 cmp=com.example.lunchtray/androidx.test.core.app.InstrumentationActivityInvoker$BootstrapActivity (has extras) }, activity=androidx.test.core.app.InstrumentationActivityInvoker$BootstrapActivity@d01ea44
08-31 19:50:29.845 19225 19225 D LifecycleMonitor: Lifecycle status change: androidx.test.core.app.InstrumentationActivityInvoker$BootstrapActivity@d01ea44 in: PAUSED
08-31 19:50:29.848 19225 19225 V ActivityScenario: Activity lifecycle changed event received but ignored because the intent does not match. startActivityIntent=Intent { act=android.intent.action.MAIN cat=[android.intent.category.LAUNCHER] cmp=com.example.lunchtray/.MainActivity }, activity.getIntent()=Intent { act=android.intent.action.MAIN cat=[android.intent.category.LAUNCHER] flg=0x10008000 cmp=com.example.lunchtray/androidx.test.core.app.InstrumentationActivityInvoker$BootstrapActivity (has extras) }, activity=androidx.test.core.app.InstrumentationActivityInvoker$BootstrapActivity@d01ea44
08-31 19:50:29.849 19225 19225 V ActivityScenario: Activity lifecycle changed event received but ignored because the intent does not match. startActivityIntent=Intent { act=android.intent.action.MAIN cat=[android.intent.category.LAUNCHER] cmp=com.example.lunchtray/.MainActivity }, activity.getIntent()=Intent { act=android.intent.action.MAIN cat=[android.intent.category.LAUNCHER] flg=0x10008000 cmp=com.example.lunchtray/androidx.test.core.app.InstrumentationActivityInvoker$BootstrapActivity (has extras) }, activity=androidx.test.core.app.InstrumentationActivityInvoker$BootstrapActivity@d01ea44
08-31 19:50:29.850 19225 19225 V ActivityScenario: Activity lifecycle changed event received but ignored because the intent does not match. startActivityIntent=Intent { act=android.intent.action.MAIN cat=[android.intent.category.LAUNCHER] cmp=com.example.lunchtray/.MainActivity }, activity.getIntent()=Intent { act=android.intent.action.MAIN cat=[android.intent.category.LAUNCHER] flg=0x10008000 cmp=com.example.lunchtray/androidx.test.core.app.InstrumentationActivityInvoker$BootstrapActivity (has extras) }, activity=androidx.test.core.app.InstrumentationActivityInvoker$BootstrapActivity@d01ea44
08-31 19:50:29.864 14809 15286 D InputDispatcher: Focused application set to (0): 5941a2b
08-31 19:50:29.879 14809 14828 I SemPersonaManager: SecureFolder personaId = 10
08-31 19:50:29.890 19225 19225 D LifecycleMonitor: Lifecycle status change: com.example.lunchtray.MainActivity@abf024f in: PRE_ON_CREATE
08-31 19:50:29.890 14809 14828 D EnterpriseDeviceManagerService: isMdmAdminPresentInternal() : MDM Admin Found - com.samsung.android.knox.containercore
08-31 19:50:29.891 19225 19225 V ActivityScenario: Activity lifecycle changed event received but ignored because the reported transition was not ON_CREATE while the last known transition was DESTROYED
08-31 19:50:29.893 19225 19225 V ActivityScenario: Activity lifecycle changed event received but ignored because the reported transition was not ON_CREATE while the last known transition was DESTROYED
08-31 19:50:29.896 19225 19225 V ActivityScenario: Activity lifecycle changed event received but ignored because the reported transition was not ON_CREATE while the last known transition was PRE_ON_CREATE
08-31 19:50:29.898 14809 16178 I MediaSessionMonitor: Media session stopped : controllerList empty
08-31 19:50:29.929 19225 19225 I DecorView: [INFO] isPopOver=false, config=true
08-31 19:50:29.929 19225 19225 I DecorView: updateCaptionType >> DecorView@d785e28[], isFloating=false, isApplication=true, hasWindowControllerCallback=true, hasWindowDecorCaption=false
08-31 19:50:29.929 19225 19225 D DecorView: setCaptionType = 0, this = DecorView@d785e28[]
08-31 19:50:29.933 19225 19225 I DecorView: getCurrentDensityDpi: from real metrics. densityDpi=450 msg=resources_loaded
08-31 19:50:29.969 15577 29018 I RecentModel: onTaskStackChangedBackground
08-31 19:50:29.969 19225 19225 D LifecycleMonitor: Lifecycle status change: com.example.lunchtray.MainActivity@abf024f in: CREATED
08-31 19:50:29.970 15577 29018 I RecentTasksList: getTaskKeys, numTasks :3 callback : com.android.quickstep.-$$Lambda$RecentsModel$k1Mm-BV64Bc89eJHYugywZmW_Js@82761fc
08-31 19:50:29.970 19225 19225 V ActivityScenario: Update currentActivityStage to CREATED, currentActivity=com.example.lunchtray.MainActivity@abf024f
08-31 19:50:29.972 19225 19225 V ActivityScenario: Update currentActivityStage to CREATED, currentActivity=com.example.lunchtray.MainActivity@abf024f
08-31 19:50:29.973 15577 15645 I RecentTasksList: loadTasksInBackground() task id : 1229
08-31 19:50:29.973 19225 19225 V ActivityScenario: Update currentActivityStage to CREATED, currentActivity=com.example.lunchtray.MainActivity@abf024f
08-31 19:50:30.004 19225 19225 D LifecycleMonitor: Lifecycle status change: com.example.lunchtray.MainActivity@abf024f in: STARTED
08-31 19:50:30.005 19225 19225 V ActivityScenario: Update currentActivityStage to STARTED, currentActivity=com.example.lunchtray.MainActivity@abf024f
08-31 19:50:30.006 19225 19225 V ActivityScenario: Update currentActivityStage to STARTED, currentActivity=com.example.lunchtray.MainActivity@abf024f
08-31 19:50:30.008 19225 19225 V ActivityScenario: Update currentActivityStage to STARTED, currentActivity=com.example.lunchtray.MainActivity@abf024f
08-31 19:50:30.013 19225 19225 D LifecycleMonitor: Lifecycle status change: com.example.lunchtray.MainActivity@abf024f in: RESUMED
08-31 19:50:30.014 19225 19225 V ActivityScenario: Update currentActivityStage to RESUMED, currentActivity=com.example.lunchtray.MainActivity@abf024f
08-31 19:50:30.015 19225 19225 V ActivityScenario: Update currentActivityStage to RESUMED, currentActivity=com.example.lunchtray.MainActivity@abf024f
08-31 19:50:30.016 19225 19225 V ActivityScenario: Update currentActivityStage to RESUMED, currentActivity=com.example.lunchtray.MainActivity@abf024f
08-31 19:50:30.028 14809 15286 D InputTransport: Input channel constructed: '6c4259 ', fd=847
08-31 19:50:30.029 14809 15286 D InputTransport: Input channel constructed: '6c4259 ', fd=849
08-31 19:50:30.029 14809 15286 D InputTransport: Input channel constructed: '6c4259 ', fd=853
08-31 19:50:30.030   634   662 I SurfaceFlinger: id=151851 createSurf (0x0),-1 flag=80004, 6c4259 com.example.lunchtray/com.example.lunchtray.MainActivity#0
08-31 19:50:30.032 14809 15286 D InputTransport: Input channel destroyed: '6c4259 ', fd=853
08-31 19:50:30.034 19225 19225 I ViewRootImpl@2decce[MainActivity]: setView = com.android.internal.policy.DecorView@d785e28 TM=true
08-31 19:50:30.036 14809 14868 D AnalyticsContainerHandler: handleMessage : { when=0 what=1 target=com.android.server.knox.KnoxAnalyticsContainer$AnalyticsHandler }
08-31 19:50:30.063 14809 15286 V WindowManager: Relayout Window{6c4259 u0 com.example.lunchtray/com.example.lunchtray.MainActivity}: viewVisibility=0 req=1080x2408 d0
08-31 19:50:30.064   634  1925 I SurfaceFlinger: id=151852 createSurf (1x1),-3 flag=40004, com.example.lunchtray/com.example.lunchtray.MainActivity$_19225#0
08-31 19:50:30.070   634  1925 I SurfaceFlinger: id=151853 createSurf (0x0),-1 flag=24000, Surface(name=886bbf6 StatusBar)/@0x2d7ebf5 - animation-leash of insets_animation#0
08-31 19:50:30.072   634  1925 I SurfaceFlinger: id=151854 createSurf (0x0),-1 flag=24000, Surface(name=a8b9824 NavigationBar0)/@0x196e818 - animation-leash of insets_animation#0
08-31 19:50:30.076 14809 15286 V WindowManager: Relayout hash=6c4259, pid=19225: mAttrs={(0,0)(fillxfill) sim={adjust=pan forwardNavigation} ty=BASE_APPLICATION wanim=0x1030303
08-31 19:50:30.076 14809 15286 V WindowManager:   fl=81810100
08-31 19:50:30.076 14809 15286 V WindowManager:   pfl=12020040
08-31 19:50:30.076 14809 15286 V WindowManager:   bhv=DEFAULT
08-31 19:50:30.076 14809 15286 V WindowManager:   fitSides= naviIconColor=0}
08-31 19:50:30.083 19225 19225 I ViewRootImpl@2decce[MainActivity]: Relayout returned: old=(0,0,1080,2408) new=(0,0,1080,2408) req=(1080,2408)0 dur=19 res=0x7 s={true 4061665280} ch=true fn=-1
08-31 19:50:30.085 19225 19293 D OpenGLRenderer: eglCreateWindowSurface
08-31 19:50:30.088 14809 14818 I system_server: NativeAlloc concurrent copying GC freed 261173(12MB) AllocSpace objects, 39(1104KB) LOS objects, 12% free, 82MB/94MB, paused 336us,330us total 529.734ms
08-31 19:50:30.098 14809 14820 W System  : A resource failed to call close.
08-31 19:50:30.099 19225 19225 I ViewRootImpl@2decce[MainActivity]: [DP] dp(1) 1 android.view.ViewRootImpl.reportNextDraw:11410 android.view.ViewRootImpl.performTraversals:4185 android.view.ViewRootImpl.doTraversal:2911
08-31 19:50:30.099 14809 14820 W System  : A resource failed to call release.
08-31 19:50:30.099 19225 19225 D ViewRootImpl@2decce[MainActivity]: Creating frameDrawingCallback nextDrawUseBlastSync=false reportNextDraw=true hasBlurUpdates=false
08-31 19:50:30.099 19225 19225 D ViewRootImpl@2decce[MainActivity]: Creating frameCompleteCallback
08-31 19:50:30.100 14809 14820 W System  : A resource failed to call end.
08-31 19:50:30.100 14809 14820 W System  : A resource failed to call close.
08-31 19:50:30.100 14809 14820 W System  : A resource failed to call close.
08-31 19:50:30.101 14809 14820 W System  : A resource failed to call close.
08-31 19:50:30.101 14809 14820 W System  : A resource failed to call release.
08-31 19:50:30.104   634   634 I Layer   : id=151848 removeFromCurrentState Surface(name=886bbf6 StatusBar)/@0x2d7ebf5 - animation-leash of insets_animation#1 (126)
08-31 19:50:30.104   634   634 I Layer   : id=151849 removeFromCurrentState Surface(name=a8b9824 NavigationBar0)/@0x196e818 - animation-leash of insets_animation#1 (126)
08-31 19:50:30.104   634   634 I SurfaceFlinger: id=151848 Removed Surface(name=886bbf6 StatusBar)/@0x2d7ebf5 - animation-leash of insets_animation#1 (126)
08-31 19:50:30.104   634   634 I SurfaceFlinger: id=151849 Removed Surface(name=a8b9824 NavigationBar0)/@0x196e818 - animation-leash of insets_animation#1 (126)
08-31 19:50:30.105   634   634 I Layer   : id=151848 Destroyed Surface(name=886bbf6 StatusBar)/@0x2d7ebf5 - animation-leash of insets_animation#1
08-31 19:50:30.105   634   634 I Layer   : id=151849 Destroyed Surface(name=a8b9824 NavigationBar0)/@0x196e818 - animation-leash of insets_animation#1
08-31 19:50:30.105  7302  7302 I ViewRootImpl@19ab91b[LauncherActivity]: handleAppVisibility mAppVisible=true visible=false
08-31 19:50:30.105 15577 15577 I ViewRootImpl@6da1f4c[LauncherActivity]: handleAppVisibility mAppVisible=true visible=false
08-31 19:50:30.106 15119 23724 D WallpaperService: dispatchAppVisibility onVisibilityChanged(): false
08-31 19:50:30.106 14809 14891 D InputDispatcher: Focus request (0): 6c4259 com.example.lunchtray/com.example.lunchtray.MainActivity but waiting because NOT_VISIBLE
08-31 19:50:30.107 15119 15119 D WallpaperService: reportVisibility onVisibilityChanged visible: false
08-31 19:50:30.107 15119 15303 I ImageWallpaper:  onVisibilityChanged false , 0
08-31 19:50:30.115 19225 19310 D ViewRootImpl@2decce[MainActivity]: Received frameDrawingCallback frameNum=1. Creating transactionCompleteCallback=false
08-31 19:50:30.119 19225 19293 D ViewRootImpl@2decce[MainActivity]: Received frameCompleteCallback  lastAcquiredFrameNum=1 lastAttemptedDrawFrameNum=1
08-31 19:50:30.120   634   634 I Layer   : id=151846 removeFromCurrentState Surface(name=Task=1)/@0x7c9ef10 - animation-leash of app_transition#0 (124)
08-31 19:50:30.120   634   634 I Layer   : id=151847 removeFromCurrentState Surface(name=Task=1229)/@0x587c2ca - animation-leash of app_transition#0 (124)
08-31 19:50:30.121 19225 19225 I ViewRootImpl@2decce[MainActivity]: [DP] pdf(0) 1 android.view.ViewRootImpl.lambda$addFrameCompleteCallbackIfNeeded$3$ViewRootImpl:4987 android.view.ViewRootImpl$$ExternalSyntheticLambda16.run:6 android.os.Handler.handleCallback:938
08-31 19:50:30.121 19225 19225 I ViewRootImpl@2decce[MainActivity]: [DP] rdf()
08-31 19:50:30.121 19225 19225 D ViewRootImpl@2decce[MainActivity]: reportDrawFinished (fn: -1)
08-31 19:50:30.121   634   634 I SurfaceFlinger: id=151847 Removed Surface(name=Task=1229)/@0x587c2ca - animation-leash of app_transition#0 (124)
08-31 19:50:30.121   634   634 I SurfaceFlinger: id=151846 Removed Surface(name=Task=1)/@0x7c9ef10 - animation-leash of app_transition#0 (124)
08-31 19:50:30.121   634   634 I Layer   : id=151846 Destroyed Surface(name=Task=1)/@0x7c9ef10 - animation-leash of app_transition#0
08-31 19:50:30.121   634   634 I Layer   : id=151847 Destroyed Surface(name=Task=1229)/@0x587c2ca - animation-leash of app_transition#0
08-31 19:50:30.123  7302  7688 D OpenGLRenderer: setSurface called with nullptr
08-31 19:50:30.123  7302  7688 D OpenGLRenderer: setSurface() destroyed EGLSurface
08-31 19:50:30.123  7302  7688 D OpenGLRenderer: destroyEglSurface
08-31 19:50:30.133 14809 14829 I SemDvfsHyPerManager: acquire hyper - AMS_RESUME_TAIL/14809@14, type = -999
08-31 19:50:30.133 14809 14829 I SemDvfsHyPerManager: acquire hyper - AMS_ACT_LAZY/14809@15, type = -999
08-31 19:50:30.133   634   634 D SurfaceFlinger: Display 4633128508267670401 HWC layers:
08-31 19:50:30.133   634   634 D SurfaceFlinger:      DEVICE | 0xebd4e900 | 0100 | RGBA_8888    |    0.0    0.0 1080.0 2408.0 |    0    0 1080 2408 | Splash Screen com.example.lunchtray$_15119#0
08-31 19:50:30.133   634   634 D SurfaceFlinger:      DEVICE | 0xebe30c80 | 0100 | RGBA_8888    |    0.0    0.0 1080.0   66.0 |    0    0 1080   66 | StatusBar$_15119#0
08-31 19:50:30.133   634   634 D SurfaceFlinger:      CLIENT | 0xec277300 | 0100 | RGBA_8888    |    0.0    0.0  388.0   42.0 |  692 2366 1080 2408 | SGestureOverlayWindow$_15577#0
08-31 19:50:30.133   634   634 D SurfaceFlinger:      CLIENT | 0xec97b100 | 0100 | RGBA_8888    |    0.0    0.0 1080.0  135.0 |    0 2273 1080 2408 | NavigationBar0$_15119#0
08-31 19:50:30.133   634   634 D SurfaceFlinger:      DEVICE | 0xec278980 | 0108 | RGBA_8888    |    0.0    0.0 1080.0 2408.0 |    0    0 1080 2408 | BlueLightFilter$_15119#0
08-31 19:50:30.133   634   634 D SurfaceFlinger:
08-31 19:50:30.133 14617 14637 I HYPER-HAL: [RequestManager.cpp]acquire(): Acquired ID : 109868090  [14809 / 14]    HINT : AMS_RESUME_TAIL    list :
08-31 19:50:30.134 14617 14637 I HYPER-HAL: [RequestManager.cpp]releaseLocked(): Released ID : 110060893
08-31 19:50:30.135 14809 14825 E libperflog: [LIBPERFLOG] socket_local_client fail = -1
08-31 19:50:30.135 14809 14825 I PkgPredictorService-SecIpmManagerServiceImpl: reportToNAP uid:10307 com.example.lunchtray/com.example.lunchtray.MainActivity thisTime:489
08-31 19:50:30.136   634   661 I SurfaceFlinger: id=151855 createSurf (0x0),-1 flag=24000, Surface(name=6c4259 com.example.lunchtray/com.example.lunchtray.MainActivity)/@0xea742f6 - animation-leash of starting_reveal#0
08-31 19:50:30.138 14809 14825 I ActivityTaskManager: Displayed com.example.lunchtray/.MainActivity: +489ms
08-31 19:50:30.138  2385  2385 E pageboostd: Received HALT command code 2
08-31 19:50:30.139 14809 15283 D InputDispatcher: Focus entered window (0): 6c4259 com.example.lunchtray/com.example.lunchtray.MainActivity
08-31 19:50:30.143 14809 15286 V WindowManager: Relayout Window{1f13c62 u0 com.sec.android.app.launcher/com.sec.android.app.launcher.activities.LauncherActivity}: viewVisibility=8 req=1080x2408 d0
08-31 19:50:30.144 19225 19225 D InsetsSourceConsumer: ensureControlAlpha: for ITYPE_NAVIGATION_BAR on com.example.lunchtray/com.example.lunchtray.MainActivity
08-31 19:50:30.147 19225 19225 D InsetsSourceConsumer: ensureControlAlpha: for ITYPE_STATUS_BAR on com.example.lunchtray/com.example.lunchtray.MainActivity
08-31 19:50:30.150   634   634 D SurfaceFlinger: Display 4633128508267670401 HWC layers:
08-31 19:50:30.150   634   634 D SurfaceFlinger:      DEVICE | 0xebe2f300 | 0102 | RGBA_8888    |    0.0    0.0 1080.0 2408.0 |    0    0 1080 2408 | com.example.lunchtray/com.example.lunchtray.MainActivity$_19225#0
08-31 19:50:30.150   634   634 D SurfaceFlinger:      DEVICE | 0xebd4e900 | 0100 | RGBA_8888    |    0.0    0.0 1080.0 2408.0 |    0    0 1080 2408 | Splash Screen com.example.lunchtray$_15119#0
08-31 19:50:30.150   634   634 D SurfaceFlinger:      CLIENT | 0xebe30c80 | 0100 | RGBA_8888    |    0.0    0.0 1080.0   66.0 |    0    0 1080   66 | StatusBar$_15119#0
08-31 19:50:30.150   634   634 D SurfaceFlinger:      CLIENT | 0xec277300 | 0100 | RGBA_8888    |    0.0    0.0  388.0   42.0 |  692 2366 1080 2408 | SGestureOverlayWindow$_15577#0
08-31 19:50:30.150   634   634 D SurfaceFlinger:      CLIENT | 0xec97b100 | 0100 | RGBA_8888    |    0.0    0.0 1080.0  135.0 |    0 2273 1080 2408 | NavigationBar0$_15119#0
08-31 19:50:30.150   634   634 D SurfaceFlinger:      DEVICE | 0xec278980 | 0108 | RGBA_8888    |    0.0    0.0 1080.0 2408.0 |    0    0 1080 2408 | BlueLightFilter$_15119#0
08-31 19:50:30.150   634   634 D SurfaceFlinger:
08-31 19:50:30.150 14809 14891 V WindowManager: Relayout Window{d738cd4 u0 com.sec.android.app.launcher/com.sec.android.app.launcher.activities.LauncherActivity}: viewVisibility=8 req=1080x2408 d0
08-31 19:50:30.150 19225 19225 I ViewRootImpl@2decce[MainActivity]: MSG_WINDOW_FOCUS_CHANGED 1 1
08-31 19:50:30.151 14809 15286 V WindowManager: Relayout hash=1f13c62, pid=7302: mAttrs={(0,0)(fillxfill) gr=LEFT CENTER_HORIZONTAL sim={adjust=resize} layoutInDisplayCutoutMode=shortEdges ty=DRAWN_APPLICATION fmt=TRANSPARENT wanim=0x10302f2 alpha=0.0
08-31 19:50:30.151 14809 15286 V WindowManager:   fl=81850118
08-31 19:50:30.151 14809 15286 V WindowManager:   pfl=16020040
08-31 19:50:30.151 14809 15286 V WindowManager:   bhv=DEFAULT
08-31 19:50:30.151 14809 15286 V WindowManager:   fitSides= dimAmount=0.0 screenDimDuration=40000 naviIconColor=0}
08-31 19:50:30.153  7302  7302 I ViewRootImpl@19ab91b[LauncherActivity]: Relayout returned: old=(0,0,1080,2408) new=(0,0,1080,2408) req=(1080,2408)8 dur=28 res=0x5 s={false 0} ch=true fn=2
08-31 19:50:30.153 19225 19225 D InputMethodManager: startInputInner - Id : 0
08-31 19:50:30.153 19225 19225 I InputMethodManager: startInputInner - mService.startInputOrWindowGainedFocus
08-31 19:50:30.155 15119 15827 I ViewRootImpl@8605419[lunchtray]: mWNT: t = android.view.SurfaceControl$Transaction@4e167db fN = 2 android.view.SyncRtSurfaceTransactionApplier.applyTransaction:94 android.view.SyncRtSurfaceTransactionApplier.lambda$scheduleApply$0$SyncRtSurfaceTransactionApplier:71 android.view.SyncRtSurfaceTransactionApplier$$ExternalSyntheticLambda0.onFrameDraw:4
08-31 19:50:30.155  7302  7302 I A       : (REDACTED) onApplyWindowInsets: systemWindowInsets=%s
08-31 19:50:30.155  7302  7302 I A       : (REDACTED) onApplyWindowInsets: systemWindowInsets=%s
08-31 19:50:30.156 15119 15827 I ViewRootImpl@8605419[lunchtray]: mWNT: merge t to BBQ
08-31 19:50:30.156 15119 15827 I ViewRootImpl@8605419[lunchtray]: mWNT: t = android.view.SurfaceControl$Transaction@2278 fN = 2 android.view.SyncRtSurfaceTransactionApplier.applyTransaction:94 android.view.SyncRtSurfaceTransactionApplier.lambda$scheduleApply$0$SyncRtSurfaceTransactionApplier:71 android.view.SyncRtSurfaceTransactionApplier$$ExternalSyntheticLambda0.onFrameDraw:4
08-31 19:50:30.156 15119 15827 I ViewRootImpl@8605419[lunchtray]: mWNT: merge t to BBQ
08-31 19:50:30.157 14809 14891 V WindowManager: Relayout hash=d738cd4, pid=15577: mAttrs={(0,0)(fillxfill) sim={adjust=nothing} layoutInDisplayCutoutMode=shortEdges ty=BASE_APPLICATION fmt=TRANSPARENT wanim=0x10302f2
08-31 19:50:30.157 14809 14891 V WindowManager:   fl=81910100
08-31 19:50:30.157 14809 14891 V WindowManager:   pfl=1e020040
08-31 19:50:30.157 14809 14891 V WindowManager:   vsysui=1700
08-31 19:50:30.157 14809 14891 V WindowManager:   bhv=SHOW_TRANSIENT_BARS_BY_SWIPE
08-31 19:50:30.157 14809 14891 V WindowManager:   fitSides= naviIconColor=0}
08-31 19:50:30.160 15577 15577 I ViewRootImpl@6da1f4c[LauncherActivity]: Relayout returned: old=(0,0,1080,2408) new=(0,0,1080,2408) req=(1080,2408)8 dur=31 res=0x5 s={false 0} ch=true fn=10
08-31 19:50:30.160 15577 15577 I ViewRootImpl@6da1f4c[LauncherActivity]: stopped(true) old=false
08-31 19:50:30.161 14809 15283 D InputMethodManagerService: mDesktopModeManager null!
08-31 19:50:30.161 15577 15577 I BaseActivity: removeActivityFlags, flags : 17
08-31 19:50:30.162   634   661 I SurfaceFlinger: id=151835 Removed OneUiHome-BlurLayer#0 (123)
08-31 19:50:30.162 15577 15577 I StateManager: goToState isInState Normal
08-31 19:50:30.163 15577 15577 W LauncherAppWidgetHost: setShouldListenFlag, mFlags:7 flag:start on:false isFront:false
08-31 19:50:30.163 15577 15645 I IMM_LC  : hsifw() - flags=0, caller=android.view.inputmethod.InputMethodManager.hideSoftInputFromWindow:1858 android.view.inputmethod.InputMethodManager.hideSoftInputFromWindow:1827 com.android.launcher3.util.UiThreadHelper$UiCallbacks.handleMessage:103 android.os.Handler.dispatchMessage:102 android.os.Looper.loopOnce:226
08-31 19:50:30.163 15577 15645 I IMM_LC  : hideSoftInputFromWindow - mService.hideSoftInput
08-31 19:50:30.164 14809 15286 I AppWidgetServiceImpl: stopListening callbacks : null
08-31 19:50:30.165 14809 15283 V InputMethodManagerService: getDisplayIdOfInputMethodWindowToBeAdded : 0
08-31 19:50:30.166 15577 15577 W LauncherAppWidgetHost: stopListening, mFlags:2 isFront:false
08-31 19:50:30.166 15577 15577 W Launcher.NotificationListener: removeNotificationsChangedListener
08-31 19:50:30.166 15577 15577 I BadgeCountUpdaterImpl: onNotificationsChangedDisConnected
08-31 19:50:30.166 15577 15577 I Launcher.NotificationListener: unregisterObserver, this is not notificationService!!
08-31 19:50:30.168 21002 21002 I HBD     : HoneyBoardService onFinishInput
08-31 19:50:30.169 21002 21002 I HBD     : a IC have been unbinding,  InputConnectionWrapper{idHash=#afb6e43 mMissingMethods=}
08-31 19:50:30.169 14809 15283 D InputMethodManagerService: checkDisplayOfStartInputAndUpdateKeyboard display Id 0last 0
08-31 19:50:30.169 21002 21002 I HBD     : HoneyBoardService [PF_CL][onFinishInput]  229923 ns
08-31 19:50:30.169 14809 15283 D InputTransport: Input channel constructed: 'ClientS', fd=681
08-31 19:50:30.169 14809 15283 D InputTransport: Input channel destroyed: 'ClientS', fd=681
08-31 19:50:30.169 21002 21002 I HBD     : HoneyBoardService [IMI] onStartInput - caller pid : 19225 , caller uid : 10307
08-31 19:50:30.169 21002 21002 I HBD     : j updateConfigs
08-31 19:50:30.169 21002 21002 I HBD     : j isEnabledNightMode : true
08-31 19:50:30.169 21002 21002 I HBD     : a IC have been binding, InputConnectionWrapper{idHash=#1b69df9 mMissingMethods=}
08-31 19:50:30.169 21002 21002 I HBD     : h [EditorInputType]setPrivateImeOptionsToTable privateImeOptions ( null )
08-31 19:50:30.169 21002 21002 I HBD     : b incognitoMode : false
08-31 19:50:30.169 21002 21002 I HBD     : a needOff = true , isForceOff = false, isNullInputClass : true
08-31 19:50:30.169 15577 15645 I LiveIconUpdateEventHandler: LiveIcon onStop
08-31 19:50:30.170 21002 21002 I HBD     : h getDefaultInputRange : UNKNOWN
08-31 19:50:30.170 21002 21002 I HBD     : h getDefaultInputRange : UNKNOWN
08-31 19:50:30.170 21002 21002 I HBD     : h getDefaultInputRange : UNKNOWN
08-31 19:50:30.170 15577 15645 I LiveIconUpdateEventHandler: cancelMinuteChangeAlarm
08-31 19:50:30.170   634   662 I SurfaceFlinger: id=151856 createSurf (0x0),-1 flag=24004, Surface(name=4ce6435 InputMethod)/@0x855123b - animation-leash of insets_animation#0
08-31 19:50:30.172 15577 15645 I LiveIconUpdateEventHandler: cancelDateChangeAlarm
08-31 19:50:30.173 15577 15645 I LiveIconUpdateEventHandler: unregisterReceiver
08-31 19:50:30.174 19225 19225 D LifecycleMonitor: Lifecycle status change: androidx.test.core.app.InstrumentationActivityInvoker$BootstrapActivity@d01ea44 in: STOPPED
08-31 19:50:30.175 15119 15828 I ViewRootImpl@8605419[lunchtray]: mWNT: t = android.view.SurfaceControl$Transaction@b5f6d51 fN = 3 android.view.SyncRtSurfaceTransactionApplier.applyTransaction:94 android.view.SyncRtSurfaceTransactionApplier.lambda$scheduleApply$0$SyncRtSurfaceTransactionApplier:71 android.view.SyncRtSurfaceTransactionApplier$$ExternalSyntheticLambda0.onFrameDraw:4
08-31 19:50:30.175 15119 15828 I ViewRootImpl@8605419[lunchtray]: mWNT: merge t to BBQ
08-31 19:50:30.176 21002 21002 I HBD     : a needOff = true , isForceOff = false, isNullInputClass : true
08-31 19:50:30.176 21002 21002 I HBD     : a update cached prediction status : false
08-31 19:50:30.176 19225 19225 V ActivityScenario: Activity lifecycle changed event received but ignored because the intent does not match. startActivityIntent=Intent { act=android.intent.action.MAIN cat=[android.intent.category.LAUNCHER] cmp=com.example.lunchtray/.MainActivity }, activity.getIntent()=Intent { act=android.intent.action.MAIN cat=[android.intent.category.LAUNCHER] flg=0x10008000 cmp=com.example.lunchtray/androidx.test.core.app.InstrumentationActivityInvoker$BootstrapActivity (has extras) }, activity=androidx.test.core.app.InstrumentationActivityInvoker$BootstrapActivity@d01ea44
08-31 19:50:30.176 21002 21002 I HBD     : h getDefaultInputRange : UNKNOWN
08-31 19:50:30.176 21002 21002 I HBD     : a currentState : 0
