08-31 19:50:40.205 19225 19284 I TestRunner: started: radio_buttons_update_entree_menu_subtotal(com.example.lunchtray.OrderFunctionalityTests)
08-31 19:50:40.206 19225 19293 D OpenGLRenderer: setSurface called with nullptr
08-31 19:50:40.207 19225 19225 I ViewRootImpl@23bb8d5[MainActivity]: dispatchDetachedFromWindow
08-31 19:50:40.208 14809 15286 D InputTransport: Input channel destroyed: 'bf0cdf3', fd=806
08-31 19:50:40.208 14809 15286 W InputManager-JNI: Input channel object 'bf0cdf3 com.example.lunchtray/com.example.lunchtray.MainActivity (client)' was disposed without first being removed with the input manager!
08-31 19:50:40.208 14809 15286 D InputTransport: Input channel destroyed: 'bf0cdf3', fd=809
08-31 19:50:40.213 19225 19225 D InputTransport: Input channel destroyed: 'bf0cdf3', fd=93
08-31 19:50:40.216   634  1925 I SurfaceFlinger: id=151949 createSurf (0x0),-1 flag=24004, Task=1232#1
08-31 19:50:40.220   634   634 I Layer   : id=151933 removeFromCurrentState com.example.lunchtray/com.example.lunchtray.MainActivity$_19225#0 (111)
08-31 19:50:40.220   634   634 I Layer   : id=151932 removeFromCurrentState bf0cdf3 com.example.lunchtray/com.example.lunchtray.MainActivity#0 (111)
08-31 19:50:40.220   634   634 I Layer   : id=151949 removeFromCurrentState Task=1232#1 (111)
08-31 19:50:40.220   634   634 I Layer   : id=151931 removeFromCurrentState ActivityRecord{b10d5ac u0 com.example.lunchtray/.MainActivity t1232}#0 (111)
08-31 19:50:40.220   634   634 I Layer   : id=151923 removeFromCurrentState Task=1232#0 (111)
08-31 19:50:40.221 15577 15577 I RecentsView: onTaskRemoved() taskId : 1232
08-31 19:50:40.221   634   634 I SurfaceFlinger: id=151931 Removed ActivityRecord{b10d5ac u0 com.example.lunchtray/.MainActivity t1232}#0 (111)
08-31 19:50:40.221   634   634 I SurfaceFlinger: id=151949 Removed Task=1232#1 (111)
08-31 19:50:40.221   634   634 I SurfaceFlinger: id=151932 Removed bf0cdf3 com.example.lunchtray/com.example.lunchtray.MainActivity#0 (111)
08-31 19:50:40.221   634   634 I SurfaceFlinger: id=151933 Removed com.example.lunchtray/com.example.lunchtray.MainActivity$_19225#0 (111)
08-31 19:50:40.221   634   634 I Layer   : id=151949 Destroyed Task=1232#1
08-31 19:50:40.221   634   634 I Layer   : id=151932 Destroyed bf0cdf3 com.example.lunchtray/com.example.lunchtray.MainActivity#0
08-31 19:50:40.221   634   634 I Layer   : id=151933 Destroyed com.example.lunchtray/com.example.lunchtray.MainActivity$_19225#0
08-31 19:50:40.222   634   634 I Layer   : id=151931 Destroyed ActivityRecord{b10d5ac u0 com.example.lunchtray/.MainActivity t1232}#0
08-31 19:50:40.222 15577 15577 I RecentsView: onTaskRemoved() taskId : 1232
08-31 19:50:40.228 19225 19284 W Settings: Setting always_finish_activities has moved from android.provider.Settings.System to android.provider.Settings.Global, returning read-only value.
08-31 19:50:40.242 14809 15928 D PkgPredictorService-IpmAdcpController: create a new DexPreloadTask pkg:com.example.lunchtray  path:/data/app/~~gbmHt4QFZFuUz7nOvKmpFQ==/com.example.lunchtray-THkiE5ocQARudvzX67_P5w==
08-31 19:50:40.243 14809 15454 I SemDvfsHyPerManager: acquire hyper - AMS_APP_SWITCH/14809@27, type = -999
08-31 19:50:40.243 14617 14637 I HYPER-HAL: [RequestManager.cpp]acquire(): Acquired ID : 110060893  [14809 / 27]    HINT : AMS_APP_SWITCH    list :
08-31 19:50:40.244 16623 16623 I SemDvfsHyPerManager: acquire hyper - APP_START_SHORT/16623@15, type = -999
08-31 19:50:40.244 14617 14637 I HYPER-HAL: [RequestManager.cpp]acquire(): Acquired ID : 138419856  [16623 / 15]    HINT : APP_START    list : [TIMEOUT / 1500]
08-31 19:50:40.245   634  1925 I SurfaceFlinger: id=151950 createSurf (0x0),-1 flag=24004, Task=1233#0
08-31 19:50:40.249   634  1925 I SurfaceFlinger: id=151951 createSurf (0x0),-1 flag=80004, ActivityRecord{5b1f4ff u0 com.example.lunchtray/androidx.test.core.app.InstrumentationActivityInvoker$BootstrapActivity t1233}#0
08-31 19:50:40.258 14809 15295 I SemDvfsHyPerManager: acquire hyper - AMS_APP_LAUNCH/14809@13, type = -999
08-31 19:50:40.259 14617 14637 I HYPER-HAL: [RequestManager.cpp]acquire(): Acquired ID : 109853266  [14809 / 13]    HINT : AMS_APP_LAUNCH    list :
08-31 19:50:40.260 16623 16623 I SemDvfsHyPerManager: acquire hyper - APP_START/16623@16, type = -999
08-31 19:50:40.260 14617 14637 I HYPER-HAL: [RequestManager.cpp]acquire(): Acquired ID : 138436496  [16623 / 16]    HINT : APP_START    list :
08-31 19:50:40.263 15577 15577 I BaseActivity: removeActivityFlags, flags : 16
08-31 19:50:40.263 15577 15577 I BaseActivity: removeActivityFlags, flags : 6
08-31 19:50:40.263 15577 15577 I DragController: endDrag
08-31 19:50:40.263 15577 15577 W LauncherAppWidgetHost: setShouldListenFlag, mFlags:15 flag:resume on:false isFront:false
08-31 19:50:40.264 15577 15577 I DecorView: notifyKeepScreenOnChanged: keepScreenOn=false
08-31 19:50:40.264 15577 15577 I SPayUpdater: updateSpayHandler launcher activity is paused false
08-31 19:50:40.265 14809 16441 D InputTransport: Input channel constructed: 'fbae21b', fd=806
08-31 19:50:40.265 14809 16441 D InputTransport: Input channel constructed: 'fbae21b', fd=809
08-31 19:50:40.266 14809 16441 D InputTransport: Input channel constructed: 'fbae21b', fd=825
08-31 19:50:40.267   634   807 I SurfaceFlinger: id=151952 createSurf (0x0),-1 flag=80004, fbae21b Splash Screen com.example.lunchtray#0
08-31 19:50:40.269 14809 16441 D InputTransport: Input channel destroyed: 'fbae21b', fd=825
08-31 19:50:40.271 15119 15119 D PipMotionHelper: animateToOffset: originalBounds=Rect(495, 2017 - 1035, 2321) offset=0 callers=
08-31 19:50:40.271 15119 15119 D PipMotionHelper:     com.android.wm.shell.pip.phone.PipTouchHandler.onMovementBoundsChanged:482
08-31 19:50:40.271 15119 15119 D PipMotionHelper:     com.android.wm.shell.pip.phone.PipController.updateMovementBounds:712
08-31 19:50:40.271 15119 15119 D PipMotionHelper:     com.android.wm.shell.pip.phone.PipController.lambda$init$3:351
08-31 19:50:40.271 15119 15119 D PipMotionHelper:     com.android.wm.shell.pip.phone.PipController.$r8$lambda$u15Oj_b57njSWegfZTV6TpliGaw:0
08-31 19:50:40.271 15119 15119 D PipMotionHelper:     com.android.wm.shell.pip.phone.PipController$$ExternalSyntheticLambda0.accept:8
08-31 19:50:40.272 15119 15246 I ViewRootImpl@c46ea1c[lunchtray]: setView = android.widget.FrameLayout@8c03dab TM=true
08-31 19:50:40.280 14809 15286 D InputDispatcher: Focused application set to (0): 5b1f4ff
08-31 19:50:40.290 14809 16441 V WindowManager: Relayout Window{fbae21b u0 Splash Screen com.example.lunchtray}: viewVisibility=0 req=1080x2408 d0
08-31 19:50:40.290   634   807 I SurfaceFlinger: id=151953 createSurf (1080x2408),-3 flag=40004, Splash Screen com.example.lunchtray$_15119#0
08-31 19:50:40.296 14809 16441 V WindowManager: Relayout hash=fbae21b, pid=15119: mAttrs={(0,0)(fillxfill) sim={adjust=pan} ty=APPLICATION_STARTING fmt=TRANSLUCENT wanim=0x1030001
08-31 19:50:40.296 14809 16441 V WindowManager:   fl=81030118
08-31 19:50:40.296 14809 16441 V WindowManager:   pfl=36000010
08-31 19:50:40.296 14809 16441 V WindowManager:   bhv=DEFAULT
08-31 19:50:40.296 14809 16441 V WindowManager:   fitSides= naviIconColor=0}
08-31 19:50:40.297 14809 15286 V WindowManager: Relayout Window{d738cd4 u0 com.sec.android.app.launcher/com.sec.android.app.launcher.activities.LauncherActivity}: viewVisibility=0 req=1080x2408 d0
08-31 19:50:40.299 15119 15246 I ViewRootImpl@c46ea1c[lunchtray]: Relayout returned: old=(0,0,1080,2408) new=(0,0,1080,2408) req=(1080,2408)0 dur=17 res=0x7 s={true 3141377024} ch=true fn=-1
08-31 19:50:40.302 14809 15286 V WindowManager: Relayout hash=d738cd4, pid=15577: mAttrs={(0,0)(fillxfill) sim={adjust=nothing} layoutInDisplayCutoutMode=shortEdges ty=BASE_APPLICATION fmt=TRANSPARENT wanim=0x10302f2
08-31 19:50:40.302 14809 15286 V WindowManager:   fl=81910100
08-31 19:50:40.302 14809 15286 V WindowManager:   pfl=1e020040
08-31 19:50:40.302 14809 15286 V WindowManager:   vsysui=1700
08-31 19:50:40.302 14809 15286 V WindowManager:   bhv=SHOW_TRANSIENT_BARS_BY_SWIPE
08-31 19:50:40.302 14809 15286 V WindowManager:   fitSides= naviIconColor=0}
08-31 19:50:40.302 15119 15246 I ViewRootImpl@c46ea1c[lunchtray]: [DP] dp(1) 0 android.view.ViewRootImpl.reportNextDraw:11410 android.view.ViewRootImpl.performTraversals:4185 android.view.ViewRootImpl.doTraversal:2911
08-31 19:50:40.303 15119 15246 D ViewRootImpl@c46ea1c[lunchtray]: Creating frameDrawingCallback nextDrawUseBlastSync=false reportNextDraw=true hasBlurUpdates=false
08-31 19:50:40.303 15119 15246 D ViewRootImpl@c46ea1c[lunchtray]: Creating frameCompleteCallback
08-31 19:50:40.304 15119 15309 D OpenGLRenderer: eglCreateWindowSurface
08-31 19:50:40.304 15577 15577 I ViewRootImpl@6da1f4c[LauncherActivity]: Relayout returned: old=(0,0,1080,2408) new=(0,0,1080,2408) req=(1080,2408)0 dur=15 res=0x1 s={true 3225331712} ch=false fn=10
08-31 19:50:40.305 14809 15295 D InputDispatcher: Focus left window (0): d738cd4 com.sec.android.app.launcher/com.sec.android.app.launcher.activities.LauncherActivity
08-31 19:50:40.306 19225 19225 D LifecycleMonitor: Lifecycle status change: androidx.test.core.app.InstrumentationActivityInvoker$BootstrapActivity@fcbbada in: PRE_ON_CREATE
08-31 19:50:40.307 15119 15828 D ViewRootImpl@c46ea1c[lunchtray]: Received frameDrawingCallback frameNum=1. Creating transactionCompleteCallback=false
08-31 19:50:40.308 19225 19225 V ActivityScenario: Activity lifecycle changed event received but ignored because the intent does not match. startActivityIntent=Intent { act=android.intent.action.MAIN cat=[android.intent.category.LAUNCHER] cmp=com.example.lunchtray/androidx.fragment.app.testing.FragmentScenario$EmptyFragmentActivity (has extras) }, activity.getIntent()=Intent { act=android.intent.action.MAIN cat=[android.intent.category.LAUNCHER] flg=0x10008000 cmp=com.example.lunchtray/androidx.test.core.app.InstrumentationActivityInvoker$BootstrapActivity (has extras) }, activity=androidx.test.core.app.InstrumentationActivityInvoker$BootstrapActivity@fcbbada
08-31 19:50:40.309 19225 19225 V ActivityScenario: Activity lifecycle changed event received but ignored because the intent does not match. startActivityIntent=Intent { act=android.intent.action.MAIN cat=[android.intent.category.LAUNCHER] cmp=com.example.lunchtray/.MainActivity }, activity.getIntent()=Intent { act=android.intent.action.MAIN cat=[android.intent.category.LAUNCHER] flg=0x10008000 cmp=com.example.lunchtray/androidx.test.core.app.InstrumentationActivityInvoker$BootstrapActivity (has extras) }, activity=androidx.test.core.app.InstrumentationActivityInvoker$BootstrapActivity@fcbbada
08-31 19:50:40.310 15577 15577 I ViewRootImpl@6da1f4c[LauncherActivity]: MSG_WINDOW_FOCUS_CHANGED 0 1
08-31 19:50:40.310 15577 15577 I BaseActivity: removeActivityFlags, flags : 8
08-31 19:50:40.310 19225 19225 V ActivityScenario: Activity lifecycle changed event received but ignored because the intent does not match. startActivityIntent=Intent { act=android.intent.action.MAIN cat=[android.intent.category.LAUNCHER] cmp=com.example.lunchtray/androidx.fragment.app.testing.FragmentScenario$EmptyFragmentActivity (has extras) }, activity.getIntent()=Intent { act=android.intent.action.MAIN cat=[android.intent.category.LAUNCHER] flg=0x10008000 cmp=com.example.lunchtray/androidx.test.core.app.InstrumentationActivityInvoker$BootstrapActivity (has extras) }, activity=androidx.test.core.app.InstrumentationActivityInvoker$BootstrapActivity@fcbbada
08-31 19:50:40.315 15119 15309 D ViewRootImpl@c46ea1c[lunchtray]: Received frameCompleteCallback  lastAcquiredFrameNum=1 lastAttemptedDrawFrameNum=1
08-31 19:50:40.316 15119 15246 I ViewRootImpl@c46ea1c[lunchtray]: [DP] pdf(0) 0 android.view.ViewRootImpl.lambda$addFrameCompleteCallbackIfNeeded$3$ViewRootImpl:4987 android.view.ViewRootImpl$$ExternalSyntheticLambda16.run:6 android.os.Handler.handleCallback:938
08-31 19:50:40.316 15119 15246 I ViewRootImpl@c46ea1c[lunchtray]: [DP] rdf()
08-31 19:50:40.316 15119 15246 D ViewRootImpl@c46ea1c[lunchtray]: reportDrawFinished (fn: -1)
08-31 19:50:40.321 15577 15577 I BadgeRenderer: Invalid count : 0
08-31 19:50:40.322 14809 14828 I SemPersonaManager: SecureFolder personaId = 10
08-31 19:50:40.326 15577 15577 I BadgeRenderer: Invalid count : 0
08-31 19:50:40.326 15577 15577 I BadgeRenderer: Invalid count : 0
08-31 19:50:40.328   634  1925 I SurfaceFlinger: id=151954 createSurf (0x0),-1 flag=24000, Surface(name=Task=1)/@0x7c9ef10 - animation-leash of app_transition#0
08-31 19:50:40.329 15119 15119 D FullscreenTaskListener: Fullscreen Task Appeared: #1233, caller=com.android.wm.shell.ShellTaskOrganizer.onTaskAppeared:387 com.android.wm.shell.ShellTaskOrganizer.onTaskAppeared:376 android.window.TaskOrganizer$1.lambda$onTaskAppeared$4$TaskOrganizer$1:297
08-31 19:50:40.330 19225 19225 I DecorView: [INFO] isPopOver=false, config=true
08-31 19:50:40.330 19225 19225 I DecorView: updateCaptionType >> DecorView@ec6dde8[], isFloating=false, isApplication=true, hasWindowControllerCallback=true, hasWindowDecorCaption=false
08-31 19:50:40.330 19225 19225 D DecorView: setCaptionType = 0, this = DecorView@ec6dde8[]
08-31 19:50:40.333   634  1925 I SurfaceFlinger: id=151955 createSurf (0x0),-1 flag=24004, Surface(name=Task=1233)/@0xb3376e8 - animation-leash of app_transition#0
08-31 19:50:40.336 14809 14828 D EnterpriseDeviceManagerService: isMdmAdminPresentInternal() : MDM Admin Found - com.samsung.android.knox.containercore
08-31 19:50:40.337 19225 19225 I DecorView: getCurrentDensityDpi: from real metrics. densityDpi=450 msg=resources_loaded
08-31 19:50:40.339 19225 19225 D LifecycleMonitor: Lifecycle status change: androidx.test.core.app.InstrumentationActivityInvoker$BootstrapActivity@fcbbada in: CREATED
08-31 19:50:40.340   634  1925 I SurfaceFlinger: id=151956 createSurf (0x0),-1 flag=24000, Surface(name=886bbf6 StatusBar)/@0x2d7ebf5 - animation-leash of insets_animation#1
08-31 19:50:40.340 19225 19225 V ActivityScenario: Activity lifecycle changed event received but ignored because the intent does not match. startActivityIntent=Intent { act=android.intent.action.MAIN cat=[android.intent.category.LAUNCHER] cmp=com.example.lunchtray/androidx.fragment.app.testing.FragmentScenario$EmptyFragmentActivity (has extras) }, activity.getIntent()=Intent { act=android.intent.action.MAIN cat=[android.intent.category.LAUNCHER] flg=0x10008000 cmp=com.example.lunchtray/androidx.test.core.app.InstrumentationActivityInvoker$BootstrapActivity (has extras) }, activity=androidx.test.core.app.InstrumentationActivityInvoker$BootstrapActivity@fcbbada
08-31 19:50:40.341   634  1925 I SurfaceFlinger: id=151957 createSurf (0x0),-1 flag=24000, Surface(name=a8b9824 NavigationBar0)/@0x196e818 - animation-leash of insets_animation#1
08-31 19:50:40.342 19225 19225 V ActivityScenario: Activity lifecycle changed event received but ignored because the intent does not match. startActivityIntent=Intent { act=android.intent.action.MAIN cat=[android.intent.category.LAUNCHER] cmp=com.example.lunchtray/.MainActivity }, activity.getIntent()=Intent { act=android.intent.action.MAIN cat=[android.intent.category.LAUNCHER] flg=0x10008000 cmp=com.example.lunchtray/androidx.test.core.app.InstrumentationActivityInvoker$BootstrapActivity (has extras) }, activity=androidx.test.core.app.InstrumentationActivityInvoker$BootstrapActivity@fcbbada
08-31 19:50:40.343 19225 19225 V ActivityScenario: Activity lifecycle changed event received but ignored because the intent does not match. startActivityIntent=Intent { act=android.intent.action.MAIN cat=[android.intent.category.LAUNCHER] cmp=com.example.lunchtray/androidx.fragment.app.testing.FragmentScenario$EmptyFragmentActivity (has extras) }, activity.getIntent()=Intent { act=android.intent.action.MAIN cat=[android.intent.category.LAUNCHER] flg=0x10008000 cmp=com.example.lunchtray/androidx.test.core.app.InstrumentationActivityInvoker$BootstrapActivity (has extras) }, activity=androidx.test.core.app.InstrumentationActivityInvoker$BootstrapActivity@fcbbada
08-31 19:50:40.346 15577 29018 I TouchInteractionService: onSystemUiStateChanged, stateFlags : 131072
08-31 19:50:40.346 15577 15577 W SGestureOverlayWindow: setVisibilityGestureOverlayWindow, visibility = 0
08-31 19:50:40.346 15577 15577 I TouchInteractionService: onSystemUiFlagsChanged, userUnlocked
08-31 19:50:40.347 15119 15246 D InsetsSourceConsumer: ensureControlAlpha: for ITYPE_NAVIGATION_BAR on Splash Screen com.example.lunchtray
08-31 19:50:40.349 15119 15246 D InsetsSourceConsumer: ensureControlAlpha: for ITYPE_STATUS_BAR on Splash Screen com.example.lunchtray
08-31 19:50:40.349 19225 19225 D LifecycleMonitor: Lifecycle status change: androidx.test.core.app.InstrumentationActivityInvoker$BootstrapActivity@fcbbada in: STARTED
08-31 19:50:40.350 19225 19225 V ActivityScenario: Activity lifecycle changed event received but ignored because the intent does not match. startActivityIntent=Intent { act=android.intent.action.MAIN cat=[android.intent.category.LAUNCHER] cmp=com.example.lunchtray/androidx.fragment.app.testing.FragmentScenario$EmptyFragmentActivity (has extras) }, activity.getIntent()=Intent { act=android.intent.action.MAIN cat=[android.intent.category.LAUNCHER] flg=0x10008000 cmp=com.example.lunchtray/androidx.test.core.app.InstrumentationActivityInvoker$BootstrapActivity (has extras) }, activity=androidx.test.core.app.InstrumentationActivityInvoker$BootstrapActivity@fcbbada
08-31 19:50:40.351 19225 19225 V ActivityScenario: Activity lifecycle changed event received but ignored because the intent does not match. startActivityIntent=Intent { act=android.intent.action.MAIN cat=[android.intent.category.LAUNCHER] cmp=com.example.lunchtray/.MainActivity }, activity.getIntent()=Intent { act=android.intent.action.MAIN cat=[android.intent.category.LAUNCHER] flg=0x10008000 cmp=com.example.lunchtray/androidx.test.core.app.InstrumentationActivityInvoker$BootstrapActivity (has extras) }, activity=androidx.test.core.app.InstrumentationActivityInvoker$BootstrapActivity@fcbbada
08-31 19:50:40.352 19225 19225 V ActivityScenario: Activity lifecycle changed event received but ignored because the intent does not match. startActivityIntent=Intent { act=android.intent.action.MAIN cat=[android.intent.category.LAUNCHER] cmp=com.example.lunchtray/androidx.fragment.app.testing.FragmentScenario$EmptyFragmentActivity (has extras) }, activity.getIntent()=Intent { act=android.intent.action.MAIN cat=[android.intent.category.LAUNCHER] flg=0x10008000 cmp=com.example.lunchtray/androidx.test.core.app.InstrumentationActivityInvoker$BootstrapActivity (has extras) }, activity=androidx.test.core.app.InstrumentationActivityInvoker$BootstrapActivity@fcbbada
08-31 19:50:40.353 14617 19431 I HYPER-HAL: [RequestManager.cpp]releaseLocked(): Released ID : 110046056
08-31 19:50:40.354   634   634 I Layer   : id=151941 removeFromCurrentState Surface(name=886bbf6 StatusBar)/@0x2d7ebf5 - animation-leash of insets_animation#0 (115)
08-31 19:50:40.354   634   634 I Layer   : id=151942 removeFromCurrentState Surface(name=a8b9824 NavigationBar0)/@0x196e818 - animation-leash of insets_animation#0 (115)
08-31 19:50:40.354   634   634 I SurfaceFlinger: id=151941 Removed Surface(name=886bbf6 StatusBar)/@0x2d7ebf5 - animation-leash of insets_animation#0 (115)
08-31 19:50:40.354   634   634 I SurfaceFlinger: id=151942 Removed Surface(name=a8b9824 NavigationBar0)/@0x196e818 - animation-leash of insets_animation#0 (115)
08-31 19:50:40.354   634   634 I Layer   : id=151941 Destroyed Surface(name=886bbf6 StatusBar)/@0x2d7ebf5 - animation-leash of insets_animation#0
08-31 19:50:40.355   634   634 I Layer   : id=151942 Destroyed Surface(name=a8b9824 NavigationBar0)/@0x196e818 - animation-leash of insets_animation#0
08-31 19:50:40.360   634  3050 I SurfaceFlinger: id=151958 createSurf (0x0),-1 flag=80004, ActivityRecord{4cddedf u0 com.example.lunchtray/androidx.fragment.app.testing.FragmentScenario$EmptyFragmentActivity t1233}#0
08-31 19:50:40.367 15119 15134 I ViewRootImpl@c46ea1c[lunchtray]: Resizing android.view.ViewRootImpl@9e68c08: frame=[0,0][1080,2408] reportDraw=false forceLayout=false backDropFrame=Rect(0, 0 - 1080, 2408)
08-31 19:50:40.367 15119 15246 I ViewRootImpl@c46ea1c[lunchtray]: handleResized, msg = 4 frames=ClientWindowFrames{frame=[0,0][1080,2408] display=[0,0][1080,2408] backdrop=[0,0][1080,2408]} forceNextWindowRelayout=false displayId=0 frameChanged=false backdropFrameChanged=false configChanged=false displayChanged=false mNextDrawUseBlastSync=false mergedConfiguration={mGlobalConfig={0.9 404mcc40mnc [en_IN] ldltr sw384dp w384dp h817dp 450dpi nrml long port night finger -keyb/v/h -nav/h winConfig={ mBounds=Rect(0, 0 - 1080, 2408) mAppBounds=Rect(0, 65 - 1080, 2366) mMaxBounds=Rect(0, 0 - 1080, 2408) mWindowingMode=fullscreen mDisplayWindowingMode=fullscreen mActivityType=undefined mAlwaysOnTop=undefined mRotation=ROTATION_0 mPopOver=undefined mFreeformTaskPinningState=undefined} s.3042 fontWeightAdjustment=0 ff=0 bf=0 bts=0 enb/d themeSeq=0} mOverrideConfig={0.9 404mcc40mnc [en_IN] ldltr sw384dp w384dp h817dp 450dpi nrml long port night finger -keyb/v/h -nav/h winConfig={ mBounds=Rect(0, 0 - 1080, 2408) mAppBounds=Rect(0, 65 - 1080, 2366) mMaxBounds=Rect(0, 0 - 1080, 2408) mWindowingMode=fullscreen mDisplayWindowingMode=fullscreen mActivityType=standard mAlwaysOnTop=undefined mRotation=ROTATION_0 mPopOver=off mFreeformTaskPinningState=unpinned} s.1 fontWeightAdjustment=0 ff=0 bf=0 bts=0 enb/d themeSeq=0}}
08-31 19:50:40.368 19225 19225 D LifecycleMonitor: Lifecycle status change: androidx.test.core.app.InstrumentationActivityInvoker$BootstrapActivity@fcbbada in: RESUMED
08-31 19:50:40.369 19225 19225 V ActivityScenario: Activity lifecycle changed event received but ignored because the intent does not match. startActivityIntent=Intent { act=android.intent.action.MAIN cat=[android.intent.category.LAUNCHER] cmp=com.example.lunchtray/androidx.fragment.app.testing.FragmentScenario$EmptyFragmentActivity (has extras) }, activity.getIntent()=Intent { act=android.intent.action.MAIN cat=[android.intent.category.LAUNCHER] flg=0x10008000 cmp=com.example.lunchtray/androidx.test.core.app.InstrumentationActivityInvoker$BootstrapActivity (has extras) }, activity=androidx.test.core.app.InstrumentationActivityInvoker$BootstrapActivity@fcbbada
08-31 19:50:40.370 19225 19225 V ActivityScenario: Activity lifecycle changed event received but ignored because the intent does not match. startActivityIntent=Intent { act=android.intent.action.MAIN cat=[android.intent.category.LAUNCHER] cmp=com.example.lunchtray/.MainActivity }, activity.getIntent()=Intent { act=android.intent.action.MAIN cat=[android.intent.category.LAUNCHER] flg=0x10008000 cmp=com.example.lunchtray/androidx.test.core.app.InstrumentationActivityInvoker$BootstrapActivity (has extras) }, activity=androidx.test.core.app.InstrumentationActivityInvoker$BootstrapActivity@fcbbada
08-31 19:50:40.371 19225 19225 V ActivityScenario: Activity lifecycle changed event received but ignored because the intent does not match. startActivityIntent=Intent { act=android.intent.action.MAIN cat=[android.intent.category.LAUNCHER] cmp=com.example.lunchtray/androidx.fragment.app.testing.FragmentScenario$EmptyFragmentActivity (has extras) }, activity.getIntent()=Intent { act=android.intent.action.MAIN cat=[android.intent.category.LAUNCHER] flg=0x10008000 cmp=com.example.lunchtray/androidx.test.core.app.InstrumentationActivityInvoker$BootstrapActivity (has extras) }, activity=androidx.test.core.app.InstrumentationActivityInvoker$BootstrapActivity@fcbbada
08-31 19:50:40.371 14809 16178 I MediaSessionMonitor: Media session stopped : controllerList empty
08-31 19:50:40.375 19225 19225 D LifecycleMonitor: Lifecycle status change: androidx.test.core.app.InstrumentationActivityInvoker$BootstrapActivity@fcbbada in: PAUSED
08-31 19:50:40.376 14809 14828 D PersonaActivityHelper: Activity not in resumed state, do not run immediate lock
08-31 19:50:40.376 19225 19225 V ActivityScenario: Activity lifecycle changed event received but ignored because the intent does not match. startActivityIntent=Intent { act=android.intent.action.MAIN cat=[android.intent.category.LAUNCHER] cmp=com.example.lunchtray/androidx.fragment.app.testing.FragmentScenario$EmptyFragmentActivity (has extras) }, activity.getIntent()=Intent { act=android.intent.action.MAIN cat=[android.intent.category.LAUNCHER] flg=0x10008000 cmp=com.example.lunchtray/androidx.test.core.app.InstrumentationActivityInvoker$BootstrapActivity (has extras) }, activity=androidx.test.core.app.InstrumentationActivityInvoker$BootstrapActivity@fcbbada
08-31 19:50:40.378 19225 19225 V ActivityScenario: Activity lifecycle changed event received but ignored because the intent does not match. startActivityIntent=Intent { act=android.intent.action.MAIN cat=[android.intent.category.LAUNCHER] cmp=com.example.lunchtray/.MainActivity }, activity.getIntent()=Intent { act=android.intent.action.MAIN cat=[android.intent.category.LAUNCHER] flg=0x10008000 cmp=com.example.lunchtray/androidx.test.core.app.InstrumentationActivityInvoker$BootstrapActivity (has extras) }, activity=androidx.test.core.app.InstrumentationActivityInvoker$BootstrapActivity@fcbbada
08-31 19:50:40.380   634   634 D SurfaceFlinger: Display 4633128508267670401 HWC layers:
08-31 19:50:40.380   634   634 D SurfaceFlinger:      DEVICE | 0xeb9b9080 | 0100 | RGBx_8888    |  335.0    0.0 1415.0 2408.0 |    0    0 1080 2408 | Wallpaper BBQ wrapper#0
08-31 19:50:40.380   634   634 D SurfaceFlinger:      DEVICE | 0xebe30e00 | 0100 | RGBA_8888    |    0.0    0.0 1080.0 2408.0 |    0    0 1080 2408 | com.sec.android.app.launcher/com.sec[...]activities.LauncherActivity$_15577#0
08-31 19:50:40.380   634   634 D SurfaceFlinger:      CLIENT | 0xeaef7400 | 0100 | RGBA_8888    |    0.0    0.0 1080.0 2408.0 |   75  167 1005 2241 | Splash Screen com.example.lunchtray$_15119#0
08-31 19:50:40.380   634   634 D SurfaceFlinger:      CLIENT | 0xebe30c80 | 0100 | RGBA_8888    |    0.0    0.0 1080.0   66.0 |    0    0 1080   66 | StatusBar$_15119#0
08-31 19:50:40.380   634   634 D SurfaceFlinger:      CLIENT | 0xec277300 | 0100 | RGBA_8888    |    0.0    0.0  388.0   42.0 |  692 2366 1080 2408 | SGestureOverlayWindow$_15577#0
08-31 19:50:40.380   634   634 D SurfaceFlinger:      CLIENT | 0xec97b100 | 0100 | RGBA_8888    |    0.0    0.0 1080.0  135.0 |    0 2273 1080 2408 | NavigationBar0$_15119#0
08-31 19:50:40.380   634   634 D SurfaceFlinger:      DEVICE | 0xec278980 | 0108 | RGBA_8888    |    0.0    0.0 1080.0 2408.0 |    0    0 1080 2408 | BlueLightFilter$_15119#0
08-31 19:50:40.380   634   634 D SurfaceFlinger:
08-31 19:50:40.380 19225 19225 V ActivityScenario: Activity lifecycle changed event received but ignored because the intent does not match. startActivityIntent=Intent { act=android.intent.action.MAIN cat=[android.intent.category.LAUNCHER] cmp=com.example.lunchtray/androidx.fragment.app.testing.FragmentScenario$EmptyFragmentActivity (has extras) }, activity.getIntent()=Intent { act=android.intent.action.MAIN cat=[android.intent.category.LAUNCHER] flg=0x10008000 cmp=com.example.lunchtray/androidx.test.core.app.InstrumentationActivityInvoker$BootstrapActivity (has extras) }, activity=androidx.test.core.app.InstrumentationActivityInvoker$BootstrapActivity@fcbbada
08-31 19:50:40.388 14809 15295 D InputDispatcher: Focused application set to (0): 4cddedf
08-31 19:50:40.401 14809 14828 I SemPersonaManager: SecureFolder personaId = 10
08-31 19:50:40.409 19225 19225 D LifecycleMonitor: Lifecycle status change: androidx.fragment.app.testing.FragmentScenario$EmptyFragmentActivity@85eb73d in: PRE_ON_CREATE
08-31 19:50:40.412 19225 19225 V ActivityScenario: Activity lifecycle changed event received but ignored because the reported transition was not ON_CREATE while the last known transition was DESTROYED
08-31 19:50:40.412 19225 19225 V ActivityScenario: Activity lifecycle changed event received but ignored because the intent does not match. startActivityIntent=Intent { act=android.intent.action.MAIN cat=[android.intent.category.LAUNCHER] cmp=com.example.lunchtray/.MainActivity }, activity.getIntent()=Intent { act=android.intent.action.MAIN cat=[android.intent.category.LAUNCHER] cmp=com.example.lunchtray/androidx.fragment.app.testing.FragmentScenario$EmptyFragmentActivity (has extras) }, activity=androidx.fragment.app.testing.FragmentScenario$EmptyFragmentActivity@85eb73d
08-31 19:50:40.412 14809 14828 D EnterpriseDeviceManagerService: isMdmAdminPresentInternal() : MDM Admin Found - com.samsung.android.knox.containercore
08-31 19:50:40.414 19225 19225 V ActivityScenario: Activity lifecycle changed event received but ignored because the reported transition was not ON_CREATE while the last known transition was PRE_ON_CREATE
08-31 19:50:40.417 14809 16178 I MediaSessionMonitor: Media session stopped : controllerList empty
08-31 19:50:40.424 19225 19225 I DecorView: [INFO] isPopOver=false, config=true
08-31 19:50:40.425 19225 19225 I DecorView: updateCaptionType >> DecorView@c22687e[], isFloating=false, isApplication=true, hasWindowControllerCallback=true, hasWindowDecorCaption=false
08-31 19:50:40.425 19225 19225 D DecorView: setCaptionType = 0, this = DecorView@c22687e[]
08-31 19:50:40.430 19225 19225 I DecorView: getCurrentDensityDpi: from real metrics. densityDpi=450 msg=resources_loaded
08-31 19:50:40.433 19225 19225 D LifecycleMonitor: Lifecycle status change: androidx.fragment.app.testing.FragmentScenario$EmptyFragmentActivity@85eb73d in: CREATED
08-31 19:50:40.433 19225 19225 V ActivityScenario: Update currentActivityStage to CREATED, currentActivity=androidx.fragment.app.testing.FragmentScenario$EmptyFragmentActivity@85eb73d
08-31 19:50:40.434 19225 19225 V ActivityScenario: Activity lifecycle changed event received but ignored because the intent does not match. startActivityIntent=Intent { act=android.intent.action.MAIN cat=[android.intent.category.LAUNCHER] cmp=com.example.lunchtray/.MainActivity }, activity.getIntent()=Intent { act=android.intent.action.MAIN cat=[android.intent.category.LAUNCHER] cmp=com.example.lunchtray/androidx.fragment.app.testing.FragmentScenario$EmptyFragmentActivity (has extras) }, activity=androidx.fragment.app.testing.FragmentScenario$EmptyFragmentActivity@85eb73d
08-31 19:50:40.435 19225 19225 V ActivityScenario: Update currentActivityStage to CREATED, currentActivity=androidx.fragment.app.testing.FragmentScenario$EmptyFragmentActivity@85eb73d
08-31 19:50:40.442 19225 19225 D LifecycleMonitor: Lifecycle status change: androidx.fragment.app.testing.FragmentScenario$EmptyFragmentActivity@85eb73d in: STARTED
08-31 19:50:40.444 19225 19225 V ActivityScenario: Update currentActivityStage to STARTED, currentActivity=androidx.fragment.app.testing.FragmentScenario$EmptyFragmentActivity@85eb73d
08-31 19:50:40.445 19225 19225 V ActivityScenario: Activity lifecycle changed event received but ignored because the intent does not match. startActivityIntent=Intent { act=android.intent.action.MAIN cat=[android.intent.category.LAUNCHER] cmp=com.example.lunchtray/.MainActivity }, activity.getIntent()=Intent { act=android.intent.action.MAIN cat=[android.intent.category.LAUNCHER] cmp=com.example.lunchtray/androidx.fragment.app.testing.FragmentScenario$EmptyFragmentActivity (has extras) }, activity=androidx.fragment.app.testing.FragmentScenario$EmptyFragmentActivity@85eb73d
08-31 19:50:40.445 19225 19225 V ActivityScenario: Update currentActivityStage to STARTED, currentActivity=androidx.fragment.app.testing.FragmentScenario$EmptyFragmentActivity@85eb73d
08-31 19:50:40.447 14809 15035 D SemNscXgbMsL1: Probability - Cloud gaming: [0.040805355]
08-31 19:50:40.447 14809 15035 D SemNscXgbMsL1: Probability - Real time: [0.014890638]
08-31 19:50:40.447 14809 15035 D SemNscXgbMsL1: Probability - Non real time: [0.89131355]
08-31 19:50:40.447 14809 15035 D SemNscXgbMsL1: 1 sample inference time: 0.595423 msecs
08-31 19:50:40.447 19225 19225 D LifecycleMonitor: Lifecycle status change: androidx.fragment.app.testing.FragmentScenario$EmptyFragmentActivity@85eb73d in: RESUMED
08-31 19:50:40.448 19225 19225 V ActivityScenario: Update currentActivityStage to RESUMED, currentActivity=androidx.fragment.app.testing.FragmentScenario$EmptyFragmentActivity@85eb73d
08-31 19:50:40.448 14809 15035 D SemNscXgbL2Rt: L2 RT 1 sample inference time: 0.916616 msecs
08-31 19:50:40.449 19225 19225 V ActivityScenario: Activity lifecycle changed event received but ignored because the intent does not match. startActivityIntent=Intent { act=android.intent.action.MAIN cat=[android.intent.category.LAUNCHER] cmp=com.example.lunchtray/.MainActivity }, activity.getIntent()=Intent { act=android.intent.action.MAIN cat=[android.intent.category.LAUNCHER] cmp=com.example.lunchtray/androidx.fragment.app.testing.FragmentScenario$EmptyFragmentActivity (has extras) }, activity=androidx.fragment.app.testing.FragmentScenario$EmptyFragmentActivity@85eb73d
08-31 19:50:40.449 14809 15035 D SemNscXgbL2Nrt: L2 NRT 1 sample inference time: 0.730038 msecs
08-31 19:50:40.450 19225 19225 V ActivityScenario: Update currentActivityStage to RESUMED, currentActivity=androidx.fragment.app.testing.FragmentScenario$EmptyFragmentActivity@85eb73d
08-31 19:50:40.460 14809 15295 D InputTransport: Input channel constructed: '4a40fc4', fd=840
08-31 19:50:40.461 14809 15295 D InputTransport: Input channel constructed: '4a40fc4', fd=846
08-31 19:50:40.462 14809 15295 D InputTransport: Input channel constructed: '4a40fc4', fd=847
08-31 19:50:40.463   634  1925 I SurfaceFlinger: id=151959 createSurf (0x0),-1 flag=80004, 4a40fc4 com.example.lunchtray/androidx.fragment.app.testing.FragmentScenario$EmptyFragmentActivity#0
08-31 19:50:40.465 14809 15295 D InputTransport: Input channel destroyed: '4a40fc4', fd=847
08-31 19:50:40.467 19225 19225 I ViewRootImpl@e455dd7[FragmentScenario$EmptyFragmentActivity]: setView = com.android.internal.policy.DecorView@c22687e TM=true
08-31 19:50:40.468 14809 14868 D AnalyticsContainerHandler: handleMessage : { when=0 what=1 target=com.android.server.knox.KnoxAnalyticsContainer$AnalyticsHandler }
08-31 19:50:40.478 14809 15295 V WindowManager: Relayout Window{4a40fc4 u0 com.example.lunchtray/androidx.fragment.app.testing.FragmentScenario$EmptyFragmentActivity}: viewVisibility=0 req=1080x2408 d0
08-31 19:50:40.479   634  1925 I SurfaceFlinger: id=151960 createSurf (1x1),-3 flag=40004, com.example.lunchtray/androidx.fragment.app.testing.FragmentScenario$EmptyFragmentActivity$_19225#0
08-31 19:50:40.484   634  3050 I SurfaceFlinger: id=151961 createSurf (0x0),-1 flag=24000, Surface(name=886bbf6 StatusBar)/@0x2d7ebf5 - animation-leash of insets_animation#0
08-31 19:50:40.486   634  3050 I SurfaceFlinger: id=151962 createSurf (0x0),-1 flag=24000, Surface(name=a8b9824 NavigationBar0)/@0x196e818 - animation-leash of insets_animation#0
08-31 19:50:40.489 14809 15295 V WindowManager: Relayout hash=4a40fc4, pid=19225: mAttrs={(0,0)(fillxfill) sim={adjust=pan forwardNavigation} ty=BASE_APPLICATION wanim=0x1030303
08-31 19:50:40.489 14809 15295 V WindowManager:   fl=81810100
08-31 19:50:40.489 14809 15295 V WindowManager:   pfl=12020040
08-31 19:50:40.489 14809 15295 V WindowManager:   bhv=DEFAULT
08-31 19:50:40.489 14809 15295 V WindowManager:   fitSides= naviIconColor=0}
08-31 19:50:40.494 15577  9498 I RecentModel: onTaskStackChangedBackground
08-31 19:50:40.496 15577  9498 I RecentTasksList: getTaskKeys, numTasks :3 callback : com.android.quickstep.-$$Lambda$RecentsModel$k1Mm-BV64Bc89eJHYugywZmW_Js@28a337c
08-31 19:50:40.497 19225 19225 I ViewRootImpl@e455dd7[FragmentScenario$EmptyFragmentActivity]: Relayout returned: old=(0,0,1080,2408) new=(0,0,1080,2408) req=(1080,2408)0 dur=16 res=0x7 s={true 4061665280} ch=true fn=-1
08-31 19:50:40.499 19225 19293 D OpenGLRenderer: eglCreateWindowSurface
08-31 19:50:40.499 15577 15645 I RecentTasksList: loadTasksInBackground() task id : 1233
08-31 19:50:40.502 19225 19225 I ViewRootImpl@e455dd7[FragmentScenario$EmptyFragmentActivity]: [DP] dp(1) 1 android.view.ViewRootImpl.reportNextDraw:11410 android.view.ViewRootImpl.performTraversals:4185 android.view.ViewRootImpl.doTraversal:2911
08-31 19:50:40.502 19225 19225 D ViewRootImpl@e455dd7[FragmentScenario$EmptyFragmentActivity]: Creating frameDrawingCallback nextDrawUseBlastSync=false reportNextDraw=true hasBlurUpdates=false
08-31 19:50:40.502 19225 19225 D ViewRootImpl@e455dd7[FragmentScenario$EmptyFragmentActivity]: Creating frameCompleteCallback
08-31 19:50:40.503   634   634 I Layer   : id=151957 removeFromCurrentState Surface(name=a8b9824 NavigationBar0)/@0x196e818 - animation-leash of insets_animation#1 (118)
08-31 19:50:40.503   634   634 I Layer   : id=145052 removeFromCurrentState a8b9824 NavigationBar0#0 (118)
08-31 19:50:40.503   634   634 I Layer   : id=145066 removeFromCurrentState NavigationBar0$_15119#0 (118)
08-31 19:50:40.503   634   634 I Layer   : id=151956 removeFromCurrentState Surface(name=886bbf6 StatusBar)/@0x2d7ebf5 - animation-leash of insets_animation#1 (118)
08-31 19:50:40.503   634   634 I Layer   : id=145052 addToCurrentState a8b9824 NavigationBar0#0 (118)
08-31 19:50:40.503   634   634 I Layer   : id=145066 addToCurrentState NavigationBar0$_15119#0 (118)
08-31 19:50:40.504   634   634 I SurfaceFlinger: id=151957 Removed Surface(name=a8b9824 NavigationBar0)/@0x196e818 - animation-leash of insets_animation#1 (118)
08-31 19:50:40.504   634   634 I SurfaceFlinger: id=151956 Removed Surface(name=886bbf6 StatusBar)/@0x2d7ebf5 - animation-leash of insets_animation#1 (118)
08-31 19:50:40.504   634   634 I Layer   : id=151956 Destroyed Surface(name=886bbf6 StatusBar)/@0x2d7ebf5 - animation-leash of insets_animation#1
08-31 19:50:40.504   634   634 I Layer   : id=151957 Destroyed Surface(name=a8b9824 NavigationBar0)/@0x196e818 - animation-leash of insets_animation#1
08-31 19:50:40.506 14809 16644 D InputDispatcher: Focus request (0): 4a40fc4 com.example.lunchtray/androidx.fragment.app.testing.FragmentScenario$EmptyFragmentActivity but waiting because NOT_VISIBLE
08-31 19:50:40.506 19225 19310 D ViewRootImpl@e455dd7[FragmentScenario$EmptyFragmentActivity]: Received frameDrawingCallback frameNum=1. Creating transactionCompleteCallback=false
08-31 19:50:40.511 19225 19293 D ViewRootImpl@e455dd7[FragmentScenario$EmptyFragmentActivity]: Received frameCompleteCallback  lastAcquiredFrameNum=1 lastAttemptedDrawFrameNum=1
08-31 19:50:40.514 19225 19225 I ViewRootImpl@e455dd7[FragmentScenario$EmptyFragmentActivity]: [DP] pdf(0) 1 android.view.ViewRootImpl.lambda$addFrameCompleteCallbackIfNeeded$3$ViewRootImpl:4987 android.view.ViewRootImpl$$ExternalSyntheticLambda16.run:6 android.os.Handler.handleCallback:938
08-31 19:50:40.515 19225 19225 I ViewRootImpl@e455dd7[FragmentScenario$EmptyFragmentActivity]: [DP] rdf()
08-31 19:50:40.515 19225 19225 D ViewRootImpl@e455dd7[FragmentScenario$EmptyFragmentActivity]: reportDrawFinished (fn: -1)
08-31 19:50:40.516 19225 19225 D InsetsSourceConsumer: ensureControlAlpha: for ITYPE_NAVIGATION_BAR on com.example.lunchtray/androidx.fragment.app.testing.FragmentScenario$EmptyFragmentActivity
08-31 19:50:40.517 19225 19225 D InsetsSourceConsumer: ensureControlAlpha: for ITYPE_STATUS_BAR on com.example.lunchtray/androidx.fragment.app.testing.FragmentScenario$EmptyFragmentActivity
08-31 19:50:40.522 14809 14825 E libperflog: [LIBPERFLOG] socket_local_client fail = -1
08-31 19:50:40.522 14809 16644 I SemDvfsHyPerManager: acquire hyper - AMS_RESUME_TAIL/14809@14, type = -999
08-31 19:50:40.522 14809 16644 I SemDvfsHyPerManager: acquire hyper - AMS_ACT_LAZY/14809@15, type = -999
08-31 19:50:40.522 14617 14637 I HYPER-HAL: [RequestManager.cpp]acquire(): Acquired ID : 109868090  [14809 / 14]    HINT : AMS_RESUME_TAIL    list :
08-31 19:50:40.523 14617 14637 I HYPER-HAL: [RequestManager.cpp]releaseLocked(): Released ID : 110060893
08-31 19:50:40.524 14809 14825 I PkgPredictorService-SecIpmManagerServiceImpl: reportToNAP uid:10307 com.example.lunchtray/androidx.fragment.app.testing.FragmentScenario$EmptyFragmentActivity thisTime:280
08-31 19:50:40.525   634   807 I SurfaceFlinger: id=151963 createSurf (0x0),-1 flag=24000, Surface(name=4a40fc4 com.example.lunchtray/androidx.fragment.app.testing.FragmentScenario$EmptyFragmentActivity)/@0x6923dcf - animation-leash of starting_reveal#0
08-31 19:50:40.526 14809 14825 I ActivityTaskManager: Displayed com.example.lunchtray/androidx.fragment.app.testing.FragmentScenario$EmptyFragmentActivity: +280ms
08-31 19:50:40.528  2385  2385 E pageboostd: Received HALT command code 2
08-31 19:50:40.535 19225 19225 D ScrollView: initGoToTop
08-31 19:50:40.538 14809 16644 D InputDispatcher: Focus entered window (0): 4a40fc4 com.example.lunchtray/androidx.fragment.app.testing.FragmentScenario$EmptyFragmentActivity
08-31 19:50:40.539 15119 15827 I ViewRootImpl@c46ea1c[lunchtray]: mWNT: t = android.view.SurfaceControl$Transaction@b855c6 fN = 2 android.view.SyncRtSurfaceTransactionApplier.applyTransaction:94 android.view.SyncRtSurfaceTransactionApplier.lambda$scheduleApply$0$SyncRtSurfaceTransactionApplier:71 android.view.SyncRtSurfaceTransactionApplier$$ExternalSyntheticLambda0.onFrameDraw:4
08-31 19:50:40.539 15119 15827 I ViewRootImpl@c46ea1c[lunchtray]: mWNT: merge t to BBQ
08-31 19:50:40.540 15119 15827 I ViewRootImpl@c46ea1c[lunchtray]: mWNT: t = android.view.SurfaceControl$Transaction@5c30987 fN = 2 android.view.SyncRtSurfaceTransactionApplier.applyTransaction:94 android.view.SyncRtSurfaceTransactionApplier.lambda$scheduleApply$0$SyncRtSurfaceTransactionApplier:71 android.view.SyncRtSurfaceTransactionApplier$$ExternalSyntheticLambda0.onFrameDraw:4
08-31 19:50:40.541 15119 15827 I ViewRootImpl@c46ea1c[lunchtray]: mWNT: merge t to BBQ
08-31 19:50:40.548   634   634 D SurfaceFlinger: Display 4633128508267670401 HWC layers:
08-31 19:50:40.548   634   634 D SurfaceFlinger:      DEVICE | 0xeb9b9080 | 0100 | RGBx_8888    |  335.0    0.0 1415.0 2408.0 |    0    0 1080 2408 | Wallpaper BBQ wrapper#0
08-31 19:50:40.548   634   634 D SurfaceFlinger:      DEVICE | 0xebe30e00 | 0100 | RGBA_8888    |    0.0    0.0 1080.0 2408.0 |    0    0 1080 2408 | com.sec.android.app.launcher/com.sec[...]activities.LauncherActivity$_15577#0
08-31 19:50:40.548   634   634 D SurfaceFlinger:      CLIENT | 0xec167080 | 0102 | RGBA_8888    |    0.0    0.0 1080.0 2408.0 |   11   25 1069 2383 | com.example.lunchtray/androidx.fragm[...]nario$EmptyFragmentActivity$_19225#0
08-31 19:50:40.548   634   634 D SurfaceFlinger:      CLIENT | 0xeaef7400 | 0100 | RGBA_8888    |    0.0    0.0 1080.0 2408.0 |   11   25 1069 2383 | Splash Screen com.example.lunchtray$_15119#0
08-31 19:50:40.548   634   634 D SurfaceFlinger:      CLIENT | 0xebe30c80 | 0100 | RGBA_8888    |    0.0    0.0 1080.0   66.0 |    0    0 1080   66 | StatusBar$_15119#0
08-31 19:50:40.548   634   634 D SurfaceFlinger:      CLIENT | 0xec277300 | 0100 | RGBA_8888    |    0.0    0.0  388.0   42.0 |  692 2366 1080 2408 | SGestureOverlayWindow$_15577#0
08-31 19:50:40.548   634   634 D SurfaceFlinger:      CLIENT | 0xec97b100 | 0100 | RGBA_8888    |    0.0    0.0 1080.0  135.0 |    0 2273 1080 2408 | N
08-31 19:50:40.548   634   634 D SurfaceFlinger: avigationBar0$_15119#0
08-31 19:50:40.548   634   634 D SurfaceFlinger:      DEVICE | 0xec278980 | 0108 | RGBA_8888    |    0.0    0.0 1080.0 2408.0 |    0    0 1080 2408 | BlueLightFilter$_15119#0
08-31 19:50:40.548   634   634 D SurfaceFlinger:
08-31 19:50:40.554 15119 15828 I ViewRootImpl@c46ea1c[lunchtray]: mWNT: t = android.view.SurfaceControl$Transaction@65c60b4 fN = 3 android.view.SyncRtSurfaceTransactionApplier.applyTransaction:94 android.view.SyncRtSurfaceTransactionApplier.lambda$scheduleApply$0$SyncRtSurfaceTransactionApplier:71 android.view.SyncRtSurfaceTransactionApplier$$ExternalSyntheticLambda0.onFrameDraw:4
08-31 19:50:40.554 15119 15828 I ViewRootImpl@c46ea1c[lunchtray]: mWNT: merge t to BBQ
08-31 19:50:40.571 15119 15827 I ViewRootImpl@c46ea1c[lunchtray]: mWNT: t = android.view.SurfaceControl$Transaction@a0434dd fN = 4 android.view.SyncRtSurfaceTransactionApplier.applyTransaction:94 android.view.SyncRtSurfaceTransactionApplier.lambda$scheduleApply$0$SyncRtSurfaceTransactionApplier:71 android.view.SyncRtSurfaceTransactionApplier$$ExternalSyntheticLambda0.onFrameDraw:4
08-31 19:50:40.571 15119 15827 I ViewRootImpl@c46ea1c[lunchtray]: mWNT: merge t to BBQ
08-31 19:50:40.587 15119 15309 D OpenGLRenderer: setSurface called with nullptr
08-31 19:50:40.588 15119 15309 D OpenGLRenderer: setSurface() destroyed EGLSurface
08-31 19:50:40.588 15119 15309 D OpenGLRenderer: destroyEglSurface
08-31 19:50:40.590 14809 16644 V WindowManager: Relayout Window{fbae21b u0 Splash Screen com.example.lunchtray}: viewVisibility=8 req=1080x2408 d0
08-31 19:50:40.592   634  1925 I SurfaceFlinger: id=151964 createSurf (0x0),-1 flag=24000, Surface(name=fbae21b Splash Screen com.example.lunchtray)/@0x50a072c - animation-leash of window_animation#0
08-31 19:50:40.599 14809 16644 V WindowManager: Relayout hash=fbae21b, pid=15119: mAttrs={(0,0)(fillxfill) sim={adjust=pan} ty=APPLICATION_STARTING fmt=TRANSLUCENT wanim=0x1030001
08-31 19:50:40.599 14809 16644 V WindowManager:   fl=81030118
08-31 19:50:40.599 14809 16644 V WindowManager:   pfl=36000010
08-31 19:50:40.599 14809 16644 V WindowManager:   bhv=DEFAULT
08-31 19:50:40.599 14809 16644 V WindowManager:   fitSides= naviIconColor=0}
08-31 19:50:40.601 15119 15246 I ViewRootImpl@c46ea1c[lunchtray]: Relayout returned: old=(0,0,1080,2408) new=(0,0,1080,2408) req=(1080,2408)8 dur=10 res=0x5 s={false 0} ch=true fn=5
08-31 19:50:40.601 15119 15246 I ViewRootImpl@c46ea1c[lunchtray]: dispatchDetachedFromWindow
08-31 19:50:40.602 14809 16644 D InputTransport: Input channel destroyed: 'fbae21b', fd=806
08-31 19:50:40.602 14809 16644 W InputManager-JNI: Input channel object 'fbae21b Splash Screen com.example.lunchtray (client)' was disposed without first being removed with the input manager!
08-31 19:50:40.602 14809 16644 D InputTransport: Input channel destroyed: 'fbae21b', fd=809
08-31 19:50:40.605 15119 15246 D InputTransport: Input channel destroyed: 'fbae21b', fd=311
08-31 19:50:40.620   634   634 I Layer   : id=151963 removeFromCurrentState Surface(name=4a40fc4 com.example.lunchtray/androidx.fragment.app.testing.FragmentScenario$EmptyFragmentActivity)/@0x6923dcf - animation-leash of starting_reveal#0 (118)
08-31 19:50:40.648 14809 16644 V WindowManager: Relayout Window{4a40fc4 u0 com.example.lunchtray/androidx.fragment.app.testing.FragmentScenario$EmptyFragmentActivity}: viewVisibility=0 req=1080x2408 d0
08-31 19:50:40.652 14809 16644 V WindowManager: Relayout hash=4a40fc4, pid=19225: mAttrs={(0,0)(fillxfill) sim={adjust=resize forwardNavigation} ty=BASE_APPLICATION wanim=0x1030303
08-31 19:50:40.652 14809 16644 V WindowManager:   fl=81810100
08-31 19:50:40.652 14809 16644 V WindowManager:   pfl=12020040
08-31 19:50:40.652 14809 16644 V WindowManager:   bhv=DEFAULT
08-31 19:50:40.652 14809 16644 V WindowManager:   fitSides= naviIconColor=0}
08-31 19:50:40.656 19225 19225 I ViewRootImpl@e455dd7[FragmentScenario$EmptyFragmentActivity]: Relayout returned: old=(0,0,1080,2408) new=(0,0,1080,2408) req=(1080,2408)0 dur=8 res=0x1 s={true 4061665280} ch=false fn=2
08-31 19:50:40.658 19225 19225 D ScrollView:  onsize change changed
08-31 19:50:40.667 19225 19225 I ViewRootImpl@e455dd7[FragmentScenario$EmptyFragmentActivity]: MSG_WINDOW_FOCUS_CHANGED 1 1
08-31 19:50:40.669   634   634 I Layer   : id=151953 removeFromCurrentState Splash Screen com.example.lunchtray$_15119#0 (118)
08-31 19:50:40.670   634   634 I Layer   : id=151952 removeFromCurrentState fbae21b Splash Screen com.example.lunchtray#0 (118)
08-31 19:50:40.670   634   634 I Layer   : id=151964 removeFromCurrentState Surface(name=fbae21b Splash Screen com.example.lunchtray)/@0x50a072c - animation-leash of window_animation#0 (118)
08-31 19:50:40.670   634   634 I SurfaceFlinger: id=151952 Removed fbae21b Splash Screen com.example.lunchtray#0 (118)
08-31 19:50:40.670   634   634 I SurfaceFlinger: id=151953 Removed Splash Screen com.example.lunchtray$_15119#0 (118)
08-31 19:50:40.670   634   634 I SurfaceFlinger: id=151964 Removed Surface(name=fbae21b Splash Screen com.example.lunchtray)/@0x50a072c - animation-leash of window_animation#0 (118)
08-31 19:50:40.670   634   634 I Layer   : id=151964 Destroyed Surface(name=fbae21b Splash Screen com.example.lunchtray)/@0x50a072c - animation-leash of window_animation#0
08-31 19:50:40.670   634   634 I Layer   : id=151952 Destroyed fbae21b Splash Screen com.example.lunchtray#0
08-31 19:50:40.670 19225 19225 D InputMethodManager: startInputInner - Id : 0
08-31 19:50:40.670 19225 19225 I InputMethodManager: startInputInner - mService.startInputOrWindowGainedFocus
08-31 19:50:40.672 14809 16644 D InputMethodManagerService: mDesktopModeManager null!
08-31 19:50:40.672 14809 16644 V InputMethodManagerService: getDisplayIdOfInputMethodWindowToBeAdded : 0
08-31 19:50:40.673   634   634 I Layer   : id=151953 Destroyed Splash Screen com.example.lunchtray$_15119#0
08-31 19:50:40.673 14809 16644 D InputMethodManagerService: checkDisplayOfStartInputAndUpdateKeyboard display Id 0last 0
08-31 19:50:40.674 14809 16644 D InputTransport: Input channel constructed: 'ClientS', fd=806
08-31 19:50:40.674 14809 16644 D InputTransport: Input channel destroyed: 'ClientS', fd=806
08-31 19:50:40.675 21002 21002 I HBD     : HoneyBoardService onFinishInput
08-31 19:50:40.676 21002 21002 I HBD     : a IC have been unbinding,  InputConnectionWrapper{idHash=#446e33 mMissingMethods=}
08-31 19:50:40.676 21002 21002 I HBD     : HoneyBoardService [PF_CL][onFinishInput]  316500 ns
08-31 19:50:40.676 21002 21002 I HBD     : HoneyBoardService [IMI] onStartInput - caller pid : 19225 , caller uid : 10307
08-31 19:50:40.676 21002 21002 I HBD     : j updateConfigs
